JUICE_TEXT_HOST_LISTENING socket=/tmp/jmsip-v20.sock
[JuiceWine parent] launching /private/var/containers/Bundle/Application/CC5BA8E5-587D-4BCE-957C-34B8AD5CD6CA/Juice.app/Grape/build/wine-ios/loader/wine
[JuiceWine parent] child PID=90396
[JuiceWine parent] launching /private/var/containers/Bundle/Application/CC5BA8E5-587D-4BCE-957C-34B8AD5CD6CA/Juice.app/Grape/build/wine-ios/loader/wine
[JuiceWine parent] child PID=90397
[JuiceWine] PT_TRACE_ME succeeded; csflags=0x3280780d CS_DEBUGGED=YES
[JuiceWine] requesting controlled tracer detach
[JuiceWine parent] child stopped pid=90397 signal=17 (Suspended (signal): 17)
[JuiceWine parent] PT_DETACH pid=90397 result=0
[JuiceWine parent] child now running untraced
[JuiceWine] resumed after tracer detach; csflags=0x3280780d CS_DEBUGGED=YES
[JuiceStage] wineboot disabled by JUICE_SKIP_WINEBOOT=1
[JuiceWine] anonymous PE executable section .text at 0x140010000 size=65536
[JuiceStage] loading Windows ntdll; transfer=0x140013bdc teb=0x2d7ff8000 peb=0x2d7ffc000
[JuiceWine] anonymous PE executable section .text at 0x2d7c30000 size=524288
[JuiceStage] load_ntdll returned; transfer=0x140013bdc
[JuiceStage] load_wow64_ntdll returned
[JuiceStage] calling load_apiset_dll
[JuiceStage] load_apiset_dll returned; stack_base=0x107100000 stack_limit=0x107008000
[JuiceStage] calling server_init_process_done
[JuiceStage] server_init_process_done entered
[JuiceStage] calling signal_init_process; teb=0x2d7ff8000
[JuiceStage] signal_init_process returned
[JuiceStage] init_teb_data returned; syscall_frame=0x105f0fcd0 stack_base=0x107100000 stack_limit=0x107008000
[JuiceStage] init_process_done server call returned; status=00000000 suspend=0 transfer=0x140013bdc teb=0x2d7ff8000 peb=0x2d7ffc000
[JuiceStage] calling signal_start_thread
[JuiceStage] init_syscall_frame entered; entry=0x140013bdc arg=0x2d7ffc000 teb=0x2d7ff8000 data=0x105e00000 frame=0x105f0fcd0 stack_base=0x107100000 stack_limit=0x107008000
[JuiceStage] calling signal_set_full_context; ctx=0x1070ffc70 target_pc=0x2d7c86bb0 target_sp=0x107100000 target_x18=0x2d7ff8000 LdrInitializeThunk=0x2d7c86bd0 RtlUserThreadStart=0x2d7c86bb0
[JuiceStage] signal_set_full_context returned; status=00000000 frame_pc=0x2d7c86bb0 frame_sp=0x107100000 frame_x18=0x2d7ff8000 restore=00400007
[JuiceStage] init_syscall_frame complete; dispatcher_pc=0x2d7c86bd0 user_sp=0x1070ffc70 x16=0x2d7c86bd0 x17=0x1070ffc70 x18=0x2d7ff8000 restore=00400007
[JuiceX18] broad #1 pc=0x2d7c641c8 fault=0x17ee instr=796fde48 x8=0x0 x16=0x2d7c86bd0 x17=0x1070ffc70 x18=0x0 teb=0x2d7ff8000
[JuiceX18] broad #2 pc=0x2d7c8d6b8 fault=0x60 instr=f940324b x8=0x1070ffa40 x16=0x2d7c641c8 x17=0x1070ffc70 x18=0x0 teb=0x2d7ff8000
[JuiceX18] broad #3 pc=0x102e31464 fault=0x378 instr=f941be4a x8=0x18 x16=0x102e31460 x17=0x1070ffc70 x18=0x0 teb=0x2d7ff8000
[JuiceX18] broad #4 pc=0x2d7c8e148 fault=0x60 instr=f9403248 x8=0x102b50090 x16=0xffff x17=0x1070ffa30 x18=0x0 teb=0x2d7ff8000
[JuiceX18] broad #5 pc=0x2d7c642e0 fault=0x180c instr=b9580e48 x8=0x0 x16=0x2d7c84ab4 x17=0x1070ffa60 x18=0x0 teb=0x2d7ff8000
[JuiceX18] broad #6 pc=0x2d7c57574 fault=0x60 instr=f9403248 x8=0x200 x16=0x2d7c642e0 x17=0x1070ffc70 x18=0x0 teb=0x2d7ff8000
[JuiceX18] broad #7 pc=0x2d7c58de8 fault=0x0 instr=f940024a x8=0xfffffffffffffffe x16=0x2d7c84b74 x17=0x1070ff830 x18=0x0 teb=0x2d7ff8000
[JuiceX18] broad #8 pc=0x2d7c5632c fault=0x60 instr=f9403248 x8=0x102b53260 x16=0x2d7cbc6c8 x17=0x2d7cbc89f x18=0x0 teb=0x2d7ff8000
[JuiceX18] broad #9 pc=0x2d7c58de8 fault=0x0 instr=f940024a x8=0xa x16=0x2d7c850d4 x17=0x1070ff7a0 x18=0x0 teb=0x2d7ff8000
[JuiceX18] broad #10 pc=0x2d7c58de8 fault=0x0 instr=f940024a x8=0x2c x16=0x2d7cbc634 x17=0x1070ff68b x18=0x0 teb=0x2d7ff8000
[JuiceX18] broad #11 pc=0x2d7c56a50 fault=0x60 instr=f9403248 x8=0xffffffe3 x16=0x2d7cbc634 x17=0x1070ff69c x18=0x0 teb=0x2d7ff8000
[JuiceX18] broad #12 pc=0x2d7c56a50 fault=0x60 instr=f9403248 x8=0x1c x16=0x2d7c56a50 x17=0x1070ffc70 x18=0x0 teb=0x2d7ff8000
[JuiceX18] broad #13 pc=0x2d7c56abc fault=0x60 instr=f9403248 x8=0x0 x16=0x2d7c56a50 x17=0x1070ffc70 x18=0x0 teb=0x2d7ff8000
[JuiceX18] broad #14 pc=0x2d7c9701c fault=0x60 instr=f9403248 x8=0x102e7c330 x16=0x2d7c84994 x17=0x1070ffad0 x18=0x0 teb=0x2d7ff8000
[JuiceX18] broad #15 pc=0x102e31464 fault=0x378 instr=f941be4a x8=0x21 x16=0x102e31460 x17=0x1070ff740 x18=0x0 teb=0x2d7ff8000
[JuiceX18] broad #16 pc=0x102e31464 fault=0x378 instr=f941be4a x8=0x1d x16=0x102e31460 x17=0x1070ff650 x18=0x0 teb=0x2d7ff8000
[JuiceX18] broad #17 pc=0x102e31464 fault=0x378 instr=f941be4a x8=0x17 x16=0x102e31460 x17=0x1070ff740 x18=0x0 teb=0x2d7ff8000
[JuiceX18] broad #18 pc=0x2d7c5632c fault=0x60 instr=f9403248 x8=0x102b53468 x16=0x2d7c84ad4 x17=0x1070ffad0 x18=0x0 teb=0x2d7ff8000
[JuiceX18] broad #19 pc=0x2d7c64124 fault=0x0 instr=f9400249 x8=0x2d7c9f1ec x16=0x2d7c5632c x17=0x1070ffc70 x18=0x0 teb=0x2d7ff8000
[JuiceX18] broad #20 pc=0x2d7c58de8 fault=0x0 instr=f940024a x8=0x48 x16=0x2d7c64124 x17=0x1070ffc70 x18=0x0 teb=0x2d7ff8000
[JuiceX18] broad #21 pc=0x2d7c58de8 fault=0x0 instr=f940024a x8=0xfffffffffffffffe x16=0x2d7cbc634 x17=0x1070ff8ff x18=0x0 teb=0x2d7ff8000
[JuiceX18] broad #22 pc=0x2d7c58de8 fault=0x0 instr=f940024a x8=0x18 x16=0x2d7c84c14 x17=0x1070ffa70 x18=0x0 teb=0x2d7ff8000
[JuiceX18] broad #23 pc=0x2d7c48070 fault=0x2c8 instr=f9416648 x8=0x2d7cba860 x16=0x2d7cbc634 x17=0x1070ff6a2 x18=0x0 teb=0x2d7ff8000
[JuiceX18] broad #24 pc=0x2d7c5632c fault=0x60 instr=f9403248 x8=0x102b53a90 x16=0x2d7c48070 x17=0x1070ffc70 x18=0x0 teb=0x2d7ff8000
[JuiceWine] anonymous PE executable section .text at 0x2d7a50000 size=196608
[JuiceX18] broad #25 pc=0x102e31464 fault=0x378 instr=f941be4a x8=0x50 x16=0x102e31460 x17=0x1070ff8b0 x18=0x0 teb=0x2d7ff8000
[JuiceX18] broad #26 pc=0x2d7c79318 fault=0x0 instr=f9400249 x8=0x2d7c9f1ec x16=0x2d7c851b4 x17=0x1070ff8b0 x18=0x0 teb=0x2d7ff8000
[JuiceX18] broad #27 pc=0x2d7c793cc fault=0x0 instr=f9000249 x8=0x0 x16=0x2d7c79318 x17=0x1070ffc70 x18=0x0 teb=0x2d7ff8000
[JuiceX18] broad #28 pc=0x2d7c66c3c fault=0x60 instr=f9403248 x8=0x2d7a8f3e8 x16=0x2d7c793cc x17=0x1070ffc70 x18=0x0 teb=0x2d7ff8000
[JuiceX18] broad #29 pc=0x2d7c616dc fault=0x28 instr=f9401659 x8=0x102b53ea0 x16=0x2d7c84994 x17=0x1070fefd0 x18=0x0 teb=0x2d7ff8000
[JuiceWine] anonymous PE executable section .text at 0x2d7660000 size=524288
[JuiceX18] broad #30 pc=0x102e31464 fault=0x378 instr=f941be4a x8=0x50 x16=0x102e31460 x17=0x1070ff360 x18=0x0 teb=0x2d7ff8000
[JuiceX18] broad #31 pc=0x2d7c79318 fault=0x0 instr=f9400249 x8=0x2d7c9f1ec x16=0x2d7c851b4 x17=0x1070ff360 x18=0x0 teb=0x2d7ff8000
[JuiceX18] broad #32 pc=0x2d7c793cc fault=0x0 instr=f9000249 x8=0x0 x16=0x2d7c79318 x17=0x1070ffc70 x18=0x0 teb=0x2d7ff8000
[JuiceWine] anonymous PE executable section .text at 0x2d74e0000 size=196608
[JuiceWine] anonymous PE executable section .text at 0x2d7400000 size=65536
[JuiceWine] anonymous PE executable section .text at 0x2d70b0000 size=589824
[JuiceWine] anonymous PE executable section .text at 0x2d6dc0000 size=458752
[JuiceWine] anonymous PE executable section .text at 0x2d6b40000 size=327680
[JuiceWine] anonymous PE executable section .text at 0x2d6650000 size=589824
[JuiceWine] anonymous PE executable section .text at 0x2d6560000 size=196608
[JuiceWine] anonymous PE executable section .text at 0x2d5940000 size=524288
[JuiceWine] anonymous PE executable section .text at 0x2d5800000 size=131072
[JuiceWine] anonymous PE executable section .text at 0x2d5740000 size=65536
[JuiceWine] anonymous PE executable section .text at 0x2d5650000 size=65536
[JuiceWine parent] launching /private/var/containers/Bundle/Application/CC5BA8E5-587D-4BCE-957C-34B8AD5CD6CA/Juice.app/Grape/build/wine-ios/loader/wine
[JuiceWine parent] child PID=90400
[JuiceWine] PT_TRACE_ME succeeded; csflags=0x3280780d CS_DEBUGGED=YES
[JuiceWine] requesting controlled tracer detach
[JuiceWine parent] child stopped pid=90400 signal=17 (Suspended (signal): 17)
[JuiceWine parent] PT_DETACH pid=90400 result=0
[JuiceWine parent] child now running untraced
[JuiceWine] resumed after tracer detach; csflags=0x3280780d CS_DEBUGGED=YES
[JuiceWine] anonymous PE executable section .text at 0x140010000 size=65536
[JuiceStage] loading Windows ntdll; transfer=0x14001d140 teb=0x2d7ff8000 peb=0x2d7ffc000
[JuiceWine] anonymous PE executable section .text at 0x2d7c30000 size=524288
[JuiceStage] load_ntdll returned; transfer=0x14001d140
[JuiceStage] load_wow64_ntdll returned
[JuiceStage] calling load_apiset_dll
[JuiceStage] load_apiset_dll returned; stack_base=0x105910000 stack_limit=0x105818000
[JuiceStage] calling server_init_process_done
[JuiceStage] server_init_process_done entered
[JuiceStage] calling signal_init_process; teb=0x2d7ff8000
[JuiceStage] signal_init_process returned
[JuiceStage] init_teb_data returned; syscall_frame=0x10580fcd0 stack_base=0x105910000 stack_limit=0x105818000
[JuiceStage] init_process_done server call returned; status=00000000 suspend=1 transfer=0x14001d140 teb=0x2d7ff8000 peb=0x2d7ffc000
[JuiceStage] calling signal_start_thread
[JuiceStage] init_syscall_frame entered; entry=0x14001d140 arg=0x2d7ffc000 teb=0x2d7ff8000 data=0x105700000 frame=0x10580fcd0 stack_base=0x105910000 stack_limit=0x105818000
[JuiceStage] calling signal_set_full_context; ctx=0x10590fc70 target_pc=0x2d7c86bb0 target_sp=0x105910000 target_x18=0x2d7ff8000 LdrInitializeThunk=0x2d7c86bd0 RtlUserThreadStart=0x2d7c86bb0
[JuiceStage] signal_set_full_context returned; status=00000000 frame_pc=0x2d7c86bb0 frame_sp=0x105910000 frame_x18=0x2d7ff8000 restore=00400007
[JuiceStage] init_syscall_frame complete; dispatcher_pc=0x2d7c86bd0 user_sp=0x10590fc70 x16=0x2d7c86bd0 x17=0x10590fc70 x18=0x2d7ff8000 restore=00400007
[JuiceX18] broad #1 pc=0x2d7c641c8 fault=0x17ee instr=796fde48 x8=0x0 x16=0x2d7c86bd0 x17=0x10590fc70 x18=0x0 teb=0x2d7ff8000
[JuiceX18] broad #2 pc=0x2d7c8d6b8 fault=0x60 instr=f940324b x8=0x10590fa40 x16=0x2d7c641c8 x17=0x10590fc70 x18=0x0 teb=0x2d7ff8000
[JuiceX18] broad #3 pc=0x104bed464 fault=0x378 instr=f941be4a x8=0x18 x16=0x104bed460 x17=0x10590fc70 x18=0x0 teb=0x2d7ff8000
[JuiceX18] broad #4 pc=0x2d7c8e148 fault=0x60 instr=f9403248 x8=0x104b20090 x16=0xffff x17=0x10590fa30 x18=0x0 teb=0x2d7ff8000
[JuiceX18] broad #5 pc=0x2d7c642e0 fault=0x180c instr=b9580e48 x8=0x0 x16=0x2d7c84ab4 x17=0x10590fa60 x18=0x0 teb=0x2d7ff8000
[JuiceX18] broad #6 pc=0x2d7c57574 fault=0x60 instr=f9403248 x8=0x200 x16=0x2d7c642e0 x17=0x10590fc70 x18=0x0 teb=0x2d7ff8000
[JuiceX18] broad #7 pc=0x2d7c58de8 fault=0x0 instr=f940024a x8=0xfffffffffffffffe x16=0x2d7c84b74 x17=0x10590f830 x18=0x0 teb=0x2d7ff8000
[JuiceX18] broad #8 pc=0x2d7c5632c fault=0x60 instr=f9403248 x8=0x104b23300 x16=0x2d7cbc6c8 x17=0x2d7cbc89f x18=0x0 teb=0x2d7ff8000
[JuiceX18] broad #9 pc=0x2d7c58de8 fault=0x0 instr=f940024a x8=0xa x16=0x2d7c850d4 x17=0x10590f7a0 x18=0x0 teb=0x2d7ff8000
[JuiceX18] broad #10 pc=0x2d7c56a50 fault=0x60 instr=f9403248 x8=0xffffffe3 x16=0x2d7cbc634 x17=0x10590f69c x18=0x0 teb=0x2d7ff8000
[JuiceX18] broad #11 pc=0x2d7c9701c fault=0x60 instr=f9403248 x8=0x104c38330 x16=0x2d7c84994 x17=0x10590fad0 x18=0x0 teb=0x2d7ff8000
[JuiceX18] broad #12 pc=0x104bed464 fault=0x378 instr=f941be4a x8=0x21 x16=0x104bed460 x17=0x10590f740 x18=0x0 teb=0x2d7ff8000
[JuiceX18] broad #13 pc=0x104bed464 fault=0x378 instr=f941be4a x8=0x1d x16=0x104bed460 x17=0x10590f650 x18=0x0 teb=0x2d7ff8000
[JuiceX18] broad #14 pc=0x104bed464 fault=0x378 instr=f941be4a x8=0x12 x16=0x104bed460 x17=0x10590f6d0 x18=0x0 teb=0x2d7ff8000
[JuiceX18] broad #15 pc=0x2d7c64124 fault=0x0 instr=f9400249 x8=0x2d7c9f1ec x16=0x2d7c84ad4 x17=0x10590fad0 x18=0x0 teb=0x2d7ff8000
[JuiceX18] broad #16 pc=0x2d7c58de8 fault=0x0 instr=f940024a x8=0x48 x16=0x2d7c64124 x17=0x10590fc70 x18=0x0 teb=0x2d7ff8000
[JuiceX18] broad #17 pc=0x2d7c58de8 fault=0x0 instr=f940024a x8=0xfffffffffffffffe x16=0x2d7cbc634 x17=0x10590f8ff x18=0x0 teb=0x2d7ff8000
[JuiceX18] broad #18 pc=0x2d7c58de8 fault=0x0 instr=f940024a x8=0x18 x16=0x2d7c84c14 x17=0x10590fa70 x18=0x0 teb=0x2d7ff8000
[JuiceX18] broad #19 pc=0x2d7c48070 fault=0x2c8 instr=f9416648 x8=0x2d7cba860 x16=0x2d7cbc634 x17=0x10590f6a2 x18=0x0 teb=0x2d7ff8000
[JuiceX18] broad #20 pc=0x104bed464 fault=0x378 instr=f941be4a x8=0xf x16=0x104bed460 x17=0x10590f520 x18=0x0 teb=0x2d7ff8000
[JuiceWine] anonymous PE executable section .text at 0x2d7a50000 size=196608
[JuiceX18] broad #21 pc=0x104bed464 fault=0x378 instr=f941be4a x8=0x50 x16=0x104bed460 x17=0x10590f8b0 x18=0x0 teb=0x2d7ff8000
[JuiceX18] broad #22 pc=0x2d7c79318 fault=0x0 instr=f9400249 x8=0x2d7c9f1ec x16=0x2d7c851b4 x17=0x10590f8b0 x18=0x0 teb=0x2d7ff8000
[JuiceX18] broad #23 pc=0x2d7c793cc fault=0x0 instr=f9000249 x8=0x0 x16=0x2d7c79318 x17=0x10590fc70 x18=0x0 teb=0x2d7ff8000
[JuiceX18] broad #24 pc=0x2d7c66c3c fault=0x60 instr=f9403248 x8=0x2d7a8f3e8 x16=0x2d7c793cc x17=0x10590fc70 x18=0x0 teb=0x2d7ff8000
[JuiceX18] broad #25 pc=0x2d7c671d4 fault=0x60 instr=f9403249 x8=0xa9 x16=0x2d7c66c3c x17=0x10590fc70 x18=0x0 teb=0x2d7ff8000
[JuiceWine] anonymous PE executable section .text at 0x2d7660000 size=524288
[JuiceX18] broad #26 pc=0x104bed464 fault=0x378 instr=f941be4a x8=0x50 x16=0x104bed460 x17=0x10590f360 x18=0x0 teb=0x2d7ff8000
[JuiceX18] broad #27 pc=0x2d7c6812c fault=0x60 instr=f9403248 x8=0x0 x16=0x2d7c851b4 x17=0x10590f360 x18=0x0 teb=0x2d7ff8000
[JuiceX18] broad #28 pc=0x2d7c68350 fault=0x60 instr=f9403248 x8=0x2d76d437c x16=0x2d7c6812c x17=0x10590fc70 x18=0x0 teb=0x2d7ff8000
[JuiceX18] broad #29 pc=0x2d7c79318 fault=0x0 instr=f9400249 x8=0x2d7c9f1ec x16=0x2d7c68350 x17=0x10590fc70 x18=0x0 teb=0x2d7ff8000
[JuiceX18] broad #30 pc=0x2d7c793cc fault=0x0 instr=f9000249 x8=0x0 x16=0x2d7c79318 x17=0x10590fc70 x18=0x0 teb=0x2d7ff8000
[JuiceX18] broad #31 pc=0x2d7c66c3c fault=0x60 instr=f9403248 x8=0x2d7707dd0 x16=0x2d7c793cc x17=0x10590fc70 x18=0x0 teb=0x2d7ff8000
[JuiceX18] broad #32 pc=0x104bed464 fault=0x378 instr=f941be4a x8=0x50 x16=0x104bed460 x17=0x10590f030 x18=0x0 teb=0x2d7ff8000
[JuiceWine] anonymous PE executable section .text at 0x2d73f0000 size=327680
[JuiceWine] anonymous PE executable section .text at 0x2d7270000 size=196608
[JuiceWine] anonymous PE executable section .text at 0x2d7190000 size=65536
[JuiceWine] anonymous PE executable section .text at 0x2d6e40000 size=589824
[JuiceWine] anonymous PE executable section .text at 0x2d6b50000 size=458752
[JuiceWine] anonymous PE executable section .text at 0x2d6a90000 size=65536
[JuiceWine] anonymous PE executable section .text at 0x2d65a0000 size=589824
[JuiceWine] anonymous PE executable section .text at 0x2d6320000 size=327680
[JuiceWine] anonymous PE executable section .text at 0x2d6230000 size=196608
[JuiceWine] anonymous PE executable section .text at 0x2d6140000 size=65536
[JuiceWine] anonymous PE executable section .text at 0x2d6070000 size=65536
[JuiceInput] queue fd registered fd=8 tid=0x2c
[JuiceDriver] ios init set driver create=0x1071ea46c size=1216
[JuiceDriver] install prev=0x1099b9308 lazy=0x1099b9308 null=0x1099e1d30 new=0x10780ac00 create=0x1071ea46c
JUICE_TEXT_HOST_HELLO pid=90400 desktop=1024x768 dpi=96
[JuiceCreate] ex=00000000 class=0x10590eef0 version=0x0 name=0x10590eed0 style=86000000 x=0 y=0 cx=0 cy=0 parent=0x0 menu=0x0 classinst=0x0 params=0x10590f230 flags=00000000 inst=0x0 classptr=0x8001 ansi=0
[JuiceWine] anonymous PE executable section .text at 0x2d5f40000 size=131072
[JuiceRect] input hwnd=0x10020 dpi=96/1 raw=96/1 win=0,0,0,0 client=0,0,0,0 visible=0,0,0,0
[JuiceRect] mapped hwnd=0x10020 win=0,0,0,0 client=0,0,0,0 visible=0,0,0,0
[JuiceGeom] changed hwnd=0x10020 flags=3c ptr=0x10580f620 window=0,0,0,0 client=0,0,0,0 visible=0,0,0,0 surface=0x1099c44f0
[JuiceRect] input hwnd=0x10020 dpi=96/1 raw=96/1 win=0,0,0,0 client=0,0,0,0 visible=0,0,0,0
[JuiceRect] mapped hwnd=0x10020 win=0,0,0,0 client=0,0,0,0 visible=0,0,0,0
[JuiceGeom] changed hwnd=0x10020 flags=18 ptr=0x10580f620 window=0,0,0,0 client=0,0,0,0 visible=0,0,0,0 surface=0x1099c44f0
[JuiceCreate] ex=00000000 class=0x10590eef0 version=0x0 name=0x10590eed0 style=86000000 x=0 y=0 cx=100 cy=100 parent=0x0 menu=0x0 classinst=0x0 params=0x0 flags=00000000 inst=0x0 classptr=0x140020ca0 ansi=0
[JuiceRect] input hwnd=0x10028 dpi=96/1 raw=96/1 win=0,0,100,100 client=0,0,100,100 visible=0,0,100,100
[JuiceRect] mapped hwnd=0x10028 win=0,0,100,100 client=0,0,100,100 visible=0,0,100,100
[JuiceGeom] changed hwnd=0x10028 flags=3c ptr=0x10580f620 window=0,0,100,100 client=0,0,100,100 visible=0,0,100,100 surface=0x1099c44f0
[JuiceRect] input hwnd=0x10028 dpi=96/1 raw=96/1 win=0,0,100,100 client=0,0,100,100 visible=0,0,100,100
[JuiceRect] mapped hwnd=0x10028 win=0,0,100,100 client=0,0,100,100 visible=0,0,100,100
[JuiceGeom] changed hwnd=0x10028 flags=18 ptr=0x10580f620 window=0,0,100,100 client=0,0,100,100 visible=0,0,100,100 surface=0x1099c44f0
[JuiceGeom] surface hwnd=0x10020 rect=0,0,1024,768 size=1024x768 previous=0x1099c44f0
[JuiceRect] input hwnd=0x10020 dpi=96/1 raw=96/1 win=0,0,1024,768 client=0,0,1024,768 visible=0,0,1024,768
[JuiceRect] mapped hwnd=0x10020 win=0,0,1024,768 client=0,0,1024,768 visible=0,0,1024,768
[JuiceGeom] changed hwnd=0x10020 flags=8000116a ptr=0x10580f820 window=0,0,1024,768 client=0,0,1024,768 visible=0,0,1024,768 surface=0x105e585c0
JUICE_TEXT_HOST_WINDOW pid=90400 hwnd=0x10020 rect=0,0 1024x768 visible=1
[JuiceStage] init_syscall_frame entered; entry=0x14001263c arg=0x0 teb=0x2d7ff4000 data=0x10c010000 frame=0x10c11fb00 stack_base=0x10c220000 stack_limit=0x10c128000
[JuiceStage] calling signal_set_full_context; ctx=0x10c21fc70 target_pc=0x2d7c86bb0 target_sp=0x10c220000 target_x18=0x2d7ff4000 LdrInitializeThunk=0x2d7c86bd0 RtlUserThreadStart=0x2d7c86bb0
[JuiceStage] signal_set_full_context returned; status=00000000 frame_pc=0x2d7c86bb0 frame_sp=0x10c220000 frame_x18=0x2d7ff4000 restore=00400007
[JuiceStage] init_syscall_frame complete; dispatcher_pc=0x2d7c86bd0 user_sp=0x10c21fc70 x16=0x2d7c86bd0 x17=0x10c21fc70 x18=0x2d7ff4000 restore=00400007
[JuiceCreate] ex=00000000 class=0x10c21fa70 version=0x0 name=0x10c21fa50 style=00000000 x=0 y=0 cx=0 cy=0 parent=0xfffffffffffffffd menu=0x0 classinst=0x0 params=0x0 flags=00000000 inst=0x0 classptr=0x140020500 ansi=0
[JuiceStage] init_syscall_frame entered; entry=0x140012bd8 arg=0x0 teb=0x2d7ff0000 data=0x10c2e0000 frame=0x10c3efb00 stack_base=0x10c4f0000 stack_limit=0x10c3f8000
[JuiceStage] calling signal_set_full_context; ctx=0x10c4efc70 target_pc=0x2d7c86bb0 target_sp=0x10c4f0000 target_x18=0x2d7ff0000 LdrInitializeThunk=0x2d7c86bd0 RtlUserThreadStart=0x2d7c86bb0
[JuiceStage] signal_set_full_context returned; status=00000000 frame_pc=0x2d7c86bb0 frame_sp=0x10c4f0000 frame_x18=0x2d7ff0000 restore=00400007
[JuiceStage] init_syscall_frame complete; dispatcher_pc=0x2d7c86bd0 user_sp=0x10c4efc70 x16=0x2d7c86bd0 x17=0x10c4efc70 x18=0x2d7ff0000 restore=00400007
[JuiceCreate] ex=00000000 class=0x10590ee70 version=0x0 name=0x10590ee50 style=00000000 x=0 y=0 cx=0 cy=0 parent=0xfffffffffffffffd menu=0x0 classinst=0x0 params=0x0 flags=00000000 inst=0x0 classptr=0x140020140 ansi=0
[JuiceCreate] ex=00000000 class=0x10c4efc10 version=0x0 name=0x10c4efbf0 style=00000000 x=0 y=0 cx=0 cy=0 parent=0xfffffffffffffffd menu=0x0 classinst=0x0 params=0x0 flags=00000000 inst=0x0 classptr=0x140021320 ansi=0
[JuiceMonitor] callee hwnd=0x10034 hmon=0x1 info=0x10c3ef550 monitor=0,0,1024,768 work=0,0,1024,768 flags=00000001
[JuiceMinMax] hwnd=0x10034 min=112,27 maxtrack=1036,780 max=106,106 pos=-3,-3
[JuiceMonitor] callee hwnd=0x1002e hmon=0x1 info=0x10c11f550 monitor=0,0,1024,768 work=0,0,1024,768 flags=00000001
[JuiceMinMax] hwnd=0x1002e min=112,27 maxtrack=1036,780 max=106,106 pos=-3,-3
[JuiceRect] input hwnd=0x10034 dpi=96/1 raw=96/1 win=0,0,112,27 client=0,0,112,27 visible=0,0,112,27
[JuiceMonitor] callee hwnd=0x10032 hmon=0x1 info=0x10580f720 monitor=0,0,1024,768 work=0,0,1024,768 flags=00000001
[JuiceRect] mapped hwnd=0x10034 win=0,0,112,27 client=0,0,112,27 visible=0,0,112,27
[JuiceMinMax] hwnd=0x10032 min=112,27 maxtrack=1036,780 max=106,106 pos=-3,-3
[JuiceRect] input hwnd=0x1002e dpi=96/1 raw=96/1 win=0,0,112,27 client=0,0,112,27 visible=0,0,112,27
[JuiceGeom] changed hwnd=0x10034 flags=14 ptr=0x10c3ef450 window=0,0,112,27 client=0,0,112,27 visible=0,0,112,27 surface=0x0
[JuiceRect] input hwnd=0x10032 dpi=96/1 raw=96/1 win=0,0,112,27 client=0,0,112,27 visible=0,0,112,27
[JuiceRect] mapped hwnd=0x1002e win=0,0,112,27 client=0,0,112,27 visible=0,0,112,27
[JuiceGeom] changed hwnd=0x1002e flags=14 ptr=0x10c11f450 window=0,0,112,27 client=0,0,112,27 visible=0,0,112,27 surface=0x0
[JuiceRect] mapped hwnd=0x10032 win=0,0,112,27 client=0,0,112,27 visible=0,0,112,27
[JuiceRect] input hwnd=0x10034 dpi=96/1 raw=96/1 win=0,0,112,27 client=3,22,109,24 visible=0,0,112,27
[JuiceGeom] changed hwnd=0x10032 flags=14 ptr=0x10580f620 window=0,0,112,27 client=0,0,112,27 visible=0,0,112,27 surface=0x0
[JuiceRect] mapped hwnd=0x10034 win=0,0,112,27 client=3,22,109,24 visible=0,0,112,27
[JuiceGeom] changed hwnd=0x10034 flags=10 ptr=0x10c3ef450 window=0,0,112,27 client=3,22,109,24 visible=0,0,112,27 surface=0x0
[JuiceRect] input hwnd=0x10032 dpi=96/1 raw=96/1 win=0,0,112,27 client=3,22,109,24 visible=0,0,112,27
[JuiceInput] queue fd registered fd=8 tid=0x34
[JuiceRect] mapped hwnd=0x10032 win=0,0,112,27 client=3,22,109,24 visible=0,0,112,27
[JuiceGeom] changed hwnd=0x10032 flags=10 ptr=0x10580f620 window=0,0,112,27 client=3,22,109,24 visible=0,0,112,27 surface=0x0
[JuiceCreate] ex=00000000 class=0x10590ee60 version=0x0 name=0x10590ee40 style=00c80000 x=-2147483648 y=-2147483648 cx=166 cy=45 parent=0x0 menu=0x0 classinst=0x0 params=0x0 flags=00000000 inst=0x0 classptr=0x140026408 ansi=0
[JuiceMonitor] callee hwnd=0x0 hmon=0x1 info=0x10580fa00 monitor=0,0,1024,768 work=0,0,1024,768 flags=00000001
[JuiceMonitor] caller hwnd=0x0 monitor=0,0,1024,768 work=0,0,1024,768 flags=00000001
[JuiceMonitor] callee hwnd=0x10038 hmon=0x1 info=0x10580f720 monitor=0,0,1024,768 work=0,0,1024,768 flags=00000001
[JuiceMinMax] hwnd=0x10038 min=112,27 maxtrack=1036,780 max=1030,774 pos=-3,-3
[JuiceRect] input hwnd=0x10038 dpi=96/1 raw=96/1 win=0,0,166,45 client=0,0,166,45 visible=0,0,166,45
[JuiceRect] mapped hwnd=0x10038 win=0,0,166,45 client=0,0,166,45 visible=0,0,166,45
[JuiceGeom] changed hwnd=0x10038 flags=3c ptr=0x10580f620 window=0,0,166,45 client=0,0,166,45 visible=0,0,166,45 surface=0x1099c44f0
[JuiceCreate] ex=00000000 class=0x10580f590 version=0x0 name=0x10580f580 style=8c000000 x=0 y=0 cx=1 cy=1 parent=0x0 menu=0x0 classinst=0x0 params=0x0 flags=00000000 inst=0x0 classptr=0x0 ansi=0
[JuiceRect] input hwnd=0x1003e dpi=96/1 raw=96/1 win=0,0,1,1 client=0,0,1,1 visible=0,0,1,1
[JuiceRect] mapped hwnd=0x1003e win=0,0,1,1 client=0,0,1,1 visible=0,0,1,1
[JuiceGeom] changed hwnd=0x1003e flags=3c ptr=0x10580eed0 window=0,0,1,1 client=0,0,1,1 visible=0,0,1,1 surface=0x1099c44f0
[JuiceRect] input hwnd=0x1003e dpi=96/1 raw=96/1 win=0,0,1,1 client=0,0,1,1 visible=0,0,1,1
[JuiceRect] mapped hwnd=0x1003e win=0,0,1,1 client=0,0,1,1 visible=0,0,1,1
[JuiceGeom] changed hwnd=0x1003e flags=18 ptr=0x10580eed0 window=0,0,1,1 client=0,0,1,1 visible=0,0,1,1 surface=0x1099c44f0
[JuiceRect] input hwnd=0x10038 dpi=96/1 raw=96/1 win=0,0,166,45 client=3,22,163,42 visible=0,0,166,45
[JuiceRect] mapped hwnd=0x10038 win=0,0,166,45 client=3,22,163,42 visible=0,0,166,45
[JuiceGeom] changed hwnd=0x10038 flags=18 ptr=0x10580f620 window=0,0,166,45 client=3,22,163,42 visible=0,0,166,45 surface=0x1099c44f0
[JuiceWine] anonymous PE executable section .text at 0x2d5330000 size=524288
[JuiceWine] anonymous PE executable section .text at 0x2d51f0000 size=131072
[JuiceWine] anonymous PE executable section .text at 0x2d5fb0000 size=65536
[JuiceCreate] ex=00000000 class=0x10590ee10 version=0x0 name=0x10590edf0 style=80000000 x=0 y=0 cx=0 cy=0 parent=0x0 menu=0x0 classinst=0x0 params=0x0 flags=00000000 inst=0x0 classptr=0x2d6635528 ansi=0
[JuiceRect] input hwnd=0x10040 dpi=96/1 raw=96/1 win=0,0,0,0 client=0,0,0,0 visible=0,0,0,0
[JuiceRect] mapped hwnd=0x10040 win=0,0,0,0 client=0,0,0,0 visible=0,0,0,0
[JuiceGeom] changed hwnd=0x10040 flags=3c ptr=0x10580f620 window=0,0,0,0 client=0,0,0,0 visible=0,0,0,0 surface=0x1099c44f0
[JuiceRect] input hwnd=0x10040 dpi=96/1 raw=96/1 win=0,0,0,0 client=0,0,0,0 visible=0,0,0,0
[JuiceRect] mapped hwnd=0x10040 win=0,0,0,0 client=0,0,0,0 visible=0,0,0,0
[JuiceGeom] changed hwnd=0x10040 flags=18 ptr=0x10580f620 window=0,0,0,0 client=0,0,0,0 visible=0,0,0,0 surface=0x1099c44f0
[JuiceCreate] ex=00000000 class=0x10590ee10 version=0x0 name=0x10590edf0 style=80000000 x=0 y=0 cx=0 cy=0 parent=0x0 menu=0x0 classinst=0x0 params=0x0 flags=00000000 inst=0x0 classptr=0x2d66362a0 ansi=0
[JuiceRect] input hwnd=0x10042 dpi=96/1 raw=96/1 win=0,0,0,0 client=0,0,0,0 visible=0,0,0,0
[JuiceRect] mapped hwnd=0x10042 win=0,0,0,0 client=0,0,0,0 visible=0,0,0,0
[JuiceGeom] changed hwnd=0x10042 flags=3c ptr=0x10580f620 window=0,0,0,0 client=0,0,0,0 visible=0,0,0,0 surface=0x1099c44f0
[JuiceRect] input hwnd=0x10042 dpi=96/1 raw=96/1 win=0,0,0,0 client=0,0,0,0 visible=0,0,0,0
[JuiceRect] mapped hwnd=0x10042 win=0,0,0,0 client=0,0,0,0 visible=0,0,0,0
[JuiceGeom] changed hwnd=0x10042 flags=18 ptr=0x10580f620 window=0,0,0,0 client=0,0,0,0 visible=0,0,0,0 surface=0x1099c44f0
[JuiceCreate] ex=00000000 class=0x10590ee10 version=0x0 name=0x10590edf0 style=80000000 x=0 y=0 cx=0 cy=0 parent=0x0 menu=0x0 classinst=0x0 params=0x0 flags=00000000 inst=0x0 classptr=0x2d66362a0 ansi=0
[JuiceRect] input hwnd=0x10044 dpi=96/1 raw=96/1 win=0,0,0,0 client=0,0,0,0 visible=0,0,0,0
[JuiceRect] mapped hwnd=0x10044 win=0,0,0,0 client=0,0,0,0 visible=0,0,0,0
[JuiceGeom] changed hwnd=0x10044 flags=3c ptr=0x10580f620 window=0,0,0,0 client=0,0,0,0 visible=0,0,0,0 surface=0x1099c44f0
[JuiceRect] input hwnd=0x10044 dpi=96/1 raw=96/1 win=0,0,0,0 client=0,0,0,0 visible=0,0,0,0
[JuiceRect] mapped hwnd=0x10044 win=0,0,0,0 client=0,0,0,0 visible=0,0,0,0
[JuiceGeom] changed hwnd=0x10044 flags=18 ptr=0x10580f620 window=0,0,0,0 client=0,0,0,0 visible=0,0,0,0 surface=0x1099c44f0
[JuiceCreate] ex=00000000 class=0x10590ee40 version=0x0 name=0x10590ee20 style=80000000 x=0 y=0 cx=0 cy=0 parent=0x0 menu=0x0 classinst=0x0 params=0x0 flags=00000000 inst=0x0 classptr=0x2d66362a0 ansi=0
[JuiceRect] input hwnd=0x10046 dpi=96/1 raw=96/1 win=0,0,0,0 client=0,0,0,0 visible=0,0,0,0
[JuiceRect] mapped hwnd=0x10046 win=0,0,0,0 client=0,0,0,0 visible=0,0,0,0
[JuiceGeom] changed hwnd=0x10046 flags=3c ptr=0x10580f620 window=0,0,0,0 client=0,0,0,0 visible=0,0,0,0 surface=0x1099c44f0
[JuiceRect] input hwnd=0x10046 dpi=96/1 raw=96/1 win=0,0,0,0 client=0,0,0,0 visible=0,0,0,0
[JuiceRect] mapped hwnd=0x10046 win=0,0,0,0 client=0,0,0,0 visible=0,0,0,0
[JuiceGeom] changed hwnd=0x10046 flags=18 ptr=0x10580f620 window=0,0,0,0 client=0,0,0,0 visible=0,0,0,0 surface=0x1099c44f0
[JuiceWine] anonymous PE executable section .text at 0x2d4eb0000 size=327680
[JuiceWine] anonymous PE executable section .text at 0x2d4d00000 size=196608
[JuiceWine] anonymous PE executable section .text at 0x2d4c20000 size=65536
[JuiceCreate] ex=00000000 class=0x10590ee60 version=0x0 name=0x10590ee40 style=00000000 x=0 y=0 cx=0 cy=0 parent=0xfffffffffffffffd menu=0x0 classinst=0x2d4cf0000 params=0x0 flags=00000000 inst=0x2d4cf0000 classptr=0x2d4d31718 ansi=0
[JuiceMonitor] callee hwnd=0x10048 hmon=0x1 info=0x10580f720 monitor=0,0,1024,768 work=0,0,1024,768 flags=00000001
[JuiceMinMax] hwnd=0x10048 min=112,27 maxtrack=1036,780 max=106,106 pos=-3,-3
[JuiceRect] input hwnd=0x10048 dpi=96/1 raw=96/1 win=0,0,112,27 client=0,0,112,27 visible=0,0,112,27
[JuiceRect] mapped hwnd=0x10048 win=0,0,112,27 client=0,0,112,27 visible=0,0,112,27
[JuiceGeom] changed hwnd=0x10048 flags=14 ptr=0x10580f620 window=0,0,112,27 client=0,0,112,27 visible=0,0,112,27 surface=0x0
[JuiceRect] input hwnd=0x10048 dpi=96/1 raw=96/1 win=0,0,112,27 client=3,22,109,24 visible=0,0,112,27
[JuiceRect] mapped hwnd=0x10048 win=0,0,112,27 client=3,22,109,24 visible=0,0,112,27
[JuiceGeom] changed hwnd=0x10048 flags=10 ptr=0x10580f620 window=0,0,112,27 client=3,22,109,24 visible=0,0,112,27 surface=0x0
[JuiceGeom] surface hwnd=0x10020 rect=0,0,1024,768 size=1024x768 previous=0x105e585c0
[JuiceRect] input hwnd=0x10020 dpi=96/1 raw=96/1 win=0,0,1024,768 client=0,0,1024,768 visible=0,0,1024,768
[JuiceRect] mapped hwnd=0x10020 win=0,0,1024,768 client=0,0,1024,768 visible=0,0,1024,768
[JuiceGeom] changed hwnd=0x10020 flags=8000181b ptr=0x10580f750 window=0,0,1024,768 client=0,0,1024,768 visible=0,0,1024,768 surface=0x105e585c0
JUICE_TEXT_HOST_WINDOW pid=90400 hwnd=0x10020 rect=0,0 1024x768 visible=1
[JuiceWine] anonymous PE executable section .text at 0x2d5580000 size=65536
[JuiceInput] queue fd registered fd=12 tid=0x24
[JuiceDriver] ios init set driver create=0x105f3246c size=1216
[JuiceDriver] install prev=0x107909308 lazy=0x107909308 null=0x107931d30 new=0x10300ce00 create=0x105f3246c
JUICE_TEXT_HOST_HELLO pid=90397 desktop=1024x768 dpi=96
[JuiceWine] anonymous PE executable section .text at 0x2d5450000 size=131072
[JuiceCreate] ex=00000000 class=0x1070ffb80 version=0x0 name=0x1070ffb60 style=82000000 x=0 y=0 cx=1024 cy=768 parent=0x0 menu=0x0 classinst=0x140000000 params=0x0 flags=00000000 inst=0x140000000 classptr=0x140020570 ansi=0
[JuiceRect] input hwnd=0x10052 dpi=96/1 raw=96/1 win=0,0,1024,768 client=0,0,1024,768 visible=0,0,1024,768
[JuiceRect] mapped hwnd=0x10052 win=0,0,1024,768 client=0,0,1024,768 visible=0,0,1024,768
[JuiceGeom] changed hwnd=0x10052 flags=8000003c ptr=0x105f0f620 window=0,0,1024,768 client=0,0,1024,768 visible=0,0,1024,768 surface=0x1079144f0
JUICE_TEXT_HOST_WINDOW pid=90397 hwnd=0x10052 rect=0,0 1024x768 visible=1
[JuiceCreate] ex=00000000 class=0x105f0f590 version=0x0 name=0x105f0f580 style=8c000000 x=0 y=0 cx=1 cy=1 parent=0x0 menu=0x0 classinst=0x0 params=0x0 flags=00000000 inst=0x0 classptr=0x0 ansi=0
[JuiceRect] input hwnd=0x10056 dpi=96/1 raw=96/1 win=0,0,1,1 client=0,0,1,1 visible=0,0,1,1
[JuiceRect] mapped hwnd=0x10056 win=0,0,1,1 client=0,0,1,1 visible=0,0,1,1
[JuiceGeom] changed hwnd=0x10056 flags=3c ptr=0x105f0eed0 window=0,0,1,1 client=0,0,1,1 visible=0,0,1,1 surface=0x1079144f0
[JuiceRect] input hwnd=0x10056 dpi=96/1 raw=96/1 win=0,0,1,1 client=0,0,1,1 visible=0,0,1,1
[JuiceRect] mapped hwnd=0x10056 win=0,0,1,1 client=0,0,1,1 visible=0,0,1,1
[JuiceGeom] changed hwnd=0x10056 flags=18 ptr=0x105f0eed0 window=0,0,1,1 client=0,0,1,1 visible=0,0,1,1 surface=0x1079144f0
[JuiceRect] input hwnd=0x10052 dpi=96/1 raw=96/1 win=0,0,1024,768 client=0,0,1024,768 visible=0,0,1024,768
[JuiceRect] mapped hwnd=0x10052 win=0,0,1024,768 client=0,0,1024,768 visible=0,0,1024,768
[JuiceGeom] changed hwnd=0x10052 flags=80000018 ptr=0x105f0f620 window=0,0,1024,768 client=0,0,1024,768 visible=0,0,1024,768 surface=0x1079144f0
JUICE_TEXT_HOST_WINDOW pid=90397 hwnd=0x10052 rect=0,0 1024x768 visible=1
[JuiceCreate] ex=00000000 class=0x1070fdfa0 version=0x0 name=0x1070fdf80 style=50000000 x=0 y=0 cx=0 cy=0 parent=0x10052 menu=0x3ea classinst=0x0 params=0x0 flags=00000000 inst=0x0 classptr=0x140020f40 ansi=0
[JuiceRect] input hwnd=0x10058 dpi=96/1 raw=96/1 win=0,0,0,0 client=0,0,0,0 visible=0,0,0,0
[JuiceRect] mapped hwnd=0x10058 win=0,0,0,0 client=0,0,0,0 visible=0,0,0,0
[JuiceGeom] changed hwnd=0x10058 flags=14 ptr=0x105f0e630 window=0,0,0,0 client=0,0,0,0 visible=0,0,0,0 surface=0x0
[JuiceRect] input hwnd=0x10058 dpi=96/1 raw=96/1 win=0,0,0,0 client=0,0,0,0 visible=0,0,0,0
[JuiceRect] mapped hwnd=0x10058 win=0,0,0,0 client=0,0,0,0 visible=0,0,0,0
[JuiceGeom] changed hwnd=0x10058 flags=10 ptr=0x105f0e630 window=0,0,0,0 client=0,0,0,0 visible=0,0,0,0 surface=0x0
[JuiceRect] input hwnd=0x10058 dpi=96/1 raw=96/1 win=0,0,0,0 client=0,0,0,0 visible=0,0,0,0
[JuiceRect] mapped hwnd=0x10058 win=0,0,0,0 client=0,0,0,0 visible=0,0,0,0
[JuiceGeom] changed hwnd=0x10058 flags=181f ptr=0x105f0e3f0 window=0,0,0,0 client=0,0,0,0 visible=0,0,0,0 surface=0x0
[JuiceRect] input hwnd=0x10052 dpi=96/1 raw=96/1 win=0,0,1024,768 client=0,0,1024,768 visible=0,0,1024,768
[JuiceRect] mapped hwnd=0x10052 win=0,0,1024,768 client=0,0,1024,768 visible=0,0,1024,768
[JuiceGeom] changed hwnd=0x10052 flags=8000181f ptr=0x105f0e5a0 window=0,0,1024,768 client=0,0,1024,768 visible=0,0,1024,768 surface=0x1079144f0
[JuiceCreate] ex=00000000 class=0x1070fdfa0 version=0x0 name=0x1070fdf80 style=50000000 x=0 y=0 cx=0 cy=0 parent=0x10052 menu=0x3f0 classinst=0x0 params=0x0 flags=00000000 inst=0x0 classptr=0x140020f40 ansi=0
JUICE_TEXT_HOST_WINDOW pid=90397 hwnd=0x10052 rect=0,0 1024x768 visible=1
[JuiceRect] input hwnd=0x1005a dpi=96/1 raw=96/1 win=0,0,0,0 client=0,0,0,0 visible=0,0,0,0
[JuiceRect] mapped hwnd=0x1005a win=0,0,0,0 client=0,0,0,0 visible=0,0,0,0
[JuiceGeom] changed hwnd=0x1005a flags=14 ptr=0x105f0e630 window=0,0,0,0 client=0,0,0,0 visible=0,0,0,0 surface=0x0
[JuiceRect] input hwnd=0x1005a dpi=96/1 raw=96/1 win=0,0,0,0 client=0,0,0,0 visible=0,0,0,0
[JuiceRect] mapped hwnd=0x1005a win=0,0,0,0 client=0,0,0,0 visible=0,0,0,0
[JuiceGeom] changed hwnd=0x1005a flags=10 ptr=0x105f0e630 window=0,0,0,0 client=0,0,0,0 visible=0,0,0,0 surface=0x0
[JuiceRect] input hwnd=0x1005a dpi=96/1 raw=96/1 win=0,0,0,0 client=0,0,0,0 visible=0,0,0,0
[JuiceRect] mapped hwnd=0x1005a win=0,0,0,0 client=0,0,0,0 visible=0,0,0,0
[JuiceGeom] changed hwnd=0x1005a flags=181f ptr=0x105f0e3f0 window=0,0,0,0 client=0,0,0,0 visible=0,0,0,0 surface=0x0
[JuiceRect] input hwnd=0x10052 dpi=96/1 raw=96/1 win=0,0,1024,768 client=0,0,1024,768 visible=0,0,1024,768
[JuiceRect] mapped hwnd=0x10052 win=0,0,1024,768 client=0,0,1024,768 visible=0,0,1024,768
[JuiceGeom] changed hwnd=0x10052 flags=8000181f ptr=0x105f0e5a0 window=0,0,1024,768 client=0,0,1024,768 visible=0,0,1024,768 surface=0x1079144f0
[JuiceCreate] ex=00000000 class=0x1070fdfa0 version=0x0 name=0x1070fdf80 style=50200151 x=0 y=0 cx=0 cy=0 parent=0x10052 menu=0x3e9 classinst=0x0 params=0x0 flags=00000000 inst=0x0 classptr=0x140020f58 ansi=0
JUICE_TEXT_HOST_WINDOW pid=90397 hwnd=0x10052 rect=0,0 1024x768 visible=1
[JuiceRect] input hwnd=0x1005c dpi=96/1 raw=96/1 win=0,0,0,0 client=0,0,0,0 visible=0,0,0,0
[JuiceRect] mapped hwnd=0x1005c win=0,0,0,0 client=0,0,0,0 visible=0,0,0,0
[JuiceGeom] changed hwnd=0x1005c flags=14 ptr=0x105f0e630 window=0,0,0,0 client=0,0,0,0 visible=0,0,0,0 surface=0x0
[JuiceRect] input hwnd=0x1005c dpi=96/1 raw=96/1 win=0,0,0,0 client=0,0,0,0 visible=0,0,0,0
[JuiceRect] mapped hwnd=0x1005c win=0,0,0,0 client=0,0,0,0 visible=0,0,0,0
[JuiceGeom] changed hwnd=0x1005c flags=10 ptr=0x105f0e630 window=0,0,0,0 client=0,0,0,0 visible=0,0,0,0 surface=0x0
[JuiceRect] input hwnd=0x1005c dpi=96/1 raw=96/1 win=0,0,0,0 client=0,0,0,0 visible=0,0,0,0
[JuiceRect] mapped hwnd=0x1005c win=0,0,0,0 client=0,0,0,0 visible=0,0,0,0
[JuiceGeom] changed hwnd=0x1005c flags=183f ptr=0x105f0d750 window=0,0,0,0 client=0,0,0,0 visible=0,0,0,0 surface=0x0
[JuiceRect] input hwnd=0x1005c dpi=96/1 raw=96/1 win=0,0,0,0 client=0,0,0,0 visible=0,0,0,0
[JuiceRect] mapped hwnd=0x1005c win=0,0,0,0 client=0,0,0,0 visible=0,0,0,0
[JuiceGeom] changed hwnd=0x1005c flags=181f ptr=0x105f0e3f0 window=0,0,0,0 client=0,0,0,0 visible=0,0,0,0 surface=0x0
[JuiceRect] input hwnd=0x10052 dpi=96/1 raw=96/1 win=0,0,1024,768 client=0,0,1024,768 visible=0,0,1024,768
[JuiceRect] mapped hwnd=0x10052 win=0,0,1024,768 client=0,0,1024,768 visible=0,0,1024,768
[JuiceGeom] changed hwnd=0x10052 flags=8000181f ptr=0x105f0e5a0 window=0,0,1024,768 client=0,0,1024,768 visible=0,0,1024,768 surface=0x1079144f0
[JuiceCreate] ex=00000000 class=0x1070fdfa0 version=0x0 name=0x1070fdf80 style=50000000 x=0 y=0 cx=0 cy=0 parent=0x10052 menu=0x3eb classinst=0x0 params=0x0 flags=00000000 inst=0x0 classptr=0x140020f40 ansi=0
JUICE_TEXT_HOST_WINDOW pid=90397 hwnd=0x10052 rect=0,0 1024x768 visible=1
[JuiceRect] input hwnd=0x1005e dpi=96/1 raw=96/1 win=0,0,0,0 client=0,0,0,0 visible=0,0,0,0
[JuiceRect] mapped hwnd=0x1005e win=0,0,0,0 client=0,0,0,0 visible=0,0,0,0
[JuiceGeom] changed hwnd=0x1005e flags=14 ptr=0x105f0e630 window=0,0,0,0 client=0,0,0,0 visible=0,0,0,0 surface=0x0
[JuiceRect] input hwnd=0x1005e dpi=96/1 raw=96/1 win=0,0,0,0 client=0,0,0,0 visible=0,0,0,0
[JuiceRect] mapped hwnd=0x1005e win=0,0,0,0 client=0,0,0,0 visible=0,0,0,0
[JuiceGeom] changed hwnd=0x1005e flags=10 ptr=0x105f0e630 window=0,0,0,0 client=0,0,0,0 visible=0,0,0,0 surface=0x0
[JuiceRect] input hwnd=0x1005e dpi=96/1 raw=96/1 win=0,0,0,0 client=0,0,0,0 visible=0,0,0,0
[JuiceRect] mapped hwnd=0x1005e win=0,0,0,0 client=0,0,0,0 visible=0,0,0,0
[JuiceGeom] changed hwnd=0x1005e flags=181f ptr=0x105f0e3f0 window=0,0,0,0 client=0,0,0,0 visible=0,0,0,0 surface=0x0
[JuiceRect] input hwnd=0x10052 dpi=96/1 raw=96/1 win=0,0,1024,768 client=0,0,1024,768 visible=0,0,1024,768
[JuiceRect] mapped hwnd=0x10052 win=0,0,1024,768 client=0,0,1024,768 visible=0,0,1024,768
[JuiceGeom] changed hwnd=0x10052 flags=8000181f ptr=0x105f0e5a0 window=0,0,1024,768 client=0,0,1024,768 visible=0,0,1024,768 surface=0x1079144f0
[JuiceCreate] ex=00000000 class=0x1070fdfa0 version=0x0 name=0x1070fdf80 style=50000000 x=0 y=0 cx=0 cy=0 parent=0x10052 menu=0x3ec classinst=0x0 params=0x0 flags=00000000 inst=0x0 classptr=0x140020f40 ansi=0
JUICE_TEXT_HOST_WINDOW pid=90397 hwnd=0x10052 rect=0,0 1024x768 visible=1
[JuiceRect] input hwnd=0x10060 dpi=96/1 raw=96/1 win=0,0,0,0 client=0,0,0,0 visible=0,0,0,0
[JuiceRect] mapped hwnd=0x10060 win=0,0,0,0 client=0,0,0,0 visible=0,0,0,0
[JuiceGeom] changed hwnd=0x10060 flags=14 ptr=0x105f0e630 window=0,0,0,0 client=0,0,0,0 visible=0,0,0,0 surface=0x0
[JuiceRect] input hwnd=0x10060 dpi=96/1 raw=96/1 win=0,0,0,0 client=0,0,0,0 visible=0,0,0,0
[JuiceRect] mapped hwnd=0x10060 win=0,0,0,0 client=0,0,0,0 visible=0,0,0,0
[JuiceGeom] changed hwnd=0x10060 flags=10 ptr=0x105f0e630 window=0,0,0,0 client=0,0,0,0 visible=0,0,0,0 surface=0x0
[JuiceRect] input hwnd=0x10060 dpi=96/1 raw=96/1 win=0,0,0,0 client=0,0,0,0 visible=0,0,0,0
[JuiceRect] mapped hwnd=0x10060 win=0,0,0,0 client=0,0,0,0 visible=0,0,0,0
[JuiceGeom] changed hwnd=0x10060 flags=181f ptr=0x105f0e3f0 window=0,0,0,0 client=0,0,0,0 visible=0,0,0,0 surface=0x0
[JuiceRect] input hwnd=0x10052 dpi=96/1 raw=96/1 win=0,0,1024,768 client=0,0,1024,768 visible=0,0,1024,768
[JuiceRect] mapped hwnd=0x10052 win=0,0,1024,768 client=0,0,1024,768 visible=0,0,1024,768
[JuiceGeom] changed hwnd=0x10052 flags=8000181f ptr=0x105f0e5a0 window=0,0,1024,768 client=0,0,1024,768 visible=0,0,1024,768 surface=0x1079144f0
[JuiceCreate] ex=00000000 class=0x1070fdfa0 version=0x0 name=0x1070fdf80 style=50000000 x=0 y=0 cx=0 cy=0 parent=0x10052 menu=0x3ed classinst=0x0 params=0x0 flags=00000000 inst=0x0 classptr=0x140020f40 ansi=0
JUICE_TEXT_HOST_WINDOW pid=90397 hwnd=0x10052 rect=0,0 1024x768 visible=1
[JuiceRect] input hwnd=0x10062 dpi=96/1 raw=96/1 win=0,0,0,0 client=0,0,0,0 visible=0,0,0,0
[JuiceRect] mapped hwnd=0x10062 win=0,0,0,0 client=0,0,0,0 visible=0,0,0,0
[JuiceGeom] changed hwnd=0x10062 flags=14 ptr=0x105f0e630 window=0,0,0,0 client=0,0,0,0 visible=0,0,0,0 surface=0x0
[JuiceRect] input hwnd=0x10062 dpi=96/1 raw=96/1 win=0,0,0,0 client=0,0,0,0 visible=0,0,0,0
[JuiceRect] mapped hwnd=0x10062 win=0,0,0,0 client=0,0,0,0 visible=0,0,0,0
[JuiceGeom] changed hwnd=0x10062 flags=10 ptr=0x105f0e630 window=0,0,0,0 client=0,0,0,0 visible=0,0,0,0 surface=0x0
[JuiceRect] input hwnd=0x10062 dpi=96/1 raw=96/1 win=0,0,0,0 client=0,0,0,0 visible=0,0,0,0
[JuiceRect] mapped hwnd=0x10062 win=0,0,0,0 client=0,0,0,0 visible=0,0,0,0
[JuiceGeom] changed hwnd=0x10062 flags=181f ptr=0x105f0e3f0 window=0,0,0,0 client=0,0,0,0 visible=0,0,0,0 surface=0x0
[JuiceRect] input hwnd=0x10052 dpi=96/1 raw=96/1 win=0,0,1024,768 client=0,0,1024,768 visible=0,0,1024,768
[JuiceRect] mapped hwnd=0x10052 win=0,0,1024,768 client=0,0,1024,768 visible=0,0,1024,768
[JuiceGeom] changed hwnd=0x10052 flags=8000181f ptr=0x105f0e5a0 window=0,0,1024,768 client=0,0,1024,768 visible=0,0,1024,768 surface=0x1079144f0
[JuiceCreate] ex=00000000 class=0x1070fdfa0 version=0x0 name=0x1070fdf80 style=50000000 x=0 y=0 cx=0 cy=0 parent=0x10052 menu=0x3ee classinst=0x0 params=0x0 flags=00000000 inst=0x0 classptr=0x140020f40 ansi=0
JUICE_TEXT_HOST_WINDOW pid=90397 hwnd=0x10052 rect=0,0 1024x768 visible=1
[JuiceRect] input hwnd=0x10064 dpi=96/1 raw=96/1 win=0,0,0,0 client=0,0,0,0 visible=0,0,0,0
[JuiceRect] mapped hwnd=0x10064 win=0,0,0,0 client=0,0,0,0 visible=0,0,0,0
[JuiceGeom] changed hwnd=0x10064 flags=14 ptr=0x105f0e630 window=0,0,0,0 client=0,0,0,0 visible=0,0,0,0 surface=0x0
[JuiceRect] input hwnd=0x10064 dpi=96/1 raw=96/1 win=0,0,0,0 client=0,0,0,0 visible=0,0,0,0
[JuiceRect] mapped hwnd=0x10064 win=0,0,0,0 client=0,0,0,0 visible=0,0,0,0
[JuiceGeom] changed hwnd=0x10064 flags=10 ptr=0x105f0e630 window=0,0,0,0 client=0,0,0,0 visible=0,0,0,0 surface=0x0
[JuiceRect] input hwnd=0x10064 dpi=96/1 raw=96/1 win=0,0,0,0 client=0,0,0,0 visible=0,0,0,0
[JuiceRect] mapped hwnd=0x10064 win=0,0,0,0 client=0,0,0,0 visible=0,0,0,0
[JuiceGeom] changed hwnd=0x10064 flags=181f ptr=0x105f0e3f0 window=0,0,0,0 client=0,0,0,0 visible=0,0,0,0 surface=0x0
[JuiceRect] input hwnd=0x10052 dpi=96/1 raw=96/1 win=0,0,1024,768 client=0,0,1024,768 visible=0,0,1024,768
[JuiceRect] mapped hwnd=0x10052 win=0,0,1024,768 client=0,0,1024,768 visible=0,0,1024,768
[JuiceGeom] changed hwnd=0x10052 flags=8000181f ptr=0x105f0e5a0 window=0,0,1024,768 client=0,0,1024,768 visible=0,0,1024,768 surface=0x1079144f0
[JuiceCreate] ex=00000000 class=0x1070fdfa0 version=0x0 name=0x1070fdf80 style=50000000 x=0 y=0 cx=0 cy=0 parent=0x10052 menu=0x3ef classinst=0x0 params=0x0 flags=00000000 inst=0x0 classptr=0x140020f40 ansi=0
JUICE_TEXT_HOST_WINDOW pid=90397 hwnd=0x10052 rect=0,0 1024x768 visible=1
[JuiceRect] input hwnd=0x10066 dpi=96/1 raw=96/1 win=0,0,0,0 client=0,0,0,0 visible=0,0,0,0
[JuiceRect] mapped hwnd=0x10066 win=0,0,0,0 client=0,0,0,0 visible=0,0,0,0
[JuiceGeom] changed hwnd=0x10066 flags=14 ptr=0x105f0e630 window=0,0,0,0 client=0,0,0,0 visible=0,0,0,0 surface=0x0
[JuiceRect] input hwnd=0x10066 dpi=96/1 raw=96/1 win=0,0,0,0 client=0,0,0,0 visible=0,0,0,0
[JuiceRect] mapped hwnd=0x10066 win=0,0,0,0 client=0,0,0,0 visible=0,0,0,0
[JuiceGeom] changed hwnd=0x10066 flags=10 ptr=0x105f0e630 window=0,0,0,0 client=0,0,0,0 visible=0,0,0,0 surface=0x0
[JuiceRect] input hwnd=0x10066 dpi=96/1 raw=96/1 win=0,0,0,0 client=0,0,0,0 visible=0,0,0,0
[JuiceRect] mapped hwnd=0x10066 win=0,0,0,0 client=0,0,0,0 visible=0,0,0,0
[JuiceGeom] changed hwnd=0x10066 flags=181f ptr=0x105f0e3f0 window=0,0,0,0 client=0,0,0,0 visible=0,0,0,0 surface=0x0
[JuiceRect] input hwnd=0x10052 dpi=96/1 raw=96/1 win=0,0,1024,768 client=0,0,1024,768 visible=0,0,1024,768
[JuiceRect] mapped hwnd=0x10052 win=0,0,1024,768 client=0,0,1024,768 visible=0,0,1024,768
[JuiceGeom] changed hwnd=0x10052 flags=8000181f ptr=0x105f0e5a0 window=0,0,1024,768 client=0,0,1024,768 visible=0,0,1024,768 surface=0x1079144f0
JUICE_TEXT_HOST_WINDOW pid=90397 hwnd=0x10052 rect=0,0 1024x768 visible=1
[JuiceRect] input hwnd=0x1005c dpi=96/1 raw=96/1 win=0,0,0,0 client=0,0,0,0 visible=0,0,0,0
[JuiceRect] mapped hwnd=0x1005c win=0,0,0,0 client=0,0,0,0 visible=0,0,0,0
[JuiceGeom] changed hwnd=0x1005c flags=183f ptr=0x105f0e740 window=0,0,0,0 client=0,0,0,0 visible=0,0,0,0 surface=0x0
[JuiceRect] input hwnd=0x1005a dpi=96/1 raw=96/1 win=970,12,1008,44 client=970,12,1008,44 visible=970,12,1008,44
[JuiceRect] mapped hwnd=0x1005a win=970,12,1008,44 client=970,12,1008,44 visible=970,12,1008,44
[JuiceGeom] changed hwnd=0x1005a flags=1c ptr=0x105f0e830 window=970,12,1008,44 client=970,12,1008,44 visible=970,12,1008,44 surface=0x0
[JuiceRect] input hwnd=0x1005c dpi=96/1 raw=96/1 win=20,92,350,690 client=20,92,334,690 visible=20,92,350,690
[JuiceRect] mapped hwnd=0x1005c win=20,92,350,690 client=20,92,334,690 visible=20,92,350,690
[JuiceGeom] changed hwnd=0x1005c flags=1c ptr=0x105f0e830 window=20,92,350,690 client=20,92,334,690 visible=20,92,350,690 surface=0x0
[JuiceRect] input hwnd=0x1005c dpi=96/1 raw=96/1 win=20,92,350,690 client=20,92,350,690 visible=20,92,350,690
[JuiceRect] mapped hwnd=0x1005c win=20,92,350,690 client=20,92,350,690 visible=20,92,350,690
[JuiceGeom] changed hwnd=0x1005c flags=103f ptr=0x105f0cca0 window=20,92,350,690 client=20,92,350,690 visible=20,92,350,690 surface=0x0
[JuiceRect] input hwnd=0x10058 dpi=96/1 raw=96/1 win=6,718,169,758 client=6,718,169,758 visible=6,718,169,758
[JuiceRect] mapped hwnd=0x10058 win=6,718,169,758 client=6,718,169,758 visible=6,718,169,758
[JuiceGeom] changed hwnd=0x10058 flags=1c ptr=0x105f0e830 window=6,718,169,758 client=6,718,169,758 visible=6,718,169,758 surface=0x0
[JuiceRect] input hwnd=0x1005e dpi=96/1 raw=96/1 win=175,718,338,758 client=175,718,338,758 visible=175,718,338,758
[JuiceRect] mapped hwnd=0x1005e win=175,718,338,758 client=175,718,338,758 visible=175,718,338,758
[JuiceGeom] changed hwnd=0x1005e flags=1c ptr=0x105f0e830 window=175,718,338,758 client=175,718,338,758 visible=175,718,338,758 surface=0x0
[JuiceRect] input hwnd=0x10060 dpi=96/1 raw=96/1 win=344,718,507,758 client=344,718,507,758 visible=344,718,507,758
[JuiceRect] mapped hwnd=0x10060 win=344,718,507,758 client=344,718,507,758 visible=344,718,507,758
[JuiceGeom] changed hwnd=0x10060 flags=1c ptr=0x105f0e830 window=344,718,507,758 client=344,718,507,758 visible=344,718,507,758 surface=0x0
[JuiceRect] input hwnd=0x10062 dpi=96/1 raw=96/1 win=513,718,676,758 client=513,718,676,758 visible=513,718,676,758
[JuiceRect] mapped hwnd=0x10062 win=513,718,676,758 client=513,718,676,758 visible=513,718,676,758
[JuiceGeom] changed hwnd=0x10062 flags=1c ptr=0x105f0e830 window=513,718,676,758 client=513,718,676,758 visible=513,718,676,758 surface=0x0
[JuiceRect] input hwnd=0x10064 dpi=96/1 raw=96/1 win=682,718,845,758 client=682,718,845,758 visible=682,718,845,758
[JuiceRect] mapped hwnd=0x10064 win=682,718,845,758 client=682,718,845,758 visible=682,718,845,758
[JuiceGeom] changed hwnd=0x10064 flags=1c ptr=0x105f0e830 window=682,718,845,758 client=682,718,845,758 visible=682,718,845,758 surface=0x0
[JuiceRect] input hwnd=0x10066 dpi=96/1 raw=96/1 win=851,718,1014,758 client=851,718,1014,758 visible=851,718,1014,758
[JuiceRect] mapped hwnd=0x10066 win=851,718,1014,758 client=851,718,1014,758 visible=851,718,1014,758
[JuiceGeom] changed hwnd=0x10066 flags=1c ptr=0x105f0e830 window=851,718,1014,758 client=851,718,1014,758 visible=851,718,1014,758 surface=0x0
[JuiceMonitor] callee hwnd=0x10052 hmon=0x1 info=0x105f0fac0 monitor=0,0,1024,768 work=0,0,1024,768 flags=00000001
[JuiceMinMax] hwnd=0x10052 min=0,0 maxtrack=1036,780 max=1024,768 pos=0,0
[JuiceGeom] show hwnd=0x10052 cmd=3 rect=0x105f0fc28 0,0,1024,768 swp=8060
JUICE_TEXT_HOST_WINDOW pid=90397 hwnd=0x10052 rect=0,0 1024x768 visible=1
[JuiceGeom] surface hwnd=0x10052 rect=0,0,1024,768 size=1024x768 previous=0x1079144f0
[JuiceRect] input hwnd=0x10052 dpi=96/1 raw=96/1 win=0,0,1024,768 client=0,0,1024,768 visible=0,0,1024,768
[JuiceRect] mapped hwnd=0x10052 win=0,0,1024,768 client=0,0,1024,768 visible=0,0,1024,768
[JuiceGeom] changed hwnd=0x10052 flags=80009967 ptr=0x105f0f760 window=0,0,1024,768 client=0,0,1024,768 visible=0,0,1024,768 surface=0x102d3aed0
JUICE_TEXT_HOST_WINDOW pid=90397 hwnd=0x10052 rect=0,0 1024x768 visible=1
[JuiceWine] anonymous PE executable section .text at 0x2d5120000 size=327680
[JuiceX18] derived #1 pc=0x2d7c7e0f0 fault=0x1258 instr=79000268 base=x19 value=0x1258 fixed=0x2d7ff9258 teb=0x2d7ff8000
[JuiceWine parent] child exited with 0
JUICE_TEXT_HOST_CLIENT_CLOSED pid=90400
[JuiceWine] anonymous PE executable section .text at 0x2d4f70000 size=196608
[JuiceWine] anonymous PE executable section .text at 0x2d4d00000 size=327680
[JuiceWine] anonymous PE executable section .text at 0x2d54c0000 size=65536
[JuiceWine] anonymous PE executable section .text at 0x2d4c20000 size=65536
[JuiceCreate] ex=00000000 class=0x1070ff7d0 version=0x0 name=0x1070ff7b0 style=00000000 x=0 y=0 cx=0 cy=0 parent=0xfffffffffffffffd menu=0x0 classinst=0x2d4f60000 params=0x0 flags=00000000 inst=0x2d4f60000 classptr=0x2d4fa1718 ansi=0
[JuiceMonitor] callee hwnd=0x2003c hmon=0x1 info=0x105f0d810 monitor=0,0,1024,768 work=0,0,1024,768 flags=00000001
[JuiceMinMax] hwnd=0x2003c min=112,27 maxtrack=1036,780 max=106,106 pos=-3,-3
[JuiceRect] input hwnd=0x2003c dpi=96/1 raw=96/1 win=0,0,112,27 client=0,0,112,27 visible=0,0,112,27
[JuiceRect] mapped hwnd=0x2003c win=0,0,112,27 client=0,0,112,27 visible=0,0,112,27
[JuiceGeom] changed hwnd=0x2003c flags=14 ptr=0x105f0d710 window=0,0,112,27 client=0,0,112,27 visible=0,0,112,27 surface=0x0
[JuiceRect] input hwnd=0x2003c dpi=96/1 raw=96/1 win=0,0,112,27 client=3,22,109,24 visible=0,0,112,27
[JuiceRect] mapped hwnd=0x2003c win=0,0,112,27 client=3,22,109,24 visible=0,0,112,27
[JuiceGeom] changed hwnd=0x2003c flags=10 ptr=0x105f0d710 window=0,0,112,27 client=3,22,109,24 visible=0,0,112,27 surface=0x0
[JuiceCreate] ex=00000080 class=0x1070ff560 version=0x0 name=0x1070ff540 style=80000000 x=0 y=0 cx=1 cy=1 parent=0x10056 menu=0x0 classinst=0x2d5640000 params=0x0 flags=00000000 inst=0x2d5640000 classptr=0x102b5f984 ansi=0
[JuiceRect] input hwnd=0x20036 dpi=96/1 raw=96/1 win=0,0,1,1 client=0,0,1,1 visible=0,0,1,1
[JuiceRect] mapped hwnd=0x20036 win=0,0,1,1 client=0,0,1,1 visible=0,0,1,1
[JuiceGeom] changed hwnd=0x20036 flags=3c ptr=0x105f0c9d0 window=0,0,1,1 client=0,0,1,1 visible=0,0,1,1 surface=0x1079144f0
[JuiceRect] input hwnd=0x20036 dpi=96/1 raw=96/1 win=0,0,1,1 client=0,0,1,1 visible=0,0,1,1
[JuiceRect] mapped hwnd=0x20036 win=0,0,1,1 client=0,0,1,1 visible=0,0,1,1
[JuiceGeom] changed hwnd=0x20036 flags=18 ptr=0x105f0c9d0 window=0,0,1,1 client=0,0,1,1 visible=0,0,1,1 surface=0x1079144f0
[JuiceRect] input hwnd=0x20036 dpi=96/1 raw=96/1 win=0,0,1,1 client=0,0,1,1 visible=0,0,1,1
[JuiceRect] mapped hwnd=0x20036 win=0,0,1,1 client=0,0,1,1 visible=0,0,1,1
[JuiceGeom] changed hwnd=0x20036 flags=181b ptr=0x105f0cbd0 window=0,0,1,1 client=0,0,1,1 visible=0,0,1,1 surface=0x1079144f0
[JuiceMonitor] callee hwnd=0x10052 hmon=0x1 info=0x105f0f570 monitor=0,0,1024,768 work=0,0,1024,768 flags=00000001
[JuiceRect] input hwnd=0x1005a dpi=96/1 raw=96/1 win=970,12,1008,44 client=970,12,1008,44 visible=970,12,1008,44
[JuiceRect] mapped hwnd=0x1005a win=970,12,1008,44 client=970,12,1008,44 visible=970,12,1008,44
[JuiceGeom] changed hwnd=0x1005a flags=1817 ptr=0x105f0dcc0 window=970,12,1008,44 client=970,12,1008,44 visible=970,12,1008,44 surface=0x0
[JuiceRect] input hwnd=0x1005c dpi=96/1 raw=96/1 win=20,92,350,690 client=20,92,350,690 visible=20,92,350,690
[JuiceRect] mapped hwnd=0x1005c win=20,92,350,690 client=20,92,350,690 visible=20,92,350,690
[JuiceGeom] changed hwnd=0x1005c flags=1817 ptr=0x105f0dcc0 window=20,92,350,690 client=20,92,350,690 visible=20,92,350,690 surface=0x0
[JuiceRect] input hwnd=0x10058 dpi=96/1 raw=96/1 win=6,718,169,758 client=6,718,169,758 visible=6,718,169,758
[JuiceRect] mapped hwnd=0x10058 win=6,718,169,758 client=6,718,169,758 visible=6,718,169,758
[JuiceGeom] changed hwnd=0x10058 flags=1817 ptr=0x105f0dcc0 window=6,718,169,758 client=6,718,169,758 visible=6,718,169,758 surface=0x0
[JuiceRect] input hwnd=0x1005e dpi=96/1 raw=96/1 win=175,718,338,758 client=175,718,338,758 visible=175,718,338,758
[JuiceRect] mapped hwnd=0x1005e win=175,718,338,758 client=175,718,338,758 visible=175,718,338,758
[JuiceGeom] changed hwnd=0x1005e flags=1817 ptr=0x105f0dcc0 window=175,718,338,758 client=175,718,338,758 visible=175,718,338,758 surface=0x0
[JuiceRect] input hwnd=0x10060 dpi=96/1 raw=96/1 win=344,718,507,758 client=344,718,507,758 visible=344,718,507,758
[JuiceRect] mapped hwnd=0x10060 win=344,718,507,758 client=344,718,507,758 visible=344,718,507,758
[JuiceGeom] changed hwnd=0x10060 flags=1817 ptr=0x105f0dcc0 window=344,718,507,758 client=344,718,507,758 visible=344,718,507,758 surface=0x0
[JuiceRect] input hwnd=0x10062 dpi=96/1 raw=96/1 win=513,718,676,758 client=513,718,676,758 visible=513,718,676,758
[JuiceRect] mapped hwnd=0x10062 win=513,718,676,758 client=513,718,676,758 visible=513,718,676,758
[JuiceGeom] changed hwnd=0x10062 flags=1817 ptr=0x105f0dcc0 window=513,718,676,758 client=513,718,676,758 visible=513,718,676,758 surface=0x0
[JuiceRect] input hwnd=0x10064 dpi=96/1 raw=96/1 win=682,718,845,758 client=682,718,845,758 visible=682,718,845,758
[JuiceRect] mapped hwnd=0x10064 win=682,718,845,758 client=682,718,845,758 visible=682,718,845,758
[JuiceGeom] changed hwnd=0x10064 flags=1817 ptr=0x105f0dcc0 window=682,718,845,758 client=682,718,845,758 visible=682,718,845,758 surface=0x0
[JuiceRect] input hwnd=0x10066 dpi=96/1 raw=96/1 win=851,718,1014,758 client=851,718,1014,758 visible=851,718,1014,758
[JuiceRect] mapped hwnd=0x10066 win=851,718,1014,758 client=851,718,1014,758 visible=851,718,1014,758
[JuiceGeom] changed hwnd=0x10066 flags=1817 ptr=0x105f0dcc0 window=851,718,1014,758 client=851,718,1014,758 visible=851,718,1014,758 surface=0x0
JUICE_TEXT_HOST_FRAME hwnd=0x10052 size=1024x768 path=/var/mobile/Documents/JuiceLab-20260811/source/build/tests/final-v20/msi-persistence-launch/frame-before-input.png
JUICE_TEXT_HOST_CLICK_SENT index=1 hwnd=0x10052 point=100,267
JUICE_TEXT_HOST_CLICK_SENT index=2 hwnd=0x10052 point=256,738
JUICE_TEXT_HOST_INPUT_SENT hwnd=0x10052 clicks=2 utf16_units=0
[JuiceMonitor] callee hwnd=0x10052 hmon=0x1 info=0x105f0f690 monitor=0,0,1024,768 work=0,0,1024,768 flags=00000001
[JuiceInput] dispatched surface=0x10052 target=0x1005c local=100,267 desktop=100,267 flags=a003 sent=0
[JuiceInput] dispatched surface=0x10052 target=0x1005c local=100,267 desktop=100,267 flags=a005 sent=0
[JuiceMonitor] callee hwnd=0x10052 hmon=0x1 info=0x105f0f690 monitor=0,0,1024,768 work=0,0,1024,768 flags=00000001
[JuiceInput] dispatched surface=0x10052 target=0x1005e local=256,738 desktop=256,738 flags=a003 sent=0
[JuiceInput] dispatched surface=0x10052 target=0x1005e local=256,738 desktop=256,738 flags=a005 sent=0
[JuiceCreate] ex=00010001 class=0x1070fdde0 version=0x0 name=0x1070fddc0 style=80c801c4 x=147 y=118 cx=330 cy=319 parent=0x10052 menu=0x0 classinst=0x0 params=0x0 flags=00000000 inst=0x0 classptr=0x8002 ansi=0
[JuiceRect] input hwnd=0x30030 dpi=96/1 raw=96/1 win=147,118,477,437 client=147,118,477,437 visible=147,118,477,437
[JuiceRect] mapped hwnd=0x30030 win=147,118,477,437 client=147,118,477,437 visible=147,118,477,437
[JuiceGeom] changed hwnd=0x30030 flags=3c ptr=0x105f0f620 window=147,118,477,437 client=147,118,477,437 visible=147,118,477,437 surface=0x1079144f0
[JuiceRect] input hwnd=0x30030 dpi=96/1 raw=96/1 win=147,118,477,437 client=150,140,474,434 visible=147,118,477,437
[JuiceRect] mapped hwnd=0x30030 win=147,118,477,437 client=150,140,474,434 visible=147,118,477,437
[JuiceGeom] changed hwnd=0x30030 flags=18 ptr=0x105f0f620 window=147,118,477,437 client=150,140,474,434 visible=147,118,477,437 surface=0x1079144f0
[JuiceCreate] ex=00000004 class=0x1070fdde0 version=0x0 name=0x1070fddc0 style=50000003 x=12 y=35 cx=24 cy=28 parent=0x30030 menu=0x440 classinst=0x0 params=0x0 flags=00000000 inst=0x0 classptr=0x2d66e6b00 ansi=0
[JuiceRect] input hwnd=0x2002a dpi=96/1 raw=96/1 win=12,35,36,63 client=12,35,36,63 visible=12,35,36,63
[JuiceRect] mapped hwnd=0x2002a win=12,35,36,63 client=12,35,36,63 visible=12,35,36,63
[JuiceGeom] changed hwnd=0x2002a flags=14 ptr=0x105f0f620 window=12,35,36,63 client=12,35,36,63 visible=12,35,36,63 surface=0x0
[JuiceRect] input hwnd=0x2002a dpi=96/1 raw=96/1 win=12,35,36,63 client=12,35,36,63 visible=12,35,36,63
[JuiceRect] mapped hwnd=0x2002a win=12,35,36,63 client=12,35,36,63 visible=12,35,36,63
[JuiceGeom] changed hwnd=0x2002a flags=10 ptr=0x105f0f620 window=12,35,36,63 client=12,35,36,63 visible=12,35,36,63 surface=0x0
[JuiceRect] input hwnd=0x2002a dpi=96/1 raw=96/1 win=12,35,36,63 client=12,35,36,63 visible=12,35,36,63
[JuiceRect] mapped hwnd=0x2002a win=12,35,36,63 client=12,35,36,63 visible=12,35,36,63
[JuiceGeom] changed hwnd=0x2002a flags=181f ptr=0x105f0f3e0 window=12,35,36,63 client=12,35,36,63 visible=12,35,36,63 surface=0x0
[JuiceRect] input hwnd=0x30030 dpi=96/1 raw=96/1 win=147,118,477,437 client=150,140,474,434 visible=147,118,477,437
[JuiceRect] mapped hwnd=0x30030 win=147,118,477,437 client=150,140,474,434 visible=147,118,477,437
[JuiceGeom] changed hwnd=0x30030 flags=181f ptr=0x105f0f590 window=147,118,477,437 client=150,140,474,434 visible=147,118,477,437 surface=0x1079144f0
[JuiceCreate] ex=00000004 class=0x1070fdde0 version=0x0 name=0x1070fddc0 style=50010000 x=24 y=98 cx=75 cy=25 parent=0x30030 menu=0x6 classinst=0x0 params=0x0 flags=00000000 inst=0x0 classptr=0x2d66e6af0 ansi=0
[JuiceRect] input hwnd=0x20026 dpi=96/1 raw=96/1 win=24,98,99,123 client=24,98,99,123 visible=24,98,99,123
[JuiceRect] mapped hwnd=0x20026 win=24,98,99,123 client=24,98,99,123 visible=24,98,99,123
[JuiceGeom] changed hwnd=0x20026 flags=14 ptr=0x105f0f620 window=24,98,99,123 client=24,98,99,123 visible=24,98,99,123 surface=0x0
[JuiceRect] input hwnd=0x20026 dpi=96/1 raw=96/1 win=24,98,99,123 client=24,98,99,123 visible=24,98,99,123
[JuiceRect] mapped hwnd=0x20026 win=24,98,99,123 client=24,98,99,123 visible=24,98,99,123
[JuiceGeom] changed hwnd=0x20026 flags=10 ptr=0x105f0f620 window=24,98,99,123 client=24,98,99,123 visible=24,98,99,123 surface=0x0
[JuiceRect] input hwnd=0x20026 dpi=96/1 raw=96/1 win=24,98,99,123 client=24,98,99,123 visible=24,98,99,123
[JuiceRect] mapped hwnd=0x20026 win=24,98,99,123 client=24,98,99,123 visible=24,98,99,123
[JuiceGeom] changed hwnd=0x20026 flags=181f ptr=0x105f0f3e0 window=24,98,99,123 client=24,98,99,123 visible=24,98,99,123 surface=0x0
[JuiceRect] input hwnd=0x30030 dpi=96/1 raw=96/1 win=147,118,477,437 client=150,140,474,434 visible=147,118,477,437
[JuiceRect] mapped hwnd=0x30030 win=147,118,477,437 client=150,140,474,434 visible=147,118,477,437
[JuiceGeom] changed hwnd=0x30030 flags=181f ptr=0x105f0f590 window=147,118,477,437 client=150,140,474,434 visible=147,118,477,437 surface=0x1079144f0
[JuiceCreate] ex=00000004 class=0x1070fdde0 version=0x0 name=0x1070fddc0 style=50010000 x=111 y=98 cx=75 cy=25 parent=0x30030 menu=0x7 classinst=0x0 params=0x0 flags=00000000 inst=0x0 classptr=0x2d66e6af0 ansi=0
[JuiceRect] input hwnd=0x20024 dpi=96/1 raw=96/1 win=111,98,186,123 client=111,98,186,123 visible=111,98,186,123
[JuiceRect] mapped hwnd=0x20024 win=111,98,186,123 client=111,98,186,123 visible=111,98,186,123
[JuiceGeom] changed hwnd=0x20024 flags=14 ptr=0x105f0f620 window=111,98,186,123 client=111,98,186,123 visible=111,98,186,123 surface=0x0
[JuiceRect] input hwnd=0x20024 dpi=96/1 raw=96/1 win=111,98,186,123 client=111,98,186,123 visible=111,98,186,123
[JuiceRect] mapped hwnd=0x20024 win=111,98,186,123 client=111,98,186,123 visible=111,98,186,123
[JuiceGeom] changed hwnd=0x20024 flags=10 ptr=0x105f0f620 window=111,98,186,123 client=111,98,186,123 visible=111,98,186,123 surface=0x0
[JuiceRect] input hwnd=0x20024 dpi=96/1 raw=96/1 win=111,98,186,123 client=111,98,186,123 visible=111,98,186,123
[JuiceRect] mapped hwnd=0x20024 win=111,98,186,123 client=111,98,186,123 visible=111,98,186,123
[JuiceGeom] changed hwnd=0x20024 flags=181f ptr=0x105f0f3e0 window=111,98,186,123 client=111,98,186,123 visible=111,98,186,123 surface=0x0
[JuiceRect] input hwnd=0x30030 dpi=96/1 raw=96/1 win=147,118,477,437 client=150,140,474,434 visible=147,118,477,437
[JuiceRect] mapped hwnd=0x30030 win=147,118,477,437 client=150,140,474,434 visible=147,118,477,437
[JuiceGeom] changed hwnd=0x30030 flags=181f ptr=0x105f0f590 window=147,118,477,437 client=150,140,474,434 visible=147,118,477,437 surface=0x1079144f0
[JuiceCreate] ex=00000004 class=0x1070fdde0 version=0x0 name=0x1070fddc0 style=50010000 x=198 y=98 cx=75 cy=25 parent=0x30030 menu=0x3 classinst=0x0 params=0x0 flags=00000000 inst=0x0 classptr=0x2d66e6af0 ansi=0
[JuiceRect] input hwnd=0x20022 dpi=96/1 raw=96/1 win=198,98,273,123 client=198,98,273,123 visible=198,98,273,123
[JuiceRect] mapped hwnd=0x20022 win=198,98,273,123 client=198,98,273,123 visible=198,98,273,123
[JuiceGeom] changed hwnd=0x20022 flags=14 ptr=0x105f0f620 window=198,98,273,123 client=198,98,273,123 visible=198,98,273,123 surface=0x0
[JuiceRect] input hwnd=0x20022 dpi=96/1 raw=96/1 win=198,98,273,123 client=198,98,273,123 visible=198,98,273,123
[JuiceRect] mapped hwnd=0x20022 win=198,98,273,123 client=198,98,273,123 visible=198,98,273,123
[JuiceGeom] changed hwnd=0x20022 flags=10 ptr=0x105f0f620 window=198,98,273,123 client=198,98,273,123 visible=198,98,273,123 surface=0x0
[JuiceRect] input hwnd=0x20022 dpi=96/1 raw=96/1 win=198,98,273,123 client=198,98,273,123 visible=198,98,273,123
[JuiceRect] mapped hwnd=0x20022 win=198,98,273,123 client=198,98,273,123 visible=198,98,273,123
[JuiceGeom] changed hwnd=0x20022 flags=181f ptr=0x105f0f3e0 window=198,98,273,123 client=198,98,273,123 visible=198,98,273,123 surface=0x0
[JuiceRect] input hwnd=0x30030 dpi=96/1 raw=96/1 win=147,118,477,437 client=150,140,474,434 visible=147,118,477,437
[JuiceRect] mapped hwnd=0x30030 win=147,118,477,437 client=150,140,474,434 visible=147,118,477,437
[JuiceGeom] changed hwnd=0x30030 flags=181f ptr=0x105f0f590 window=147,118,477,437 client=150,140,474,434 visible=147,118,477,437 surface=0x1079144f0
[JuiceCreate] ex=00000004 class=0x1070fdde0 version=0x0 name=0x1070fddc0 style=50010000 x=285 y=98 cx=75 cy=25 parent=0x30030 menu=0x4 classinst=0x0 params=0x0 flags=00000000 inst=0x0 classptr=0x2d66e6af0 ansi=0
[JuiceRect] input hwnd=0x20048 dpi=96/1 raw=96/1 win=285,98,360,123 client=285,98,360,123 visible=285,98,360,123
[JuiceRect] mapped hwnd=0x20048 win=285,98,360,123 client=285,98,360,123 visible=285,98,360,123
[JuiceGeom] changed hwnd=0x20048 flags=14 ptr=0x105f0f620 window=285,98,360,123 client=285,98,360,123 visible=285,98,360,123 surface=0x0
[JuiceRect] input hwnd=0x20048 dpi=96/1 raw=96/1 win=285,98,360,123 client=285,98,360,123 visible=285,98,360,123
[JuiceRect] mapped hwnd=0x20048 win=285,98,360,123 client=285,98,360,123 visible=285,98,360,123
[JuiceGeom] changed hwnd=0x20048 flags=10 ptr=0x105f0f620 window=285,98,360,123 client=285,98,360,123 visible=285,98,360,123 surface=0x0
[JuiceRect] input hwnd=0x20048 dpi=96/1 raw=96/1 win=285,98,360,123 client=285,98,360,123 visible=285,98,360,123
[JuiceRect] mapped hwnd=0x20048 win=285,98,360,123 client=285,98,360,123 visible=285,98,360,123
[JuiceGeom] changed hwnd=0x20048 flags=181f ptr=0x105f0f3e0 window=285,98,360,123 client=285,98,360,123 visible=285,98,360,123 surface=0x0
[JuiceRect] input hwnd=0x30030 dpi=96/1 raw=96/1 win=147,118,477,437 client=150,140,474,434 visible=147,118,477,437
[JuiceRect] mapped hwnd=0x30030 win=147,118,477,437 client=150,140,474,434 visible=147,118,477,437
[JuiceGeom] changed hwnd=0x30030 flags=181f ptr=0x105f0f590 window=147,118,477,437 client=150,140,474,434 visible=147,118,477,437 surface=0x1079144f0
[JuiceCreate] ex=00000004 class=0x1070fdde0 version=0x0 name=0x1070fddc0 style=50010000 x=372 y=98 cx=75 cy=25 parent=0x30030 menu=0x1 classinst=0x0 params=0x0 flags=00000000 inst=0x0 classptr=0x2d66e6af0 ansi=0
[JuiceRect] input hwnd=0x2003e dpi=96/1 raw=96/1 win=372,98,447,123 client=372,98,447,123 visible=372,98,447,123
[JuiceRect] mapped hwnd=0x2003e win=372,98,447,123 client=372,98,447,123 visible=372,98,447,123
[JuiceGeom] changed hwnd=0x2003e flags=14 ptr=0x105f0f620 window=372,98,447,123 client=372,98,447,123 visible=372,98,447,123 surface=0x0
[JuiceRect] input hwnd=0x2003e dpi=96/1 raw=96/1 win=372,98,447,123 client=372,98,447,123 visible=372,98,447,123
[JuiceRect] mapped hwnd=0x2003e win=372,98,447,123 client=372,98,447,123 visible=372,98,447,123
[JuiceGeom] changed hwnd=0x2003e flags=10 ptr=0x105f0f620 window=372,98,447,123 client=372,98,447,123 visible=372,98,447,123 surface=0x0
[JuiceRect] input hwnd=0x2003e dpi=96/1 raw=96/1 win=372,98,447,123 client=372,98,447,123 visible=372,98,447,123
[JuiceRect] mapped hwnd=0x2003e win=372,98,447,123 client=372,98,447,123 visible=372,98,447,123
[JuiceGeom] changed hwnd=0x2003e flags=181f ptr=0x105f0f3e0 window=372,98,447,123 client=372,98,447,123 visible=372,98,447,123 surface=0x0
[JuiceRect] input hwnd=0x30030 dpi=96/1 raw=96/1 win=147,118,477,437 client=150,140,474,434 visible=147,118,477,437
[JuiceRect] mapped hwnd=0x30030 win=147,118,477,437 client=150,140,474,434 visible=147,118,477,437
[JuiceGeom] changed hwnd=0x30030 flags=181f ptr=0x105f0f590 window=147,118,477,437 client=150,140,474,434 visible=147,118,477,437 surface=0x1079144f0
[JuiceCreate] ex=00000004 class=0x1070fdde0 version=0x0 name=0x1070fddc0 style=50010000 x=459 y=98 cx=75 cy=25 parent=0x30030 menu=0x2 classinst=0x0 params=0x0 flags=00000000 inst=0x0 classptr=0x2d66e6af0 ansi=0
[JuiceRect] input hwnd=0x20038 dpi=96/1 raw=96/1 win=459,98,534,123 client=459,98,534,123 visible=459,98,534,123
[JuiceRect] mapped hwnd=0x20038 win=459,98,534,123 client=459,98,534,123 visible=459,98,534,123
[JuiceGeom] changed hwnd=0x20038 flags=14 ptr=0x105f0f620 window=459,98,534,123 client=459,98,534,123 visible=459,98,534,123 surface=0x0
[JuiceRect] input hwnd=0x20038 dpi=96/1 raw=96/1 win=459,98,534,123 client=459,98,534,123 visible=459,98,534,123
[JuiceRect] mapped hwnd=0x20038 win=459,98,534,123 client=459,98,534,123 visible=459,98,534,123
[JuiceGeom] changed hwnd=0x20038 flags=10 ptr=0x105f0f620 window=459,98,534,123 client=459,98,534,123 visible=459,98,534,123 surface=0x0
[JuiceRect] input hwnd=0x20038 dpi=96/1 raw=96/1 win=459,98,534,123 client=459,98,534,123 visible=459,98,534,123
[JuiceRect] mapped hwnd=0x20038 win=459,98,534,123 client=459,98,534,123 visible=459,98,534,123
[JuiceGeom] changed hwnd=0x20038 flags=181f ptr=0x105f0f3e0 window=459,98,534,123 client=459,98,534,123 visible=459,98,534,123 surface=0x0
[JuiceRect] input hwnd=0x30030 dpi=96/1 raw=96/1 win=147,118,477,437 client=150,140,474,434 visible=147,118,477,437
[JuiceRect] mapped hwnd=0x30030 win=147,118,477,437 client=150,140,474,434 visible=147,118,477,437
[JuiceGeom] changed hwnd=0x30030 flags=181f ptr=0x105f0f590 window=147,118,477,437 client=150,140,474,434 visible=147,118,477,437 surface=0x1079144f0
[JuiceCreate] ex=00000004 class=0x1070fdde0 version=0x0 name=0x1070fddc0 style=50010000 x=546 y=98 cx=75 cy=25 parent=0x30030 menu=0x5 classinst=0x0 params=0x0 flags=00000000 inst=0x0 classptr=0x2d66e6af0 ansi=0
[JuiceRect] input hwnd=0x20032 dpi=96/1 raw=96/1 win=546,98,621,123 client=546,98,621,123 visible=546,98,621,123
[JuiceRect] mapped hwnd=0x20032 win=546,98,621,123 client=546,98,621,123 visible=546,98,621,123
[JuiceGeom] changed hwnd=0x20032 flags=14 ptr=0x105f0f620 window=546,98,621,123 client=546,98,621,123 visible=546,98,621,123 surface=0x0
[JuiceRect] input hwnd=0x20032 dpi=96/1 raw=96/1 win=546,98,621,123 client=546,98,621,123 visible=546,98,621,123
[JuiceRect] mapped hwnd=0x20032 win=546,98,621,123 client=546,98,621,123 visible=546,98,621,123
[JuiceGeom] changed hwnd=0x20032 flags=10 ptr=0x105f0f620 window=546,98,621,123 client=546,98,621,123 visible=546,98,621,123 surface=0x0
[JuiceRect] input hwnd=0x20032 dpi=96/1 raw=96/1 win=546,98,621,123 client=546,98,621,123 visible=546,98,621,123
[JuiceRect] mapped hwnd=0x20032 win=546,98,621,123 client=546,98,621,123 visible=546,98,621,123
[JuiceGeom] changed hwnd=0x20032 flags=181f ptr=0x105f0f3e0 window=546,98,621,123 client=546,98,621,123 visible=546,98,621,123 surface=0x0
[JuiceRect] input hwnd=0x30030 dpi=96/1 raw=96/1 win=147,118,477,437 client=150,140,474,434 visible=147,118,477,437
[JuiceRect] mapped hwnd=0x30030 win=147,118,477,437 client=150,140,474,434 visible=147,118,477,437
[JuiceGeom] changed hwnd=0x30030 flags=181f ptr=0x105f0f590 window=147,118,477,437 client=150,140,474,434 visible=147,118,477,437 surface=0x1079144f0
[JuiceCreate] ex=00000004 class=0x1070fdde0 version=0x0 name=0x1070fddc0 style=50010000 x=633 y=98 cx=75 cy=25 parent=0x30030 menu=0xa classinst=0x0 params=0x0 flags=00000000 inst=0x0 classptr=0x2d66e6af0 ansi=0
[JuiceRect] input hwnd=0x20034 dpi=96/1 raw=96/1 win=633,98,708,123 client=633,98,708,123 visible=633,98,708,123
[JuiceRect] mapped hwnd=0x20034 win=633,98,708,123 client=633,98,708,123 visible=633,98,708,123
[JuiceGeom] changed hwnd=0x20034 flags=14 ptr=0x105f0f620 window=633,98,708,123 client=633,98,708,123 visible=633,98,708,123 surface=0x0
[JuiceRect] input hwnd=0x20034 dpi=96/1 raw=96/1 win=633,98,708,123 client=633,98,708,123 visible=633,98,708,123
[JuiceRect] mapped hwnd=0x20034 win=633,98,708,123 client=633,98,708,123 visible=633,98,708,123
[JuiceGeom] changed hwnd=0x20034 flags=10 ptr=0x105f0f620 window=633,98,708,123 client=633,98,708,123 visible=633,98,708,123 surface=0x0
[JuiceRect] input hwnd=0x20034 dpi=96/1 raw=96/1 win=633,98,708,123 client=633,98,708,123 visible=633,98,708,123
[JuiceRect] mapped hwnd=0x20034 win=633,98,708,123 client=633,98,708,123 visible=633,98,708,123
[JuiceGeom] changed hwnd=0x20034 flags=181f ptr=0x105f0f3e0 window=633,98,708,123 client=633,98,708,123 visible=633,98,708,123 surface=0x0
[JuiceRect] input hwnd=0x30030 dpi=96/1 raw=96/1 win=147,118,477,437 client=150,140,474,434 visible=147,118,477,437
[JuiceRect] mapped hwnd=0x30030 win=147,118,477,437 client=150,140,474,434 visible=147,118,477,437
[JuiceGeom] changed hwnd=0x30030 flags=181f ptr=0x105f0f590 window=147,118,477,437 client=150,140,474,434 visible=147,118,477,437 surface=0x1079144f0
[JuiceCreate] ex=00000004 class=0x1070fdde0 version=0x0 name=0x1070fddc0 style=50010000 x=720 y=98 cx=75 cy=25 parent=0x30030 menu=0xb classinst=0x0 params=0x0 flags=00000000 inst=0x0 classptr=0x2d66e6af0 ansi=0
[JuiceRect] input hwnd=0x20040 dpi=96/1 raw=96/1 win=720,98,795,123 client=720,98,795,123 visible=720,98,795,123
[JuiceRect] mapped hwnd=0x20040 win=720,98,795,123 client=720,98,795,123 visible=720,98,795,123
[JuiceGeom] changed hwnd=0x20040 flags=14 ptr=0x105f0f620 window=720,98,795,123 client=720,98,795,123 visible=720,98,795,123 surface=0x0
[JuiceRect] input hwnd=0x20040 dpi=96/1 raw=96/1 win=720,98,795,123 client=720,98,795,123 visible=720,98,795,123
[JuiceRect] mapped hwnd=0x20040 win=720,98,795,123 client=720,98,795,123 visible=720,98,795,123
[JuiceGeom] changed hwnd=0x20040 flags=10 ptr=0x105f0f620 window=720,98,795,123 client=720,98,795,123 visible=720,98,795,123 surface=0x0
[JuiceRect] input hwnd=0x20040 dpi=96/1 raw=96/1 win=720,98,795,123 client=720,98,795,123 visible=720,98,795,123
[JuiceRect] mapped hwnd=0x20040 win=720,98,795,123 client=720,98,795,123 visible=720,98,795,123
[JuiceGeom] changed hwnd=0x20040 flags=181f ptr=0x105f0f3e0 window=720,98,795,123 client=720,98,795,123 visible=720,98,795,123 surface=0x0
[JuiceRect] input hwnd=0x30030 dpi=96/1 raw=96/1 win=147,118,477,437 client=150,140,474,434 visible=147,118,477,437
[JuiceRect] mapped hwnd=0x30030 win=147,118,477,437 client=150,140,474,434 visible=147,118,477,437
[JuiceGeom] changed hwnd=0x30030 flags=181f ptr=0x105f0f590 window=147,118,477,437 client=150,140,474,434 visible=147,118,477,437 surface=0x1079144f0
[JuiceCreate] ex=00000004 class=0x1070fdde0 version=0x0 name=0x1070fddc0 style=50010000 x=807 y=98 cx=75 cy=25 parent=0x30030 menu=0x9 classinst=0x0 params=0x0 flags=00000000 inst=0x0 classptr=0x2d66e6af0 ansi=0
[JuiceRect] input hwnd=0x20042 dpi=96/1 raw=96/1 win=807,98,882,123 client=807,98,882,123 visible=807,98,882,123
[JuiceRect] mapped hwnd=0x20042 win=807,98,882,123 client=807,98,882,123 visible=807,98,882,123
[JuiceGeom] changed hwnd=0x20042 flags=14 ptr=0x105f0f620 window=807,98,882,123 client=807,98,882,123 visible=807,98,882,123 surface=0x0
[JuiceRect] input hwnd=0x20042 dpi=96/1 raw=96/1 win=807,98,882,123 client=807,98,882,123 visible=807,98,882,123
[JuiceRect] mapped hwnd=0x20042 win=807,98,882,123 client=807,98,882,123 visible=807,98,882,123
[JuiceGeom] changed hwnd=0x20042 flags=10 ptr=0x105f0f620 window=807,98,882,123 client=807,98,882,123 visible=807,98,882,123 surface=0x0
[JuiceRect] input hwnd=0x20042 dpi=96/1 raw=96/1 win=807,98,882,123 client=807,98,882,123 visible=807,98,882,123
[JuiceRect] mapped hwnd=0x20042 win=807,98,882,123 client=807,98,882,123 visible=807,98,882,123
[JuiceGeom] changed hwnd=0x20042 flags=181f ptr=0x105f0f3e0 window=807,98,882,123 client=807,98,882,123 visible=807,98,882,123 surface=0x0
[JuiceRect] input hwnd=0x30030 dpi=96/1 raw=96/1 win=147,118,477,437 client=150,140,474,434 visible=147,118,477,437
[JuiceRect] mapped hwnd=0x30030 win=147,118,477,437 client=150,140,474,434 visible=147,118,477,437
[JuiceGeom] changed hwnd=0x30030 flags=181f ptr=0x105f0f590 window=147,118,477,437 client=150,140,474,434 visible=147,118,477,437 surface=0x1079144f0
[JuiceCreate] ex=00000004 class=0x1070fdde0 version=0x0 name=0x1070fddc0 style=50020080 x=48 y=7 cx=264 cy=84 parent=0x30030 menu=0xffff classinst=0x0 params=0x0 flags=00000000 inst=0x0 classptr=0x2d66e6b00 ansi=0
[JuiceRect] input hwnd=0x20044 dpi=96/1 raw=96/1 win=48,7,312,91 client=48,7,312,91 visible=48,7,312,91
[JuiceRect] mapped hwnd=0x20044 win=48,7,312,91 client=48,7,312,91 visible=48,7,312,91
[JuiceGeom] changed hwnd=0x20044 flags=14 ptr=0x105f0f620 window=48,7,312,91 client=48,7,312,91 visible=48,7,312,91 surface=0x0
[JuiceRect] input hwnd=0x20044 dpi=96/1 raw=96/1 win=48,7,312,91 client=48,7,312,91 visible=48,7,312,91
[JuiceRect] mapped hwnd=0x20044 win=48,7,312,91 client=48,7,312,91 visible=48,7,312,91
[JuiceGeom] changed hwnd=0x20044 flags=10 ptr=0x105f0f620 window=48,7,312,91 client=48,7,312,91 visible=48,7,312,91 surface=0x0
[JuiceRect] input hwnd=0x20044 dpi=96/1 raw=96/1 win=48,7,312,91 client=48,7,312,91 visible=48,7,312,91
[JuiceRect] mapped hwnd=0x20044 win=48,7,312,91 client=48,7,312,91 visible=48,7,312,91
[JuiceGeom] changed hwnd=0x20044 flags=181f ptr=0x105f0f3e0 window=48,7,312,91 client=48,7,312,91 visible=48,7,312,91 surface=0x0
[JuiceRect] input hwnd=0x30030 dpi=96/1 raw=96/1 win=147,118,477,437 client=150,140,474,434 visible=147,118,477,437
[JuiceRect] mapped hwnd=0x30030 win=147,118,477,437 client=150,140,474,434 visible=147,118,477,437
[JuiceGeom] changed hwnd=0x30030 flags=181f ptr=0x105f0f590 window=147,118,477,437 client=150,140,474,434 visible=147,118,477,437 surface=0x1079144f0
[JuiceRect] input hwnd=0x30030 dpi=96/1 raw=96/1 win=147,118,477,437 client=150,140,474,434 visible=147,118,477,437
[JuiceRect] mapped hwnd=0x30030 win=147,118,477,437 client=150,140,474,434 visible=147,118,477,437
[JuiceGeom] changed hwnd=0x30030 flags=181f ptr=0x105f0f8f0 window=147,118,477,437 client=150,140,474,434 visible=147,118,477,437 surface=0x1079144f0
[JuiceRect] input hwnd=0x30030 dpi=96/1 raw=96/1 win=147,118,477,437 client=150,140,474,434 visible=147,118,477,437
[JuiceRect] mapped hwnd=0x30030 win=147,118,477,437 client=150,140,474,434 visible=147,118,477,437
[JuiceGeom] changed hwnd=0x30030 flags=181f ptr=0x105f0f8f0 window=147,118,477,437 client=150,140,474,434 visible=147,118,477,437 surface=0x1079144f0
[JuiceRect] input hwnd=0x30030 dpi=96/1 raw=96/1 win=147,118,477,437 client=150,140,474,434 visible=147,118,477,437
[JuiceRect] mapped hwnd=0x30030 win=147,118,477,437 client=150,140,474,434 visible=147,118,477,437
[JuiceGeom] changed hwnd=0x30030 flags=181f ptr=0x105f0f8f0 window=147,118,477,437 client=150,140,474,434 visible=147,118,477,437 surface=0x1079144f0
[JuiceRect] input hwnd=0x30030 dpi=96/1 raw=96/1 win=147,118,477,437 client=150,140,474,434 visible=147,118,477,437
[JuiceRect] mapped hwnd=0x30030 win=147,118,477,437 client=150,140,474,434 visible=147,118,477,437
[JuiceGeom] changed hwnd=0x30030 flags=181f ptr=0x105f0f8f0 window=147,118,477,437 client=150,140,474,434 visible=147,118,477,437 surface=0x1079144f0
[JuiceRect] input hwnd=0x30030 dpi=96/1 raw=96/1 win=147,118,477,437 client=150,140,474,434 visible=147,118,477,437
[JuiceRect] mapped hwnd=0x30030 win=147,118,477,437 client=150,140,474,434 visible=147,118,477,437
[JuiceGeom] changed hwnd=0x30030 flags=181f ptr=0x105f0f8f0 window=147,118,477,437 client=150,140,474,434 visible=147,118,477,437 surface=0x1079144f0
[JuiceRect] input hwnd=0x30030 dpi=96/1 raw=96/1 win=147,118,477,437 client=150,140,474,434 visible=147,118,477,437
[JuiceRect] mapped hwnd=0x30030 win=147,118,477,437 client=150,140,474,434 visible=147,118,477,437
[JuiceGeom] changed hwnd=0x30030 flags=181f ptr=0x105f0f8f0 window=147,118,477,437 client=150,140,474,434 visible=147,118,477,437 surface=0x1079144f0
[JuiceRect] input hwnd=0x30030 dpi=96/1 raw=96/1 win=147,118,477,437 client=150,140,474,434 visible=147,118,477,437
[JuiceRect] mapped hwnd=0x30030 win=147,118,477,437 client=150,140,474,434 visible=147,118,477,437
[JuiceGeom] changed hwnd=0x30030 flags=181f ptr=0x105f0f8f0 window=147,118,477,437 client=150,140,474,434 visible=147,118,477,437 surface=0x1079144f0
[JuiceRect] input hwnd=0x30030 dpi=96/1 raw=96/1 win=147,118,477,437 client=150,140,474,434 visible=147,118,477,437
[JuiceRect] mapped hwnd=0x30030 win=147,118,477,437 client=150,140,474,434 visible=147,118,477,437
[JuiceGeom] changed hwnd=0x30030 flags=181f ptr=0x105f0f8f0 window=147,118,477,437 client=150,140,474,434 visible=147,118,477,437 surface=0x1079144f0
[JuiceRect] input hwnd=0x2002a dpi=96/1 raw=96/1 win=12,35,44,67 client=12,35,44,67 visible=12,35,44,67
[JuiceRect] mapped hwnd=0x2002a win=12,35,44,67 client=12,35,44,67 visible=12,35,44,67
[JuiceGeom] changed hwnd=0x2002a flags=101e ptr=0x105f0f820 window=12,35,44,67 client=12,35,44,67 visible=12,35,44,67 surface=0x0
[JuiceRect] input hwnd=0x30030 dpi=96/1 raw=96/1 win=147,118,477,437 client=150,140,474,434 visible=147,118,477,437
[JuiceRect] mapped hwnd=0x30030 win=147,118,477,437 client=150,140,474,434 visible=147,118,477,437
[JuiceGeom] changed hwnd=0x30030 flags=181f ptr=0x105f0f8f0 window=147,118,477,437 client=150,140,474,434 visible=147,118,477,437 surface=0x1079144f0
[JuiceRect] input hwnd=0x30030 dpi=96/1 raw=96/1 win=358,329,665,438 client=361,351,662,435 visible=358,329,665,438
[JuiceRect] mapped hwnd=0x30030 win=358,329,665,438 client=361,351,662,435 visible=358,329,665,438
[JuiceGeom] changed hwnd=0x30030 flags=1c ptr=0x105f0f820 window=358,329,665,438 client=361,351,662,435 visible=358,329,665,438 surface=0x1079144f0
[JuiceRect] input hwnd=0x2002a dpi=96/1 raw=96/1 win=12,8,44,40 client=12,8,44,40 visible=12,8,44,40
[JuiceRect] mapped hwnd=0x2002a win=12,8,44,40 client=12,8,44,40 visible=12,8,44,40
[JuiceGeom] changed hwnd=0x2002a flags=81d ptr=0x105f0f820 window=12,8,44,40 client=12,8,44,40 visible=12,8,44,40 surface=0x0
[JuiceRect] input hwnd=0x20044 dpi=96/1 raw=96/1 win=56,10,289,38 client=56,10,289,38 visible=56,10,289,38
[JuiceRect] mapped hwnd=0x20044 win=56,10,289,38 client=56,10,289,38 visible=56,10,289,38
[JuiceGeom] changed hwnd=0x20044 flags=1c ptr=0x105f0f820 window=56,10,289,38 client=56,10,289,38 visible=56,10,289,38 surface=0x0
[JuiceRect] input hwnd=0x2003e dpi=96/1 raw=96/1 win=125,48,181,76 client=125,48,181,76 visible=125,48,181,76
[JuiceRect] mapped hwnd=0x2003e win=125,48,181,76 client=125,48,181,76 visible=125,48,181,76
[JuiceGeom] changed hwnd=0x2003e flags=1c ptr=0x105f0f820 window=125,48,181,76 client=125,48,181,76 visible=125,48,181,76 surface=0x0
[JuiceGeom] surface hwnd=0x30030 rect=0,0,384,128 size=384x128 previous=0x1079144f0
[JuiceRect] input hwnd=0x30030 dpi=96/1 raw=96/1 win=358,329,665,438 client=361,351,662,435 visible=358,329,665,438
[JuiceRect] mapped hwnd=0x30030 win=358,329,665,438 client=361,351,662,435 visible=358,329,665,438
[JuiceGeom] changed hwnd=0x30030 flags=1967 ptr=0x105f0f760 window=358,329,665,438 client=361,351,662,435 visible=358,329,665,438 surface=0x102d4b0c0
JUICE_TEXT_HOST_RESULT success=0 marker=/var/mobile/Documents/Juice-JuiceGUI-smoke.ok frame=/var/mobile/Documents/JuiceLab-20260811/source/build/tests/final-v20/msi-persistence-launch/frame-after-input.png expected_frame=missing child_rc=None
JUICE_TEXT_HOST_CLIENT_CLOSED pid=90397
Terminated: 15
