[JuiceWine parent] launching /private/var/containers/Bundle/Application/CC5BA8E5-587D-4BCE-957C-34B8AD5CD6CA/Juice.app/Grape-X64/build/wine-ios/loader/wine
[JuiceWine parent] child PID=81391
[JuiceWine parent] launching /private/var/containers/Bundle/Application/CC5BA8E5-587D-4BCE-957C-34B8AD5CD6CA/Juice.app/Grape-X64/build/wine-ios/loader/wine
[JuiceWine parent] child PID=81392
[JuiceWine] PT_TRACE_ME succeeded; csflags=0x3280780d CS_DEBUGGED=YES
[JuiceWine] requesting controlled tracer detach
[JuiceWine parent] child stopped pid=81392 signal=17 (Suspended (signal): 17)
[JuiceWine parent] PT_DETACH pid=81392 result=0
[JuiceWine parent] child now running untraced
[JuiceWine] resumed after tracer detach; csflags=0x3280780d CS_DEBUGGED=YES
[JuiceStage] wineboot disabled by JUICE_SKIP_WINEBOOT=1
[JuiceWine] host-page expanding executable section .text: section=0x140001000 mapping=0x140000000 size=16384
[JuiceWine] anonymous PE executable section .text at 0x140000000 size=16384
[JuiceStage] loading Windows ntdll; transfer=0x140001000 teb=0x2d7ff8000 peb=0x2d7ffc000
[JuiceHybrid] open name=/private/var/containers/Bundle/Application/CC5BA8E5-587D-4BCE-957C-34B8AD5CD6CA/Juice.app/Grape-X64/build/wine-ios/dlls/ntdll/aarch64-windows/ntdll.dll machine=8664 status=00000000
[JuiceWine] anonymous PE executable section .text at 0x2d7900000 size=983040
[JuiceWine] anonymous PE executable section .hexpthk at 0x2d79f0000 size=65536
[JuiceHybrid] map name=/private/var/containers/Bundle/Application/CC5BA8E5-587D-4BCE-957C-34B8AD5CD6CA/Juice.app/Grape-X64/build/wine-ios/dlls/ntdll/aarch64-windows/ntdll.dll status=40000003 module=0x2d78f0000 size=690000
[JuiceStage] load_ntdll returned; transfer=0x140001000
[JuiceStage] load_wow64_ntdll returned
[JuiceStage] calling load_apiset_dll
[JuiceStage] load_apiset_dll returned; stack_base=0x103620000 stack_limit=0x103528000
[JuiceStage] calling server_init_process_done
[JuiceStage] server_init_process_done entered
[JuiceStage] calling signal_init_process; teb=0x2d7ff8000
[JuiceStage] signal_init_process returned
[JuiceStage] init_teb_data returned; syscall_frame=0x10341fcd0 stack_base=0x103620000 stack_limit=0x103528000
[JuiceStage] init_process_done server call returned; status=00000000 suspend=0 transfer=0x140001000 teb=0x2d7ff8000 peb=0x2d7ffc000
[JuiceStage] calling signal_start_thread
[JuiceStage] init_syscall_frame entered; entry=0x140001000 arg=0x2d7ffc000 teb=0x2d7ff8000 data=0x103310000 frame=0x10341fcd0 stack_base=0x103620000 stack_limit=0x103528000
[JuiceStage] calling signal_set_full_context; ctx=0x10361fc70 target_pc=0x2d79bbd48 target_sp=0x103620000 target_x18=0x2d7ff8000 LdrInitializeThunk=0x2d79bbd7c RtlUserThreadStart=0x2d79bbd48
[JuiceStage] signal_set_full_context returned; status=00000000 frame_pc=0x2d79bbd48 frame_sp=0x103620000 frame_x18=0x2d7ff8000 restore=00400007
[JuiceStage] init_syscall_frame complete; dispatcher_pc=0x2d79bbd7c user_sp=0x10361fc70 x16=0x2d79bbd7c x17=0x10361fc70 x18=0x2d7ff8000 restore=00400007
[JuiceX18] broad #1 pc=0x2d7992f98 fault=0x17ee instr=796fde48 x8=0x0 x16=0x2b002b x17=0x100 x18=0x0 teb=0x2d7ff8000
[JuiceX18] broad #2 pc=0x2d79c1a7c fault=0x60 instr=f940324c x8=0x0 x16=0x2d7992f98 x17=0x10361fc70 x18=0x0 teb=0x2d7ff8000
[JuiceX18] broad #3 pc=0x2d79b8158 fault=0x1788 instr=f94bc648 x8=0x2d79bc024 x16=0x2d79c1a7c x17=0x10361fc70 x18=0x0 teb=0x2d7ff8000
[JuiceX18] broad #4 pc=0x2d79c250c fault=0x60 instr=f9403248 x8=0x102410090 x16=0x102410108 x17=0x102410888 x18=0x0 teb=0x2d7ff8000
[JuiceX18] broad #5 pc=0x2d79930bc fault=0x180c instr=b9580e48 x8=0x0 x16=0x2d79b8334 x17=0x10361efc0 x18=0x0 teb=0x2d7ff8000
[JuiceX18] broad #6 pc=0x2d7985b54 fault=0x60 instr=f9403248 x8=0x2d7a56850 x16=0x0 x17=0x10361fc70 x18=0x0 teb=0x2d7ff8000
[JuiceX18] broad #7 pc=0x2d79c19e4 fault=0x3000 instr=b9700248 x8=0x3b x16=0x725c x17=0x225c x18=0x0 teb=0x2d7ff8000
[JuiceX18] broad #8 pc=0x1024cd754 fault=0x378 instr=f941be4a x8=0x33 x16=0x1024cd750 x17=0x10361fc70 x18=0x0 teb=0x2d7ff8000
[JuiceX18] broad #9 pc=0x2d79c19e4 fault=0x3000 instr=b9700248 x8=0x9 x16=0x725c x17=0x225c x18=0x0 teb=0x2d7ff8000
[JuiceX18] broad #10 pc=0x2d7984fc8 fault=0x60 instr=f9403248 x8=0x1b x16=0x2d7ffb064 x17=0x225c x18=0x0 teb=0x2d7ff8000
[JuiceX18] broad #11 pc=0x2d79bfd9c fault=0x48 instr=b9404a48 x8=0x1024100d8 x16=0x2d7984fc8 x17=0x10361fc70 x18=0x0 teb=0x2d7ff8000
[JuiceX18] broad #12 pc=0x2d798503c fault=0x60 instr=f9403248 x8=0x1024129f4 x16=0x102414f10 x17=0x10361fc70 x18=0x0 teb=0x2d7ff8000
[JuiceX18] broad #13 pc=0x2d7984a44 fault=0x60 instr=f9403248 x8=0x0 x16=0x102410ed0 x17=0x10361f590 x18=0x0 teb=0x2d7ff8000
[JuiceX18] broad #14 pc=0x2d79c19e4 fault=0x3000 instr=b9700248 x8=0x90 x16=0x725c x17=0x225c x18=0x0 teb=0x2d7ff8000
[JuiceHybrid] open name=/private/var/containers/Bundle/Application/CC5BA8E5-587D-4BCE-957C-34B8AD5CD6CA/Juice.app/Grape-X64/build/wine-ios/dlls/libarm64ecfex/aarch64-windows/libarm64ecfex.dll machine=0000 status=c0000135
[JuiceHybrid] open name=/private/var/containers/Bundle/Application/CC5BA8E5-587D-4BCE-957C-34B8AD5CD6CA/Juice.app/Grape-X64/build/wine-ios/programs/libarm64ecfex.dll/aarch64-windows/libarm64ecfex.dll machine=0000 status=c0000135
[JuiceHybrid] open name=/private/var/containers/Bundle/Application/CC5BA8E5-587D-4BCE-957C-34B8AD5CD6CA/Juice.app/Grape-X64/runtime/lib/wine/aarch64-windows/aarch64-windows/libarm64ecfex.dll machine=0000 status=c0000135
[JuiceHybrid] open name=/private/var/containers/Bundle/Application/CC5BA8E5-587D-4BCE-957C-34B8AD5CD6CA/Juice.app/Grape-X64/runtime/lib/wine/aarch64-windows/libarm64ecfex.dll machine=0000 status=00000000
[JuiceWine] host-page expanding executable section .text: section=0x2d74b1000 mapping=0x2d74b0000 size=2064384
[JuiceWine] anonymous PE executable section .text at 0x2d74b0000 size=2064384
[JuiceWine] anonymous PE executable section .hexpthk at 0x2d76a8000 size=16384
[JuiceHybrid] map name=/private/var/containers/Bundle/Application/CC5BA8E5-587D-4BCE-957C-34B8AD5CD6CA/Juice.app/Grape-X64/runtime/lib/wine/aarch64-windows/libarm64ecfex.dll status=40000003 module=0x2d74b0000 size=3bb000
[JuiceX18] broad #15 pc=0x2d79b648c fault=0x1788 instr=f94bc648 x8=0x2d79bc024 x16=0xc40 x17=0x117f20000 x18=0x0 teb=0x2d7ff8000
[JuiceX18] broad #16 pc=0x2d79b648c fault=0x1788 instr=f94bc648 x8=0x2d79bc024 x16=0x2d79b94e4 x17=0x10361ecf0 x18=0x0 teb=0x2d7ff8000
[JuiceX18] broad #17 pc=0x2d79c19e4 fault=0x3000 instr=b9700248 x8=0xd x16=0x725c x17=0x225c x18=0x0 teb=0x2d7ff8000
[JuiceX18] broad #18 pc=0x2d7975cac fault=0x2c8 instr=f9416648 x8=0x10361f0d0 x16=0x2d7ffb194 x17=0x10361fc70 x18=0x0 teb=0x2d7ff8000
[JuiceX18] broad #19 pc=0x2d79b648c fault=0x1788 instr=f94bc648 x8=0x2d79bc024 x16=0x2d79b94e4 x17=0x10361ea90 x18=0x0 teb=0x2d7ff8000
[JuiceX18] broad #20 pc=0x2d79b5a80 fault=0x60 instr=f9403250 x8=0x2d79bc030 x16=0x2d79b5a80 x17=0x10361bff0 x18=0x0 teb=0x2d7ff8000
[JuiceX18] broad #21 pc=0x1024cd754 fault=0x378 instr=f941be4a x8=0x18 x16=0x1024cd750 x17=0xccccfff9cf7e0000 x18=0x0 teb=0x2d7ff8000
[JuiceX18] broad #22 pc=0x2d79b5a80 fault=0x60 instr=f9403250 x8=0x2d7a725dc x16=0x2d79b5a80 x17=0x10361cf80 x18=0x0 teb=0x2d7ff8000
[JuiceX18] broad #23 pc=0x1024cd754 fault=0x378 instr=f941be4a x8=0x50 x16=0x1024cd750 x17=0x10361cf80 x18=0x0 teb=0x2d7ff8000
[JuiceX18] broad #24 pc=0x1024cd754 fault=0x378 instr=f941be4a x8=0x36 x16=0x1024cd750 x17=0x104600000 x18=0x0 teb=0x2d7ff8000
[JuiceX18] broad #25 pc=0x2d79b8158 fault=0x1788 instr=f94bc648 x8=0x2d74b7b38 x16=0xef300 x17=0x104600000 x18=0x0 teb=0x2d7ff8000
[JuiceX18] broad #26 pc=0x2d79bfd7c fault=0x48 instr=b9404a49 x8=0x24 x16=0x1004e0 x17=0x104600000 x18=0x0 teb=0x2d7ff8000
[JuiceX18] broad #27 pc=0x2d79bf344 fault=0x60 instr=f9403248 x8=0x2d763ee1c x16=0x101970 x17=0x104600000 x18=0x0 teb=0x2d7ff8000
[JuiceX18] broad #28 pc=0x2d79adb60 fault=0x60 instr=f9403248 x8=0x10241266c x16=0x1014a0 x17=0x104600000 x18=0x0 teb=0x2d7ff8000
[JuiceX18] broad #29 pc=0x2d79add9c fault=0x60 instr=f9403248 x8=0x2e x16=0x2f x17=0x104600000 x18=0x0 teb=0x2d7ff8000
[JuiceX18] broad #30 pc=0x2d79add9c fault=0x60 instr=f9403248 x8=0x70 x16=0x6e x17=0x104600000 x18=0x0 teb=0x2d7ff8000
[JuiceX18] broad #31 pc=0x2d79c1e94 fault=0x3004 instr=b9700656 x8=0x2d76aa08c x16=0x103ac0 x17=0x104600000 x18=0x0 teb=0x2d7ff8000
starting FEX based libarm64ecfex.dll
[JuiceFEX] profiler ready
[JuiceFEX] handlers ready
[JuiceFEX] allocator hooks ready
[JuiceX18] broad #32 pc=0x2d79c1e94 fault=0x3004 instr=b9700656 x8=0x2d76aa11f x16=0x103ac0 x17=0x104600000 x18=0x0 teb=0x2d7ff8000
[JuiceFEX] host features ready
[JuiceFEX] context created
[JuiceFEX] core initialized
[JuiceFEX] trackers ready
[JuiceFEX] images and CPU features ready
[JuiceFEX] x64 return thunk ready
[JuiceFEX] process init complete
[JuiceHybrid] open name=/private/var/containers/Bundle/Application/CC5BA8E5-587D-4BCE-957C-34B8AD5CD6CA/Juice.app/Grape-X64/build/wine-ios/dlls/kernel32/aarch64-windows/kernel32.dll machine=0000 status=c0000135
[JuiceHybrid] open name=/private/var/containers/Bundle/Application/CC5BA8E5-587D-4BCE-957C-34B8AD5CD6CA/Juice.app/Grape-X64/build/wine-ios/programs/kernel32.dll/aarch64-windows/kernel32.dll machine=0000 status=c0000135
[JuiceHybrid] open name=/private/var/containers/Bundle/Application/CC5BA8E5-587D-4BCE-957C-34B8AD5CD6CA/Juice.app/Grape-X64/runtime/lib/wine/aarch64-windows/aarch64-windows/kernel32.dll machine=0000 status=c0000135
[JuiceHybrid] open name=/private/var/containers/Bundle/Application/CC5BA8E5-587D-4BCE-957C-34B8AD5CD6CA/Juice.app/Grape-X64/runtime/lib/wine/aarch64-windows/kernel32.dll machine=0000 status=00000000
[JuiceWine] anonymous PE executable section .text at 0x2c5160000 size=393216
[JuiceWine] anonymous PE executable section .hexpthk at 0x2c51c0000 size=65536
[JuiceHybrid] map name=/private/var/containers/Bundle/Application/CC5BA8E5-587D-4BCE-957C-34B8AD5CD6CA/Juice.app/Grape-X64/runtime/lib/wine/aarch64-windows/kernel32.dll status=40000003 module=0x2c5150000 size=330000
[JuiceHybrid] open name=/private/var/containers/Bundle/Application/CC5BA8E5-587D-4BCE-957C-34B8AD5CD6CA/Juice.app/Grape-X64/build/wine-ios/dlls/kernelbase/aarch64-windows/kernelbase.dll machine=0000 status=c0000135
[JuiceHybrid] open name=/private/var/containers/Bundle/Application/CC5BA8E5-587D-4BCE-957C-34B8AD5CD6CA/Juice.app/Grape-X64/build/wine-ios/programs/kernelbase.dll/aarch64-windows/kernelbase.dll machine=0000 status=c0000135
[JuiceHybrid] open name=/private/var/containers/Bundle/Application/CC5BA8E5-587D-4BCE-957C-34B8AD5CD6CA/Juice.app/Grape-X64/runtime/lib/wine/aarch64-windows/aarch64-windows/kernelbase.dll machine=0000 status=c0000135
[JuiceHybrid] open name=/private/var/containers/Bundle/Application/CC5BA8E5-587D-4BCE-957C-34B8AD5CD6CA/Juice.app/Grape-X64/runtime/lib/wine/aarch64-windows/kernelbase.dll machine=0000 status=00000000
[JuiceWine] anonymous PE executable section .text at 0x2c4a70000 size=983040
[JuiceWine] anonymous PE executable section .hexpthk at 0x2c4b60000 size=65536
[JuiceHybrid] map name=/private/var/containers/Bundle/Application/CC5BA8E5-587D-4BCE-957C-34B8AD5CD6CA/Juice.app/Grape-X64/runtime/lib/wine/aarch64-windows/kernelbase.dll status=40000003 module=0x2c4a60000 size=6f0000
[JuiceHybrid] open name=/private/var/containers/Bundle/Application/CC5BA8E5-587D-4BCE-957C-34B8AD5CD6CA/Juice.app/Grape-X64/build/wine-ios/dlls/user32/aarch64-windows/user32.dll machine=0000 status=c0000135
[JuiceHybrid] open name=/private/var/containers/Bundle/Application/CC5BA8E5-587D-4BCE-957C-34B8AD5CD6CA/Juice.app/Grape-X64/build/wine-ios/programs/user32.dll/aarch64-windows/user32.dll machine=0000 status=c0000135
[JuiceHybrid] open name=/private/var/containers/Bundle/Application/CC5BA8E5-587D-4BCE-957C-34B8AD5CD6CA/Juice.app/Grape-X64/runtime/lib/wine/aarch64-windows/aarch64-windows/user32.dll machine=0000 status=c0000135
[JuiceHybrid] open name=/private/var/containers/Bundle/Application/CC5BA8E5-587D-4BCE-957C-34B8AD5CD6CA/Juice.app/Grape-X64/runtime/lib/wine/aarch64-windows/user32.dll machine=0000 status=00000000
[JuiceWine] anonymous PE executable section .text at 0x2c2980000 size=1179648
[JuiceWine] anonymous PE executable section .hexpthk at 0x2c2aa0000 size=65536
[JuiceHybrid] map name=/private/var/containers/Bundle/Application/CC5BA8E5-587D-4BCE-957C-34B8AD5CD6CA/Juice.app/Grape-X64/runtime/lib/wine/aarch64-windows/user32.dll status=40000003 module=0x2c2970000 size=8e0000
[JuiceHybrid] open name=/private/var/containers/Bundle/Application/CC5BA8E5-587D-4BCE-957C-34B8AD5CD6CA/Juice.app/Grape-X64/build/wine-ios/dlls/gdi32/aarch64-windows/gdi32.dll machine=0000 status=c0000135
[JuiceHybrid] open name=/private/var/containers/Bundle/Application/CC5BA8E5-587D-4BCE-957C-34B8AD5CD6CA/Juice.app/Grape-X64/build/wine-ios/programs/gdi32.dll/aarch64-windows/gdi32.dll machine=0000 status=c0000135
[JuiceHybrid] open name=/private/var/containers/Bundle/Application/CC5BA8E5-587D-4BCE-957C-34B8AD5CD6CA/Juice.app/Grape-X64/runtime/lib/wine/aarch64-windows/aarch64-windows/gdi32.dll machine=0000 status=c0000135
[JuiceHybrid] open name=/private/var/containers/Bundle/Application/CC5BA8E5-587D-4BCE-957C-34B8AD5CD6CA/Juice.app/Grape-X64/runtime/lib/wine/aarch64-windows/gdi32.dll machine=0000 status=00000000
[JuiceWine] anonymous PE executable section .text at 0x2c2510000 size=655360
[JuiceWine] anonymous PE executable section .hexpthk at 0x2c25b0000 size=65536
[JuiceHybrid] map name=/private/var/containers/Bundle/Application/CC5BA8E5-587D-4BCE-957C-34B8AD5CD6CA/Juice.app/Grape-X64/runtime/lib/wine/aarch64-windows/gdi32.dll status=40000003 module=0x2c2500000 size=470000
[JuiceHybrid] open name=/private/var/containers/Bundle/Application/CC5BA8E5-587D-4BCE-957C-34B8AD5CD6CA/Juice.app/Grape-X64/build/wine-ios/dlls/advapi32/aarch64-windows/advapi32.dll machine=0000 status=c0000135
[JuiceHybrid] open name=/private/var/containers/Bundle/Application/CC5BA8E5-587D-4BCE-957C-34B8AD5CD6CA/Juice.app/Grape-X64/build/wine-ios/programs/advapi32.dll/aarch64-windows/advapi32.dll machine=0000 status=c0000135
[JuiceHybrid] open name=/private/var/containers/Bundle/Application/CC5BA8E5-587D-4BCE-957C-34B8AD5CD6CA/Juice.app/Grape-X64/runtime/lib/wine/aarch64-windows/aarch64-windows/advapi32.dll machine=0000 status=c0000135
[JuiceHybrid] open name=/private/var/containers/Bundle/Application/CC5BA8E5-587D-4BCE-957C-34B8AD5CD6CA/Juice.app/Grape-X64/runtime/lib/wine/aarch64-windows/advapi32.dll machine=0000 status=00000000
[JuiceWine] anonymous PE executable section .text at 0x2c22b0000 size=327680
[JuiceWine] anonymous PE executable section .hexpthk at 0x2c2300000 size=65536
[JuiceHybrid] map name=/private/var/containers/Bundle/Application/CC5BA8E5-587D-4BCE-957C-34B8AD5CD6CA/Juice.app/Grape-X64/runtime/lib/wine/aarch64-windows/advapi32.dll status=40000003 module=0x2c22a0000 size=260000
[JuiceHybrid] open name=/private/var/containers/Bundle/Application/CC5BA8E5-587D-4BCE-957C-34B8AD5CD6CA/Juice.app/Grape-X64/build/wine-ios/dlls/sechost/aarch64-windows/sechost.dll machine=0000 status=c0000135
[JuiceHybrid] open name=/private/var/containers/Bundle/Application/CC5BA8E5-587D-4BCE-957C-34B8AD5CD6CA/Juice.app/Grape-X64/build/wine-ios/programs/sechost.dll/aarch64-windows/sechost.dll machine=0000 status=c0000135
[JuiceHybrid] open name=/private/var/containers/Bundle/Application/CC5BA8E5-587D-4BCE-957C-34B8AD5CD6CA/Juice.app/Grape-X64/runtime/lib/wine/aarch64-windows/aarch64-windows/sechost.dll machine=0000 status=c0000135
[JuiceHybrid] open name=/private/var/containers/Bundle/Application/CC5BA8E5-587D-4BCE-957C-34B8AD5CD6CA/Juice.app/Grape-X64/runtime/lib/wine/aarch64-windows/sechost.dll machine=0000 status=00000000
[JuiceWine] anonymous PE executable section .text at 0x2c2160000 size=131072
[JuiceWine] anonymous PE executable section .hexpthk at 0x2c2180000 size=65536
[JuiceHybrid] map name=/private/var/containers/Bundle/Application/CC5BA8E5-587D-4BCE-957C-34B8AD5CD6CA/Juice.app/Grape-X64/runtime/lib/wine/aarch64-windows/sechost.dll status=40000003 module=0x2c2150000 size=150000
[JuiceHybrid] open name=/private/var/containers/Bundle/Application/CC5BA8E5-587D-4BCE-957C-34B8AD5CD6CA/Juice.app/Grape-X64/build/wine-ios/dlls/ucrtbase/aarch64-windows/ucrtbase.dll machine=0000 status=c0000135
[JuiceHybrid] open name=/private/var/containers/Bundle/Application/CC5BA8E5-587D-4BCE-957C-34B8AD5CD6CA/Juice.app/Grape-X64/build/wine-ios/programs/ucrtbase.dll/aarch64-windows/ucrtbase.dll machine=0000 status=c0000135
[JuiceHybrid] open name=/private/var/containers/Bundle/Application/CC5BA8E5-587D-4BCE-957C-34B8AD5CD6CA/Juice.app/Grape-X64/runtime/lib/wine/aarch64-windows/aarch64-windows/ucrtbase.dll machine=0000 status=c0000135
[JuiceHybrid] open name=/private/var/containers/Bundle/Application/CC5BA8E5-587D-4BCE-957C-34B8AD5CD6CA/Juice.app/Grape-X64/runtime/lib/wine/aarch64-windows/ucrtbase.dll machine=0000 status=00000000
[JuiceWine] anonymous PE executable section .text at 0x2c1ad0000 size=1179648
[JuiceWine] anonymous PE executable section .hexpthk at 0x2c1bf0000 size=65536
[JuiceHybrid] map name=/private/var/containers/Bundle/Application/CC5BA8E5-587D-4BCE-957C-34B8AD5CD6CA/Juice.app/Grape-X64/runtime/lib/wine/aarch64-windows/ucrtbase.dll status=40000003 module=0x2c1ac0000 size=690000
[JuiceHybrid] open name=/private/var/containers/Bundle/Application/CC5BA8E5-587D-4BCE-957C-34B8AD5CD6CA/Juice.app/Grape-X64/build/wine-ios/dlls/msvcrt/aarch64-windows/msvcrt.dll machine=0000 status=c0000135
[JuiceHybrid] open name=/private/var/containers/Bundle/Application/CC5BA8E5-587D-4BCE-957C-34B8AD5CD6CA/Juice.app/Grape-X64/build/wine-ios/programs/msvcrt.dll/aarch64-windows/msvcrt.dll machine=0000 status=c0000135
[JuiceHybrid] open name=/private/var/containers/Bundle/Application/CC5BA8E5-587D-4BCE-957C-34B8AD5CD6CA/Juice.app/Grape-X64/runtime/lib/wine/aarch64-windows/aarch64-windows/msvcrt.dll machine=0000 status=c0000135
[JuiceHybrid] open name=/private/var/containers/Bundle/Application/CC5BA8E5-587D-4BCE-957C-34B8AD5CD6CA/Juice.app/Grape-X64/runtime/lib/wine/aarch64-windows/msvcrt.dll machine=0000 status=00000000
[JuiceWine] anonymous PE executable section .text at 0x2c1530000 size=983040
[JuiceWine] anonymous PE executable section .hexpthk at 0x2c1620000 size=65536
[JuiceHybrid] map name=/private/var/containers/Bundle/Application/CC5BA8E5-587D-4BCE-957C-34B8AD5CD6CA/Juice.app/Grape-X64/runtime/lib/wine/aarch64-windows/msvcrt.dll status=40000003 module=0x2c1520000 size=5a0000
[JuiceHybrid] open name=/private/var/containers/Bundle/Application/CC5BA8E5-587D-4BCE-957C-34B8AD5CD6CA/Juice.app/Grape-X64/build/wine-ios/dlls/win32u/aarch64-windows/win32u.dll machine=0000 status=c0000135
[JuiceHybrid] open name=/private/var/containers/Bundle/Application/CC5BA8E5-587D-4BCE-957C-34B8AD5CD6CA/Juice.app/Grape-X64/build/wine-ios/programs/win32u.dll/aarch64-windows/win32u.dll machine=0000 status=c0000135
[JuiceHybrid] open name=/private/var/containers/Bundle/Application/CC5BA8E5-587D-4BCE-957C-34B8AD5CD6CA/Juice.app/Grape-X64/runtime/lib/wine/aarch64-windows/aarch64-windows/win32u.dll machine=0000 status=c0000135
[JuiceHybrid] open name=/private/var/containers/Bundle/Application/CC5BA8E5-587D-4BCE-957C-34B8AD5CD6CA/Juice.app/Grape-X64/runtime/lib/wine/aarch64-windows/win32u.dll machine=0000 status=00000000
[JuiceWine] anonymous PE executable section .text at 0x2c1400000 size=262144
[JuiceWine] anonymous PE executable section .hexpthk at 0x2c1440000 size=65536
[JuiceHybrid] map name=/private/var/containers/Bundle/Application/CC5BA8E5-587D-4BCE-957C-34B8AD5CD6CA/Juice.app/Grape-X64/runtime/lib/wine/aarch64-windows/win32u.dll status=40000003 module=0x2c13f0000 size=130000
[JuiceHybrid] open name=/private/var/containers/Bundle/Application/CC5BA8E5-587D-4BCE-957C-34B8AD5CD6CA/Juice.app/Grape-X64/build/wine-ios/dlls/imm32/aarch64-windows/imm32.dll machine=0000 status=c0000135
[JuiceHybrid] open name=/private/var/containers/Bundle/Application/CC5BA8E5-587D-4BCE-957C-34B8AD5CD6CA/Juice.app/Grape-X64/build/wine-ios/programs/imm32.dll/aarch64-windows/imm32.dll machine=0000 status=c0000135
[JuiceHybrid] open name=/private/var/containers/Bundle/Application/CC5BA8E5-587D-4BCE-957C-34B8AD5CD6CA/Juice.app/Grape-X64/runtime/lib/wine/aarch64-windows/aarch64-windows/imm32.dll machine=0000 status=c0000135
[JuiceHybrid] open name=/private/var/containers/Bundle/Application/CC5BA8E5-587D-4BCE-957C-34B8AD5CD6CA/Juice.app/Grape-X64/runtime/lib/wine/aarch64-windows/imm32.dll machine=0000 status=00000000
[JuiceWine] anonymous PE executable section .text at 0x2c1290000 size=196608
[JuiceWine] anonymous PE executable section .hexpthk at 0x2c12c0000 size=65536
[JuiceHybrid] map name=/private/var/containers/Bundle/Application/CC5BA8E5-587D-4BCE-957C-34B8AD5CD6CA/Juice.app/Grape-X64/runtime/lib/wine/aarch64-windows/imm32.dll status=40000003 module=0x2c1280000 size=170000
[JuiceWine parent] launching /private/var/containers/Bundle/Application/CC5BA8E5-587D-4BCE-957C-34B8AD5CD6CA/Juice.app/Grape-X64/build/wine-ios/loader/wine
[JuiceWine parent] child PID=81395
[JuiceWine] PT_TRACE_ME succeeded; csflags=0x3280780d CS_DEBUGGED=YES
[JuiceWine] requesting controlled tracer detach
[JuiceWine parent] child stopped pid=81395 signal=17 (Suspended (signal): 17)
[JuiceWine parent] PT_DETACH pid=81395 result=0
[JuiceWine parent] child now running untraced
[JuiceWine] resumed after tracer detach; csflags=0x3280780d CS_DEBUGGED=YES
[JuiceHybrid] open name=/private/var/containers/Bundle/Application/CC5BA8E5-587D-4BCE-957C-34B8AD5CD6CA/Juice.app/Grape-X64/build/wine-ios/dlls/explorer.exe/aarch64-windows/explorer.exe machine=aa64 status=c0000135
[JuiceHybrid] open name=/private/var/containers/Bundle/Application/CC5BA8E5-587D-4BCE-957C-34B8AD5CD6CA/Juice.app/Grape-X64/build/wine-ios/programs/explorer/aarch64-windows/explorer.exe machine=aa64 status=c0000135
[JuiceHybrid] open name=/private/var/containers/Bundle/Application/CC5BA8E5-587D-4BCE-957C-34B8AD5CD6CA/Juice.app/Grape-X64/runtime/lib/wine/aarch64-windows/aarch64-windows/explorer.exe machine=aa64 status=c0000135
[JuiceHybrid] open name=/private/var/containers/Bundle/Application/CC5BA8E5-587D-4BCE-957C-34B8AD5CD6CA/Juice.app/Grape-X64/runtime/lib/wine/aarch64-windows/explorer.exe machine=aa64 status=00000000
[JuiceWine] anonymous PE executable section .text at 0x140010000 size=65536
[JuiceHybrid] map name=/private/var/containers/Bundle/Application/CC5BA8E5-587D-4BCE-957C-34B8AD5CD6CA/Juice.app/Grape-X64/runtime/lib/wine/aarch64-windows/explorer.exe status=00000000 module=0x140000000 size=110000
[JuiceStage] loading Windows ntdll; transfer=0x14001d3dc teb=0x2d7ff8000 peb=0x2d7ffc000
[JuiceHybrid] open name=/private/var/containers/Bundle/Application/CC5BA8E5-587D-4BCE-957C-34B8AD5CD6CA/Juice.app/Grape-X64/build/wine-ios/dlls/ntdll/aarch64-windows/ntdll.dll machine=aa64 status=00000000
[JuiceWine] anonymous PE executable section .text at 0x2d7900000 size=983040
[JuiceWine] anonymous PE executable section .hexpthk at 0x2d79f0000 size=65536
[JuiceHybrid] map name=/private/var/containers/Bundle/Application/CC5BA8E5-587D-4BCE-957C-34B8AD5CD6CA/Juice.app/Grape-X64/build/wine-ios/dlls/ntdll/aarch64-windows/ntdll.dll status=40000003 module=0x2d78f0000 size=690000
[JuiceStage] load_ntdll returned; transfer=0x14001d3dc
[JuiceStage] load_wow64_ntdll returned
[JuiceStage] calling load_apiset_dll
[JuiceStage] load_apiset_dll returned; stack_base=0x102910000 stack_limit=0x102818000
[JuiceStage] calling server_init_process_done
[JuiceStage] server_init_process_done entered
[JuiceStage] calling signal_init_process; teb=0x2d7ff8000
[JuiceStage] signal_init_process returned
[JuiceStage] init_teb_data returned; syscall_frame=0x10280fcd0 stack_base=0x102910000 stack_limit=0x102818000
[JuiceStage] init_process_done server call returned; status=00000000 suspend=1 transfer=0x14001d3dc teb=0x2d7ff8000 peb=0x2d7ffc000
[JuiceStage] calling signal_start_thread
[JuiceStage] init_syscall_frame entered; entry=0x14001d3dc arg=0x2d7ffc000 teb=0x2d7ff8000 data=0x102700000 frame=0x10280fcd0 stack_base=0x102910000 stack_limit=0x102818000
[JuiceStage] calling signal_set_full_context; ctx=0x10290fc70 target_pc=0x2d79575a0 target_sp=0x102910000 target_x18=0x2d7ff8000 LdrInitializeThunk=0x2d79575c0 RtlUserThreadStart=0x2d79575a0
[JuiceStage] signal_set_full_context returned; status=00000000 frame_pc=0x2d79575a0 frame_sp=0x102910000 frame_x18=0x2d7ff8000 restore=00400007
[JuiceStage] init_syscall_frame complete; dispatcher_pc=0x2d79575c0 user_sp=0x10290fc70 x16=0x2d79575c0 x17=0x10290fc70 x18=0x2d7ff8000 restore=00400007
[JuiceX18] broad #1 pc=0x2d793434c fault=0x17ee instr=796fde48 x8=0x0 x16=0x2d79575c0 x17=0x10290fc70 x18=0x0 teb=0x2d7ff8000
[JuiceX18] broad #2 pc=0x2d795c3cc fault=0x48 instr=b9404a48 x8=0x2d7a502a0 x16=0x2d793434c x17=0x10290fc70 x18=0x0 teb=0x2d7ff8000
[JuiceX18] broad #3 pc=0x2d795df3c fault=0x60 instr=f940324c x8=0x0 x16=0x2d795c3cc x17=0x10290fc70 x18=0x0 teb=0x2d7ff8000
[JuiceX18] broad #4 pc=0x100acd754 fault=0x378 instr=f941be4a x8=0x18 x16=0x100acd750 x17=0x10290fc70 x18=0x0 teb=0x2d7ff8000
[JuiceX18] broad #5 pc=0x2d795e9a4 fault=0x60 instr=f9403248 x8=0x100a80090 x16=0x2d79554a4 x17=0x10290fa40 x18=0x0 teb=0x2d7ff8000
[JuiceX18] broad #6 pc=0x2d7934468 fault=0x180c instr=b9580e48 x8=0x0 x16=0x2d79554a4 x17=0x10290fa70 x18=0x0 teb=0x2d7ff8000
[JuiceX18] broad #7 pc=0x2d79277ec fault=0x60 instr=f9403248 x8=0x2d7a53030 x16=0x2d7934468 x17=0x10290fc70 x18=0x0 teb=0x2d7ff8000
[JuiceX18] broad #8 pc=0x2d795dea4 fault=0x3000 instr=b9700248 x8=0x1b x16=0x5c5c x17=0x10290f3cd x18=0x0 teb=0x2d7ff8000
[JuiceX18] broad #9 pc=0x2d795dea4 fault=0x3000 instr=b9700248 x8=0x9 x16=0x5c5c x17=0x10290f69b x18=0x0 teb=0x2d7ff8000
[JuiceX18] broad #10 pc=0x2d7926c98 fault=0x60 instr=f9403248 x8=0xffffffe3 x16=0x5c5c x17=0x10290f6ac x18=0x0 teb=0x2d7ff8000
[JuiceX18] broad #11 pc=0x2d7967524 fault=0x60 instr=f9403248 x8=0x0 x16=0x2d79553e4 x17=0x10290fae0 x18=0x0 teb=0x2d7ff8000
[JuiceX18] broad #12 pc=0x100acd754 fault=0x378 instr=f941be4a x8=0x21 x16=0x100acd750 x17=0x10290f750 x18=0x0 teb=0x2d7ff8000
[JuiceX18] broad #13 pc=0x2d795dea4 fault=0x3000 instr=b9700248 x8=0x2d x16=0x5c5c x17=0x10290f8ef x18=0x0 teb=0x2d7ff8000
[JuiceX18] broad #14 pc=0x2d795dea4 fault=0x3000 instr=b9700248 x8=0x10 x16=0x5c5c x17=0x10290f682 x18=0x0 teb=0x2d7ff8000
[JuiceX18] broad #15 pc=0x2d79184b0 fault=0x2c8 instr=f9416648 x8=0x2d7a0b0d0 x16=0x2d795dea4 x17=0x10290fc70 x18=0x0 teb=0x2d7ff8000
[JuiceHybrid] open name=/private/var/containers/Bundle/Application/CC5BA8E5-587D-4BCE-957C-34B8AD5CD6CA/Juice.app/Grape-X64/build/wine-ios/dlls/kernel32/aarch64-windows/kernel32.dll machine=0000 status=c0000135
[JuiceHybrid] open name=/private/var/containers/Bundle/Application/CC5BA8E5-587D-4BCE-957C-34B8AD5CD6CA/Juice.app/Grape-X64/build/wine-ios/programs/kernel32.dll/aarch64-windows/kernel32.dll machine=0000 status=c0000135
[JuiceHybrid] open name=/private/var/containers/Bundle/Application/CC5BA8E5-587D-4BCE-957C-34B8AD5CD6CA/Juice.app/Grape-X64/runtime/lib/wine/aarch64-windows/aarch64-windows/kernel32.dll machine=0000 status=c0000135
[JuiceHybrid] open name=/private/var/containers/Bundle/Application/CC5BA8E5-587D-4BCE-957C-34B8AD5CD6CA/Juice.app/Grape-X64/runtime/lib/wine/aarch64-windows/kernel32.dll machine=0000 status=00000000
[JuiceWine] anonymous PE executable section .text at 0x2d75d0000 size=393216
[JuiceWine] anonymous PE executable section .hexpthk at 0x2d7630000 size=65536
[JuiceHybrid] map name=/private/var/containers/Bundle/Application/CC5BA8E5-587D-4BCE-957C-34B8AD5CD6CA/Juice.app/Grape-X64/runtime/lib/wine/aarch64-windows/kernel32.dll status=40000003 module=0x2d75c0000 size=330000
[JuiceX18] broad #16 pc=0x100acd754 fault=0x378 instr=f941be4a x8=0x50 x16=0x100acd750 x17=0x10290f890 x18=0x0 teb=0x2d7ff8000
[JuiceX18] broad #17 pc=0x2d795dea4 fault=0x3000 instr=b9700248 x8=0x6 x16=0x2d7955ba4 x17=0x10290f890 x18=0x0 teb=0x2d7ff8000
[JuiceX18] broad #18 pc=0x2d7936e7c fault=0x60 instr=f9403248 x8=0x2d7660378 x16=0x2d795dea4 x17=0x10290fc70 x18=0x0 teb=0x2d7ff8000
[JuiceHybrid] open name=/private/var/containers/Bundle/Application/CC5BA8E5-587D-4BCE-957C-34B8AD5CD6CA/Juice.app/Grape-X64/build/wine-ios/dlls/kernelbase/aarch64-windows/kernelbase.dll machine=0000 status=c0000135
[JuiceHybrid] open name=/private/var/containers/Bundle/Application/CC5BA8E5-587D-4BCE-957C-34B8AD5CD6CA/Juice.app/Grape-X64/build/wine-ios/programs/kernelbase.dll/aarch64-windows/kernelbase.dll machine=0000 status=c0000135
[JuiceHybrid] open name=/private/var/containers/Bundle/Application/CC5BA8E5-587D-4BCE-957C-34B8AD5CD6CA/Juice.app/Grape-X64/runtime/lib/wine/aarch64-windows/aarch64-windows/kernelbase.dll machine=0000 status=c0000135
[JuiceHybrid] open name=/private/var/containers/Bundle/Application/CC5BA8E5-587D-4BCE-957C-34B8AD5CD6CA/Juice.app/Grape-X64/runtime/lib/wine/aarch64-windows/kernelbase.dll machine=0000 status=00000000
[JuiceWine] anonymous PE executable section .text at 0x2d6ee0000 size=983040
[JuiceWine] anonymous PE executable section .hexpthk at 0x2d6fd0000 size=65536
[JuiceHybrid] map name=/private/var/containers/Bundle/Application/CC5BA8E5-587D-4BCE-957C-34B8AD5CD6CA/Juice.app/Grape-X64/runtime/lib/wine/aarch64-windows/kernelbase.dll status=40000003 module=0x2d6ed0000 size=6f0000
[JuiceX18] broad #19 pc=0x100acd754 fault=0x378 instr=f941be4a x8=0x50 x16=0x100acd750 x17=0x10290f2e0 x18=0x0 teb=0x2d7ff8000
[JuiceX18] broad #20 pc=0x2d7936e7c fault=0x60 instr=f9403248 x8=0x2d7032a08 x16=0x2d7955ba4 x17=0x10290f2e0 x18=0x0 teb=0x2d7ff8000
[JuiceX18] broad #21 pc=0x100acd754 fault=0x378 instr=f941be4a x8=0x50 x16=0x100acd750 x17=0x10290ef80 x18=0x0 teb=0x2d7ff8000
[JuiceX18] broad #22 pc=0x2d7936e7c fault=0x60 instr=f9403248 x8=0x2d7027c40 x16=0x2d7955ba4 x17=0x10290f530 x18=0x0 teb=0x2d7ff8000
[JuiceX18] broad #23 pc=0x2d7936e7c fault=0x60 instr=f9403248 x8=0x2d70273cb x16=0x2d7936e7c x17=0x10290fc70 x18=0x0 teb=0x2d7ff8000
[JuiceX18] broad #24 pc=0x100acd754 fault=0x378 instr=f941be4a x8=0x50 x16=0x100acd750 x17=0x10290f530 x18=0x0 teb=0x2d7ff8000
[JuiceX18] broad #25 pc=0x2d795c3ac fault=0x48 instr=b9404a49 x8=0x2c x16=0x2d7955384 x17=0x10290f960 x18=0x0 teb=0x2d7ff8000
[JuiceX18] broad #26 pc=0x2d7936e7c fault=0x60 instr=f9403248 x8=0x2d76551c3 x16=0x2d795c3ac x17=0x10290fc70 x18=0x0 teb=0x2d7ff8000
[JuiceX18] broad #27 pc=0x2d7949418 fault=0x108 instr=79421249 x8=0x0 x16=0x2d7936e7c x17=0x10290fc70 x18=0x0 teb=0x2d7ff8000
[JuiceX18] broad #28 pc=0x2d791fe48 fault=0x60 instr=f9403248 x8=0x0 x16=0x14005088a x17=0xa x18=0x0 teb=0x2d7ff8000
[JuiceX18] broad #29 pc=0x2d791fe48 fault=0x60 instr=f9403248 x8=0x0 x16=0x2d791fe48 x17=0x10290fc70 x18=0x0 teb=0x2d7ff8000
[JuiceX18] broad #30 pc=0x100acd754 fault=0x378 instr=f941be4a x8=0x15 x16=0x100acd750 x17=0x10290f9c0 x18=0x0 teb=0x2d7ff8000
[JuiceX18] broad #31 pc=0x2d793549c fault=0x60 instr=f9403248 x8=0x0 x16=0x2d79565c4 x17=0x10290f9c0 x18=0x0 teb=0x2d7ff8000
[JuiceX18] broad #32 pc=0x2d7936e7c fault=0x60 instr=f9403248 x8=0x140026c88 x16=0x2d793549c x17=0x10290fc70 x18=0x0 teb=0x2d7ff8000
[JuiceHybrid] open name=/private/var/containers/Bundle/Application/CC5BA8E5-587D-4BCE-957C-34B8AD5CD6CA/Juice.app/Grape-X64/build/wine-ios/dlls/rpcrt4/aarch64-windows/rpcrt4.dll machine=0000 status=c0000135
[JuiceHybrid] open name=/private/var/containers/Bundle/Application/CC5BA8E5-587D-4BCE-957C-34B8AD5CD6CA/Juice.app/Grape-X64/build/wine-ios/programs/rpcrt4.dll/aarch64-windows/rpcrt4.dll machine=0000 status=c0000135
[JuiceHybrid] open name=/private/var/containers/Bundle/Application/CC5BA8E5-587D-4BCE-957C-34B8AD5CD6CA/Juice.app/Grape-X64/runtime/lib/wine/aarch64-windows/aarch64-windows/rpcrt4.dll machine=0000 status=c0000135
[JuiceHybrid] open name=/private/var/containers/Bundle/Application/CC5BA8E5-587D-4BCE-957C-34B8AD5CD6CA/Juice.app/Grape-X64/runtime/lib/wine/aarch64-windows/rpcrt4.dll machine=0000 status=00000000
[JuiceWine] anonymous PE executable section .text at 0x2d6a80000 size=655360
[JuiceWine] anonymous PE executable section .hexpthk at 0x2d6b20000 size=65536
[JuiceHybrid] map name=/private/var/containers/Bundle/Application/CC5BA8E5-587D-4BCE-957C-34B8AD5CD6CA/Juice.app/Grape-X64/runtime/lib/wine/aarch64-windows/rpcrt4.dll status=40000003 module=0x2d6a70000 size=460000
[JuiceHybrid] open name=/private/var/containers/Bundle/Application/CC5BA8E5-587D-4BCE-957C-34B8AD5CD6CA/Juice.app/Grape-X64/build/wine-ios/dlls/advapi32/aarch64-windows/advapi32.dll machine=0000 status=c0000135
[JuiceHybrid] open name=/private/var/containers/Bundle/Application/CC5BA8E5-587D-4BCE-957C-34B8AD5CD6CA/Juice.app/Grape-X64/build/wine-ios/programs/advapi32.dll/aarch64-windows/advapi32.dll machine=0000 status=c0000135
[JuiceHybrid] open name=/private/var/containers/Bundle/Application/CC5BA8E5-587D-4BCE-957C-34B8AD5CD6CA/Juice.app/Grape-X64/runtime/lib/wine/aarch64-windows/aarch64-windows/advapi32.dll machine=0000 status=c0000135
[JuiceHybrid] open name=/private/var/containers/Bundle/Application/CC5BA8E5-587D-4BCE-957C-34B8AD5CD6CA/Juice.app/Grape-X64/runtime/lib/wine/aarch64-windows/advapi32.dll machine=0000 status=00000000
[JuiceWine] anonymous PE executable section .text at 0x2d6820000 size=327680
[JuiceWine] anonymous PE executable section .hexpthk at 0x2d6870000 size=65536
[JuiceHybrid] map name=/private/var/containers/Bundle/Application/CC5BA8E5-587D-4BCE-957C-34B8AD5CD6CA/Juice.app/Grape-X64/runtime/lib/wine/aarch64-windows/advapi32.dll status=40000003 module=0x2d6810000 size=260000
[JuiceHybrid] open name=/private/var/containers/Bundle/Application/CC5BA8E5-587D-4BCE-957C-34B8AD5CD6CA/Juice.app/Grape-X64/build/wine-ios/dlls/sechost/aarch64-windows/sechost.dll machine=0000 status=c0000135
[JuiceHybrid] open name=/private/var/containers/Bundle/Application/CC5BA8E5-587D-4BCE-957C-34B8AD5CD6CA/Juice.app/Grape-X64/build/wine-ios/programs/sechost.dll/aarch64-windows/sechost.dll machine=0000 status=c0000135
[JuiceHybrid] open name=/private/var/containers/Bundle/Application/CC5BA8E5-587D-4BCE-957C-34B8AD5CD6CA/Juice.app/Grape-X64/runtime/lib/wine/aarch64-windows/aarch64-windows/sechost.dll machine=0000 status=c0000135
[JuiceHybrid] open name=/private/var/containers/Bundle/Application/CC5BA8E5-587D-4BCE-957C-34B8AD5CD6CA/Juice.app/Grape-X64/runtime/lib/wine/aarch64-windows/sechost.dll machine=0000 status=00000000
[JuiceWine] anonymous PE executable section .text at 0x2d66d0000 size=131072
[JuiceWine] anonymous PE executable section .hexpthk at 0x2d66f0000 size=65536
[JuiceHybrid] map name=/private/var/containers/Bundle/Application/CC5BA8E5-587D-4BCE-957C-34B8AD5CD6CA/Juice.app/Grape-X64/runtime/lib/wine/aarch64-windows/sechost.dll status=40000003 module=0x2d66c0000 size=150000
[JuiceHybrid] open name=/private/var/containers/Bundle/Application/CC5BA8E5-587D-4BCE-957C-34B8AD5CD6CA/Juice.app/Grape-X64/build/wine-ios/dlls/ucrtbase/aarch64-windows/ucrtbase.dll machine=0000 status=c0000135
[JuiceHybrid] open name=/private/var/containers/Bundle/Application/CC5BA8E5-587D-4BCE-957C-34B8AD5CD6CA/Juice.app/Grape-X64/build/wine-ios/programs/ucrtbase.dll/aarch64-windows/ucrtbase.dll machine=0000 status=c0000135
[JuiceHybrid] open name=/private/var/containers/Bundle/Application/CC5BA8E5-587D-4BCE-957C-34B8AD5CD6CA/Juice.app/Grape-X64/runtime/lib/wine/aarch64-windows/aarch64-windows/ucrtbase.dll machine=0000 status=c0000135
[JuiceHybrid] open name=/private/var/containers/Bundle/Application/CC5BA8E5-587D-4BCE-957C-34B8AD5CD6CA/Juice.app/Grape-X64/runtime/lib/wine/aarch64-windows/ucrtbase.dll machine=0000 status=00000000
[JuiceWine] anonymous PE executable section .text at 0x2d6040000 size=1179648
[JuiceWine] anonymous PE executable section .hexpthk at 0x2d6160000 size=65536
[JuiceHybrid] map name=/private/var/containers/Bundle/Application/CC5BA8E5-587D-4BCE-957C-34B8AD5CD6CA/Juice.app/Grape-X64/runtime/lib/wine/aarch64-windows/ucrtbase.dll status=40000003 module=0x2d6030000 size=690000
[JuiceHybrid] open name=/private/var/containers/Bundle/Application/CC5BA8E5-587D-4BCE-957C-34B8AD5CD6CA/Juice.app/Grape-X64/build/wine-ios/dlls/msvcrt/aarch64-windows/msvcrt.dll machine=0000 status=c0000135
[JuiceHybrid] open name=/private/var/containers/Bundle/Application/CC5BA8E5-587D-4BCE-957C-34B8AD5CD6CA/Juice.app/Grape-X64/build/wine-ios/programs/msvcrt.dll/aarch64-windows/msvcrt.dll machine=0000 status=c0000135
[JuiceHybrid] open name=/private/var/containers/Bundle/Application/CC5BA8E5-587D-4BCE-957C-34B8AD5CD6CA/Juice.app/Grape-X64/runtime/lib/wine/aarch64-windows/aarch64-windows/msvcrt.dll machine=0000 status=c0000135
[JuiceHybrid] open name=/private/var/containers/Bundle/Application/CC5BA8E5-587D-4BCE-957C-34B8AD5CD6CA/Juice.app/Grape-X64/runtime/lib/wine/aarch64-windows/msvcrt.dll machine=0000 status=00000000
[JuiceWine] anonymous PE executable section .text at 0x2d5aa0000 size=983040
[JuiceWine] anonymous PE executable section .hexpthk at 0x2d5b90000 size=65536
[JuiceHybrid] map name=/private/var/containers/Bundle/Application/CC5BA8E5-587D-4BCE-957C-34B8AD5CD6CA/Juice.app/Grape-X64/runtime/lib/wine/aarch64-windows/msvcrt.dll status=40000003 module=0x2d5a90000 size=5a0000
[JuiceHybrid] open name=/private/var/containers/Bundle/Application/CC5BA8E5-587D-4BCE-957C-34B8AD5CD6CA/Juice.app/Grape-X64/build/wine-ios/dlls/cryptbase/aarch64-windows/cryptbase.dll machine=0000 status=c0000135
[JuiceHybrid] open name=/private/var/containers/Bundle/Application/CC5BA8E5-587D-4BCE-957C-34B8AD5CD6CA/Juice.app/Grape-X64/build/wine-ios/programs/cryptbase.dll/aarch64-windows/cryptbase.dll machine=0000 status=c0000135
[JuiceHybrid] open name=/private/var/containers/Bundle/Application/CC5BA8E5-587D-4BCE-957C-34B8AD5CD6CA/Juice.app/Grape-X64/runtime/lib/wine/aarch64-windows/aarch64-windows/cryptbase.dll machine=0000 status=c0000135
[JuiceHybrid] open name=/private/var/containers/Bundle/Application/CC5BA8E5-587D-4BCE-957C-34B8AD5CD6CA/Juice.app/Grape-X64/runtime/lib/wine/aarch64-windows/cryptbase.dll machine=0000 status=00000000
[JuiceWine] anonymous PE executable section .text at 0x2d59c0000 size=65536
[JuiceWine] anonymous PE executable section .hexpthk at 0x2d59d0000 size=65536
[JuiceHybrid] map name=/private/var/containers/Bundle/Application/CC5BA8E5-587D-4BCE-957C-34B8AD5CD6CA/Juice.app/Grape-X64/runtime/lib/wine/aarch64-windows/cryptbase.dll status=40000003 module=0x2d59b0000 size=e0000
[JuiceHybrid] open name=/private/var/containers/Bundle/Application/CC5BA8E5-587D-4BCE-957C-34B8AD5CD6CA/Juice.app/Grape-X64/build/wine-ios/dlls/user32/aarch64-windows/user32.dll machine=0000 status=c0000135
[JuiceHybrid] open name=/private/var/containers/Bundle/Application/CC5BA8E5-587D-4BCE-957C-34B8AD5CD6CA/Juice.app/Grape-X64/build/wine-ios/programs/user32.dll/aarch64-windows/user32.dll machine=0000 status=c0000135
[JuiceHybrid] open name=/private/var/containers/Bundle/Application/CC5BA8E5-587D-4BCE-957C-34B8AD5CD6CA/Juice.app/Grape-X64/runtime/lib/wine/aarch64-windows/aarch64-windows/user32.dll machine=0000 status=c0000135
[JuiceHybrid] open name=/private/var/containers/Bundle/Application/CC5BA8E5-587D-4BCE-957C-34B8AD5CD6CA/Juice.app/Grape-X64/runtime/lib/wine/aarch64-windows/user32.dll machine=0000 status=00000000
[JuiceWine] anonymous PE executable section .text at 0x2d50e0000 size=1179648
[JuiceWine] anonymous PE executable section .hexpthk at 0x2d5200000 size=65536
[JuiceHybrid] map name=/private/var/containers/Bundle/Application/CC5BA8E5-587D-4BCE-957C-34B8AD5CD6CA/Juice.app/Grape-X64/runtime/lib/wine/aarch64-windows/user32.dll status=40000003 module=0x2d50d0000 size=8e0000
[JuiceHybrid] open name=/private/var/containers/Bundle/Application/CC5BA8E5-587D-4BCE-957C-34B8AD5CD6CA/Juice.app/Grape-X64/build/wine-ios/dlls/gdi32/aarch64-windows/gdi32.dll machine=0000 status=c0000135
[JuiceHybrid] open name=/private/var/containers/Bundle/Application/CC5BA8E5-587D-4BCE-957C-34B8AD5CD6CA/Juice.app/Grape-X64/build/wine-ios/programs/gdi32.dll/aarch64-windows/gdi32.dll machine=0000 status=c0000135
[JuiceHybrid] open name=/private/var/containers/Bundle/Application/CC5BA8E5-587D-4BCE-957C-34B8AD5CD6CA/Juice.app/Grape-X64/runtime/lib/wine/aarch64-windows/aarch64-windows/gdi32.dll machine=0000 status=c0000135
[JuiceHybrid] open name=/private/var/containers/Bundle/Application/CC5BA8E5-587D-4BCE-957C-34B8AD5CD6CA/Juice.app/Grape-X64/runtime/lib/wine/aarch64-windows/gdi32.dll machine=0000 status=00000000
[JuiceWine] anonymous PE executable section .text at 0x2d4c70000 size=655360
[JuiceWine] anonymous PE executable section .hexpthk at 0x2d4d10000 size=65536
[JuiceHybrid] map name=/private/var/containers/Bundle/Application/CC5BA8E5-587D-4BCE-957C-34B8AD5CD6CA/Juice.app/Grape-X64/runtime/lib/wine/aarch64-windows/gdi32.dll status=40000003 module=0x2d4c60000 size=470000
[JuiceHybrid] open name=/private/var/containers/Bundle/Application/CC5BA8E5-587D-4BCE-957C-34B8AD5CD6CA/Juice.app/Grape-X64/build/wine-ios/dlls/win32u/aarch64-windows/win32u.dll machine=0000 status=c0000135
[JuiceHybrid] open name=/private/var/containers/Bundle/Application/CC5BA8E5-587D-4BCE-957C-34B8AD5CD6CA/Juice.app/Grape-X64/build/wine-ios/programs/win32u.dll/aarch64-windows/win32u.dll machine=0000 status=c0000135
[JuiceHybrid] open name=/private/var/containers/Bundle/Application/CC5BA8E5-587D-4BCE-957C-34B8AD5CD6CA/Juice.app/Grape-X64/runtime/lib/wine/aarch64-windows/aarch64-windows/win32u.dll machine=0000 status=c0000135
[JuiceHybrid] open name=/private/var/containers/Bundle/Application/CC5BA8E5-587D-4BCE-957C-34B8AD5CD6CA/Juice.app/Grape-X64/runtime/lib/wine/aarch64-windows/win32u.dll machine=0000 status=00000000
[JuiceWine] anonymous PE executable section .text at 0x2d4b40000 size=262144
[JuiceWine] anonymous PE executable section .hexpthk at 0x2d4b80000 size=65536
[JuiceHybrid] map name=/private/var/containers/Bundle/Application/CC5BA8E5-587D-4BCE-957C-34B8AD5CD6CA/Juice.app/Grape-X64/runtime/lib/wine/aarch64-windows/win32u.dll status=40000003 module=0x2d4b30000 size=130000
[JuiceHybrid] open name=/private/var/containers/Bundle/Application/CC5BA8E5-587D-4BCE-957C-34B8AD5CD6CA/Juice.app/Grape-X64/build/wine-ios/dlls/imm32/aarch64-windows/imm32.dll machine=0000 status=c0000135
[JuiceHybrid] open name=/private/var/containers/Bundle/Application/CC5BA8E5-587D-4BCE-957C-34B8AD5CD6CA/Juice.app/Grape-X64/build/wine-ios/programs/imm32.dll/aarch64-windows/imm32.dll machine=0000 status=c0000135
[JuiceHybrid] open name=/private/var/containers/Bundle/Application/CC5BA8E5-587D-4BCE-957C-34B8AD5CD6CA/Juice.app/Grape-X64/runtime/lib/wine/aarch64-windows/aarch64-windows/imm32.dll machine=0000 status=c0000135
[JuiceHybrid] open name=/private/var/containers/Bundle/Application/CC5BA8E5-587D-4BCE-957C-34B8AD5CD6CA/Juice.app/Grape-X64/runtime/lib/wine/aarch64-windows/imm32.dll machine=0000 status=00000000
[JuiceWine] anonymous PE executable section .text at 0x2d49d0000 size=196608
[JuiceWine] anonymous PE executable section .hexpthk at 0x2d4a00000 size=65536
[JuiceHybrid] map name=/private/var/containers/Bundle/Application/CC5BA8E5-587D-4BCE-957C-34B8AD5CD6CA/Juice.app/Grape-X64/runtime/lib/wine/aarch64-windows/imm32.dll status=40000003 module=0x2d49c0000 size=170000
[JuiceHybrid] open name=/private/var/containers/Bundle/Application/CC5BA8E5-587D-4BCE-957C-34B8AD5CD6CA/Juice.app/Grape-X64/build/wine-ios/dlls/wineios.drv/aarch64-windows/wineios.drv machine=0000 status=c0000135
[JuiceHybrid] open name=/private/var/containers/Bundle/Application/CC5BA8E5-587D-4BCE-957C-34B8AD5CD6CA/Juice.app/Grape-X64/build/wine-ios/programs/wineios.drv/aarch64-windows/wineios.drv machine=0000 status=c0000135
[JuiceHybrid] open name=/private/var/containers/Bundle/Application/CC5BA8E5-587D-4BCE-957C-34B8AD5CD6CA/Juice.app/Grape-X64/runtime/lib/wine/aarch64-windows/aarch64-windows/wineios.drv machine=0000 status=c0000135
[JuiceHybrid] open name=/private/var/containers/Bundle/Application/CC5BA8E5-587D-4BCE-957C-34B8AD5CD6CA/Juice.app/Grape-X64/runtime/lib/wine/aarch64-windows/wineios.drv machine=0000 status=00000000
[JuiceWine] anonymous PE executable section .text at 0x2d48e0000 size=65536
[JuiceWine] anonymous PE executable section .hexpthk at 0x2d48f0000 size=65536
[JuiceHybrid] map name=/private/var/containers/Bundle/Application/CC5BA8E5-587D-4BCE-957C-34B8AD5CD6CA/Juice.app/Grape-X64/runtime/lib/wine/aarch64-windows/wineios.drv status=40000003 module=0x2d48d0000 size=f0000
[JuiceCreate] ex=00000000 class=0x10290ef10 version=0x0 name=0x10290eef0 style=86000000 x=0 y=0 cx=0 cy=0 parent=0x0 menu=0x0 classinst=0x0 params=0x10290f240 flags=00000000 inst=0x0 classptr=0x8001 ansi=0
[JuiceDriver] install prev=0x103215308 lazy=0x103215308 null=0x10323dd30 new=0x101008800 create=0x1030be9a0
[JuiceHybrid] open name=/private/var/containers/Bundle/Application/CC5BA8E5-587D-4BCE-957C-34B8AD5CD6CA/Juice.app/Grape-X64/build/wine-ios/dlls/uxtheme/aarch64-windows/uxtheme.dll machine=0000 status=c0000135
[JuiceHybrid] open name=/private/var/containers/Bundle/Application/CC5BA8E5-587D-4BCE-957C-34B8AD5CD6CA/Juice.app/Grape-X64/build/wine-ios/programs/uxtheme.dll/aarch64-windows/uxtheme.dll machine=0000 status=c0000135
[JuiceHybrid] open name=/private/var/containers/Bundle/Application/CC5BA8E5-587D-4BCE-957C-34B8AD5CD6CA/Juice.app/Grape-X64/runtime/lib/wine/aarch64-windows/aarch64-windows/uxtheme.dll machine=0000 status=c0000135
[JuiceHybrid] open name=/private/var/containers/Bundle/Application/CC5BA8E5-587D-4BCE-957C-34B8AD5CD6CA/Juice.app/Grape-X64/runtime/lib/wine/aarch64-windows/uxtheme.dll machine=0000 status=00000000
[JuiceWine] anonymous PE executable section .text at 0x2d4710000 size=196608
[JuiceWine] anonymous PE executable section .hexpthk at 0x2d4740000 size=65536
[JuiceHybrid] map name=/private/var/containers/Bundle/Application/CC5BA8E5-587D-4BCE-957C-34B8AD5CD6CA/Juice.app/Grape-X64/runtime/lib/wine/aarch64-windows/uxtheme.dll status=40000003 module=0x2d4700000 size=1d0000
[JuiceRect] input hwnd=0x10020 dpi=96/1 raw=96/1 win=0,0,0,0 client=0,0,0,0 visible=0,0,0,0
[JuiceRect] mapped hwnd=0x10020 win=0,0,0,0 client=0,0,0,0 visible=0,0,0,0
[JuiceRect] input hwnd=0x10020 dpi=96/1 raw=96/1 win=0,0,0,0 client=0,0,0,0 visible=0,0,0,0
[JuiceRect] mapped hwnd=0x10020 win=0,0,0,0 client=0,0,0,0 visible=0,0,0,0
[JuiceCreate] ex=00000000 class=0x10290ef10 version=0x0 name=0x10290eef0 style=86000000 x=0 y=0 cx=100 cy=100 parent=0x0 menu=0x0 classinst=0x0 params=0x0 flags=00000000 inst=0x0 classptr=0x140020ca0 ansi=0
[JuiceRect] input hwnd=0x10028 dpi=96/1 raw=96/1 win=0,0,100,100 client=0,0,100,100 visible=0,0,100,100
[JuiceRect] mapped hwnd=0x10028 win=0,0,100,100 client=0,0,100,100 visible=0,0,100,100
[JuiceRect] input hwnd=0x10028 dpi=96/1 raw=96/1 win=0,0,100,100 client=0,0,100,100 visible=0,0,100,100
[JuiceRect] mapped hwnd=0x10028 win=0,0,100,100 client=0,0,100,100 visible=0,0,100,100
[JuiceRect] input hwnd=0x10020 dpi=96/1 raw=96/1 win=0,0,1024,768 client=0,0,1024,768 visible=0,0,1024,768
[JuiceRect] mapped hwnd=0x10020 win=0,0,1024,768 client=0,0,1024,768 visible=0,0,1024,768
[JuiceStage] init_syscall_frame entered; entry=0x140012694 arg=0x0 teb=0x2d7ff4000 data=0x105940000 frame=0x105a4fb00 stack_base=0x105b50000 stack_limit=0x105a58000
[JuiceStage] calling signal_set_full_context; ctx=0x105b4fc70 target_pc=0x2d79575a0 target_sp=0x105b50000 target_x18=0x2d7ff4000 LdrInitializeThunk=0x2d79575c0 RtlUserThreadStart=0x2d79575a0
[JuiceStage] signal_set_full_context returned; status=00000000 frame_pc=0x2d79575a0 frame_sp=0x105b50000 frame_x18=0x2d7ff4000 restore=00400007
[JuiceStage] init_syscall_frame complete; dispatcher_pc=0x2d79575c0 user_sp=0x105b4fc70 x16=0x2d79575c0 x17=0x105b4fc70 x18=0x2d7ff4000 restore=00400007
