JUICE_HEADLESS_TEST_BEGIN
EXTERNAL_INPUT_READY keyboard=hardware gamecontroller=xinput-v1 state=/var/mobile/Containers/Data/Application/31FD36ED-09D6-4C6D-B8F7-CD64EFFB7022/Documents/JuiceData/controller-v1.bin
DISPLAY_SOCKET path=/var/mobile/Containers/Data/Application/31FD36ED-09D6-4C6D-B8F7-CD64EFFB7022/Documents/j.sock bind=0 listen=0 errno=2
CONTROL_V1_SOCKET path=/var/mobile/Containers/Data/Application/31FD36ED-09D6-4C6D-B8F7-CD64EFFB7022/Documents/jc1.sock bind=0 listen=0 errno=2
EXPERIMENTAL_STATE multi_window=1 x86_64=1
HOST_METAL_DEVICE available=0 name=none
GUI_READY
AUTO_LAUNCH_CUSTOM path=/var/mobile/Documents/JuiceData/SmokeTests/graphics-arm64/juice-d3d11-smoke.exe machine=0xaa64
PE_ARCH_DETECTED machine=0xaa64 arch=ARM64 runtime=Grape path=/var/mobile/Documents/JuiceData/SmokeTests/graphics-arm64/juice-d3d11-smoke.exe
RUNTIME_SELECTED runtime=Grape prefix=/var/mobile/Containers/Data/Application/31FD36ED-09D6-4C6D-B8F7-CD64EFFB7022/Documents/JuiceData/GrapePrefix
PREFIX_RUNTIME_LINKS count=0 system32=/var/mobile/Containers/Data/Application/31FD36ED-09D6-4C6D-B8F7-CD64EFFB7022/Documents/JuiceData/GrapePrefix/drive_c/windows/system32
PREFIX_APISET_READY path=/var/mobile/Containers/Data/Application/31FD36ED-09D6-4C6D-B8F7-CD64EFFB7022/Documents/JuiceData/GrapePrefix/drive_c/windows/system32/apisetschema.dll existing=0
Wine server: 0 pid=18131

GUI launch /var/mobile/Documents/JuiceData/SmokeTests/graphics-arm64/juice-d3d11-smoke.exe: 0 pid=18132
[JuiceWine parent] bundle libraries path=/private/var/containers/Bundle/Application/759209CC-173D-43CB-81B8-59B62280B5A0/Juice.app/Libraries:/var/jb/usr/lib
[JuiceWine parent] launching /private/var/containers/Bundle/Application/759209CC-173D-43CB-81B8-59B62280B5A0/Juice.app/Grape/build/wine-ios/loader/wine
[JuiceWine parent] child PID=18133
[JuiceWine] PT_TRACE_ME succeeded; csflags=0x32007005 CS_DEBUGGED=YES
[JuiceWine] requesting controlled tracer detach
[JuiceWine parent] child stopped pid=18133 signal=17 (Suspended (signal): 17)
[JuiceWine parent] PT_DETACH pid=18133 result=0
[JuiceWine parent] child now running untraced
[JuiceWine] resumed after tracer detach; csflags=0x32007005 CS_DEBUGGED=YES
[JuiceStage] running controlled wineboot initialization
[JuiceWine] host-page expanding executable section .text: section=0x140001000 mapping=0x140000000 size=16384
[JuiceWine] anonymous PE executable section .text at 0x140000000 size=16384
[JuiceStage] loading Windows ntdll; transfer=0x140001000 teb=0x17ffd8000 peb=0x17ffdc000
[JuiceWine] anonymous PE executable section .text at 0x17fc00000 size=524288
[JuiceStage] load_ntdll returned; transfer=0x140001000
[JuiceStage] load_wow64_ntdll returned
[JuiceStage] calling load_apiset_dll
[JuiceStage] load_apiset_dll returned; stack_base=0x104a00000 stack_limit=0x104908000
[JuiceStage] calling server_init_process_done
[JuiceStage] server_init_process_done entered
[JuiceStage] calling signal_init_process; teb=0x17ffd8000
[JuiceStage] signal_init_process returned
[JuiceStage] init_teb_data returned; syscall_frame=0x28010fcd0 stack_base=0x104a00000 stack_limit=0x104908000
[JuiceStage] init_process_done server call returned; status=00000000 suspend=0 transfer=0x140001000 teb=0x17ffd8000 peb=0x17ffdc000
[JuiceStage] calling signal_start_thread
[JuiceStage] init_syscall_frame entered; entry=0x140001000 arg=0x17ffdc000 teb=0x17ffd8000 data=0x280000000 frame=0x28010fcd0 stack_base=0x104a00000 stack_limit=0x104908000
[JuiceStage] calling signal_set_full_context; ctx=0x1049ffc70 target_pc=0x17fc575a0 target_sp=0x104a00000 target_x18=0x17ffd8000 LdrInitializeThunk=0x17fc575c0 RtlUserThreadStart=0x17fc575a0
[JuiceStage] signal_set_full_context returned; status=00000000 frame_pc=0x17fc575a0 frame_sp=0x104a00000 frame_x18=0x17ffd8000 restore=00400007
[JuiceStage] init_syscall_frame complete; dispatcher_pc=0x17fc575c0 user_sp=0x1049ffc70 x16=0x17fc575c0 x17=0x1049ffc70 x18=0x17ffd8000 restore=00400007
[JuiceX18] broad #1 pc=0x17fc34344 fault=0x17ee instr=796fde48 x8=0x0 x16=0x17fc575c0 x17=0x1049ffc70 x18=0x0 teb=0x17ffd8000
[JuiceX18] broad #2 pc=0x17fc5c3cc fault=0x48 instr=b9404a48 x8=0x17fcb02a0 x16=0x17fc34344 x17=0x1049ffc70 x18=0x0 teb=0x17ffd8000
[JuiceX18] broad #3 pc=0x17fc5df3c fault=0x60 instr=f940324c x8=0x0 x16=0x17fc5c3cc x17=0x1049ffc70 x18=0x0 teb=0x17ffd8000
[JuiceX18] broad #4 pc=0x10192dfe4 fault=0x378 instr=f941be4a x8=0x18 x16=0x10192dfe0 x17=0x1049ffc70 x18=0x0 teb=0x17ffd8000
[JuiceX18] broad #5 pc=0x17fc5e9a4 fault=0x60 instr=f9403248 x8=0x100ea0090 x16=0x17fc554a4 x17=0x1049ffa40 x18=0x0 teb=0x17ffd8000
[JuiceX18] broad #6 pc=0x17fc34460 fault=0x180c instr=b9580e48 x8=0x0 x16=0x17fc554a4 x17=0x1049ffa70 x18=0x0 teb=0x17ffd8000
[JuiceX18] broad #7 pc=0x17fc277ec fault=0x60 instr=f9403248 x8=0x17fcb2460 x16=0x17fc34460 x17=0x1049ffc70 x18=0x0 teb=0x17ffd8000
[JuiceX18] broad #8 pc=0x17fc5dea4 fault=0x3000 instr=b9700248 x8=0x95 x16=0x5c5c x17=0x1049ff447 x18=0x0 teb=0x17ffd8000
[JuiceX18] broad #9 pc=0x10192dfe4 fault=0x378 instr=f941be4a x8=0x49 x16=0x10192dfe0 x17=0x1049ff7b0 x18=0x0 teb=0x17ffd8000
[JuiceX18] broad #10 pc=0x10192e074 fault=0x370 instr=f941ba50 x8=0x49 x16=0x10192dfe4 x17=0x1049ffc70 x18=0x0 teb=0x17ffd8000
[JuiceX18] broad #11 pc=0x17fc26558 fault=0x60 instr=f9403248 x8=0x100ea38c0 x16=0x17fc55ac4 x17=0x1049ff7b0 x18=0x0 teb=0x17ffd8000
[JuiceX18] broad #12 pc=0x17fc5dea4 fault=0x3000 instr=b9700248 x8=0x9 x16=0x5c5c x17=0x1049ff69b x18=0x0 teb=0x17ffd8000
[JuiceX18] broad #13 pc=0x17fc26c98 fault=0x60 instr=f9403248 x8=0xffffffe3 x16=0x5c5c x17=0x1049ff6ac x18=0x0 teb=0x17ffd8000
[JuiceX18] broad #14 pc=0x17fc26d00 fault=0x60 instr=f9403248 x8=0x100ea34a0 x16=0x17fc26c98 x17=0x1049ffc70 x18=0x0 teb=0x17ffd8000
[JuiceX18] broad #15 pc=0x17fc26d00 fault=0x60 instr=f9403248 x8=0x100ea639c x16=0x17fc26d00 x17=0x1049ffc70 x18=0x0 teb=0x17ffd8000
[JuiceX18] broad #16 pc=0x17fc67524 fault=0x60 instr=f9403248 x8=0x101978330 x16=0x17fc55384 x17=0x1049ffae0 x18=0x0 teb=0x17ffd8000
[JuiceX18] broad #17 pc=0x10192dfe4 fault=0x378 instr=f941be4a x8=0x21 x16=0x10192dfe0 x17=0x1049ff750 x18=0x0 teb=0x17ffd8000
[JuiceX18] broad #18 pc=0x10192dfe4 fault=0x378 instr=f941be4a x8=0x1d x16=0x10192dfe0 x17=0x1049ff670 x18=0x0 teb=0x17ffd8000
[JuiceX18] broad #19 pc=0x10192dfe4 fault=0x378 instr=f941be4a x8=0x12 x16=0x10192dfe0 x17=0x1049ff750 x18=0x0 teb=0x17ffd8000
[JuiceX18] broad #20 pc=0x10192dfe4 fault=0x378 instr=f941be4a x8=0x12 x16=0x10192dfe0 x17=0x1049ff750 x18=0x0 teb=0x17ffd8000
[JuiceX18] broad #21 pc=0x17fc26784 fault=0x60 instr=f9403248 x8=0x0 x16=0x17fc55ca4 x17=0x1049ffae0 x18=0x0 teb=0x17ffd8000
[JuiceX18] broad #22 pc=0x17fc26870 fault=0x60 instr=f9403248 x8=0x0 x16=0x17fc26784 x17=0x1049ffc70 x18=0x0 teb=0x17ffd8000
[JuiceX18] broad #23 pc=0x17fc26870 fault=0x60 instr=f9403248 x8=0x100ea83b4 x16=0x17fc26870 x17=0x1049ffc70 x18=0x0 teb=0x17ffd8000
[JuiceX18] broad #24 pc=0x17fc26558 fault=0x60 instr=f9403248 x8=0xa2 x16=0x17fc554c4 x17=0x1049ffae0 x18=0x0 teb=0x17ffd8000
[JuiceX18] broad #25 pc=0x17fc38798 fault=0x60 instr=f9403248 x8=0x140001000 x16=0x17fc26558 x17=0x1049ffc70 x18=0x0 teb=0x17ffd8000
[JuiceX18] broad #26 pc=0x17fc5dea4 fault=0x3000 instr=b9700248 x8=0x62 x16=0x5c5c x17=0x1049ff924 x18=0x0 teb=0x17ffd8000
[JuiceX18] broad #27 pc=0x17fc326b0 fault=0x60 instr=f9403248 x8=0x5c x16=0x17fc55604 x17=0x1049ffa90 x18=0x0 teb=0x17ffd8000
[JuiceX18] broad #28 pc=0x17fc5dea4 fault=0x3000 instr=b9700248 x8=0x10 x16=0x5c5c x17=0x1049ff682 x18=0x0 teb=0x17ffd8000
[JuiceX18] broad #29 pc=0x17fc184b0 fault=0x2c8 instr=f9416648 x8=0x17fc8a7d0 x16=0x17fc5dea4 x17=0x1049ffc70 x18=0x0 teb=0x17ffd8000
[JuiceWine] anonymous PE executable section .text at 0x17fa30000 size=196608
[JuiceX18] broad #30 pc=0x10192dfe4 fault=0x378 instr=f941be4a x8=0x50 x16=0x10192dfe0 x17=0x1049ff890 x18=0x0 teb=0x17ffd8000
[JuiceX18] broad #31 pc=0x17fc5dea4 fault=0x3000 instr=b9700248 x8=0x6 x16=0x17fc55ba4 x17=0x1049ff890 x18=0x0 teb=0x17ffd8000
[JuiceX18] broad #32 pc=0x17fc5dea4 fault=0x3000 instr=b9700248 x8=0x6 x16=0x17fc5dea4 x17=0x1049ffc70 x18=0x0 teb=0x17ffd8000
[JuiceWine] anonymous PE executable section .text at 0x17f650000 size=524288
[JuiceWine] anonymous PE executable section .text at 0x17f2f0000 size=262144
[JuiceWine] anonymous PE executable section .text at 0x17f140000 size=131072
[JuiceWine] anonymous PE executable section .text at 0x17d9d0000 size=2031616
[JuiceWine] anonymous PE executable section .text at 0x17d490000 size=655360
[JuiceWine] anonymous PE executable section .text at 0x17d210000 size=327680
[JuiceWine] anonymous PE executable section .text at 0x17cd00000 size=589824
[JuiceWine] anonymous PE executable section .text at 0x17cc20000 size=65536
[JuiceWine] anonymous PE executable section .text at 0x17c890000 size=655360
[JuiceWine] anonymous PE executable section .text at 0x17c720000 size=196608
[JuiceWine] anonymous PE executable section .text at 0x17c410000 size=524288
[JuiceWine] anonymous PE executable section .text at 0x17c320000 size=196608
[JuiceWine] anonymous PE executable section .text at 0x17c230000 size=65536
[JuiceWine] anonymous PE executable section .text at 0x17c160000 size=65536
DISPLAY_CLIENT_CONNECTED fd=7
[JuiceInput] display connected path=/var/mobile/Containers/Data/Application/31FD36ED-09D6-4C6D-B8F7-CD64EFFB7022/Documents/j.sock desktop=1024x768 dpi=96
DISPLAY_EVENT HELLO fd=7 pid=18133 desktop=1024x768 dpi=96
[JuiceInput] queue fd registered fd=18 tid=0x24
[JuiceDriver] ios init set driver create=0x1059c8e78 client_surface=0x1059c99fc size=1216
[JuiceDriver] install prev=0x105c19348 lazy=0x105c19348 null=0x105c41f10 candidate=0x10500b600 create=0x1059c8e78 installed=1
[JuiceDriver] direct-load status=00000000 driver=0x10500b600
JUICE_MOLTENVK_DRIVER_READY version=48 handle=0x13e440
[mvk-info] MoltenVK version 1.4.2, supporting Vulkan version 1.4.357.
	The following 152 Vulkan extensions are supported:
	VK_KHR_16bit_storage v1
	VK_KHR_8bit_storage v1
	VK_KHR_bind_memory2 v1
	VK_KHR_buffer_device_address v1
	VK_KHR_calibrated_timestamps v1
	VK_KHR_copy_commands2 v1
	VK_KHR_create_renderpass2 v1
	VK_KHR_dedicated_allocation v3
	VK_KHR_deferred_host_operations v4
	VK_KHR_depth_stencil_resolve v1
	VK_KHR_descriptor_update_template v1
	VK_KHR_device_group v4
	VK_KHR_device_group_creation v1
	VK_KHR_driver_properties v1
	VK_KHR_dynamic_rendering v1
	VK_KHR_dynamic_rendering_local_read v1
	VK_KHR_external_fence v1
	VK_KHR_external_fence_capabilities v1
	VK_KHR_external_memory v1
	VK_KHR_external_memory_capabilities v1
	VK_KHR_external_semaphore v1
	VK_KHR_external_semaphore_capabilities v1
	VK_KHR_format_feature_flags2 v2
	VK_KHR_fragment_shader_barycentric v1
	VK_KHR_get_memory_requirements2 v1
	VK_KHR_get_physical_device_properties2 v2
	VK_KHR_get_surface_capabilities2 v1
	VK_KHR_global_priority v1
	VK_KHR_image_format_list v1
	VK_KHR_imageless_framebuffer v1
	VK_KHR_incremental_present v2
	VK_KHR_index_type_uint8 v1
	VK_KHR_line_rasterization v1
	VK_KHR_load_store_op_none v1
	VK_KHR_maintenance1 v2
	VK_KHR_maintenance2 v1
	VK_KHR_maintenance3 v1
	VK_KHR_maintenance4 v2
	VK_KHR_maintenance5 v1
	VK_KHR_maintenance6 v1
	VK_KHR_maintenance7 v1
	VK_KHR_maintenance8 v1
	VK_KHR_maintenance9 v1
	VK_KHR_map_memory2 v1
	VK_KHR_multiview v1
	VK_KHR_portability_subset v1
	VK_KHR_present_id v1
	VK_KHR_present_id2 v1
	VK_KHR_present_wait v1
	VK_KHR_present_wait2 v1
	VK_KHR_push_descriptor v2
	VK_KHR_relaxed_block_layout v1
	VK_KHR_robustness2 v1
	VK_KHR_sampler_mirror_clamp_to_edge v3
	VK_KHR_sampler_ycbcr_conversion v14
	VK_KHR_separate_depth_stencil_layouts v1
	VK_KHR_shader_draw_parameters v1
	VK_KHR_shader_expect_assume v1
	VK_KHR_shader_float_controls v4
	VK_KHR_shader_float_controls2 v1
	VK_KHR_shader_float16_int8 v1
	VK_KHR_shader_fma v1
	VK_KHR_shader_integer_dot_product v1
	VK_KHR_shader_maximal_reconvergence v1
	VK_KHR_shader_non_semantic_info v1
	VK_KHR_shader_quad_control v1
	VK_KHR_shader_relaxed_extended_instruction v1
	VK_KHR_shader_subgroup_extended_types v1
	VK_KHR_shader_subgroup_rotate v2
	VK_KHR_shader_subgroup_uniform_control_flow v1
	VK_KHR_shader_terminate_invocation v1
	VK_KHR_spirv_1_4 v1
	VK_KHR_storage_buffer_storage_class v1
	VK_KHR_surface v25
	VK_KHR_surface_maintenance1 v1
	VK_KHR_surface_protected_capabilities v1
	VK_KHR_swapchain v70
	VK_KHR_swapchain_maintenance1 v1
	VK_KHR_swapchain_mutable_format v1
	VK_KHR_synchronization2 v1
	VK_KHR_timeline_semaphore v2
	VK_KHR_uniform_buffer_standard_layout v1
	VK_KHR_variable_pointers v1
	VK_KHR_vertex_attribute_divisor v1
	VK_KHR_vulkan_memory_model v3
	VK_KHR_zero_initialize_workgroup_memory v1
	VK_EXT_4444_formats v1
	VK_EXT_buffer_device_address v2
	VK_EXT_calibrated_timestamps v2
	VK_EXT_debug_marker v4
	VK_EXT_debug_report v10
	VK_EXT_debug_utils v2
	VK_EXT_depth_clip_control v1
	VK_EXT_descriptor_indexing v2
	VK_EXT_extended_dynamic_state v1
	VK_EXT_extended_dynamic_state2 v1
	VK_EXT_extended_dynamic_state3 v2
	VK_EXT_external_memory_host v1
	VK_EXT_external_memory_metal v1
	VK_EXT_fragment_shader_interlock v1
	VK_EXT_global_priority v2
	VK_EXT_global_priority_query v1
	VK_EXT_headless_surface v1
	VK_EXT_host_image_copy v1
	VK_EXT_host_query_reset v1
	VK_EXT_image_2d_view_of_3d v1
	VK_EXT_image_robustness v1
	VK_EXT_index_type_uint8 v1
	VK_EXT_inline_uniform_block v1
	VK_EXT_layer_settings v2
	VK_EXT_legacy_dithering v2
	VK_EXT_line_rasterization v1
	VK_EXT_load_store_op_none v1
	VK_EXT_memory_budget v1
	VK_EXT_metal_objects v2
	VK_EXT_metal_surface v1
	VK_EXT_non_seamless_cube_map v1
	VK_EXT_pipeline_creation_cache_control v3
	VK_EXT_pipeline_creation_feedback v1
	VK_EXT_pipeline_robustness v1
	VK_EXT_post_depth_coverage v1
	VK_EXT_primitive_topology_list_restart v1
	VK_EXT_private_data v1
	VK_EXT_provoking_vertex v1
	VK_EXT_robustness2 v1
	VK_EXT_sample_locations v1
	VK_EXT_scalar_block_layout v1
	VK_EXT_separate_stencil_usage v1
	VK_EXT_shader_atomic_float v1
	VK_EXT_shader_demote_to_helper_invocation v1
	VK_EXT_shader_stencil_export v1
	VK_EXT_shader_subgroup_ballot v1
	VK_EXT_shader_subgroup_vote v1
	VK_EXT_shader_viewport_index_layer v1
	VK_EXT_subgroup_size_control v2
	VK_EXT_surface_maintenance1 v1
	VK_EXT_swapchain_colorspace v5
	VK_EXT_swapchain_maintenance1 v1
	VK_EXT_texel_buffer_alignment v1
	VK_EXT_texture_compression_astc_hdr v1
	VK_EXT_tooling_info v1
	VK_EXT_vertex_attribute_divisor v3
	VK_AMD_gpu_shader_half_float v2
	VK_AMD_negative_viewport_height v1
	VK_AMD_shader_image_load_store_lod v1
	VK_AMD_shader_trinary_minmax v1
	VK_GOOGLE_display_timing v1
	VK_IMG_format_pvrtc v1
	VK_INTEL_shader_integer_functions2 v1
	VK_MVK_ios_surface v3
	VK_MVK_moltenvk v37
	VK_NV_fragment_shader_barycentric v1
[mvk-info] GPU device:
	model: Apple A13 GPU
	type: Integrated
	vendorID: 0x106b
	deviceID: 0x10050006
	pipelineCacheUUID: DB660224-1005-0006-0000-000100000000
	GPU memory available: 1961 MB
	GPU memory used: 0 MB
	Metal Shading Language 3.0
	supports the following GPU Features:
		GPU Family Metal 3
		GPU Family Apple 6
		Read-Write Texture Tier 2
[mvk-info] Created VkInstance for Vulkan version 1.0.357, as requested by app, with the following 3 Vulkan extensions enabled:
	VK_KHR_external_fence_capabilities v1
	VK_KHR_external_semaphore_capabilities v1
	VK_KHR_get_physical_device_properties2 v2
[JuiceWine] anonymous PE executable section .text at 0x17c030000 size=131072
[JuiceX18] derived #1 pc=0x17fc4e754 fault=0x1258 instr=79000268 base=x19 value=0x1258 fixed=0x17ffd9258 teb=0x17ffd8000
[JuiceX18] derived #2 pc=0x17fc4e754 fault=0x1258 instr=79000268 base=x19 value=0x1258 fixed=0x17ffd9258 teb=0x17ffd8000
0024:trace:d3d:wined3d_dll_init Application name juice-d3d11-smoke.exe\Direct3D.
0024:trace:d3d11:d3d11_create_device adapter 0000000000000000, driver_type D3D_DRIVER_TYPE_HARDWARE, swrast 0000000000000000, flags 0, feature_levels 0000000140002020, levels 3, sdk_version 7, device 00000001049FFFD8, obtained_feature_level 00000001049FFF54, immediate_context 00000001049FFFB8.
0024:trace:dxgi:CreateDXGIFactory1 iid {7b7166ec-21c7-44ae-b21a-c9ae321ae369}, factory 00000001049FFED8.
0024:trace:d3d:wined3d_init Initialising adapters.
0024:trace:d3d:wined3d_adapter_vk_init adapter_vk 0000000100EA78A0, ordinal 0, wined3d_creation_flags 0.
[JuiceWine] anonymous PE executable section .text at 0x17be40000 size=131072
0024:trace:d3d:wined3d_init_vulkan Vulkan instance API version 1.4.0.
0024:trace:d3d:enable_vulkan_instance_extensions Vulkan instance extensions reported:
0024:trace:d3d:enable_vulkan_instance_extensions     - "VK_KHR_device_group_creation".
0024:trace:d3d:enable_vulkan_instance_extensions     - "VK_KHR_external_fence_capabilities".
0024:trace:d3d:enable_vulkan_instance_extensions     - "VK_KHR_external_memory_capabilities".
0024:trace:d3d:enable_vulkan_instance_extensions     - "VK_KHR_external_semaphore_capabilities".
0024:trace:d3d:enable_vulkan_instance_extensions     - "VK_KHR_get_physical_device_properties2".
0024:trace:d3d:enable_vulkan_instance_extensions     - "VK_KHR_get_surface_capabilities2".
0024:trace:d3d:enable_vulkan_instance_extensions     - "VK_KHR_surface".
0024:trace:d3d:enable_vulkan_instance_extensions     - "VK_KHR_surface_maintenance1".
0024:trace:d3d:enable_vulkan_instance_extensions     - "VK_EXT_debug_report".
0024:trace:d3d:enable_vulkan_instance_extensions     - "VK_EXT_debug_utils".
0024:trace:d3d:enable_vulkan_instance_extensions     - "VK_EXT_layer_settings".
0024:trace:d3d:enable_vulkan_instance_extensions     - "VK_EXT_surface_maintenance1".
0024:trace:d3d:enable_vulkan_instance_extensions     - "VK_EXT_swapchain_colorspace".
0024:trace:d3d:enable_vulkan_instance_extensions     - "VK_KHR_win32_surface".
0024:trace:d3d:enable_vulkan_instance_extensions Enabling instance extension 'VK_KHR_surface'.
0024:trace:d3d:enable_vulkan_instance_extensions Enabling instance extension 'VK_KHR_win32_surface'.
[mvk-info] MoltenVK version 1.4.2, supporting Vulkan version 1.4.357.
	The following 152 Vulkan extensions are supported:
	VK_KHR_16bit_storage v1
	VK_KHR_8bit_storage v1
	VK_KHR_bind_memory2 v1
	VK_KHR_buffer_device_address v1
	VK_KHR_calibrated_timestamps v1
	VK_KHR_copy_commands2 v1
	VK_KHR_create_renderpass2 v1
	VK_KHR_dedicated_allocation v3
	VK_KHR_deferred_host_operations v4
	VK_KHR_depth_stencil_resolve v1
	VK_KHR_descriptor_update_template v1
	VK_KHR_device_group v4
	VK_KHR_device_group_creation v1
	VK_KHR_driver_properties v1
	VK_KHR_dynamic_rendering v1
	VK_KHR_dynamic_rendering_local_read v1
	VK_KHR_external_fence v1
	VK_KHR_external_fence_capabilities v1
	VK_KHR_external_memory v1
	VK_KHR_external_memory_capabilities v1
	VK_KHR_external_semaphore v1
	VK_KHR_external_semaphore_capabilities v1
	VK_KHR_format_feature_flags2 v2
	VK_KHR_fragment_shader_barycentric v1
	VK_KHR_get_memory_requirements2 v1
	VK_KHR_get_physical_device_properties2 v2
	VK_KHR_get_surface_capabilities2 v1
	VK_KHR_global_priority v1
	VK_KHR_image_format_list v1
	VK_KHR_imageless_framebuffer v1
	VK_KHR_incremental_present v2
	VK_KHR_index_type_uint8 v1
	VK_KHR_line_rasterization v1
	VK_KHR_load_store_op_none v1
	VK_KHR_maintenance1 v2
	VK_KHR_maintenance2 v1
	VK_KHR_maintenance3 v1
	VK_KHR_maintenance4 v2
	VK_KHR_maintenance5 v1
	VK_KHR_maintenance6 v1
	VK_KHR_maintenance7 v1
	VK_KHR_maintenance8 v1
	VK_KHR_maintenance9 v1
	VK_KHR_map_memory2 v1
	VK_KHR_multiview v1
	VK_KHR_portability_subset v1
	VK_KHR_present_id v1
	VK_KHR_present_id2 v1
	VK_KHR_present_wait v1
	VK_KHR_present_wait2 v1
	VK_KHR_push_descriptor v2
	VK_KHR_relaxed_block_layout v1
	VK_KHR_robustness2 v1
	VK_KHR_sampler_mirror_clamp_to_edge v3
	VK_KHR_sampler_ycbcr_conversion v14
	VK_KHR_separate_depth_stencil_layouts v1
	VK_KHR_shader_draw_parameters v1
	VK_KHR_shader_expect_assume v1
	VK_KHR_shader_float_controls v4
	VK_KHR_shader_float_controls2 v1
	VK_KHR_shader_float16_int8 v1
	VK_KHR_shader_fma v1
	VK_KHR_shader_integer_dot_product v1
	VK_KHR_shader_maximal_reconvergence v1
	VK_KHR_shader_non_semantic_info v1
	VK_KHR_shader_quad_control v1
	VK_KHR_shader_relaxed_extended_instruction v1
	VK_KHR_shader_subgroup_extended_types v1
	VK_KHR_shader_subgroup_rotate v2
	VK_KHR_shader_subgroup_uniform_control_flow v1
	VK_KHR_shader_terminate_invocation v1
	VK_KHR_spirv_1_4 v1
	VK_KHR_storage_buffer_storage_class v1
	VK_KHR_surface v25
	VK_KHR_surface_maintenance1 v1
	VK_KHR_surface_protected_capabilities v1
	VK_KHR_swapchain v70
	VK_KHR_swapchain_maintenance1 v1
	VK_KHR_swapchain_mutable_format v1
	VK_KHR_synchronization2 v1
	VK_KHR_timeline_semaphore v2
	VK_KHR_uniform_buffer_standard_layout v1
	VK_KHR_variable_pointers v1
	VK_KHR_vertex_attribute_divisor v1
	VK_KHR_vulkan_memory_model v3
	VK_KHR_zero_initialize_workgroup_memory v1
	VK_EXT_4444_formats v1
	VK_EXT_buffer_device_address v2
	VK_EXT_calibrated_timestamps v2
	VK_EXT_debug_marker v4
	VK_EXT_debug_report v10
	VK_EXT_debug_utils v2
	VK_EXT_depth_clip_control v1
	VK_EXT_descriptor_indexing v2
	VK_EXT_extended_dynamic_state v1
	VK_EXT_extended_dynamic_state2 v1
	VK_EXT_extended_dynamic_state3 v2
	VK_EXT_external_memory_host v1
	VK_EXT_external_memory_metal v1
	VK_EXT_fragment_shader_interlock v1
	VK_EXT_global_priority v2
	VK_EXT_global_priority_query v1
	VK_EXT_headless_surface v1
	VK_EXT_host_image_copy v1
	VK_EXT_host_query_reset v1
	VK_EXT_image_2d_view_of_3d v1
	VK_EXT_image_robustness v1
	VK_EXT_index_type_uint8 v1
	VK_EXT_inline_uniform_block v1
	VK_EXT_layer_settings v2
	VK_EXT_legacy_dithering v2
	VK_EXT_line_rasterization v1
	VK_EXT_load_store_op_none v1
	VK_EXT_memory_budget v1
	VK_EXT_metal_objects v2
	VK_EXT_metal_surface v1
	VK_EXT_non_seamless_cube_map v1
	VK_EXT_pipeline_creation_cache_control v3
	VK_EXT_pipeline_creation_feedback v1
	VK_EXT_pipeline_robustness v1
	VK_EXT_post_depth_coverage v1
	VK_EXT_primitive_topology_list_restart v1
	VK_EXT_private_data v1
	VK_EXT_provoking_vertex v1
	VK_EXT_robustness2 v1
	VK_EXT_sample_locations v1
	VK_EXT_scalar_block_layout v1
	VK_EXT_separate_stencil_usage v1
	VK_EXT_shader_atomic_float v1
	VK_EXT_shader_demote_to_helper_invocation v1
	VK_EXT_shader_stencil_export v1
	VK_EXT_shader_subgroup_ballot v1
	VK_EXT_shader_subgroup_vote v1
	VK_EXT_shader_viewport_index_layer v1
	VK_EXT_subgroup_size_control v2
	VK_EXT_surface_maintenance1 v1
	VK_EXT_swapchain_colorspace v5
	VK_EXT_swapchain_maintenance1 v1
	VK_EXT_texel_buffer_alignment v1
	VK_EXT_texture_compression_astc_hdr v1
	VK_EXT_tooling_info v1
	VK_EXT_vertex_attribute_divisor v3
	VK_AMD_gpu_shader_half_float v2
	VK_AMD_negative_viewport_height v1
	VK_AMD_shader_image_load_store_lod v1
	VK_AMD_shader_trinary_minmax v1
	VK_GOOGLE_display_timing v1
	VK_IMG_format_pvrtc v1
	VK_INTEL_shader_integer_functions2 v1
	VK_MVK_ios_surface v3
	VK_MVK_moltenvk v37
	VK_NV_fragment_shader_barycentric v1
[mvk-info] GPU device:
	model: Apple A13 GPU
	type: Integrated
	vendorID: 0x106b
	deviceID: 0x10050006
	pipelineCacheUUID: DB660224-1005-0006-0000-000100000000
	GPU memory available: 1961 MB
	GPU memory used: 0 MB
	Metal Shading Language 3.0
	supports the following GPU Features:
		GPU Family Metal 3
		GPU Family Apple 6
		Read-Write Texture Tier 2
[mvk-info] Created VkInstance for Vulkan version 1.1.357, as requested by app, with the following 4 Vulkan extensions enabled:
	VK_KHR_external_semaphore_capabilities v1
	VK_KHR_get_physical_device_properties2 v2
	VK_KHR_surface v25
	VK_EXT_metal_surface v1
0024:trace:d3d:wined3d_init_vulkan Created Vulkan instance 0000000100EA8610.
0024:trace:d3d:wined3d_adapter_vk_init_device_extensions Vulkan device extensions reported:
0024:trace:d3d:wined3d_adapter_vk_init_device_extensions     - "VK_KHR_16bit_storage".
0024:trace:d3d:wined3d_adapter_vk_init_device_extensions     - "VK_KHR_8bit_storage".
0024:trace:d3d:wined3d_adapter_vk_init_device_extensions     - "VK_KHR_bind_memory2".
0024:trace:d3d:wined3d_adapter_vk_init_device_extensions     - "VK_KHR_buffer_device_address".
0024:trace:d3d:wined3d_adapter_vk_init_device_extensions     - "VK_KHR_calibrated_timestamps".
0024:trace:d3d:wined3d_adapter_vk_init_device_extensions     - "VK_KHR_copy_commands2".
0024:trace:d3d:wined3d_adapter_vk_init_device_extensions     - "VK_KHR_create_renderpass2".
0024:trace:d3d:wined3d_adapter_vk_init_device_extensions     - "VK_KHR_dedicated_allocation".
0024:trace:d3d:wined3d_adapter_vk_init_device_extensions     - "VK_KHR_deferred_host_operations".
0024:trace:d3d:wined3d_adapter_vk_init_device_extensions     - "VK_KHR_depth_stencil_resolve".
0024:trace:d3d:wined3d_adapter_vk_init_device_extensions     - "VK_KHR_descriptor_update_template".
0024:trace:d3d:wined3d_adapter_vk_init_device_extensions     - "VK_KHR_device_group".
0024:trace:d3d:wined3d_adapter_vk_init_device_extensions     - "VK_KHR_driver_properties".
0024:trace:d3d:wined3d_adapter_vk_init_device_extensions     - "VK_KHR_dynamic_rendering".
0024:trace:d3d:wined3d_adapter_vk_init_device_extensions     - "VK_KHR_dynamic_rendering_local_read".
0024:trace:d3d:wined3d_adapter_vk_init_device_extensions     - "VK_KHR_external_fence".
0024:trace:d3d:wined3d_adapter_vk_init_device_extensions     - "VK_KHR_external_memory".
0024:trace:d3d:wined3d_adapter_vk_init_device_extensions     - "VK_KHR_external_semaphore".
0024:trace:d3d:wined3d_adapter_vk_init_device_extensions     - "VK_KHR_format_feature_flags2".
0024:trace:d3d:wined3d_adapter_vk_init_device_extensions     - "VK_KHR_get_memory_requirements2".
0024:trace:d3d:wined3d_adapter_vk_init_device_extensions     - "VK_KHR_global_priority".
0024:trace:d3d:wined3d_adapter_vk_init_device_extensions     - "VK_KHR_image_format_list".
0024:trace:d3d:wined3d_adapter_vk_init_device_extensions     - "VK_KHR_imageless_framebuffer".
0024:trace:d3d:wined3d_adapter_vk_init_device_extensions     - "VK_KHR_incremental_present".
0024:trace:d3d:wined3d_adapter_vk_init_device_extensions     - "VK_KHR_index_type_uint8".
0024:trace:d3d:wined3d_adapter_vk_init_device_extensions     - "VK_KHR_line_rasterization".
0024:trace:d3d:wined3d_adapter_vk_init_device_extensions     - "VK_KHR_load_store_op_none".
0024:trace:d3d:wined3d_adapter_vk_init_device_extensions     - "VK_KHR_maintenance1".
0024:trace:d3d:wined3d_adapter_vk_init_device_extensions     - "VK_KHR_maintenance2".
0024:trace:d3d:wined3d_adapter_vk_init_device_extensions     - "VK_KHR_maintenance3".
0024:trace:d3d:wined3d_adapter_vk_init_device_extensions     - "VK_KHR_maintenance4".
0024:trace:d3d:wined3d_adapter_vk_init_device_extensions     - "VK_KHR_maintenance5".
0024:trace:d3d:wined3d_adapter_vk_init_device_extensions     - "VK_KHR_maintenance6".
0024:trace:d3d:wined3d_adapter_vk_init_device_extensions     - "VK_KHR_maintenance7".
0024:trace:d3d:wined3d_adapter_vk_init_device_extensions     - "VK_KHR_maintenance8".
0024:trace:d3d:wined3d_adapter_vk_init_device_extensions     - "VK_KHR_maintenance9".
0024:trace:d3d:wined3d_adapter_vk_init_device_extensions     - "VK_KHR_map_memory2".
0024:trace:d3d:wined3d_adapter_vk_init_device_extensions     - "VK_KHR_multiview".
0024:trace:d3d:wined3d_adapter_vk_init_device_extensions     - "VK_KHR_present_id".
0024:trace:d3d:wined3d_adapter_vk_init_device_extensions     - "VK_KHR_present_id2".
0024:trace:d3d:wined3d_adapter_vk_init_device_extensions     - "VK_KHR_present_wait".
0024:trace:d3d:wined3d_adapter_vk_init_device_extensions     - "VK_KHR_present_wait2".
0024:trace:d3d:wined3d_adapter_vk_init_device_extensions     - "VK_KHR_push_descriptor".
0024:trace:d3d:wined3d_adapter_vk_init_device_extensions     - "VK_KHR_relaxed_block_layout".
0024:trace:d3d:wined3d_adapter_vk_init_device_extensions     - "VK_KHR_robustness2".
0024:trace:d3d:wined3d_adapter_vk_init_device_extensions     - "VK_KHR_sampler_ycbcr_conversion".
0024:trace:d3d:wined3d_adapter_vk_init_device_extensions     - "VK_KHR_separate_depth_stencil_layouts".
0024:trace:d3d:wined3d_adapter_vk_init_device_extensions     - "VK_KHR_shader_draw_parameters".
0024:trace:d3d:wined3d_adapter_vk_init_device_extensions     - "VK_KHR_shader_expect_assume".
0024:trace:d3d:wined3d_adapter_vk_init_device_extensions     - "VK_KHR_shader_float_controls".
0024:trace:d3d:wined3d_adapter_vk_init_device_extensions     - "VK_KHR_shader_float_controls2".
0024:trace:d3d:wined3d_adapter_vk_init_device_extensions     - "VK_KHR_shader_float16_int8".
0024:trace:d3d:wined3d_adapter_vk_init_device_extensions     - "VK_KHR_shader_fma".
0024:trace:d3d:wined3d_adapter_vk_init_device_extensions     - "VK_KHR_shader_integer_dot_product".
0024:trace:d3d:wined3d_adapter_vk_init_device_extensions     - "VK_KHR_shader_maximal_reconvergence".
0024:trace:d3d:wined3d_adapter_vk_init_device_extensions     - "VK_KHR_shader_non_semantic_info".
0024:trace:d3d:wined3d_adapter_vk_init_device_extensions     - "VK_KHR_shader_relaxed_extended_instruction".
0024:trace:d3d:wined3d_adapter_vk_init_device_extensions     - "VK_KHR_shader_subgroup_extended_types".
0024:trace:d3d:wined3d_adapter_vk_init_device_extensions     - "VK_KHR_shader_subgroup_rotate".
0024:trace:d3d:wined3d_adapter_vk_init_device_extensions     - "VK_KHR_shader_subgroup_uniform_control_flow".
0024:trace:d3d:wined3d_adapter_vk_init_device_extensions     - "VK_KHR_shader_terminate_invocation".
0024:trace:d3d:wined3d_adapter_vk_init_device_extensions     - "VK_KHR_spirv_1_4".
0024:trace:d3d:wined3d_adapter_vk_init_device_extensions     - "VK_KHR_storage_buffer_storage_class".
0024:trace:d3d:wined3d_adapter_vk_init_device_extensions     - "VK_KHR_swapchain".
0024:trace:d3d:wined3d_adapter_vk_init_device_extensions     - "VK_KHR_swapchain_maintenance1".
0024:trace:d3d:wined3d_adapter_vk_init_device_extensions     - "VK_KHR_swapchain_mutable_format".
0024:trace:d3d:wined3d_adapter_vk_init_device_extensions     - "VK_KHR_synchronization2".
0024:trace:d3d:wined3d_adapter_vk_init_device_extensions     - "VK_KHR_timeline_semaphore".
0024:trace:d3d:wined3d_adapter_vk_init_device_extensions     - "VK_KHR_uniform_buffer_standard_layout".
0024:trace:d3d:wined3d_adapter_vk_init_device_extensions     - "VK_KHR_variable_pointers".
0024:trace:d3d:wined3d_adapter_vk_init_device_extensions     - "VK_KHR_vertex_attribute_divisor".
0024:trace:d3d:wined3d_adapter_vk_init_device_extensions     - "VK_KHR_vulkan_memory_model".
0024:trace:d3d:wined3d_adapter_vk_init_device_extensions     - "VK_KHR_zero_initialize_workgroup_memory".
0024:trace:d3d:wined3d_adapter_vk_init_device_extensions     - "VK_EXT_4444_formats".
0024:trace:d3d:wined3d_adapter_vk_init_device_extensions     - "VK_EXT_buffer_device_address".
0024:trace:d3d:wined3d_adapter_vk_init_device_extensions     - "VK_EXT_calibrated_timestamps".
0024:trace:d3d:wined3d_adapter_vk_init_device_extensions     - "VK_EXT_debug_marker".
0024:trace:d3d:wined3d_adapter_vk_init_device_extensions     - "VK_EXT_depth_clip_control".
0024:trace:d3d:wined3d_adapter_vk_init_device_extensions     - "VK_EXT_descriptor_indexing".
0024:trace:d3d:wined3d_adapter_vk_init_device_extensions     - "VK_EXT_extended_dynamic_state".
0024:trace:d3d:wined3d_adapter_vk_init_device_extensions     - "VK_EXT_extended_dynamic_state2".
0024:trace:d3d:wined3d_adapter_vk_init_device_extensions     - "VK_EXT_extended_dynamic_state3".
0024:trace:d3d:wined3d_adapter_vk_init_device_extensions     - "VK_EXT_external_memory_host".
0024:trace:d3d:wined3d_adapter_vk_init_device_extensions     - "VK_EXT_fragment_shader_interlock".
0024:trace:d3d:wined3d_adapter_vk_init_device_extensions     - "VK_EXT_global_priority".
0024:trace:d3d:wined3d_adapter_vk_init_device_extensions     - "VK_EXT_global_priority_query".
0024:trace:d3d:wined3d_adapter_vk_init_device_extensions     - "VK_EXT_host_image_copy".
0024:trace:d3d:wined3d_adapter_vk_init_device_extensions     - "VK_EXT_host_query_reset".
0024:trace:d3d:wined3d_adapter_vk_init_device_extensions     - "VK_EXT_image_2d_view_of_3d".
0024:trace:d3d:wined3d_adapter_vk_init_device_extensions     - "VK_EXT_image_robustness".
0024:trace:d3d:wined3d_adapter_vk_init_device_extensions     - "VK_EXT_index_type_uint8".
0024:trace:d3d:wined3d_adapter_vk_init_device_extensions     - "VK_EXT_inline_uniform_block".
0024:trace:d3d:wined3d_adapter_vk_init_device_extensions     - "VK_EXT_line_rasterization".
0024:trace:d3d:wined3d_adapter_vk_init_device_extensions     - "VK_EXT_load_store_op_none".
0024:trace:d3d:wined3d_adapter_vk_init_device_extensions     - "VK_EXT_memory_budget".
0024:trace:d3d:wined3d_adapter_vk_init_device_extensions     - "VK_EXT_pipeline_creation_cache_control".
0024:trace:d3d:wined3d_adapter_vk_init_device_extensions     - "VK_EXT_pipeline_creation_feedback".
0024:trace:d3d:wined3d_adapter_vk_init_device_extensions     - "VK_EXT_pipeline_robustness".
0024:trace:d3d:wined3d_adapter_vk_init_device_extensions     - "VK_EXT_post_depth_coverage".
0024:trace:d3d:wined3d_adapter_vk_init_device_extensions     - "VK_EXT_private_data".
0024:trace:d3d:wined3d_adapter_vk_init_device_extensions     - "VK_EXT_robustness2".
0024:trace:d3d:wined3d_adapter_vk_init_device_extensions     - "VK_EXT_sample_locations".
0024:trace:d3d:wined3d_adapter_vk_init_device_extensions     - "VK_EXT_scalar_block_layout".
0024:trace:d3d:wined3d_adapter_vk_init_device_extensions     - "VK_EXT_separate_stencil_usage".
0024:trace:d3d:wined3d_adapter_vk_init_device_extensions     - "VK_EXT_shader_atomic_float".
0024:trace:d3d:wined3d_adapter_vk_init_device_extensions     - "VK_EXT_shader_demote_to_helper_invocation".
0024:trace:d3d:wined3d_adapter_vk_init_device_extensions     - "VK_EXT_shader_stencil_export".
0024:trace:d3d:wined3d_adapter_vk_init_device_extensions     - "VK_EXT_shader_subgroup_ballot".
0024:trace:d3d:wined3d_adapter_vk_init_device_extensions     - "VK_EXT_shader_subgroup_vote".
0024:trace:d3d:wined3d_adapter_vk_init_device_extensions     - "VK_EXT_shader_viewport_index_layer".
0024:trace:d3d:wined3d_adapter_vk_init_device_extensions     - "VK_EXT_subgroup_size_control".
0024:trace:d3d:wined3d_adapter_vk_init_device_extensions     - "VK_EXT_swapchain_maintenance1".
0024:trace:d3d:wined3d_adapter_vk_init_device_extensions     - "VK_EXT_texel_buffer_alignment".
0024:trace:d3d:wined3d_adapter_vk_init_device_extensions     - "VK_EXT_texture_compression_astc_hdr".
0024:trace:d3d:wined3d_adapter_vk_init_device_extensions     - "VK_EXT_tooling_info".
0024:trace:d3d:wined3d_adapter_vk_init_device_extensions     - "VK_EXT_vertex_attribute_divisor".
0024:trace:d3d:wined3d_adapter_vk_init_device_extensions     - "VK_AMD_gpu_shader_half_float".
0024:trace:d3d:wined3d_adapter_vk_init_device_extensions     - "VK_AMD_negative_viewport_height".
0024:trace:d3d:wined3d_adapter_vk_init_device_extensions     - "VK_AMD_shader_image_load_store_lod".
0024:trace:d3d:wined3d_adapter_vk_init_device_extensions     - "VK_AMD_shader_trinary_minmax".
0024:trace:d3d:wined3d_adapter_vk_init_device_extensions     - "VK_IMG_format_pvrtc".
0024:trace:d3d:wined3d_adapter_vk_init_device_extensions     - "VK_INTEL_shader_integer_functions2".
0024:trace:d3d:wined3d_adapter_vk_init_device_extensions Enabling device extension 'VK_EXT_extended_dynamic_state'.
0024:trace:d3d:wined3d_adapter_vk_init_device_extensions Enabling device extension 'VK_EXT_extended_dynamic_state2'.
0024:trace:d3d:wined3d_adapter_vk_init_device_extensions Enabling device extension 'VK_EXT_extended_dynamic_state3'.
0024:trace:d3d:wined3d_adapter_vk_init_device_extensions Enabling device extension 'VK_EXT_host_query_reset'.
0024:trace:d3d:wined3d_adapter_vk_init_device_extensions Enabling device extension 'VK_EXT_shader_stencil_export'.
0024:trace:d3d:wined3d_adapter_vk_init_device_extensions Enabling device extension 'VK_EXT_vertex_attribute_divisor'.
0024:trace:d3d:wined3d_adapter_vk_init_device_extensions Enabling device extension 'VK_KHR_swapchain'.
0024:trace:d3d:wined3d_adapter_vk_init_device_extensions Enabling device extension 'VK_KHR_synchronization2'.
0024:trace:d3d:wined3d_adapter_init adapter 0000000100EA78A0 LUID 00000000:000003ed.
0024:trace:d3d:wined3d_output_init output 0000000100EA48F0, device_name L"\\\\.\\DISPLAY1".
0024:trace:d3d:wined3d_adapter_create_output Initialised output L"\\\\.\\DISPLAY1".
0024:trace:d3d:wined3d_adapter_init Initialised 1 outputs for adapter 0000000100EA78A0.
0024:trace:d3d:adapter_vk_init_driver_info Device name: "Apple GPU".
0024:trace:d3d:adapter_vk_init_driver_info Vendor ID: 0x106b, Device ID: 0x10050006.
0024:trace:d3d:adapter_vk_init_driver_info Driver version: 0x28a2.
0024:trace:d3d:adapter_vk_init_driver_info API version: 1.1.357.
0024:trace:d3d:adapter_vk_init_driver_info Memory heap [0]: flags 0x1, size 0xb7e0c000.
0024:trace:d3d:adapter_vk_init_driver_info Total device memory: 0xb7e0c000.
0024:trace:d3d:adapter_vk_init_driver_info Total shared system memory: 0x0.
0024:trace:d3d:adapter_vk_init_driver_info Memory type [0]: flags 0x1, heap 0.
0024:trace:d3d:adapter_vk_init_driver_info Memory type [1]: flags 0xf, heap 0.
0024:trace:d3d:adapter_vk_init_driver_info Memory type [2]: flags 0x11, heap 0.
0024:fixme:d3d:adapter_vk_init_driver_info Failed to retrieve GPU description for device "Apple GPU" 106b:10050006.
0024:trace:d3d:wined3d_driver_info_init OS version 6.2.
0024:trace:d3d:wined3d_driver_info_init GPU maximum feature level 0x9300.
0024:trace:d3d:get_driver_version_info Looking up version info for driver 0x13, driver_model 0x4.
0024:trace:d3d:get_driver_version_info Looking up version info for driver 0x13, driver_model 0.
0024:trace:d3d:get_driver_version_info Found driver "wined3d.dll", subversion 0, build 0.
0024:trace:d3d:wined3d_adapter_vk_init Reporting (fake) driver version 0x0009000e-0x00000000.
0024:trace:d3d:wined3d_adapter_vk_init Emulating 0xb7e0c000 bytes of video ram.
0024:warn:d3d:init_vulkan_format_info Unsupported format WINED3DFMT_B8G8R8_UNORM.
0024:warn:d3d:init_vulkan_format_info Unsupported format WINED3DFMT_B5G5R5X1_UNORM.
0024:trace:d3d:init_vulkan_format_info Caps 0x00b413 are supported for format WINED3DFMT_B4G4R4A4_UNORM.
0024:warn:d3d:init_vulkan_format_info Unsupported format WINED3DFMT_B2G3R3_UNORM.
0024:warn:d3d:init_vulkan_format_info Unsupported format WINED3DFMT_B2G3R3A8_UNORM.
0024:warn:d3d:init_vulkan_format_info Unsupported format WINED3DFMT_B4G4R4X4_UNORM.
0024:warn:d3d:init_vulkan_format_info Unsupported format WINED3DFMT_R8G8B8X8_UNORM.
0024:warn:d3d:init_vulkan_format_info Unsupported format WINED3DFMT_B10G10R10A2_UNORM.
0024:warn:d3d:init_vulkan_format_info Unsupported format WINED3DFMT_P8_UINT_A8_UNORM.
0024:warn:d3d:init_vulkan_format_info Unsupported format WINED3DFMT_P8_UINT.
0024:warn:d3d:init_vulkan_format_info Unsupported format WINED3DFMT_L8_UNORM.
0024:warn:d3d:init_vulkan_format_info Unsupported format WINED3DFMT_L8A8_UNORM.
0024:warn:d3d:init_vulkan_format_info Unsupported format WINED3DFMT_L4A4_UNORM.
0024:warn:d3d:init_vulkan_format_info Unsupported format WINED3DFMT_R5G5_SNORM_L6_UNORM.
0024:warn:d3d:init_vulkan_format_info Unsupported format WINED3DFMT_R8G8_SNORM_L8X8_UNORM.
0024:warn:d3d:init_vulkan_format_info Unsupported format WINED3DFMT_R10G11B11_SNORM.
0024:warn:d3d:init_vulkan_format_info Unsupported format WINED3DFMT_R10G10B10X2_TYPELESS.
0024:warn:d3d:init_vulkan_format_info Unsupported format WINED3DFMT_R10G10B10X2_UINT.
0024:warn:d3d:init_vulkan_format_info Unsupported format WINED3DFMT_R10G10B10X2_SNORM.
0024:warn:d3d:init_vulkan_format_info Unsupported format WINED3DFMT_R10G10B10_SNORM_A2_UNORM.
0024:warn:d3d:init_vulkan_format_info Unsupported format WINED3DFMT_D16_LOCKABLE.
0024:warn:d3d:init_vulkan_format_info Unsupported format WINED3DFMT_D32_UNORM.
0024:warn:d3d:init_vulkan_format_info Unsupported format WINED3DFMT_S1_UINT_D15_UNORM.
0024:warn:d3d:init_vulkan_format_info Unsupported format WINED3DFMT_X8D24_UNORM.
0024:warn:d3d:init_vulkan_format_info Unsupported format WINED3DFMT_S4X4_UINT_D24_UNORM.
0024:warn:d3d:init_vulkan_format_info Unsupported format WINED3DFMT_L16_UNORM.
0024:warn:d3d:init_vulkan_format_info Unsupported format WINED3DFMT_S8_UINT_D24_FLOAT.
0024:warn:d3d:init_vulkan_format_info Unsupported format WINED3DFMT_R8G8_SNORM_Cx.
0024:warn:d3d:init_vulkan_format_info Unsupported format WINED3DFMT_R32G32B32A32_TYPELESS.
0024:trace:d3d:init_vulkan_format_info Caps 0x009414 are supported for format WINED3DFMT_R32G32B32A32_FLOAT.
0024:trace:d3d:init_vulkan_format_info Caps 0x009414 are supported for format WINED3DFMT_R32G32B32A32_UINT.
0024:trace:d3d:init_vulkan_format_info Caps 0x009414 are supported for format WINED3DFMT_R32G32B32A32_SINT.
0024:warn:d3d:init_vulkan_format_info Unsupported format WINED3DFMT_R32G32B32_TYPELESS.
0024:trace:d3d:init_vulkan_format_info Caps 00000000 are supported for format WINED3DFMT_R32G32B32_FLOAT.
0024:trace:d3d:init_vulkan_format_info Caps 00000000 are supported for format WINED3DFMT_R32G32B32_UINT.
0024:trace:d3d:init_vulkan_format_info Caps 00000000 are supported for format WINED3DFMT_R32G32B32_SINT.
0024:warn:d3d:init_vulkan_format_info Unsupported format WINED3DFMT_R16G16B16A16_TYPELESS.
0024:trace:d3d:init_vulkan_format_info Caps 0x00b417 are supported for format WINED3DFMT_R16G16B16A16_FLOAT.
0024:trace:d3d:init_vulkan_format_info Caps 0x00b417 are supported for format WINED3DFMT_R16G16B16A16_UNORM.
0024:trace:d3d:init_vulkan_format_info Caps 0x009414 are supported for format WINED3DFMT_R16G16B16A16_UINT.
0024:trace:d3d:init_vulkan_format_info Caps 0x00b417 are supported for format WINED3DFMT_R16G16B16A16_SNORM.
0024:trace:d3d:init_vulkan_format_info Caps 0x009414 are supported for format WINED3DFMT_R16G16B16A16_SINT.
0024:warn:d3d:init_vulkan_format_info Unsupported format WINED3DFMT_R32G32_TYPELESS.
0024:trace:d3d:init_vulkan_format_info Caps 0x009415 are supported for format WINED3DFMT_R32G32_FLOAT.
0024:trace:d3d:init_vulkan_format_info Caps 0x009414 are supported for format WINED3DFMT_R32G32_UINT.
0024:trace:d3d:init_vulkan_format_info Caps 0x009414 are supported for format WINED3DFMT_R32G32_SINT.
0024:warn:d3d:init_vulkan_format_info Unsupported format WINED3DFMT_R32G8X24_TYPELESS.
0024:trace:d3d:init_vulkan_format_info Caps 0x009408 are supported for format WINED3DFMT_D32_FLOAT_S8X24_UINT.
0024:trace:d3d:init_vulkan_format_info Caps 0x009408 are supported for format WINED3DFMT_R32_FLOAT_X8X24_TYPELESS.
0024:trace:d3d:init_vulkan_format_info Caps 0x009408 are supported for format WINED3DFMT_X32_TYPELESS_G8X24_UINT.
0024:warn:d3d:init_vulkan_format_info Unsupported format WINED3DFMT_R10G10B10A2_TYPELESS.
0024:trace:d3d:init_vulkan_format_info Caps 0x00b417 are supported for format WINED3DFMT_R10G10B10A2_UNORM.
0024:warn:d3d:init_vulkan_format_info Unsupported format WINED3DFMT_R10G10B10A2_UINT.
0024:warn:d3d:init_vulkan_format_info Unsupported format WINED3DFMT_R10G10B10A2_SNORM.
0024:trace:d3d:init_vulkan_format_info Caps 0x00b417 are supported for format WINED3DFMT_R11G11B10_FLOAT.
0024:warn:d3d:init_vulkan_format_info Unsupported format WINED3DFMT_R8G8B8A8_TYPELESS.
0024:trace:d3d:init_vulkan_format_info Caps 0x00b417 are supported for format WINED3DFMT_R8G8B8A8_UNORM.
0024:trace:d3d:init_vulkan_format_info Caps 0x00b417 are supported for format WINED3DFMT_R8G8B8A8_UNORM_SRGB.
0024:trace:d3d:init_vulkan_format_info Caps 0x009414 are supported for format WINED3DFMT_R8G8B8A8_UINT.
0024:trace:d3d:init_vulkan_format_info Caps 0x00b417 are supported for format WINED3DFMT_R8G8B8A8_SNORM.
0024:trace:d3d:init_vulkan_format_info Caps 0x009414 are supported for format WINED3DFMT_R8G8B8A8_SINT.
0024:warn:d3d:init_vulkan_format_info Unsupported format WINED3DFMT_R16G16_TYPELESS.
0024:trace:d3d:init_vulkan_format_info Caps 0x00b417 are supported for format WINED3DFMT_R16G16_FLOAT.
0024:trace:d3d:init_vulkan_format_info Caps 0x00b417 are supported for format WINED3DFMT_R16G16_UNORM.
0024:trace:d3d:init_vulkan_format_info Caps 0x009414 are supported for format WINED3DFMT_R16G16_UINT.
0024:trace:d3d:init_vulkan_format_info Caps 0x00b417 are supported for format WINED3DFMT_R16G16_SNORM.
0024:trace:d3d:init_vulkan_format_info Caps 0x009414 are supported for format WINED3DFMT_R16G16_SINT.
0024:warn:d3d:init_vulkan_format_info Unsupported format WINED3DFMT_R32_TYPELESS.
0024:trace:d3d:init_vulkan_format_info Caps 0x009408 are supported for format WINED3DFMT_D32_FLOAT.
0024:trace:d3d:init_vulkan_format_info Caps 0x009415 are supported for format WINED3DFMT_R32_FLOAT.
0024:trace:d3d:init_vulkan_format_info Caps 0x009414 are supported for format WINED3DFMT_R32_UINT.
0024:trace:d3d:init_vulkan_format_info Caps 0x009414 are supported for format WINED3DFMT_R32_SINT.
0024:warn:d3d:init_vulkan_format_info Unsupported format WINED3DFMT_R24G8_TYPELESS.
0024:warn:d3d:init_vulkan_format_info Mapping VK_FORMAT_D24_UNORM_S8_UINT to VK_FORMAT_D32_SFLOAT_S8_UINT.
0024:trace:d3d:init_vulkan_format_info Caps 0x009408 are supported for format WINED3DFMT_D24_UNORM_S8_UINT.
0024:warn:d3d:init_vulkan_format_info Unsupported format WINED3DFMT_R24_UNORM_X8_TYPELESS.
0024:warn:d3d:init_vulkan_format_info Unsupported format WINED3DFMT_X24_TYPELESS_G8_UINT.
0024:warn:d3d:init_vulkan_format_info Unsupported format WINED3DFMT_R8G8_TYPELESS.
0024:trace:d3d:init_vulkan_format_info Caps 0x00b417 are supported for format WINED3DFMT_R8G8_UNORM.
0024:trace:d3d:init_vulkan_format_info Caps 0x009414 are supported for format WINED3DFMT_R8G8_UINT.
0024:trace:d3d:init_vulkan_format_info Caps 0x00b417 are supported for format WINED3DFMT_R8G8_SNORM.
0024:trace:d3d:init_vulkan_format_info Caps 0x009414 are supported for format WINED3DFMT_R8G8_SINT.
0024:warn:d3d:init_vulkan_format_info Unsupported format WINED3DFMT_R16_TYPELESS.
0024:trace:d3d:init_vulkan_format_info Caps 0x00b417 are supported for format WINED3DFMT_R16_FLOAT.
0024:trace:d3d:init_vulkan_format_info Caps 0x00940a are supported for format WINED3DFMT_D16_UNORM.
0024:trace:d3d:init_vulkan_format_info Caps 0x00b417 are supported for format WINED3DFMT_R16_UNORM.
0024:trace:d3d:init_vulkan_format_info Caps 0x009414 are supported for format WINED3DFMT_R16_UINT.
0024:trace:d3d:init_vulkan_format_info Caps 0x00b417 are supported for format WINED3DFMT_R16_SNORM.
0024:trace:d3d:init_vulkan_format_info Caps 0x009414 are supported for format WINED3DFMT_R16_SINT.
0024:warn:d3d:init_vulkan_format_info Unsupported format WINED3DFMT_R8_TYPELESS.
0024:trace:d3d:init_vulkan_format_info Caps 0x00b417 are supported for format WINED3DFMT_R8_UNORM.
0024:trace:d3d:init_vulkan_format_info Caps 0x009414 are supported for format WINED3DFMT_R8_UINT.
0024:trace:d3d:init_vulkan_format_info Caps 0x00b417 are supported for format WINED3DFMT_R8_SNORM.
0024:trace:d3d:init_vulkan_format_info Caps 0x009414 are supported for format WINED3DFMT_R8_SINT.
0024:trace:d3d:init_vulkan_format_info Caps 0x00b417 are supported for format WINED3DFMT_A8_UNORM.
0024:trace:d3d:init_vulkan_format_info Caps 0x00b417 are supported for format WINED3DFMT_R9G9B9E5_SHAREDEXP.
0024:trace:d3d:init_vulkan_format_info Caps 0x009414 are supported for format WINED3DFMT_NV12_PLANAR.
0024:warn:d3d:init_vulkan_format_info Unsupported format WINED3DFMT_BC1_TYPELESS.
0024:trace:d3d:init_vulkan_format_info Caps 00000000 are supported for format WINED3DFMT_BC1_UNORM.
0024:trace:d3d:init_vulkan_format_info Caps 00000000 are supported for format WINED3DFMT_BC1_UNORM_SRGB.
0024:warn:d3d:init_vulkan_format_info Unsupported format WINED3DFMT_BC2_TYPELESS.
0024:trace:d3d:init_vulkan_format_info Caps 00000000 are supported for format WINED3DFMT_BC2_UNORM.
0024:trace:d3d:init_vulkan_format_info Caps 00000000 are supported for format WINED3DFMT_BC2_UNORM_SRGB.
0024:warn:d3d:init_vulkan_format_info Unsupported format WINED3DFMT_BC3_TYPELESS.
0024:trace:d3d:init_vulkan_format_info Caps 00000000 are supported for format WINED3DFMT_BC3_UNORM.
0024:trace:d3d:init_vulkan_format_info Caps 00000000 are supported for format WINED3DFMT_BC3_UNORM_SRGB.
0024:warn:d3d:init_vulkan_format_info Unsupported format WINED3DFMT_BC4_TYPELESS.
0024:trace:d3d:init_vulkan_format_info Caps 00000000 are supported for format WINED3DFMT_BC4_UNORM.
0024:trace:d3d:init_vulkan_format_info Caps 00000000 are supported for format WINED3DFMT_BC4_SNORM.
0024:warn:d3d:init_vulkan_format_info Unsupported format WINED3DFMT_BC5_TYPELESS.
0024:trace:d3d:init_vulkan_format_info Caps 00000000 are supported for format WINED3DFMT_BC5_UNORM.
0024:trace:d3d:init_vulkan_format_info Caps 00000000 are supported for format WINED3DFMT_BC5_SNORM.
0024:trace:d3d:init_vulkan_format_info Caps 0x00b413 are supported for format WINED3DFMT_B5G6R5_UNORM.
0024:trace:d3d:init_vulkan_format_info Caps 0x00b413 are supported for format WINED3DFMT_B5G5R5A1_UNORM.
0024:trace:d3d:init_vulkan_format_info Caps 0x00b417 are supported for format WINED3DFMT_B8G8R8A8_UNORM.
0024:trace:d3d:init_vulkan_format_info Caps 0x00b417 are supported for format WINED3DFMT_B8G8R8X8_UNORM.
0024:warn:d3d:init_vulkan_format_info Unsupported format WINED3DFMT_B8G8R8A8_TYPELESS.
0024:trace:d3d:init_vulkan_format_info Caps 0x00b417 are supported for format WINED3DFMT_B8G8R8A8_UNORM_SRGB.
0024:warn:d3d:init_vulkan_format_info Unsupported format WINED3DFMT_B8G8R8X8_TYPELESS.
0024:trace:d3d:init_vulkan_format_info Caps 0x00b417 are supported for format WINED3DFMT_B8G8R8X8_UNORM_SRGB.
0024:warn:d3d:init_vulkan_format_info Unsupported format WINED3DFMT_BC6H_TYPELESS.
0024:trace:d3d:init_vulkan_format_info Caps 00000000 are supported for format WINED3DFMT_BC6H_UF16.
0024:trace:d3d:init_vulkan_format_info Caps 00000000 are supported for format WINED3DFMT_BC6H_SF16.
0024:warn:d3d:init_vulkan_format_info Unsupported format WINED3DFMT_BC7_TYPELESS.
0024:trace:d3d:init_vulkan_format_info Caps 00000000 are supported for format WINED3DFMT_BC7_UNORM.
0024:trace:d3d:init_vulkan_format_info Caps 00000000 are supported for format WINED3DFMT_BC7_UNORM_SRGB.
0024:warn:d3d:init_vulkan_format_info Unsupported format WINED3DFMT_UYVY.
0024:warn:d3d:init_vulkan_format_info Unsupported format WINED3DFMT_YUY2.
0024:warn:d3d:init_vulkan_format_info Unsupported format WINED3DFMT_YV12.
0024:trace:d3d:init_vulkan_format_info Caps 00000000 are supported for format WINED3DFMT_DXT1.
0024:trace:d3d:init_vulkan_format_info Caps 00000000 are supported for format WINED3DFMT_DXT2.
0024:trace:d3d:init_vulkan_format_info Caps 00000000 are supported for format WINED3DFMT_DXT3.
0024:trace:d3d:init_vulkan_format_info Caps 00000000 are supported for format WINED3DFMT_DXT4.
0024:trace:d3d:init_vulkan_format_info Caps 00000000 are supported for format WINED3DFMT_DXT5.
0024:warn:d3d:init_vulkan_format_info Unsupported format WINED3DFMT_MULTI2_ARGB8.
0024:warn:d3d:init_vulkan_format_info Unsupported format WINED3DFMT_G8R8_G8B8.
0024:warn:d3d:init_vulkan_format_info Unsupported format WINED3DFMT_R8G8_B8G8.
0024:warn:d3d:init_vulkan_format_info Unsupported format WINED3DFMT_ATI1N.
0024:warn:d3d:init_vulkan_format_info Unsupported format WINED3DFMT_ATI2N.
0024:warn:d3d:init_vulkan_format_info Unsupported format WINED3DFMT_INST.
0024:warn:d3d:init_vulkan_format_info Unsupported format WINED3DFMT_NVDB.
0024:warn:d3d:init_vulkan_format_info Unsupported format WINED3DFMT_NVHU.
0024:warn:d3d:init_vulkan_format_info Unsupported format WINED3DFMT_NVHS.
0024:warn:d3d:init_vulkan_format_info Unsupported format WINED3DFMT_INTZ.
0024:warn:d3d:init_vulkan_format_info Unsupported format WINED3DFMT_RESZ.
0024:warn:d3d:init_vulkan_format_info Unsupported format WINED3DFMT_NULL.
0024:warn:d3d:init_vulkan_format_info Unsupported format WINED3DFMT_R16.
0024:warn:d3d:init_vulkan_format_info Unsupported format WINED3DFMT_AL16.
0024:warn:d3d:init_vulkan_format_info Unsupported format WINED3DFMT_NV12.
0024:warn:d3d:init_vulkan_format_info Unsupported format WINED3DFMT_ATOC.
0024:trace:d3d:wined3d_adapter_vk_create Created adapter 0000000100EA78A0.
0024:trace:d3d:wined3d_create Created wined3d object 0000000100EA6C70.
0024:trace:dxgi:dxgi_factory_create Created factory 0000000100EA70E0.
0024:trace:dxgi:dxgi_factory_QueryInterface iface 0000000100EA70E0, iid {7b7166ec-21c7-44ae-b21a-c9ae321ae369}, out 00000001049FFED8.
0024:trace:dxgi:dxgi_factory_AddRef 0000000100EA70E0 increasing refcount to 2.
0024:trace:dxgi:dxgi_factory_Release 0000000100EA70E0 decreasing refcount to 1.
0024:trace:dxgi:dxgi_factory_EnumAdapters iface 0000000100EA70E0, adapter_idx 0, adapter 00000001049FFF38.
0024:trace:dxgi:dxgi_factory_EnumAdapters1 iface 0000000100EA70E0, adapter_idx 0, adapter 00000001049FFF38.
0024:trace:d3d:wined3d_get_adapter_count wined3d 0000000100EA6C70, reporting 1 adapters.
0024:trace:d3d:wined3d_get_adapter wined3d 0000000100EA6C70, idx 0.
0024:trace:dxgi:dxgi_factory_AddRef 0000000100EA70E0 increasing refcount to 2.
0024:trace:dxgi:dxgi_factory_EnumAdapters1 Returning adapter 0000000100EA7120.
0024:trace:d3d11:D3D11CoreCreateDevice factory 0000000100EA70E0, adapter 0000000100EA7120, flags 0, feature_levels 0000000140002020, levels 3, device 00000001049FFED0.
0024:trace:dxgi:DXGID3D10CreateDevice d3d10core 000000017F2E0000, factory 0000000100EA70E0, adapter 0000000100EA7120, flags 0, feature_levels 0000000140002020, level_count 3, device 00000001049FFE58.
0024:trace:dxgi:dump_feature_levels Feature levels (count = 3):
0024:trace:dxgi:dump_feature_levels     [0] = D3D_FEATURE_LEVEL_11_0.
0024:trace:dxgi:dump_feature_levels     [1] = D3D_FEATURE_LEVEL_10_1.
0024:trace:dxgi:dump_feature_levels     [2] = D3D_FEATURE_LEVEL_10_0.
0024:trace:dxgi:DXGID3D10RegisterLayers layers 000000017F331410, layer_count 1
0024:trace:dxgi:DXGID3D10RegisterLayers layer 0: id 0xffffffff, init 000000017F2F350C, get_size 000000017F2F3598, create 000000017F2F3618
0024:trace:d3d11:layer_init id 0xffffffff, count 00000001049FFE3C, values 0000000000000000
0024:trace:d3d11:layer_get_size id 0xffffffff, args 00000001049FFDC8, unknown0 0.
0024:trace:dxgi:dxgi_factory_QueryInterface iface 0000000100EA70E0, iid {ea02a0d1-4c95-488a-a82c-6034621e8c4f}, out 00000001049FFCA8.
0024:trace:dxgi:dxgi_factory_AddRef 0000000100EA70E0 increasing refcount to 3.
0024:trace:dxgi:dxgi_factory_Release 0000000100EA70E0 decreasing refcount to 2.
0024:trace:dxgi:dxgi_adapter_QueryInterface iface 0000000100EA7120, iid {17399d75-964e-4c03-99f8-9d4fd196dd62}, out 00000001049FFCA8.
0024:trace:dxgi:dxgi_adapter_AddRef 0000000100EA7120 increasing refcount to 2.
0024:trace:dxgi:dxgi_adapter_Release 0000000100EA7120 decreasing refcount to 1.
0024:trace:d3d11:layer_create id 0xffffffff, layer_base 00000001049FFCD8, unknown0 0, device_object 0000000100EA8870, riid {00000000-0000-0000-c000-000000000046}, device_layer 0000000100EA8880.
0024:trace:dxgi:dxgi_device_AddRef 0000000100EA8870 increasing refcount to 2
0024:trace:d3d11:d3d11_device_context_Release 0000000100EA8900 decreasing refcount to 0.
0024:trace:dxgi:dxgi_device_Release 0000000100EA8870 decreasing refcount to 1.
0024:trace:d3d11:layer_create Created d3d10 device at 0000000100EA88B8
0024:trace:dxgi:dxgi_device_QueryInterface iface 0000000100EA8870, riid {f2b918f3-603f-430a-9ccd-55872b6e85df}, object 00000001049FFD78
0024:trace:dxgi:dxgi_device_QueryInterface Forwarding to child layer 0000000100EA88B8.
0024:trace:d3d11:d3d_device_inner_QueryInterface iface 0000000100EA88B8, riid {f2b918f3-603f-430a-9ccd-55872b6e85df}, out 00000001049FFD78.
0024:trace:dxgi:dxgi_device_AddRef 0000000100EA8870 increasing refcount to 2
0024:trace:dxgi:dxgi_device_Release 0000000100EA8870 decreasing refcount to 1.
0024:trace:d3d:wined3d_device_create wined3d 0000000100EA6C70, adapter 0000000100EA78A0, device_type 0x1, focus_window 0000000000000000, flags 0, surface_alignment 4, feature_levels 0000000140002020, feature_level_count 3, device_parent 0000000100EA8948, device 0000000100EA88A0.
0024:warn:d3d:wined3d_select_vulkan_queue_family Failed to find queue supporting 0x20.
[mvk-info] Vulkan semaphores using MTLEvent.
[mvk-info] Descriptor sets binding resources using Metal3 argument buffers.
[mvk-info] Created VkDevice to run on GPU Apple A13 GPU with the following 8 Vulkan extensions enabled:
	VK_KHR_swapchain v70
	VK_KHR_synchronization2 v1
	VK_EXT_extended_dynamic_state v1
	VK_EXT_extended_dynamic_state2 v1
	VK_EXT_extended_dynamic_state3 v2
	VK_EXT_host_query_reset v1
	VK_EXT_shader_stencil_export v1
	VK_EXT_vertex_attribute_divisor v3
0024:trace:d3d:wined3d_incref 0000000100EA6C70 increasing refcount to 2.
0024:err:d3d:validate_state_table State STATE_RENDER(WINED3D_RS_FOGENABLE) (0x1c) should have a representative.
0024:err:d3d:validate_state_table State STATE_RENDER(WINED3D_RS_SPECULARENABLE) (0x1d) should have a representative.
0024:err:d3d:validate_state_table State STATE_RENDER(WINED3D_RS_COLORKEYENABLE) (0x29) should have a representative.
0024:err:d3d:validate_state_table State STATE_RENDER(WINED3D_RS_RANGEFOGENABLE) (0x30) should have a representative.
0024:err:d3d:validate_state_table State STATE_RENDER(WINED3D_RS_LIGHTING) (0x89) should have a representative.
0024:err:d3d:validate_state_table State STATE_RENDER(WINED3D_RS_COLORVERTEX) (0x8d) should have a representative.
0024:err:d3d:validate_state_table State STATE_RENDER(WINED3D_RS_LOCALVIEWER) (0x8e) should have a representative.
0024:err:d3d:validate_state_table State STATE_RENDER(WINED3D_RS_NORMALIZENORMALS) (0x8f) should have a representative.
0024:err:d3d:validate_state_table State STATE_RENDER(WINED3D_RS_DIFFUSEMATERIALSOURCE) (0x91) should have a representative.
0024:err:d3d:validate_state_table State STATE_RENDER(WINED3D_RS_SPECULARMATERIALSOURCE) (0x92) should have a representative.
0024:err:d3d:validate_state_table State STATE_RENDER(WINED3D_RS_AMBIENTMATERIALSOURCE) (0x93) should have a representative.
0024:err:d3d:validate_state_table State STATE_RENDER(WINED3D_RS_EMISSIVEMATERIALSOURCE) (0x94) should have a representative.
0024:err:d3d:validate_state_table State STATE_RENDER(WINED3D_RS_VERTEXBLEND) (0x97) should have a representative.
0024:trace:d3d:wined3d_state_create device 000000010872E7D0, levels 0000000140002020, level_count 3, state 0000000109010050.
0024:warn:d3d:wined3d_device_init Failed to create command stream.
0024:trace:d3d:wined3d_decref 0000000100EA6C70 decreasing refcount to 1.
0024:warn:d3d:adapter_vk_create_device Failed to initialize device, hr 0x80004005.
[mvk-info] Destroyed VkDevice on GPU Apple A13 GPU with 8 Vulkan extensions enabled.
0024:warn:dxgi:dxgi_device_init Failed to create a wined3d device, returning 0x80004005.
0024:trace:d3d11:d3d_device_inner_Release 0000000100EA88B8 decreasing refcount to 0.
0024:warn:dxgi:DXGID3D10CreateDevice Failed to initialize device, hr 0x80004005.
0024:warn:d3d11:D3D11CoreCreateDevice Failed to create device, returning 0x80004005.
0024:trace:dxgi:dxgi_adapter_Release 0000000100EA7120 decreasing refcount to 0.
0024:trace:dxgi:dxgi_factory_Release 0000000100EA70E0 decreasing refcount to 1.
0024:trace:dxgi:dxgi_factory_Release 0000000100EA70E0 decreasing refcount to 0.
0024:trace:d3d:wined3d_decref 0000000100EA6C70 decreasing refcount to 0.
[mvk-info] Destroyed VkPhysicalDevice for GPU Apple A13 GPU with 0 MB of GPU memory still allocated.
[mvk-info] Destroying VkInstance for Vulkan version 1.1.357 with 4 Vulkan extensions enabled.
0024:trace:d3d:wined3d_output_cleanup output 0000000100EA48F0.
0024:warn:d3d11:d3d11_create_device Failed to create a device, returning 0x80004005.
DISPLAY_CLIENT_CLOSED fd=7 pid=18133
[JuiceWine parent] child exited with 1
