JUICE_TEXT_HOST_LISTENING socket=/tmp/jdisp-v20.sock
[JuiceWine parent] launching /private/var/containers/Bundle/Application/CC5BA8E5-587D-4BCE-957C-34B8AD5CD6CA/Juice.app/Grape/build/wine-ios/loader/wine
[JuiceWine parent] child PID=89720
[JuiceWine parent] launching /private/var/containers/Bundle/Application/CC5BA8E5-587D-4BCE-957C-34B8AD5CD6CA/Juice.app/Grape/build/wine-ios/loader/wine
[JuiceWine parent] child PID=89721
[JuiceWine] PT_TRACE_ME succeeded; csflags=0x3280780d CS_DEBUGGED=YES
[JuiceWine] requesting controlled tracer detach
[JuiceWine parent] child stopped pid=89721 signal=17 (Suspended (signal): 17)
[JuiceWine parent] PT_DETACH pid=89721 result=0
[JuiceWine parent] child now running untraced
[JuiceWine] resumed after tracer detach; csflags=0x3280780d CS_DEBUGGED=YES
[JuiceStage] wineboot disabled by JUICE_SKIP_WINEBOOT=1
[JuiceWine] anonymous PE executable section .text at 0x101e20000 size=65536
[JuiceWine] anonymous PE executable section .text at 0x101e40000 size=65536
[JuiceStage] loading Windows ntdll; transfer=0x101e425e8 teb=0x2d7ff8000 peb=0x2d7ffc000
[JuiceWine] anonymous PE executable section .text at 0x2d7c30000 size=524288
[JuiceStage] load_ntdll returned; transfer=0x101e425e8
[JuiceStage] load_wow64_ntdll returned
[JuiceStage] calling load_apiset_dll
[JuiceStage] load_apiset_dll returned; stack_base=0x102010000 stack_limit=0x101f18000
[JuiceStage] calling server_init_process_done
[JuiceStage] server_init_process_done entered
[JuiceStage] calling signal_init_process; teb=0x2d7ff8000
[JuiceStage] signal_init_process returned
[JuiceStage] init_teb_data returned; syscall_frame=0x101e0fcd0 stack_base=0x102010000 stack_limit=0x101f18000
[JuiceStage] init_process_done server call returned; status=00000000 suspend=0 transfer=0x101e425e8 teb=0x2d7ff8000 peb=0x2d7ffc000
[JuiceStage] calling signal_start_thread
[JuiceStage] init_syscall_frame entered; entry=0x101e425e8 arg=0x2d7ffc000 teb=0x2d7ff8000 data=0x101d00000 frame=0x101e0fcd0 stack_base=0x102010000 stack_limit=0x101f18000
[JuiceStage] calling signal_set_full_context; ctx=0x10200fc70 target_pc=0x2d7c86bb0 target_sp=0x102010000 target_x18=0x2d7ff8000 LdrInitializeThunk=0x2d7c86bd0 RtlUserThreadStart=0x2d7c86bb0
[JuiceStage] signal_set_full_context returned; status=00000000 frame_pc=0x2d7c86bb0 frame_sp=0x102010000 frame_x18=0x2d7ff8000 restore=00400007
[JuiceStage] init_syscall_frame complete; dispatcher_pc=0x2d7c86bd0 user_sp=0x10200fc70 x16=0x2d7c86bd0 x17=0x10200fc70 x18=0x2d7ff8000 restore=00400007
[JuiceX18] broad #1 pc=0x2d7c641c8 fault=0x17ee instr=796fde48 x8=0x0 x16=0x2d7c86bd0 x17=0x10200fc70 x18=0x0 teb=0x2d7ff8000
[JuiceX18] broad #2 pc=0x2d7c8d6b8 fault=0x60 instr=f940324b x8=0x10200fa40 x16=0x2d7c641c8 x17=0x10200fc70 x18=0x0 teb=0x2d7ff8000
[JuiceX18] broad #3 pc=0x100ffd464 fault=0x378 instr=f941be4a x8=0x18 x16=0x100ffd460 x17=0x10200fc70 x18=0x0 teb=0x2d7ff8000
[JuiceX18] broad #4 pc=0x2d7c8e148 fault=0x60 instr=f9403248 x8=0x100f80090 x16=0xffff x17=0x10200fa30 x18=0x0 teb=0x2d7ff8000
[JuiceX18] broad #5 pc=0x2d7c642e0 fault=0x180c instr=b9580e48 x8=0x0 x16=0x2d7c84ab4 x17=0x10200fa60 x18=0x0 teb=0x2d7ff8000
[JuiceX18] broad #6 pc=0x2d7c57574 fault=0x60 instr=f9403248 x8=0x200 x16=0x2d7c642e0 x17=0x10200fc70 x18=0x0 teb=0x2d7ff8000
[JuiceX18] broad #7 pc=0x2d7c58de8 fault=0x0 instr=f940024a x8=0xfffffffffffffffe x16=0x2d7c84b74 x17=0x10200f830 x18=0x0 teb=0x2d7ff8000
[JuiceX18] broad #8 pc=0x2d7c5632c fault=0x60 instr=f9403248 x8=0x100f832c0 x16=0x2d7cbc6c8 x17=0x2d7cbc89f x18=0x0 teb=0x2d7ff8000
[JuiceX18] broad #9 pc=0x100ffd53c fault=0x380 instr=b943824b x8=0x49 x16=0x101044df0 x17=0x10200f7a0 x18=0x0 teb=0x2d7ff8000
[JuiceX18] broad #10 pc=0x2d7c58de8 fault=0x0 instr=f940024a x8=0xa x16=0x2d7c850d4 x17=0x10200f7a0 x18=0x0 teb=0x2d7ff8000
[JuiceX18] broad #11 pc=0x2d7c56a50 fault=0x60 instr=f9403248 x8=0xffffffe3 x16=0x2d7cbc634 x17=0x10200f69c x18=0x0 teb=0x2d7ff8000
[JuiceX18] broad #12 pc=0x2d7c56a50 fault=0x60 instr=f9403248 x8=0x1c x16=0x2d7c56a50 x17=0x10200fc70 x18=0x0 teb=0x2d7ff8000
[JuiceX18] broad #13 pc=0x2d7c8bb7c fault=0x48 instr=b9404a48 x8=0x100f800d8 x16=0x2d7c56a50 x17=0x10200fc70 x18=0x0 teb=0x2d7ff8000
[JuiceX18] broad #14 pc=0x2d7c56abc fault=0x60 instr=f9403248 x8=0x0 x16=0x2d7c8bb7c x17=0x10200fc70 x18=0x0 teb=0x2d7ff8000
[JuiceX18] broad #15 pc=0x2d7c9701c fault=0x60 instr=f9403248 x8=0x101048330 x16=0x2d7c84994 x17=0x10200fad0 x18=0x0 teb=0x2d7ff8000
[JuiceX18] broad #16 pc=0x100ffd464 fault=0x378 instr=f941be4a x8=0x21 x16=0x100ffd460 x17=0x10200f740 x18=0x0 teb=0x2d7ff8000
[JuiceX18] broad #17 pc=0x100ffd464 fault=0x378 instr=f941be4a x8=0x12 x16=0x100ffd460 x17=0x10200f740 x18=0x0 teb=0x2d7ff8000
[JuiceX18] broad #18 pc=0x100ffd464 fault=0x378 instr=f941be4a x8=0x50 x16=0x100ffd460 x17=0x10200fa20 x18=0x0 teb=0x2d7ff8000
[JuiceX18] broad #19 pc=0x2d7c64124 fault=0x0 instr=f9400249 x8=0x2d7c9f1ec x16=0x2d7c851b4 x17=0x10200fa20 x18=0x0 teb=0x2d7ff8000
[JuiceX18] broad #20 pc=0x2d7c58de8 fault=0x0 instr=f940024a x8=0x18 x16=0x2d7c84c14 x17=0x10200fa70 x18=0x0 teb=0x2d7ff8000
[JuiceX18] broad #21 pc=0x2d7c48070 fault=0x2c8 instr=f9416648 x8=0x2d7cba860 x16=0x2d7cbc634 x17=0x10200f6a2 x18=0x0 teb=0x2d7ff8000
[JuiceWine] anonymous PE executable section .text at 0x2d7a50000 size=196608
[JuiceX18] broad #22 pc=0x100ffd464 fault=0x378 instr=f941be4a x8=0x50 x16=0x100ffd460 x17=0x10200f8b0 x18=0x0 teb=0x2d7ff8000
[JuiceX18] broad #23 pc=0x2d7c79318 fault=0x0 instr=f9400249 x8=0x2d7c9f1ec x16=0x2d7c851b4 x17=0x10200f8b0 x18=0x0 teb=0x2d7ff8000
[JuiceX18] broad #24 pc=0x2d7c793cc fault=0x0 instr=f9000249 x8=0x0 x16=0x2d7c79318 x17=0x10200fc70 x18=0x0 teb=0x2d7ff8000
[JuiceX18] broad #25 pc=0x2d7c66c3c fault=0x60 instr=f9403248 x8=0x2d7a8f3e8 x16=0x2d7c793cc x17=0x10200fc70 x18=0x0 teb=0x2d7ff8000
[JuiceWine] anonymous PE executable section .text at 0x2d7660000 size=524288
[JuiceX18] broad #26 pc=0x2d7c8bb7c fault=0x48 instr=b9404a48 x8=0x100f800d8 x16=0x2d7c84cb4 x17=0x10200f410 x18=0x0 teb=0x2d7ff8000
[JuiceX18] broad #27 pc=0x100ffd464 fault=0x378 instr=f941be4a x8=0x50 x16=0x100ffd460 x17=0x10200f360 x18=0x0 teb=0x2d7ff8000
[JuiceX18] broad #28 pc=0x2d7c79318 fault=0x0 instr=f9400249 x8=0x2d7c9f1ec x16=0x2d7c851b4 x17=0x10200f360 x18=0x0 teb=0x2d7ff8000
[JuiceX18] broad #29 pc=0x2d7c793cc fault=0x0 instr=f9000249 x8=0x0 x16=0x2d7c79318 x17=0x10200fc70 x18=0x0 teb=0x2d7ff8000
[JuiceX18] broad #30 pc=0x2d7c66c3c fault=0x60 instr=f9403248 x8=0x2d7707dd0 x16=0x2d7c793cc x17=0x10200fc70 x18=0x0 teb=0x2d7ff8000
[JuiceX18] broad #31 pc=0x100ffd464 fault=0x378 instr=f941be4a x8=0x50 x16=0x100ffd460 x17=0x10200fc70 x18=0x0 teb=0x2d7ff8000
[JuiceX18] broad #32 pc=0x100ffd464 fault=0x378 instr=f941be4a x8=0x50 x16=0x100ffd460 x17=0x10200f030 x18=0x0 teb=0x2d7ff8000
[JuiceWine] anonymous PE executable section .text at 0x2d6a40000 size=524288
[JuiceWine] anonymous PE executable section .text at 0x2d6900000 size=131072
[JuiceWine] anonymous PE executable section .text at 0x2d6840000 size=65536
[JuiceWine] anonymous PE executable section .text at 0x2d66c0000 size=196608
[JuiceWine] anonymous PE executable section .text at 0x2d65e0000 size=65536
[JuiceWine] anonymous PE executable section .text at 0x2d6290000 size=589824
[JuiceWine] anonymous PE executable section .text at 0x2d5fa0000 size=458752
[JuiceWine] anonymous PE executable section .text at 0x2d5ab0000 size=589824
[JuiceWine] anonymous PE executable section .text at 0x2d5830000 size=327680
[JuiceWine] anonymous PE executable section .text at 0x2d5740000 size=196608
[JuiceWine] anonymous PE executable section .text at 0x2d5650000 size=65536
[JuiceWine parent] launching /private/var/containers/Bundle/Application/CC5BA8E5-587D-4BCE-957C-34B8AD5CD6CA/Juice.app/Grape/build/wine-ios/loader/wine
[JuiceWine parent] child PID=89724
[JuiceWine] PT_TRACE_ME succeeded; csflags=0x3280780d CS_DEBUGGED=YES
[JuiceWine] requesting controlled tracer detach
[JuiceWine parent] child stopped pid=89724 signal=17 (Suspended (signal): 17)
[JuiceWine parent] PT_DETACH pid=89724 result=0
[JuiceWine parent] child now running untraced
[JuiceWine] resumed after tracer detach; csflags=0x3280780d CS_DEBUGGED=YES
[JuiceWine] anonymous PE executable section .text at 0x140010000 size=65536
[JuiceStage] loading Windows ntdll; transfer=0x140013bdc teb=0x2d7ff8000 peb=0x2d7ffc000
[JuiceWine] anonymous PE executable section .text at 0x2d7c30000 size=524288
[JuiceStage] load_ntdll returned; transfer=0x140013bdc
[JuiceStage] load_wow64_ntdll returned
[JuiceStage] calling load_apiset_dll
[JuiceStage] load_apiset_dll returned; stack_base=0x106700000 stack_limit=0x106608000
[JuiceStage] calling server_init_process_done
[JuiceStage] server_init_process_done entered
[JuiceStage] calling signal_init_process; teb=0x2d7ff8000
[JuiceStage] signal_init_process returned
[JuiceStage] init_teb_data returned; syscall_frame=0x10570fcd0 stack_base=0x106700000 stack_limit=0x106608000
[JuiceStage] init_process_done server call returned; status=00000000 suspend=1 transfer=0x140013bdc teb=0x2d7ff8000 peb=0x2d7ffc000
[JuiceStage] calling signal_start_thread
[JuiceStage] init_syscall_frame entered; entry=0x140013bdc arg=0x2d7ffc000 teb=0x2d7ff8000 data=0x105600000 frame=0x10570fcd0 stack_base=0x106700000 stack_limit=0x106608000
[JuiceStage] calling signal_set_full_context; ctx=0x1066ffc70 target_pc=0x2d7c86bb0 target_sp=0x106700000 target_x18=0x2d7ff8000 LdrInitializeThunk=0x2d7c86bd0 RtlUserThreadStart=0x2d7c86bb0
[JuiceStage] signal_set_full_context returned; status=00000000 frame_pc=0x2d7c86bb0 frame_sp=0x106700000 frame_x18=0x2d7ff8000 restore=00400007
[JuiceStage] init_syscall_frame complete; dispatcher_pc=0x2d7c86bd0 user_sp=0x1066ffc70 x16=0x2d7c86bd0 x17=0x1066ffc70 x18=0x2d7ff8000 restore=00400007
[JuiceX18] broad #1 pc=0x2d7c641c8 fault=0x17ee instr=796fde48 x8=0x0 x16=0x2d7c86bd0 x17=0x1066ffc70 x18=0x0 teb=0x2d7ff8000
[JuiceX18] broad #2 pc=0x2d7c8d6b8 fault=0x60 instr=f940324b x8=0x1066ffa40 x16=0x2d7c641c8 x17=0x1066ffc70 x18=0x0 teb=0x2d7ff8000
[JuiceX18] broad #3 pc=0x102d31464 fault=0x378 instr=f941be4a x8=0x18 x16=0x102d31460 x17=0x1066ffc70 x18=0x0 teb=0x2d7ff8000
[JuiceX18] broad #4 pc=0x2d7c8e148 fault=0x60 instr=f9403248 x8=0x102a00090 x16=0xffff x17=0x1066ffa30 x18=0x0 teb=0x2d7ff8000
[JuiceX18] broad #5 pc=0x2d7c642e0 fault=0x180c instr=b9580e48 x8=0x0 x16=0x2d7c84ab4 x17=0x1066ffa60 x18=0x0 teb=0x2d7ff8000
[JuiceX18] broad #6 pc=0x2d7c57574 fault=0x60 instr=f9403248 x8=0x200 x16=0x2d7c642e0 x17=0x1066ffc70 x18=0x0 teb=0x2d7ff8000
[JuiceX18] broad #7 pc=0x2d7c58de8 fault=0x0 instr=f940024a x8=0xfffffffffffffffe x16=0x2d7c84b74 x17=0x1066ff830 x18=0x0 teb=0x2d7ff8000
[JuiceX18] broad #8 pc=0x2d7c5632c fault=0x60 instr=f9403248 x8=0x102a03360 x16=0x2d7cbc6c8 x17=0x2d7cbc89f x18=0x0 teb=0x2d7ff8000
[JuiceX18] broad #9 pc=0x2d7c578d0 fault=0x60 instr=f9403248 x8=0x2d7cb4ba8 x16=0x2d7c850d4 x17=0x1066ff7a0 x18=0x0 teb=0x2d7ff8000
[JuiceX18] broad #10 pc=0x2d7c58de8 fault=0x0 instr=f940024a x8=0xa x16=0x2d7c578d0 x17=0x1066ffc70 x18=0x0 teb=0x2d7ff8000
[JuiceX18] broad #11 pc=0x2d7c56a50 fault=0x60 instr=f9403248 x8=0xffffffe3 x16=0x2d7cbc634 x17=0x1066ff69c x18=0x0 teb=0x2d7ff8000
[JuiceX18] broad #12 pc=0x2d7c9701c fault=0x60 instr=f9403248 x8=0x102d7c330 x16=0x2d7c84994 x17=0x1066ffad0 x18=0x0 teb=0x2d7ff8000
[JuiceX18] broad #13 pc=0x102d31464 fault=0x378 instr=f941be4a x8=0x21 x16=0x102d31460 x17=0x1066ff740 x18=0x0 teb=0x2d7ff8000
[JuiceX18] broad #14 pc=0x2d7c64124 fault=0x0 instr=f9400249 x8=0x2d7c9f1ec x16=0x2d7c84ad4 x17=0x1066ffad0 x18=0x0 teb=0x2d7ff8000
[JuiceX18] broad #15 pc=0x2d7c58de8 fault=0x0 instr=f940024a x8=0x48 x16=0x2d7c64124 x17=0x1066ffc70 x18=0x0 teb=0x2d7ff8000
[JuiceX18] broad #16 pc=0x2d7c58de8 fault=0x0 instr=f940024a x8=0xfffffffffffffffe x16=0x2d7cbc634 x17=0x1066ff8ff x18=0x0 teb=0x2d7ff8000
[JuiceX18] broad #17 pc=0x2d7c6811c fault=0x60 instr=f9403249 x8=0x42 x16=0x2d7c84c14 x17=0x1066ffa70 x18=0x0 teb=0x2d7ff8000
[JuiceX18] broad #18 pc=0x2d7c58de8 fault=0x0 instr=f940024a x8=0x18 x16=0x2d7c6811c x17=0x1066ffc70 x18=0x0 teb=0x2d7ff8000
[JuiceX18] broad #19 pc=0x2d7c48070 fault=0x2c8 instr=f9416648 x8=0x2d7cba860 x16=0x2d7cbc634 x17=0x1066ff6a2 x18=0x0 teb=0x2d7ff8000
[JuiceWine] anonymous PE executable section .text at 0x2d7a50000 size=196608
[JuiceX18] broad #20 pc=0x102d31464 fault=0x378 instr=f941be4a x8=0x50 x16=0x102d31460 x17=0x1066ff8b0 x18=0x0 teb=0x2d7ff8000
[JuiceX18] broad #21 pc=0x2d7c68350 fault=0x60 instr=f9403248 x8=0x2d7a7b23c x16=0x2d7c851b4 x17=0x1066ff8b0 x18=0x0 teb=0x2d7ff8000
[JuiceX18] broad #22 pc=0x2d7c79318 fault=0x0 instr=f9400249 x8=0x2d7c9f1ec x16=0x2d7c68350 x17=0x1066ffc70 x18=0x0 teb=0x2d7ff8000
[JuiceX18] broad #23 pc=0x2d7c793cc fault=0x0 instr=f9000249 x8=0x0 x16=0x2d7c79318 x17=0x1066ffc70 x18=0x0 teb=0x2d7ff8000
[JuiceX18] broad #24 pc=0x2d7c66c3c fault=0x60 instr=f9403248 x8=0x2d7a8f3e8 x16=0x2d7c793cc x17=0x1066ffc70 x18=0x0 teb=0x2d7ff8000
[JuiceX18] broad #25 pc=0x2d7c67500 fault=0x60 instr=f9403248 x8=0x0 x16=0x2d7c66c3c x17=0x1066ffc70 x18=0x0 teb=0x2d7ff8000
[JuiceWine] anonymous PE executable section .text at 0x2d7660000 size=524288
[JuiceX18] broad #26 pc=0x102d31464 fault=0x378 instr=f941be4a x8=0x50 x16=0x102d31460 x17=0x1066ff360 x18=0x0 teb=0x2d7ff8000
[JuiceX18] broad #27 pc=0x2d7c79318 fault=0x0 instr=f9400249 x8=0x2d7c9f1ec x16=0x2d7c851b4 x17=0x1066ff360 x18=0x0 teb=0x2d7ff8000
[JuiceX18] broad #28 pc=0x2d7c793cc fault=0x0 instr=f9000249 x8=0x0 x16=0x2d7c79318 x17=0x1066ffc70 x18=0x0 teb=0x2d7ff8000
[JuiceX18] broad #29 pc=0x2d7c66c3c fault=0x60 instr=f9403248 x8=0x2d7707dd0 x16=0x2d7c793cc x17=0x1066ffc70 x18=0x0 teb=0x2d7ff8000
[JuiceX18] broad #30 pc=0x102d31464 fault=0x378 instr=f941be4a x8=0x50 x16=0x102d31460 x17=0x1066ff030 x18=0x0 teb=0x2d7ff8000
[JuiceX18] broad #31 pc=0x102d31464 fault=0x378 instr=f941be4a x8=0x50 x16=0x102d31460 x17=0x1066ff410 x18=0x0 teb=0x2d7ff8000
[JuiceX18] broad #32 pc=0x2d7c66c3c fault=0x60 instr=f9403248 x8=0x2d7707533 x16=0x2d7c851b4 x17=0x1066ff580 x18=0x0 teb=0x2d7ff8000
[JuiceWine] anonymous PE executable section .text at 0x2d74e0000 size=196608
[JuiceWine] anonymous PE executable section .text at 0x2d7400000 size=65536
[JuiceWine] anonymous PE executable section .text at 0x2d70b0000 size=589824
[JuiceWine] anonymous PE executable section .text at 0x2d6dc0000 size=458752
[JuiceWine] anonymous PE executable section .text at 0x2d6b40000 size=327680
[JuiceWine] anonymous PE executable section .text at 0x2d6650000 size=589824
[JuiceWine] anonymous PE executable section .text at 0x2d6560000 size=196608
[JuiceWine] anonymous PE executable section .text at 0x2d5940000 size=524288
[JuiceWine] anonymous PE executable section .text at 0x2d5800000 size=131072
[JuiceWine] anonymous PE executable section .text at 0x2d5740000 size=65536
[JuiceWine] anonymous PE executable section .text at 0x2d5650000 size=65536
[JuiceWine parent] launching /private/var/containers/Bundle/Application/CC5BA8E5-587D-4BCE-957C-34B8AD5CD6CA/Juice.app/Grape/build/wine-ios/loader/wine
[JuiceWine parent] child PID=89727
[JuiceWine] PT_TRACE_ME succeeded; csflags=0x3280780d CS_DEBUGGED=YES
[JuiceWine] requesting controlled tracer detach
[JuiceWine parent] child stopped pid=89727 signal=17 (Suspended (signal): 17)
[JuiceWine parent] PT_DETACH pid=89727 result=0
[JuiceWine parent] child now running untraced
[JuiceWine] resumed after tracer detach; csflags=0x3280780d CS_DEBUGGED=YES
[JuiceWine] anonymous PE executable section .text at 0x140010000 size=65536
[JuiceStage] loading Windows ntdll; transfer=0x14001d140 teb=0x2d7ff8000 peb=0x2d7ffc000
[JuiceWine] anonymous PE executable section .text at 0x2d7c30000 size=524288
[JuiceStage] load_ntdll returned; transfer=0x14001d140
[JuiceStage] load_wow64_ntdll returned
[JuiceStage] calling load_apiset_dll
[JuiceStage] load_apiset_dll returned; stack_base=0x107a00000 stack_limit=0x107908000
[JuiceStage] calling server_init_process_done
[JuiceStage] server_init_process_done entered
[JuiceStage] calling signal_init_process; teb=0x2d7ff8000
[JuiceStage] signal_init_process returned
[JuiceStage] init_teb_data returned; syscall_frame=0x10770fcd0 stack_base=0x107a00000 stack_limit=0x107908000
[JuiceStage] init_process_done server call returned; status=00000000 suspend=1 transfer=0x14001d140 teb=0x2d7ff8000 peb=0x2d7ffc000
[JuiceStage] calling signal_start_thread
[JuiceStage] init_syscall_frame entered; entry=0x14001d140 arg=0x2d7ffc000 teb=0x2d7ff8000 data=0x107600000 frame=0x10770fcd0 stack_base=0x107a00000 stack_limit=0x107908000
[JuiceStage] calling signal_set_full_context; ctx=0x1079ffc70 target_pc=0x2d7c86bb0 target_sp=0x107a00000 target_x18=0x2d7ff8000 LdrInitializeThunk=0x2d7c86bd0 RtlUserThreadStart=0x2d7c86bb0
[JuiceStage] signal_set_full_context returned; status=00000000 frame_pc=0x2d7c86bb0 frame_sp=0x107a00000 frame_x18=0x2d7ff8000 restore=00400007
[JuiceStage] init_syscall_frame complete; dispatcher_pc=0x2d7c86bd0 user_sp=0x1079ffc70 x16=0x2d7c86bd0 x17=0x1079ffc70 x18=0x2d7ff8000 restore=00400007
[JuiceX18] broad #1 pc=0x2d7c641c8 fault=0x17ee instr=796fde48 x8=0x0 x16=0x2d7c86bd0 x17=0x1079ffc70 x18=0x0 teb=0x2d7ff8000
[JuiceX18] broad #2 pc=0x2d7c8d6b8 fault=0x60 instr=f940324b x8=0x1079ffa40 x16=0x2d7c641c8 x17=0x1079ffc70 x18=0x0 teb=0x2d7ff8000
[JuiceX18] broad #3 pc=0x105131464 fault=0x378 instr=f941be4a x8=0x18 x16=0x105131460 x17=0x1079ffc70 x18=0x0 teb=0x2d7ff8000
[JuiceX18] broad #4 pc=0x2d7c8e148 fault=0x60 instr=f9403248 x8=0x1044a0090 x16=0xffff x17=0x1079ffa30 x18=0x0 teb=0x2d7ff8000
[JuiceX18] broad #5 pc=0x2d7c642e0 fault=0x180c instr=b9580e48 x8=0x0 x16=0x2d7c84ab4 x17=0x1079ffa60 x18=0x0 teb=0x2d7ff8000
[JuiceX18] broad #6 pc=0x2d7c57574 fault=0x60 instr=f9403248 x8=0x200 x16=0x2d7c642e0 x17=0x1079ffc70 x18=0x0 teb=0x2d7ff8000
[JuiceX18] broad #7 pc=0x2d7c58de8 fault=0x0 instr=f940024a x8=0xfffffffffffffffe x16=0x2d7c84b74 x17=0x1079ff830 x18=0x0 teb=0x2d7ff8000
[JuiceX18] broad #8 pc=0x2d7c5632c fault=0x60 instr=f9403248 x8=0x1044a3360 x16=0x2d7cbc6c8 x17=0x2d7cbc89f x18=0x0 teb=0x2d7ff8000
[JuiceX18] broad #9 pc=0x2d7c58de8 fault=0x0 instr=f940024a x8=0xa x16=0x2d7c850d4 x17=0x1079ff7a0 x18=0x0 teb=0x2d7ff8000
[JuiceX18] broad #10 pc=0x2d7c56a50 fault=0x60 instr=f9403248 x8=0xffffffe3 x16=0x2d7cbc634 x17=0x1079ff69c x18=0x0 teb=0x2d7ff8000
[JuiceX18] broad #11 pc=0x2d7c9701c fault=0x60 instr=f9403248 x8=0x10517c330 x16=0x2d7c84994 x17=0x1079ffad0 x18=0x0 teb=0x2d7ff8000
[JuiceX18] broad #12 pc=0x105131464 fault=0x378 instr=f941be4a x8=0x21 x16=0x105131460 x17=0x1079ff740 x18=0x0 teb=0x2d7ff8000
[JuiceX18] broad #13 pc=0x2d7c56560 fault=0x60 instr=f9403248 x8=0x0 x16=0x2d7c852b4 x17=0x1079ffad0 x18=0x0 teb=0x2d7ff8000
[JuiceX18] broad #14 pc=0x2d7c56640 fault=0x60 instr=f9403248 x8=0x0 x16=0x2d7c56560 x17=0x1079ffc70 x18=0x0 teb=0x2d7ff8000
[JuiceX18] broad #15 pc=0x2d7c64580 fault=0x180c instr=b9580e48 x8=0xc4 x16=0x2d7c56640 x17=0x1079ffc70 x18=0x0 teb=0x2d7ff8000
[JuiceX18] broad #16 pc=0x2d7c64124 fault=0x0 instr=f9400249 x8=0x2d7c9f1ec x16=0x2d7c84ad4 x17=0x1079ffad0 x18=0x0 teb=0x2d7ff8000
[JuiceX18] broad #17 pc=0x2d7c58de8 fault=0x0 instr=f940024a x8=0x48 x16=0x2d7c64124 x17=0x1079ffc70 x18=0x0 teb=0x2d7ff8000
[JuiceX18] broad #18 pc=0x2d7c58de8 fault=0x0 instr=f940024a x8=0xfffffffffffffffe x16=0x2d7cbc634 x17=0x1079ff8ff x18=0x0 teb=0x2d7ff8000
[JuiceX18] broad #19 pc=0x2d7c68350 fault=0x60 instr=f9403248 x8=0x2d7ca1524 x16=0x2d7c84c14 x17=0x1079ffa70 x18=0x0 teb=0x2d7ff8000
[JuiceX18] broad #20 pc=0x2d7c58de8 fault=0x0 instr=f940024a x8=0x18 x16=0x2d7c68350 x17=0x1079ffc70 x18=0x0 teb=0x2d7ff8000
[JuiceX18] broad #21 pc=0x2d7c48070 fault=0x2c8 instr=f9416648 x8=0x2d7cba860 x16=0x2d7cbc634 x17=0x1079ff6a2 x18=0x0 teb=0x2d7ff8000
[JuiceWine] anonymous PE executable section .text at 0x2d7a50000 size=196608
[JuiceX18] broad #22 pc=0x105131464 fault=0x378 instr=f941be4a x8=0x50 x16=0x105131460 x17=0x1079ff960 x18=0x0 teb=0x2d7ff8000
[JuiceX18] broad #23 pc=0x105131464 fault=0x378 instr=f941be4a x8=0x50 x16=0x105131460 x17=0x1079ff8b0 x18=0x0 teb=0x2d7ff8000
[JuiceX18] broad #24 pc=0x2d7c68350 fault=0x60 instr=f9403248 x8=0x2d7a7b23c x16=0x2d7c851b4 x17=0x1079ff8b0 x18=0x0 teb=0x2d7ff8000
[JuiceX18] broad #25 pc=0x2d7c79318 fault=0x0 instr=f9400249 x8=0x2d7c9f1ec x16=0x2d7c68350 x17=0x1079ffc70 x18=0x0 teb=0x2d7ff8000
[JuiceX18] broad #26 pc=0x2d7c793cc fault=0x0 instr=f9000249 x8=0x0 x16=0x2d7c79318 x17=0x1079ffc70 x18=0x0 teb=0x2d7ff8000
[JuiceX18] broad #27 pc=0x2d7c66c3c fault=0x60 instr=f9403248 x8=0x2d7a8f3e8 x16=0x2d7c793cc x17=0x1079ffc70 x18=0x0 teb=0x2d7ff8000
[JuiceX18] broad #28 pc=0x2d7c67500 fault=0x60 instr=f9403248 x8=0x0 x16=0x2d7c66c3c x17=0x1079ffc70 x18=0x0 teb=0x2d7ff8000
[JuiceWine] anonymous PE executable section .text at 0x2d7660000 size=524288
[JuiceX18] broad #29 pc=0x105131464 fault=0x378 instr=f941be4a x8=0x50 x16=0x105131460 x17=0x1079ff360 x18=0x0 teb=0x2d7ff8000
[JuiceX18] broad #30 pc=0x2d7c68350 fault=0x60 instr=f9403248 x8=0x2d76d437c x16=0x2d7c851b4 x17=0x1079ff360 x18=0x0 teb=0x2d7ff8000
[JuiceX18] broad #31 pc=0x2d7c64124 fault=0x0 instr=f9400249 x8=0x2d7c9f1ec x16=0x2d7c68350 x17=0x1079ffc70 x18=0x0 teb=0x2d7ff8000
[JuiceX18] broad #32 pc=0x2d7c79318 fault=0x0 instr=f9400249 x8=0x2d7c9f1ec x16=0x2d7c64124 x17=0x1079ffc70 x18=0x0 teb=0x2d7ff8000
[JuiceWine] anonymous PE executable section .text at 0x2d73f0000 size=327680
[JuiceWine] anonymous PE executable section .text at 0x2d7270000 size=196608
[JuiceWine] anonymous PE executable section .text at 0x2d7190000 size=65536
[JuiceWine] anonymous PE executable section .text at 0x2d6e40000 size=589824
[JuiceWine] anonymous PE executable section .text at 0x2d6b50000 size=458752
[JuiceWine] anonymous PE executable section .text at 0x2d6a90000 size=65536
[JuiceWine] anonymous PE executable section .text at 0x2d65a0000 size=589824
[JuiceWine] anonymous PE executable section .text at 0x2d6320000 size=327680
[JuiceWine] anonymous PE executable section .text at 0x2d6230000 size=196608
[JuiceWine] anonymous PE executable section .text at 0x2d6140000 size=65536
[JuiceWine] anonymous PE executable section .text at 0x2d6070000 size=65536
[JuiceInput] queue fd registered fd=8 tid=0x34
[JuiceDriver] ios init set driver create=0x107fea46c size=1216
[JuiceDriver] install prev=0x1093c9308 lazy=0x1093c9308 null=0x1093f1d30 new=0x10600a800 create=0x107fea46c
JUICE_TEXT_HOST_HELLO pid=89727 desktop=1024x768 dpi=96
[JuiceCreate] ex=00000000 class=0x1079feef0 version=0x0 name=0x1079feed0 style=86000000 x=0 y=0 cx=0 cy=0 parent=0x0 menu=0x0 classinst=0x0 params=0x1079ff230 flags=00000000 inst=0x0 classptr=0x8001 ansi=0
[JuiceWine] anonymous PE executable section .text at 0x2d5f40000 size=131072
[JuiceRect] input hwnd=0x10020 dpi=96/1 raw=96/1 win=0,0,0,0 client=0,0,0,0 visible=0,0,0,0
[JuiceRect] mapped hwnd=0x10020 win=0,0,0,0 client=0,0,0,0 visible=0,0,0,0
[JuiceGeom] changed hwnd=0x10020 flags=3c ptr=0x10770f620 window=0,0,0,0 client=0,0,0,0 visible=0,0,0,0 surface=0x1093d44f0
[JuiceRect] input hwnd=0x10020 dpi=96/1 raw=96/1 win=0,0,0,0 client=0,0,0,0 visible=0,0,0,0
[JuiceRect] mapped hwnd=0x10020 win=0,0,0,0 client=0,0,0,0 visible=0,0,0,0
[JuiceGeom] changed hwnd=0x10020 flags=18 ptr=0x10770f620 window=0,0,0,0 client=0,0,0,0 visible=0,0,0,0 surface=0x1093d44f0
[JuiceCreate] ex=00000000 class=0x1079feef0 version=0x0 name=0x1079feed0 style=86000000 x=0 y=0 cx=100 cy=100 parent=0x0 menu=0x0 classinst=0x0 params=0x0 flags=00000000 inst=0x0 classptr=0x140020ca0 ansi=0
[JuiceRect] input hwnd=0x10028 dpi=96/1 raw=96/1 win=0,0,100,100 client=0,0,100,100 visible=0,0,100,100
[JuiceRect] mapped hwnd=0x10028 win=0,0,100,100 client=0,0,100,100 visible=0,0,100,100
[JuiceGeom] changed hwnd=0x10028 flags=3c ptr=0x10770f620 window=0,0,100,100 client=0,0,100,100 visible=0,0,100,100 surface=0x1093d44f0
[JuiceRect] input hwnd=0x10028 dpi=96/1 raw=96/1 win=0,0,100,100 client=0,0,100,100 visible=0,0,100,100
[JuiceRect] mapped hwnd=0x10028 win=0,0,100,100 client=0,0,100,100 visible=0,0,100,100
[JuiceGeom] changed hwnd=0x10028 flags=18 ptr=0x10770f620 window=0,0,100,100 client=0,0,100,100 visible=0,0,100,100 surface=0x1093d44f0
[JuiceGeom] surface hwnd=0x10020 rect=0,0,1024,768 size=1024x768 previous=0x1093d44f0
[JuiceRect] input hwnd=0x10020 dpi=96/1 raw=96/1 win=0,0,1024,768 client=0,0,1024,768 visible=0,0,1024,768
[JuiceRect] mapped hwnd=0x10020 win=0,0,1024,768 client=0,0,1024,768 visible=0,0,1024,768
[JuiceGeom] changed hwnd=0x10020 flags=8000116a ptr=0x10770f820 window=0,0,1024,768 client=0,0,1024,768 visible=0,0,1024,768 surface=0x10472cbd0
JUICE_TEXT_HOST_WINDOW pid=89727 hwnd=0x10020 rect=0,0 1024x768 visible=1
[JuiceStage] init_syscall_frame entered; entry=0x14001263c arg=0x0 teb=0x2d7ff4000 data=0x10ba80000 frame=0x10bb8fb00 stack_base=0x10bc90000 stack_limit=0x10bb98000
[JuiceStage] calling signal_set_full_context; ctx=0x10bc8fc70 target_pc=0x2d7c86bb0 target_sp=0x10bc90000 target_x18=0x2d7ff4000 LdrInitializeThunk=0x2d7c86bd0 RtlUserThreadStart=0x2d7c86bb0
[JuiceStage] signal_set_full_context returned; status=00000000 frame_pc=0x2d7c86bb0 frame_sp=0x10bc90000 frame_x18=0x2d7ff4000 restore=00400007
[JuiceStage] init_syscall_frame complete; dispatcher_pc=0x2d7c86bd0 user_sp=0x10bc8fc70 x16=0x2d7c86bd0 x17=0x10bc8fc70 x18=0x2d7ff4000 restore=00400007
[JuiceCreate] ex=00000000 class=0x10bc8fa70 version=0x0 name=0x10bc8fa50 style=00000000 x=0 y=0 cx=0 cy=0 parent=0xfffffffffffffffd menu=0x0 classinst=0x0 params=0x0 flags=00000000 inst=0x0 classptr=0x140020500 ansi=0
[JuiceMonitor] callee hwnd=0x1002e hmon=0x1 info=0x10bb8f550 monitor=0,0,1024,768 work=0,0,1024,768 flags=00000001
[JuiceMinMax] hwnd=0x1002e min=112,27 maxtrack=1036,780 max=106,106 pos=-3,-3
[JuiceRect] input hwnd=0x1002e dpi=96/1 raw=96/1 win=0,0,112,27 client=0,0,112,27 visible=0,0,112,27
[JuiceRect] mapped hwnd=0x1002e win=0,0,112,27 client=0,0,112,27 visible=0,0,112,27
[JuiceGeom] changed hwnd=0x1002e flags=14 ptr=0x10bb8f450 window=0,0,112,27 client=0,0,112,27 visible=0,0,112,27 surface=0x0
[JuiceStage] init_syscall_frame entered; entry=0x140012bd8 arg=0x0 teb=0x2d7ff0000 data=0x10bd50000 frame=0x10be5fb00 stack_base=0x10bf60000 stack_limit=0x10be68000
[JuiceStage] calling signal_set_full_context; ctx=0x10bf5fc70 target_pc=0x2d7c86bb0 target_sp=0x10bf60000 target_x18=0x2d7ff0000 LdrInitializeThunk=0x2d7c86bd0 RtlUserThreadStart=0x2d7c86bb0
[JuiceStage] signal_set_full_context returned; status=00000000 frame_pc=0x2d7c86bb0 frame_sp=0x10bf60000 frame_x18=0x2d7ff0000 restore=00400007
[JuiceStage] init_syscall_frame complete; dispatcher_pc=0x2d7c86bd0 user_sp=0x10bf5fc70 x16=0x2d7c86bd0 x17=0x10bf5fc70 x18=0x2d7ff0000 restore=00400007
[JuiceCreate] ex=00000000 class=0x1079fee70 version=0x0 name=0x1079fee50 style=00000000 x=0 y=0 cx=0 cy=0 parent=0xfffffffffffffffd menu=0x0 classinst=0x0 params=0x0 flags=00000000 inst=0x0 classptr=0x140020140 ansi=0
[JuiceMonitor] callee hwnd=0x20030 hmon=0x1 info=0x10770f720 monitor=0,0,1024,768 work=0,0,1024,768 flags=00000001
[JuiceMinMax] hwnd=0x20030 min=112,27 maxtrack=1036,780 max=106,106 pos=-3,-3
[JuiceRect] input hwnd=0x20030 dpi=96/1 raw=96/1 win=0,0,112,27 client=0,0,112,27 visible=0,0,112,27
[JuiceRect] mapped hwnd=0x20030 win=0,0,112,27 client=0,0,112,27 visible=0,0,112,27
[JuiceGeom] changed hwnd=0x20030 flags=14 ptr=0x10770f620 window=0,0,112,27 client=0,0,112,27 visible=0,0,112,27 surface=0x0
[JuiceCreate] ex=00000000 class=0x10bf5fc10 version=0x0 name=0x10bf5fbf0 style=00000000 x=0 y=0 cx=0 cy=0 parent=0xfffffffffffffffd menu=0x0 classinst=0x0 params=0x0 flags=00000000 inst=0x0 classptr=0x140021320 ansi=0
[JuiceMonitor] callee hwnd=0x2002e hmon=0x1 info=0x10be5f550 monitor=0,0,1024,768 work=0,0,1024,768 flags=00000001
[JuiceMinMax] hwnd=0x2002e min=112,27 maxtrack=1036,780 max=106,106 pos=-3,-3
[JuiceRect] input hwnd=0x20030 dpi=96/1 raw=96/1 win=0,0,112,27 client=3,22,109,24 visible=0,0,112,27
[JuiceRect] mapped hwnd=0x20030 win=0,0,112,27 client=3,22,109,24 visible=0,0,112,27
[JuiceRect] input hwnd=0x2002e dpi=96/1 raw=96/1 win=0,0,112,27 client=0,0,112,27 visible=0,0,112,27
[JuiceRect] mapped hwnd=0x2002e win=0,0,112,27 client=0,0,112,27 visible=0,0,112,27
[JuiceGeom] changed hwnd=0x20030 flags=10 ptr=0x10770f620 window=0,0,112,27 client=3,22,109,24 visible=0,0,112,27 surface=0x0
[JuiceGeom] changed hwnd=0x2002e flags=14 ptr=0x10be5f450 window=0,0,112,27 client=0,0,112,27 visible=0,0,112,27 surface=0x0
[JuiceRect] input hwnd=0x2002e dpi=96/1 raw=96/1 win=0,0,112,27 client=3,22,109,24 visible=0,0,112,27
[JuiceRect] mapped hwnd=0x2002e win=0,0,112,27 client=3,22,109,24 visible=0,0,112,27
[JuiceGeom] changed hwnd=0x2002e flags=10 ptr=0x10be5f450 window=0,0,112,27 client=3,22,109,24 visible=0,0,112,27 surface=0x0
[JuiceCreate] ex=00000000 class=0x1079fee60 version=0x0 name=0x1079fee40 style=00c80000 x=-2147483648 y=-2147483648 cx=166 cy=45 parent=0x0 menu=0x0 classinst=0x0 params=0x0 flags=00000000 inst=0x0 classptr=0x140026408 ansi=0
[JuiceMonitor] callee hwnd=0x0 hmon=0x1 info=0x10770fa00 monitor=0,0,1024,768 work=0,0,1024,768 flags=00000001
[JuiceMonitor] caller hwnd=0x0 monitor=0,0,1024,768 work=0,0,1024,768 flags=00000001
[JuiceInput] queue fd registered fd=8 tid=0x3c
[JuiceMonitor] callee hwnd=0x10038 hmon=0x1 info=0x10770f720 monitor=0,0,1024,768 work=0,0,1024,768 flags=00000001
[JuiceMinMax] hwnd=0x10038 min=112,27 maxtrack=1036,780 max=1030,774 pos=-3,-3
[JuiceRect] input hwnd=0x10038 dpi=96/1 raw=96/1 win=0,0,166,45 client=0,0,166,45 visible=0,0,166,45
[JuiceRect] mapped hwnd=0x10038 win=0,0,166,45 client=0,0,166,45 visible=0,0,166,45
[JuiceGeom] changed hwnd=0x10038 flags=3c ptr=0x10770f620 window=0,0,166,45 client=0,0,166,45 visible=0,0,166,45 surface=0x1093d44f0
[JuiceCreate] ex=00000000 class=0x10770f590 version=0x0 name=0x10770f580 style=8c000000 x=0 y=0 cx=1 cy=1 parent=0x0 menu=0x0 classinst=0x0 params=0x0 flags=00000000 inst=0x0 classptr=0x0 ansi=0
[JuiceRect] input hwnd=0x1003e dpi=96/1 raw=96/1 win=0,0,1,1 client=0,0,1,1 visible=0,0,1,1
[JuiceRect] mapped hwnd=0x1003e win=0,0,1,1 client=0,0,1,1 visible=0,0,1,1
[JuiceGeom] changed hwnd=0x1003e flags=3c ptr=0x10770eed0 window=0,0,1,1 client=0,0,1,1 visible=0,0,1,1 surface=0x1093d44f0
[JuiceRect] input hwnd=0x1003e dpi=96/1 raw=96/1 win=0,0,1,1 client=0,0,1,1 visible=0,0,1,1
[JuiceRect] mapped hwnd=0x1003e win=0,0,1,1 client=0,0,1,1 visible=0,0,1,1
[JuiceGeom] changed hwnd=0x1003e flags=18 ptr=0x10770eed0 window=0,0,1,1 client=0,0,1,1 visible=0,0,1,1 surface=0x1093d44f0
[JuiceRect] input hwnd=0x10038 dpi=96/1 raw=96/1 win=0,0,166,45 client=3,22,163,42 visible=0,0,166,45
[JuiceRect] mapped hwnd=0x10038 win=0,0,166,45 client=3,22,163,42 visible=0,0,166,45
[JuiceGeom] changed hwnd=0x10038 flags=18 ptr=0x10770f620 window=0,0,166,45 client=3,22,163,42 visible=0,0,166,45 surface=0x1093d44f0
[JuiceWine] anonymous PE executable section .text at 0x2d5330000 size=524288
[JuiceWine] anonymous PE executable section .text at 0x2d51f0000 size=131072
[JuiceWine] anonymous PE executable section .text at 0x2d5fb0000 size=65536
[JuiceCreate] ex=00000000 class=0x1079fee10 version=0x0 name=0x1079fedf0 style=80000000 x=0 y=0 cx=0 cy=0 parent=0x0 menu=0x0 classinst=0x0 params=0x0 flags=00000000 inst=0x0 classptr=0x2d6635528 ansi=0
[JuiceRect] input hwnd=0x10040 dpi=96/1 raw=96/1 win=0,0,0,0 client=0,0,0,0 visible=0,0,0,0
[JuiceRect] mapped hwnd=0x10040 win=0,0,0,0 client=0,0,0,0 visible=0,0,0,0
[JuiceGeom] changed hwnd=0x10040 flags=3c ptr=0x10770f620 window=0,0,0,0 client=0,0,0,0 visible=0,0,0,0 surface=0x1093d44f0
[JuiceRect] input hwnd=0x10040 dpi=96/1 raw=96/1 win=0,0,0,0 client=0,0,0,0 visible=0,0,0,0
[JuiceRect] mapped hwnd=0x10040 win=0,0,0,0 client=0,0,0,0 visible=0,0,0,0
[JuiceGeom] changed hwnd=0x10040 flags=18 ptr=0x10770f620 window=0,0,0,0 client=0,0,0,0 visible=0,0,0,0 surface=0x1093d44f0
[JuiceCreate] ex=00000000 class=0x1079fee10 version=0x0 name=0x1079fedf0 style=80000000 x=0 y=0 cx=0 cy=0 parent=0x0 menu=0x0 classinst=0x0 params=0x0 flags=00000000 inst=0x0 classptr=0x2d66362a0 ansi=0
[JuiceRect] input hwnd=0x10042 dpi=96/1 raw=96/1 win=0,0,0,0 client=0,0,0,0 visible=0,0,0,0
[JuiceRect] mapped hwnd=0x10042 win=0,0,0,0 client=0,0,0,0 visible=0,0,0,0
[JuiceGeom] changed hwnd=0x10042 flags=3c ptr=0x10770f620 window=0,0,0,0 client=0,0,0,0 visible=0,0,0,0 surface=0x1093d44f0
[JuiceRect] input hwnd=0x10042 dpi=96/1 raw=96/1 win=0,0,0,0 client=0,0,0,0 visible=0,0,0,0
[JuiceRect] mapped hwnd=0x10042 win=0,0,0,0 client=0,0,0,0 visible=0,0,0,0
[JuiceGeom] changed hwnd=0x10042 flags=18 ptr=0x10770f620 window=0,0,0,0 client=0,0,0,0 visible=0,0,0,0 surface=0x1093d44f0
[JuiceCreate] ex=00000000 class=0x1079fee10 version=0x0 name=0x1079fedf0 style=80000000 x=0 y=0 cx=0 cy=0 parent=0x0 menu=0x0 classinst=0x0 params=0x0 flags=00000000 inst=0x0 classptr=0x2d66362a0 ansi=0
[JuiceRect] input hwnd=0x10044 dpi=96/1 raw=96/1 win=0,0,0,0 client=0,0,0,0 visible=0,0,0,0
[JuiceRect] mapped hwnd=0x10044 win=0,0,0,0 client=0,0,0,0 visible=0,0,0,0
[JuiceGeom] changed hwnd=0x10044 flags=3c ptr=0x10770f620 window=0,0,0,0 client=0,0,0,0 visible=0,0,0,0 surface=0x1093d44f0
[JuiceRect] input hwnd=0x10044 dpi=96/1 raw=96/1 win=0,0,0,0 client=0,0,0,0 visible=0,0,0,0
[JuiceRect] mapped hwnd=0x10044 win=0,0,0,0 client=0,0,0,0 visible=0,0,0,0
[JuiceGeom] changed hwnd=0x10044 flags=18 ptr=0x10770f620 window=0,0,0,0 client=0,0,0,0 visible=0,0,0,0 surface=0x1093d44f0
[JuiceCreate] ex=00000000 class=0x1079fee40 version=0x0 name=0x1079fee20 style=80000000 x=0 y=0 cx=0 cy=0 parent=0x0 menu=0x0 classinst=0x0 params=0x0 flags=00000000 inst=0x0 classptr=0x2d66362a0 ansi=0
[JuiceRect] input hwnd=0x10046 dpi=96/1 raw=96/1 win=0,0,0,0 client=0,0,0,0 visible=0,0,0,0
[JuiceRect] mapped hwnd=0x10046 win=0,0,0,0 client=0,0,0,0 visible=0,0,0,0
[JuiceGeom] changed hwnd=0x10046 flags=3c ptr=0x10770f620 window=0,0,0,0 client=0,0,0,0 visible=0,0,0,0 surface=0x1093d44f0
[JuiceRect] input hwnd=0x10046 dpi=96/1 raw=96/1 win=0,0,0,0 client=0,0,0,0 visible=0,0,0,0
[JuiceRect] mapped hwnd=0x10046 win=0,0,0,0 client=0,0,0,0 visible=0,0,0,0
[JuiceGeom] changed hwnd=0x10046 flags=18 ptr=0x10770f620 window=0,0,0,0 client=0,0,0,0 visible=0,0,0,0 surface=0x1093d44f0
[JuiceWine] anonymous PE executable section .text at 0x2d4eb0000 size=327680
[JuiceWine] anonymous PE executable section .text at 0x2d4d00000 size=196608
[JuiceWine] anonymous PE executable section .text at 0x2d4c20000 size=65536
[JuiceCreate] ex=00000000 class=0x1079fee60 version=0x0 name=0x1079fee40 style=00000000 x=0 y=0 cx=0 cy=0 parent=0xfffffffffffffffd menu=0x0 classinst=0x2d4cf0000 params=0x0 flags=00000000 inst=0x2d4cf0000 classptr=0x2d4d31718 ansi=0
[JuiceMonitor] callee hwnd=0x10048 hmon=0x1 info=0x10770f720 monitor=0,0,1024,768 work=0,0,1024,768 flags=00000001
[JuiceMinMax] hwnd=0x10048 min=112,27 maxtrack=1036,780 max=106,106 pos=-3,-3
[JuiceRect] input hwnd=0x10048 dpi=96/1 raw=96/1 win=0,0,112,27 client=0,0,112,27 visible=0,0,112,27
[JuiceRect] mapped hwnd=0x10048 win=0,0,112,27 client=0,0,112,27 visible=0,0,112,27
[JuiceGeom] changed hwnd=0x10048 flags=14 ptr=0x10770f620 window=0,0,112,27 client=0,0,112,27 visible=0,0,112,27 surface=0x0
[JuiceRect] input hwnd=0x10048 dpi=96/1 raw=96/1 win=0,0,112,27 client=3,22,109,24 visible=0,0,112,27
[JuiceRect] mapped hwnd=0x10048 win=0,0,112,27 client=3,22,109,24 visible=0,0,112,27
[JuiceGeom] changed hwnd=0x10048 flags=10 ptr=0x10770f620 window=0,0,112,27 client=3,22,109,24 visible=0,0,112,27 surface=0x0
[JuiceGeom] surface hwnd=0x10020 rect=0,0,1024,768 size=1024x768 previous=0x10472cbd0
[JuiceRect] input hwnd=0x10020 dpi=96/1 raw=96/1 win=0,0,1024,768 client=0,0,1024,768 visible=0,0,1024,768
[JuiceRect] mapped hwnd=0x10020 win=0,0,1024,768 client=0,0,1024,768 visible=0,0,1024,768
[JuiceGeom] changed hwnd=0x10020 flags=8000181b ptr=0x10770f750 window=0,0,1024,768 client=0,0,1024,768 visible=0,0,1024,768 surface=0x10472cbd0
JUICE_TEXT_HOST_WINDOW pid=89727 hwnd=0x10020 rect=0,0 1024x768 visible=1
[JuiceWine] anonymous PE executable section .text at 0x2d5580000 size=65536
[JuiceInput] queue fd registered fd=11 tid=0x2c
[JuiceDriver] ios init set driver create=0x1057a246c size=1216
[JuiceDriver] install prev=0x107009308 lazy=0x107009308 null=0x107031d30 new=0x10400a200 create=0x1057a246c
JUICE_TEXT_HOST_HELLO pid=89724 desktop=1024x768 dpi=96
[JuiceWine] anonymous PE executable section .text at 0x2d5450000 size=131072
[JuiceCreate] ex=00000000 class=0x1066ffb80 version=0x0 name=0x1066ffb60 style=82000000 x=0 y=0 cx=1024 cy=768 parent=0x0 menu=0x0 classinst=0x140000000 params=0x0 flags=00000000 inst=0x140000000 classptr=0x140020570 ansi=0
[JuiceRect] input hwnd=0x10052 dpi=96/1 raw=96/1 win=0,0,1024,768 client=0,0,1024,768 visible=0,0,1024,768
[JuiceRect] mapped hwnd=0x10052 win=0,0,1024,768 client=0,0,1024,768 visible=0,0,1024,768
[JuiceGeom] changed hwnd=0x10052 flags=8000003c ptr=0x10570f620 window=0,0,1024,768 client=0,0,1024,768 visible=0,0,1024,768 surface=0x1070144f0
JUICE_TEXT_HOST_WINDOW pid=89724 hwnd=0x10052 rect=0,0 1024x768 visible=1
[JuiceCreate] ex=00000000 class=0x10570f590 version=0x0 name=0x10570f580 style=8c000000 x=0 y=0 cx=1 cy=1 parent=0x0 menu=0x0 classinst=0x0 params=0x0 flags=00000000 inst=0x0 classptr=0x0 ansi=0
[JuiceRect] input hwnd=0x10056 dpi=96/1 raw=96/1 win=0,0,1,1 client=0,0,1,1 visible=0,0,1,1
[JuiceRect] mapped hwnd=0x10056 win=0,0,1,1 client=0,0,1,1 visible=0,0,1,1
[JuiceGeom] changed hwnd=0x10056 flags=3c ptr=0x10570eed0 window=0,0,1,1 client=0,0,1,1 visible=0,0,1,1 surface=0x1070144f0
[JuiceRect] input hwnd=0x10056 dpi=96/1 raw=96/1 win=0,0,1,1 client=0,0,1,1 visible=0,0,1,1
[JuiceRect] mapped hwnd=0x10056 win=0,0,1,1 client=0,0,1,1 visible=0,0,1,1
[JuiceGeom] changed hwnd=0x10056 flags=18 ptr=0x10570eed0 window=0,0,1,1 client=0,0,1,1 visible=0,0,1,1 surface=0x1070144f0
[JuiceRect] input hwnd=0x10052 dpi=96/1 raw=96/1 win=0,0,1024,768 client=0,0,1024,768 visible=0,0,1024,768
[JuiceRect] mapped hwnd=0x10052 win=0,0,1024,768 client=0,0,1024,768 visible=0,0,1024,768
[JuiceGeom] changed hwnd=0x10052 flags=80000018 ptr=0x10570f620 window=0,0,1024,768 client=0,0,1024,768 visible=0,0,1024,768 surface=0x1070144f0
JUICE_TEXT_HOST_WINDOW pid=89724 hwnd=0x10052 rect=0,0 1024x768 visible=1
[JuiceCreate] ex=00000000 class=0x1066fdfa0 version=0x0 name=0x1066fdf80 style=50000000 x=0 y=0 cx=0 cy=0 parent=0x10052 menu=0x3ea classinst=0x0 params=0x0 flags=00000000 inst=0x0 classptr=0x140020f40 ansi=0
[JuiceRect] input hwnd=0x10058 dpi=96/1 raw=96/1 win=0,0,0,0 client=0,0,0,0 visible=0,0,0,0
[JuiceRect] mapped hwnd=0x10058 win=0,0,0,0 client=0,0,0,0 visible=0,0,0,0
[JuiceGeom] changed hwnd=0x10058 flags=14 ptr=0x10570e630 window=0,0,0,0 client=0,0,0,0 visible=0,0,0,0 surface=0x0
[JuiceRect] input hwnd=0x10058 dpi=96/1 raw=96/1 win=0,0,0,0 client=0,0,0,0 visible=0,0,0,0
[JuiceRect] mapped hwnd=0x10058 win=0,0,0,0 client=0,0,0,0 visible=0,0,0,0
[JuiceGeom] changed hwnd=0x10058 flags=10 ptr=0x10570e630 window=0,0,0,0 client=0,0,0,0 visible=0,0,0,0 surface=0x0
[JuiceRect] input hwnd=0x10058 dpi=96/1 raw=96/1 win=0,0,0,0 client=0,0,0,0 visible=0,0,0,0
[JuiceRect] mapped hwnd=0x10058 win=0,0,0,0 client=0,0,0,0 visible=0,0,0,0
[JuiceGeom] changed hwnd=0x10058 flags=181f ptr=0x10570e3f0 window=0,0,0,0 client=0,0,0,0 visible=0,0,0,0 surface=0x0
[JuiceRect] input hwnd=0x10052 dpi=96/1 raw=96/1 win=0,0,1024,768 client=0,0,1024,768 visible=0,0,1024,768
[JuiceRect] mapped hwnd=0x10052 win=0,0,1024,768 client=0,0,1024,768 visible=0,0,1024,768
[JuiceGeom] changed hwnd=0x10052 flags=8000181f ptr=0x10570e5a0 window=0,0,1024,768 client=0,0,1024,768 visible=0,0,1024,768 surface=0x1070144f0
[JuiceCreate] ex=00000000 class=0x1066fdfa0 version=0x0 name=0x1066fdf80 style=50000000 x=0 y=0 cx=0 cy=0 parent=0x10052 menu=0x3f0 classinst=0x0 params=0x0 flags=00000000 inst=0x0 classptr=0x140020f40 ansi=0
JUICE_TEXT_HOST_WINDOW pid=89724 hwnd=0x10052 rect=0,0 1024x768 visible=1
[JuiceRect] input hwnd=0x1005a dpi=96/1 raw=96/1 win=0,0,0,0 client=0,0,0,0 visible=0,0,0,0
[JuiceRect] mapped hwnd=0x1005a win=0,0,0,0 client=0,0,0,0 visible=0,0,0,0
[JuiceGeom] changed hwnd=0x1005a flags=14 ptr=0x10570e630 window=0,0,0,0 client=0,0,0,0 visible=0,0,0,0 surface=0x0
[JuiceRect] input hwnd=0x1005a dpi=96/1 raw=96/1 win=0,0,0,0 client=0,0,0,0 visible=0,0,0,0
[JuiceRect] mapped hwnd=0x1005a win=0,0,0,0 client=0,0,0,0 visible=0,0,0,0
[JuiceGeom] changed hwnd=0x1005a flags=10 ptr=0x10570e630 window=0,0,0,0 client=0,0,0,0 visible=0,0,0,0 surface=0x0
[JuiceRect] input hwnd=0x1005a dpi=96/1 raw=96/1 win=0,0,0,0 client=0,0,0,0 visible=0,0,0,0
[JuiceRect] mapped hwnd=0x1005a win=0,0,0,0 client=0,0,0,0 visible=0,0,0,0
[JuiceGeom] changed hwnd=0x1005a flags=181f ptr=0x10570e3f0 window=0,0,0,0 client=0,0,0,0 visible=0,0,0,0 surface=0x0
[JuiceRect] input hwnd=0x10052 dpi=96/1 raw=96/1 win=0,0,1024,768 client=0,0,1024,768 visible=0,0,1024,768
[JuiceRect] mapped hwnd=0x10052 win=0,0,1024,768 client=0,0,1024,768 visible=0,0,1024,768
[JuiceGeom] changed hwnd=0x10052 flags=8000181f ptr=0x10570e5a0 window=0,0,1024,768 client=0,0,1024,768 visible=0,0,1024,768 surface=0x1070144f0
[JuiceCreate] ex=00000000 class=0x1066fdfa0 version=0x0 name=0x1066fdf80 style=50200151 x=0 y=0 cx=0 cy=0 parent=0x10052 menu=0x3e9 classinst=0x0 params=0x0 flags=00000000 inst=0x0 classptr=0x140020f58 ansi=0
JUICE_TEXT_HOST_WINDOW pid=89724 hwnd=0x10052 rect=0,0 1024x768 visible=1
[JuiceRect] input hwnd=0x1005c dpi=96/1 raw=96/1 win=0,0,0,0 client=0,0,0,0 visible=0,0,0,0
[JuiceRect] mapped hwnd=0x1005c win=0,0,0,0 client=0,0,0,0 visible=0,0,0,0
[JuiceGeom] changed hwnd=0x1005c flags=14 ptr=0x10570e630 window=0,0,0,0 client=0,0,0,0 visible=0,0,0,0 surface=0x0
[JuiceRect] input hwnd=0x1005c dpi=96/1 raw=96/1 win=0,0,0,0 client=0,0,0,0 visible=0,0,0,0
[JuiceRect] mapped hwnd=0x1005c win=0,0,0,0 client=0,0,0,0 visible=0,0,0,0
[JuiceGeom] changed hwnd=0x1005c flags=10 ptr=0x10570e630 window=0,0,0,0 client=0,0,0,0 visible=0,0,0,0 surface=0x0
[JuiceRect] input hwnd=0x1005c dpi=96/1 raw=96/1 win=0,0,0,0 client=0,0,0,0 visible=0,0,0,0
[JuiceRect] mapped hwnd=0x1005c win=0,0,0,0 client=0,0,0,0 visible=0,0,0,0
[JuiceGeom] changed hwnd=0x1005c flags=183f ptr=0x10570d750 window=0,0,0,0 client=0,0,0,0 visible=0,0,0,0 surface=0x0
[JuiceRect] input hwnd=0x1005c dpi=96/1 raw=96/1 win=0,0,0,0 client=0,0,0,0 visible=0,0,0,0
[JuiceRect] mapped hwnd=0x1005c win=0,0,0,0 client=0,0,0,0 visible=0,0,0,0
[JuiceGeom] changed hwnd=0x1005c flags=181f ptr=0x10570e3f0 window=0,0,0,0 client=0,0,0,0 visible=0,0,0,0 surface=0x0
[JuiceRect] input hwnd=0x10052 dpi=96/1 raw=96/1 win=0,0,1024,768 client=0,0,1024,768 visible=0,0,1024,768
[JuiceRect] mapped hwnd=0x10052 win=0,0,1024,768 client=0,0,1024,768 visible=0,0,1024,768
[JuiceGeom] changed hwnd=0x10052 flags=8000181f ptr=0x10570e5a0 window=0,0,1024,768 client=0,0,1024,768 visible=0,0,1024,768 surface=0x1070144f0
[JuiceCreate] ex=00000000 class=0x1066fdfa0 version=0x0 name=0x1066fdf80 style=50000000 x=0 y=0 cx=0 cy=0 parent=0x10052 menu=0x3eb classinst=0x0 params=0x0 flags=00000000 inst=0x0 classptr=0x140020f40 ansi=0
JUICE_TEXT_HOST_WINDOW pid=89724 hwnd=0x10052 rect=0,0 1024x768 visible=1
[JuiceRect] input hwnd=0x1005e dpi=96/1 raw=96/1 win=0,0,0,0 client=0,0,0,0 visible=0,0,0,0
[JuiceRect] mapped hwnd=0x1005e win=0,0,0,0 client=0,0,0,0 visible=0,0,0,0
[JuiceGeom] changed hwnd=0x1005e flags=14 ptr=0x10570e630 window=0,0,0,0 client=0,0,0,0 visible=0,0,0,0 surface=0x0
[JuiceRect] input hwnd=0x1005e dpi=96/1 raw=96/1 win=0,0,0,0 client=0,0,0,0 visible=0,0,0,0
[JuiceRect] mapped hwnd=0x1005e win=0,0,0,0 client=0,0,0,0 visible=0,0,0,0
[JuiceGeom] changed hwnd=0x1005e flags=10 ptr=0x10570e630 window=0,0,0,0 client=0,0,0,0 visible=0,0,0,0 surface=0x0
[JuiceRect] input hwnd=0x1005e dpi=96/1 raw=96/1 win=0,0,0,0 client=0,0,0,0 visible=0,0,0,0
[JuiceRect] mapped hwnd=0x1005e win=0,0,0,0 client=0,0,0,0 visible=0,0,0,0
[JuiceGeom] changed hwnd=0x1005e flags=181f ptr=0x10570e3f0 window=0,0,0,0 client=0,0,0,0 visible=0,0,0,0 surface=0x0
[JuiceRect] input hwnd=0x10052 dpi=96/1 raw=96/1 win=0,0,1024,768 client=0,0,1024,768 visible=0,0,1024,768
[JuiceRect] mapped hwnd=0x10052 win=0,0,1024,768 client=0,0,1024,768 visible=0,0,1024,768
[JuiceGeom] changed hwnd=0x10052 flags=8000181f ptr=0x10570e5a0 window=0,0,1024,768 client=0,0,1024,768 visible=0,0,1024,768 surface=0x1070144f0
[JuiceCreate] ex=00000000 class=0x1066fdfa0 version=0x0 name=0x1066fdf80 style=50000000 x=0 y=0 cx=0 cy=0 parent=0x10052 menu=0x3ec classinst=0x0 params=0x0 flags=00000000 inst=0x0 classptr=0x140020f40 ansi=0
JUICE_TEXT_HOST_WINDOW pid=89724 hwnd=0x10052 rect=0,0 1024x768 visible=1
[JuiceRect] input hwnd=0x10060 dpi=96/1 raw=96/1 win=0,0,0,0 client=0,0,0,0 visible=0,0,0,0
[JuiceRect] mapped hwnd=0x10060 win=0,0,0,0 client=0,0,0,0 visible=0,0,0,0
[JuiceGeom] changed hwnd=0x10060 flags=14 ptr=0x10570e630 window=0,0,0,0 client=0,0,0,0 visible=0,0,0,0 surface=0x0
[JuiceRect] input hwnd=0x10060 dpi=96/1 raw=96/1 win=0,0,0,0 client=0,0,0,0 visible=0,0,0,0
[JuiceRect] mapped hwnd=0x10060 win=0,0,0,0 client=0,0,0,0 visible=0,0,0,0
[JuiceGeom] changed hwnd=0x10060 flags=10 ptr=0x10570e630 window=0,0,0,0 client=0,0,0,0 visible=0,0,0,0 surface=0x0
[JuiceRect] input hwnd=0x10060 dpi=96/1 raw=96/1 win=0,0,0,0 client=0,0,0,0 visible=0,0,0,0
[JuiceRect] mapped hwnd=0x10060 win=0,0,0,0 client=0,0,0,0 visible=0,0,0,0
[JuiceGeom] changed hwnd=0x10060 flags=181f ptr=0x10570e3f0 window=0,0,0,0 client=0,0,0,0 visible=0,0,0,0 surface=0x0
[JuiceRect] input hwnd=0x10052 dpi=96/1 raw=96/1 win=0,0,1024,768 client=0,0,1024,768 visible=0,0,1024,768
[JuiceRect] mapped hwnd=0x10052 win=0,0,1024,768 client=0,0,1024,768 visible=0,0,1024,768
[JuiceGeom] changed hwnd=0x10052 flags=8000181f ptr=0x10570e5a0 window=0,0,1024,768 client=0,0,1024,768 visible=0,0,1024,768 surface=0x1070144f0
[JuiceCreate] ex=00000000 class=0x1066fdfa0 version=0x0 name=0x1066fdf80 style=50000000 x=0 y=0 cx=0 cy=0 parent=0x10052 menu=0x3ed classinst=0x0 params=0x0 flags=00000000 inst=0x0 classptr=0x140020f40 ansi=0
JUICE_TEXT_HOST_WINDOW pid=89724 hwnd=0x10052 rect=0,0 1024x768 visible=1
[JuiceRect] input hwnd=0x10062 dpi=96/1 raw=96/1 win=0,0,0,0 client=0,0,0,0 visible=0,0,0,0
[JuiceRect] mapped hwnd=0x10062 win=0,0,0,0 client=0,0,0,0 visible=0,0,0,0
[JuiceGeom] changed hwnd=0x10062 flags=14 ptr=0x10570e630 window=0,0,0,0 client=0,0,0,0 visible=0,0,0,0 surface=0x0
[JuiceRect] input hwnd=0x10062 dpi=96/1 raw=96/1 win=0,0,0,0 client=0,0,0,0 visible=0,0,0,0
[JuiceRect] mapped hwnd=0x10062 win=0,0,0,0 client=0,0,0,0 visible=0,0,0,0
[JuiceGeom] changed hwnd=0x10062 flags=10 ptr=0x10570e630 window=0,0,0,0 client=0,0,0,0 visible=0,0,0,0 surface=0x0
[JuiceRect] input hwnd=0x10062 dpi=96/1 raw=96/1 win=0,0,0,0 client=0,0,0,0 visible=0,0,0,0
[JuiceRect] mapped hwnd=0x10062 win=0,0,0,0 client=0,0,0,0 visible=0,0,0,0
[JuiceGeom] changed hwnd=0x10062 flags=181f ptr=0x10570e3f0 window=0,0,0,0 client=0,0,0,0 visible=0,0,0,0 surface=0x0
[JuiceRect] input hwnd=0x10052 dpi=96/1 raw=96/1 win=0,0,1024,768 client=0,0,1024,768 visible=0,0,1024,768
[JuiceRect] mapped hwnd=0x10052 win=0,0,1024,768 client=0,0,1024,768 visible=0,0,1024,768
[JuiceGeom] changed hwnd=0x10052 flags=8000181f ptr=0x10570e5a0 window=0,0,1024,768 client=0,0,1024,768 visible=0,0,1024,768 surface=0x1070144f0
[JuiceCreate] ex=00000000 class=0x1066fdfa0 version=0x0 name=0x1066fdf80 style=50000000 x=0 y=0 cx=0 cy=0 parent=0x10052 menu=0x3ee classinst=0x0 params=0x0 flags=00000000 inst=0x0 classptr=0x140020f40 ansi=0
JUICE_TEXT_HOST_WINDOW pid=89724 hwnd=0x10052 rect=0,0 1024x768 visible=1
[JuiceRect] input hwnd=0x10064 dpi=96/1 raw=96/1 win=0,0,0,0 client=0,0,0,0 visible=0,0,0,0
[JuiceRect] mapped hwnd=0x10064 win=0,0,0,0 client=0,0,0,0 visible=0,0,0,0
[JuiceGeom] changed hwnd=0x10064 flags=14 ptr=0x10570e630 window=0,0,0,0 client=0,0,0,0 visible=0,0,0,0 surface=0x0
[JuiceRect] input hwnd=0x10064 dpi=96/1 raw=96/1 win=0,0,0,0 client=0,0,0,0 visible=0,0,0,0
[JuiceRect] mapped hwnd=0x10064 win=0,0,0,0 client=0,0,0,0 visible=0,0,0,0
[JuiceGeom] changed hwnd=0x10064 flags=10 ptr=0x10570e630 window=0,0,0,0 client=0,0,0,0 visible=0,0,0,0 surface=0x0
[JuiceRect] input hwnd=0x10064 dpi=96/1 raw=96/1 win=0,0,0,0 client=0,0,0,0 visible=0,0,0,0
[JuiceRect] mapped hwnd=0x10064 win=0,0,0,0 client=0,0,0,0 visible=0,0,0,0
[JuiceGeom] changed hwnd=0x10064 flags=181f ptr=0x10570e3f0 window=0,0,0,0 client=0,0,0,0 visible=0,0,0,0 surface=0x0
[JuiceRect] input hwnd=0x10052 dpi=96/1 raw=96/1 win=0,0,1024,768 client=0,0,1024,768 visible=0,0,1024,768
[JuiceRect] mapped hwnd=0x10052 win=0,0,1024,768 client=0,0,1024,768 visible=0,0,1024,768
[JuiceGeom] changed hwnd=0x10052 flags=8000181f ptr=0x10570e5a0 window=0,0,1024,768 client=0,0,1024,768 visible=0,0,1024,768 surface=0x1070144f0
[JuiceCreate] ex=00000000 class=0x1066fdfa0 version=0x0 name=0x1066fdf80 style=50000000 x=0 y=0 cx=0 cy=0 parent=0x10052 menu=0x3ef classinst=0x0 params=0x0 flags=00000000 inst=0x0 classptr=0x140020f40 ansi=0
JUICE_TEXT_HOST_WINDOW pid=89724 hwnd=0x10052 rect=0,0 1024x768 visible=1
[JuiceRect] input hwnd=0x10066 dpi=96/1 raw=96/1 win=0,0,0,0 client=0,0,0,0 visible=0,0,0,0
[JuiceRect] mapped hwnd=0x10066 win=0,0,0,0 client=0,0,0,0 visible=0,0,0,0
[JuiceGeom] changed hwnd=0x10066 flags=14 ptr=0x10570e630 window=0,0,0,0 client=0,0,0,0 visible=0,0,0,0 surface=0x0
[JuiceRect] input hwnd=0x10066 dpi=96/1 raw=96/1 win=0,0,0,0 client=0,0,0,0 visible=0,0,0,0
[JuiceRect] mapped hwnd=0x10066 win=0,0,0,0 client=0,0,0,0 visible=0,0,0,0
[JuiceGeom] changed hwnd=0x10066 flags=10 ptr=0x10570e630 window=0,0,0,0 client=0,0,0,0 visible=0,0,0,0 surface=0x0
[JuiceRect] input hwnd=0x10066 dpi=96/1 raw=96/1 win=0,0,0,0 client=0,0,0,0 visible=0,0,0,0
[JuiceRect] mapped hwnd=0x10066 win=0,0,0,0 client=0,0,0,0 visible=0,0,0,0
[JuiceGeom] changed hwnd=0x10066 flags=181f ptr=0x10570e3f0 window=0,0,0,0 client=0,0,0,0 visible=0,0,0,0 surface=0x0
[JuiceRect] input hwnd=0x10052 dpi=96/1 raw=96/1 win=0,0,1024,768 client=0,0,1024,768 visible=0,0,1024,768
[JuiceRect] mapped hwnd=0x10052 win=0,0,1024,768 client=0,0,1024,768 visible=0,0,1024,768
[JuiceGeom] changed hwnd=0x10052 flags=8000181f ptr=0x10570e5a0 window=0,0,1024,768 client=0,0,1024,768 visible=0,0,1024,768 surface=0x1070144f0
JUICE_TEXT_HOST_WINDOW pid=89724 hwnd=0x10052 rect=0,0 1024x768 visible=1
[JuiceRect] input hwnd=0x1005c dpi=96/1 raw=96/1 win=0,0,0,0 client=0,0,0,0 visible=0,0,0,0
[JuiceRect] mapped hwnd=0x1005c win=0,0,0,0 client=0,0,0,0 visible=0,0,0,0
[JuiceGeom] changed hwnd=0x1005c flags=183f ptr=0x10570e740 window=0,0,0,0 client=0,0,0,0 visible=0,0,0,0 surface=0x0
[JuiceRect] input hwnd=0x1005a dpi=96/1 raw=96/1 win=970,12,1008,44 client=970,12,1008,44 visible=970,12,1008,44
[JuiceRect] mapped hwnd=0x1005a win=970,12,1008,44 client=970,12,1008,44 visible=970,12,1008,44
[JuiceGeom] changed hwnd=0x1005a flags=1c ptr=0x10570e830 window=970,12,1008,44 client=970,12,1008,44 visible=970,12,1008,44 surface=0x0
[JuiceRect] input hwnd=0x1005c dpi=96/1 raw=96/1 win=20,92,350,690 client=20,92,334,690 visible=20,92,350,690
[JuiceRect] mapped hwnd=0x1005c win=20,92,350,690 client=20,92,334,690 visible=20,92,350,690
[JuiceGeom] changed hwnd=0x1005c flags=1c ptr=0x10570e830 window=20,92,350,690 client=20,92,334,690 visible=20,92,350,690 surface=0x0
[JuiceRect] input hwnd=0x1005c dpi=96/1 raw=96/1 win=20,92,350,690 client=20,92,350,690 visible=20,92,350,690
[JuiceRect] mapped hwnd=0x1005c win=20,92,350,690 client=20,92,350,690 visible=20,92,350,690
[JuiceGeom] changed hwnd=0x1005c flags=103f ptr=0x10570cca0 window=20,92,350,690 client=20,92,350,690 visible=20,92,350,690 surface=0x0
[JuiceRect] input hwnd=0x10058 dpi=96/1 raw=96/1 win=6,718,169,758 client=6,718,169,758 visible=6,718,169,758
[JuiceRect] mapped hwnd=0x10058 win=6,718,169,758 client=6,718,169,758 visible=6,718,169,758
[JuiceGeom] changed hwnd=0x10058 flags=1c ptr=0x10570e830 window=6,718,169,758 client=6,718,169,758 visible=6,718,169,758 surface=0x0
[JuiceRect] input hwnd=0x1005e dpi=96/1 raw=96/1 win=175,718,338,758 client=175,718,338,758 visible=175,718,338,758
[JuiceRect] mapped hwnd=0x1005e win=175,718,338,758 client=175,718,338,758 visible=175,718,338,758
[JuiceGeom] changed hwnd=0x1005e flags=1c ptr=0x10570e830 window=175,718,338,758 client=175,718,338,758 visible=175,718,338,758 surface=0x0
[JuiceRect] input hwnd=0x10060 dpi=96/1 raw=96/1 win=344,718,507,758 client=344,718,507,758 visible=344,718,507,758
[JuiceRect] mapped hwnd=0x10060 win=344,718,507,758 client=344,718,507,758 visible=344,718,507,758
[JuiceGeom] changed hwnd=0x10060 flags=1c ptr=0x10570e830 window=344,718,507,758 client=344,718,507,758 visible=344,718,507,758 surface=0x0
[JuiceRect] input hwnd=0x10062 dpi=96/1 raw=96/1 win=513,718,676,758 client=513,718,676,758 visible=513,718,676,758
[JuiceRect] mapped hwnd=0x10062 win=513,718,676,758 client=513,718,676,758 visible=513,718,676,758
[JuiceGeom] changed hwnd=0x10062 flags=1c ptr=0x10570e830 window=513,718,676,758 client=513,718,676,758 visible=513,718,676,758 surface=0x0
[JuiceRect] input hwnd=0x10064 dpi=96/1 raw=96/1 win=682,718,845,758 client=682,718,845,758 visible=682,718,845,758
[JuiceRect] mapped hwnd=0x10064 win=682,718,845,758 client=682,718,845,758 visible=682,718,845,758
[JuiceGeom] changed hwnd=0x10064 flags=1c ptr=0x10570e830 window=682,718,845,758 client=682,718,845,758 visible=682,718,845,758 surface=0x0
[JuiceRect] input hwnd=0x10066 dpi=96/1 raw=96/1 win=851,718,1014,758 client=851,718,1014,758 visible=851,718,1014,758
[JuiceRect] mapped hwnd=0x10066 win=851,718,1014,758 client=851,718,1014,758 visible=851,718,1014,758
[JuiceGeom] changed hwnd=0x10066 flags=1c ptr=0x10570e830 window=851,718,1014,758 client=851,718,1014,758 visible=851,718,1014,758 surface=0x0
[JuiceMonitor] callee hwnd=0x10052 hmon=0x1 info=0x10570fac0 monitor=0,0,1024,768 work=0,0,1024,768 flags=00000001
[JuiceMinMax] hwnd=0x10052 min=0,0 maxtrack=1036,780 max=1024,768 pos=0,0
[JuiceGeom] show hwnd=0x10052 cmd=3 rect=0x10570fc28 0,0,1024,768 swp=8060
JUICE_TEXT_HOST_WINDOW pid=89724 hwnd=0x10052 rect=0,0 1024x768 visible=1
[JuiceGeom] surface hwnd=0x10052 rect=0,0,1024,768 size=1024x768 previous=0x1070144f0
[JuiceRect] input hwnd=0x10052 dpi=96/1 raw=96/1 win=0,0,1024,768 client=0,0,1024,768 visible=0,0,1024,768
[JuiceRect] mapped hwnd=0x10052 win=0,0,1024,768 client=0,0,1024,768 visible=0,0,1024,768
[JuiceGeom] changed hwnd=0x10052 flags=80009967 ptr=0x10570f760 window=0,0,1024,768 client=0,0,1024,768 visible=0,0,1024,768 surface=0x10295b3b0
JUICE_TEXT_HOST_WINDOW pid=89724 hwnd=0x10052 rect=0,0 1024x768 visible=1
[JuiceWine] anonymous PE executable section .text at 0x2d5120000 size=327680
[JuiceWine] anonymous PE executable section .text at 0x2d4f70000 size=196608
[JuiceWine] anonymous PE executable section .text at 0x2d4d00000 size=327680
[JuiceWine] anonymous PE executable section .text at 0x2d54c0000 size=65536
[JuiceWine] anonymous PE executable section .text at 0x2d4c20000 size=65536
[JuiceCreate] ex=00000000 class=0x1066ff7d0 version=0x0 name=0x1066ff7b0 style=00000000 x=0 y=0 cx=0 cy=0 parent=0xfffffffffffffffd menu=0x0 classinst=0x2d4f60000 params=0x0 flags=00000000 inst=0x2d4f60000 classptr=0x2d4fa1718 ansi=0
[JuiceMonitor] callee hwnd=0x10068 hmon=0x1 info=0x10570d810 monitor=0,0,1024,768 work=0,0,1024,768 flags=00000001
[JuiceMinMax] hwnd=0x10068 min=112,27 maxtrack=1036,780 max=106,106 pos=-3,-3
[JuiceRect] input hwnd=0x10068 dpi=96/1 raw=96/1 win=0,0,112,27 client=0,0,112,27 visible=0,0,112,27
[JuiceRect] mapped hwnd=0x10068 win=0,0,112,27 client=0,0,112,27 visible=0,0,112,27
[JuiceGeom] changed hwnd=0x10068 flags=14 ptr=0x10570d710 window=0,0,112,27 client=0,0,112,27 visible=0,0,112,27 surface=0x0
[JuiceRect] input hwnd=0x10068 dpi=96/1 raw=96/1 win=0,0,112,27 client=3,22,109,24 visible=0,0,112,27
[JuiceRect] mapped hwnd=0x10068 win=0,0,112,27 client=3,22,109,24 visible=0,0,112,27
[JuiceGeom] changed hwnd=0x10068 flags=10 ptr=0x10570d710 window=0,0,112,27 client=3,22,109,24 visible=0,0,112,27 surface=0x0
[JuiceCreate] ex=00000080 class=0x1066ff560 version=0x0 name=0x1066ff540 style=80000000 x=0 y=0 cx=1 cy=1 parent=0x10056 menu=0x0 classinst=0x2d5640000 params=0x0 flags=00000000 inst=0x2d5640000 classptr=0x102a0f3c4 ansi=0
[JuiceRect] input hwnd=0x1006c dpi=96/1 raw=96/1 win=0,0,1,1 client=0,0,1,1 visible=0,0,1,1
[JuiceRect] mapped hwnd=0x1006c win=0,0,1,1 client=0,0,1,1 visible=0,0,1,1
[JuiceGeom] changed hwnd=0x1006c flags=3c ptr=0x10570c9d0 window=0,0,1,1 client=0,0,1,1 visible=0,0,1,1 surface=0x1070144f0
[JuiceRect] input hwnd=0x1006c dpi=96/1 raw=96/1 win=0,0,1,1 client=0,0,1,1 visible=0,0,1,1
[JuiceRect] mapped hwnd=0x1006c win=0,0,1,1 client=0,0,1,1 visible=0,0,1,1
[JuiceGeom] changed hwnd=0x1006c flags=18 ptr=0x10570c9d0 window=0,0,1,1 client=0,0,1,1 visible=0,0,1,1 surface=0x1070144f0
[JuiceRect] input hwnd=0x1006c dpi=96/1 raw=96/1 win=0,0,1,1 client=0,0,1,1 visible=0,0,1,1
[JuiceRect] mapped hwnd=0x1006c win=0,0,1,1 client=0,0,1,1 visible=0,0,1,1
[JuiceGeom] changed hwnd=0x1006c flags=181b ptr=0x10570cbd0 window=0,0,1,1 client=0,0,1,1 visible=0,0,1,1 surface=0x1070144f0
[JuiceMonitor] callee hwnd=0x10052 hmon=0x1 info=0x10570f570 monitor=0,0,1024,768 work=0,0,1024,768 flags=00000001
[JuiceRect] input hwnd=0x1005a dpi=96/1 raw=96/1 win=970,12,1008,44 client=970,12,1008,44 visible=970,12,1008,44
[JuiceRect] mapped hwnd=0x1005a win=970,12,1008,44 client=970,12,1008,44 visible=970,12,1008,44
[JuiceGeom] changed hwnd=0x1005a flags=1817 ptr=0x10570dcc0 window=970,12,1008,44 client=970,12,1008,44 visible=970,12,1008,44 surface=0x0
[JuiceRect] input hwnd=0x1005c dpi=96/1 raw=96/1 win=20,92,350,690 client=20,92,350,690 visible=20,92,350,690
[JuiceRect] mapped hwnd=0x1005c win=20,92,350,690 client=20,92,350,690 visible=20,92,350,690
[JuiceGeom] changed hwnd=0x1005c flags=1817 ptr=0x10570dcc0 window=20,92,350,690 client=20,92,350,690 visible=20,92,350,690 surface=0x0
[JuiceRect] input hwnd=0x10058 dpi=96/1 raw=96/1 win=6,718,169,758 client=6,718,169,758 visible=6,718,169,758
[JuiceRect] mapped hwnd=0x10058 win=6,718,169,758 client=6,718,169,758 visible=6,718,169,758
[JuiceGeom] changed hwnd=0x10058 flags=1817 ptr=0x10570dcc0 window=6,718,169,758 client=6,718,169,758 visible=6,718,169,758 surface=0x0
[JuiceRect] input hwnd=0x1005e dpi=96/1 raw=96/1 win=175,718,338,758 client=175,718,338,758 visible=175,718,338,758
[JuiceRect] mapped hwnd=0x1005e win=175,718,338,758 client=175,718,338,758 visible=175,718,338,758
[JuiceGeom] changed hwnd=0x1005e flags=1817 ptr=0x10570dcc0 window=175,718,338,758 client=175,718,338,758 visible=175,718,338,758 surface=0x0
[JuiceRect] input hwnd=0x10060 dpi=96/1 raw=96/1 win=344,718,507,758 client=344,718,507,758 visible=344,718,507,758
[JuiceRect] mapped hwnd=0x10060 win=344,718,507,758 client=344,718,507,758 visible=344,718,507,758
[JuiceGeom] changed hwnd=0x10060 flags=1817 ptr=0x10570dcc0 window=344,718,507,758 client=344,718,507,758 visible=344,718,507,758 surface=0x0
[JuiceRect] input hwnd=0x10062 dpi=96/1 raw=96/1 win=513,718,676,758 client=513,718,676,758 visible=513,718,676,758
[JuiceRect] mapped hwnd=0x10062 win=513,718,676,758 client=513,718,676,758 visible=513,718,676,758
[JuiceGeom] changed hwnd=0x10062 flags=1817 ptr=0x10570dcc0 window=513,718,676,758 client=513,718,676,758 visible=513,718,676,758 surface=0x0
[JuiceRect] input hwnd=0x10064 dpi=96/1 raw=96/1 win=682,718,845,758 client=682,718,845,758 visible=682,718,845,758
[JuiceRect] mapped hwnd=0x10064 win=682,718,845,758 client=682,718,845,758 visible=682,718,845,758
[JuiceGeom] changed hwnd=0x10064 flags=1817 ptr=0x10570dcc0 window=682,718,845,758 client=682,718,845,758 visible=682,718,845,758 surface=0x0
[JuiceRect] input hwnd=0x10066 dpi=96/1 raw=96/1 win=851,718,1014,758 client=851,718,1014,758 visible=851,718,1014,758
[JuiceRect] mapped hwnd=0x10066 win=851,718,1014,758 client=851,718,1014,758 visible=851,718,1014,758
[JuiceGeom] changed hwnd=0x10066 flags=1817 ptr=0x10570dcc0 window=851,718,1014,758 client=851,718,1014,758 visible=851,718,1014,758 surface=0x0
JUICE_TEXT_HOST_FRAME hwnd=0x10052 size=1024x768 path=/var/mobile/Documents/JuiceLab-20260811/source/build/tests/final-v20/juicegui-x64/frame-before-input.png
JUICE_TEXT_HOST_CLICK_SENT index=1 hwnd=0x10052 point=100,195
JUICE_TEXT_HOST_CLICK_SENT index=2 hwnd=0x10052 point=256,738
JUICE_TEXT_HOST_INPUT_SENT hwnd=0x10052 clicks=2 utf16_units=0
[JuiceMonitor] callee hwnd=0x10052 hmon=0x1 info=0x10570f690 monitor=0,0,1024,768 work=0,0,1024,768 flags=00000001
[JuiceInput] dispatched surface=0x10052 target=0x1005c local=100,195 desktop=100,195 flags=a003 sent=0
[JuiceInput] dispatched surface=0x10052 target=0x1005c local=100,195 desktop=100,195 flags=a005 sent=0
[JuiceMonitor] callee hwnd=0x10052 hmon=0x1 info=0x10570f690 monitor=0,0,1024,768 work=0,0,1024,768 flags=00000001
[JuiceInput] dispatched surface=0x10052 target=0x1005e local=256,738 desktop=256,738 flags=a003 sent=0
[JuiceInput] dispatched surface=0x10052 target=0x1005e local=256,738 desktop=256,738 flags=a005 sent=0
JUICE_TEXT_HOST_RESULT success=1 marker=/var/mobile/Documents/Juice-JuiceGUI-smoke.ok frame=/var/mobile/Documents/JuiceLab-20260811/source/build/tests/final-v20/juicegui-x64/frame-after-input.png expected_frame=missing child_rc=None
JUICE_TEXT_HOST_CLIENT_CLOSED pid=89724
Terminated: 15
