JUICE_TEXT_HOST_LISTENING socket=/tmp/jsetupd-v20.sock
[JuiceWine parent] launching /private/var/containers/Bundle/Application/CC5BA8E5-587D-4BCE-957C-34B8AD5CD6CA/Juice.app/Grape/build/wine-ios/loader/wine
[JuiceWine parent] child PID=90988
[JuiceWine parent] launching /private/var/containers/Bundle/Application/CC5BA8E5-587D-4BCE-957C-34B8AD5CD6CA/Juice.app/Grape/build/wine-ios/loader/wine
[JuiceWine parent] child PID=90989
[JuiceWine] PT_TRACE_ME succeeded; csflags=0x3280780d CS_DEBUGGED=YES
[JuiceWine] requesting controlled tracer detach
[JuiceWine parent] child stopped pid=90989 signal=17 (Suspended (signal): 17)
[JuiceWine parent] PT_DETACH pid=90989 result=0[JuiceWine] resumed after tracer detach; csflags=0x3280780d CS_DEBUGGED=YES

[JuiceWine parent] child now running untraced
[JuiceStage] wineboot disabled by JUICE_SKIP_WINEBOOT=1
[JuiceWine] anonymous PE executable section .text at 0x140010000 size=65536
[JuiceStage] loading Windows ntdll; transfer=0x140013bdc teb=0x2d7ff8000 peb=0x2d7ffc000
[JuiceWine] anonymous PE executable section .text at 0x2d7c30000 size=524288
[JuiceStage] load_ntdll returned; transfer=0x140013bdc
[JuiceStage] load_wow64_ntdll returned
[JuiceStage] calling load_apiset_dll
[JuiceStage] load_apiset_dll returned; stack_base=0x101210000 stack_limit=0x101118000
[JuiceStage] calling server_init_process_done
[JuiceStage] server_init_process_done entered
[JuiceStage] calling signal_init_process; teb=0x2d7ff8000
[JuiceStage] signal_init_process returned
[JuiceStage] init_teb_data returned; syscall_frame=0x10110fcd0 stack_base=0x101210000 stack_limit=0x101118000
[JuiceStage] init_process_done server call returned; status=00000000 suspend=0 transfer=0x140013bdc teb=0x2d7ff8000 peb=0x2d7ffc000
[JuiceStage] calling signal_start_thread
[JuiceStage] init_syscall_frame entered; entry=0x140013bdc arg=0x2d7ffc000 teb=0x2d7ff8000 data=0x101000000 frame=0x10110fcd0 stack_base=0x101210000 stack_limit=0x101118000
[JuiceStage] calling signal_set_full_context; ctx=0x10120fc70 target_pc=0x2d7c86bb0 target_sp=0x101210000 target_x18=0x2d7ff8000 LdrInitializeThunk=0x2d7c86bd0 RtlUserThreadStart=0x2d7c86bb0
[JuiceStage] signal_set_full_context returned; status=00000000 frame_pc=0x2d7c86bb0 frame_sp=0x101210000 frame_x18=0x2d7ff8000 restore=00400007
[JuiceStage] init_syscall_frame complete; dispatcher_pc=0x2d7c86bd0 user_sp=0x10120fc70 x16=0x2d7c86bd0 x17=0x10120fc70 x18=0x2d7ff8000 restore=00400007
[JuiceX18] broad #1 pc=0x2d7c641c8 fault=0x17ee instr=796fde48 x8=0x0 x16=0x2d7c86bd0 x17=0x10120fc70 x18=0x0 teb=0x2d7ff8000
[JuiceX18] broad #2 pc=0x2d7c8d6b8 fault=0x60 instr=f940324b x8=0x10120fa40 x16=0x2d7c641c8 x17=0x10120fc70 x18=0x0 teb=0x2d7ff8000
[JuiceX18] broad #3 pc=0x100475464 fault=0x378 instr=f941be4a x8=0x18 x16=0x100475460 x17=0x10120fc70 x18=0x0 teb=0x2d7ff8000
[JuiceX18] broad #4 pc=0x2d7c8e148 fault=0x60 instr=f9403248 x8=0x100400090 x16=0xffff x17=0x10120fa30 x18=0x0 teb=0x2d7ff8000
[JuiceX18] broad #5 pc=0x2d7c642e0 fault=0x180c instr=b9580e48 x8=0x0 x16=0x2d7c84ab4 x17=0x10120fa60 x18=0x0 teb=0x2d7ff8000
[JuiceX18] broad #6 pc=0x2d7c57574 fault=0x60 instr=f9403248 x8=0x200 x16=0x2d7c642e0 x17=0x10120fc70 x18=0x0 teb=0x2d7ff8000
[JuiceX18] broad #7 pc=0x2d7c5769c fault=0x60 instr=f9403248 x8=0x20 x16=0x2d7c57574 x17=0x10120fc70 x18=0x0 teb=0x2d7ff8000
[JuiceX18] broad #8 pc=0x2d7c58de8 fault=0x0 instr=f940024a x8=0xfffffffffffffffe x16=0x2d7c84b74 x17=0x10120f830 x18=0x0 teb=0x2d7ff8000
[JuiceX18] broad #9 pc=0x2d7c5632c fault=0x60 instr=f9403248 x8=0x1004032c0 x16=0x2d7cbc6c8 x17=0x2d7cbc89f x18=0x0 teb=0x2d7ff8000
[JuiceX18] broad #10 pc=0x2d7c58de8 fault=0x0 instr=f940024a x8=0xa x16=0x2d7c850d4 x17=0x10120f7a0 x18=0x0 teb=0x2d7ff8000
[JuiceX18] broad #11 pc=0x2d7c56a50 fault=0x60 instr=f9403248 x8=0xffffffe3 x16=0x2d7cbc634 x17=0x10120f69c x18=0x0 teb=0x2d7ff8000
[JuiceX18] broad #12 pc=0x2d7c56abc fault=0x60 instr=f9403248 x8=0x0 x16=0x2d7c56a50 x17=0x10120fc70 x18=0x0 teb=0x2d7ff8000
[JuiceX18] broad #13 pc=0x2d7c9701c fault=0x60 instr=f9403248 x8=0x1004c0330 x16=0x2d7c84994 x17=0x10120fad0 x18=0x0 teb=0x2d7ff8000
[JuiceX18] broad #14 pc=0x2d7c9701c fault=0x60 instr=f9403248 x8=0x1004c0330 x16=0x2d7c9701c x17=0x10120fc70 x18=0x0 teb=0x2d7ff8000
[JuiceX18] broad #15 pc=0x100475464 fault=0x378 instr=f941be4a x8=0x21 x16=0x100475460 x17=0x10120f740 x18=0x0 teb=0x2d7ff8000
[JuiceX18] broad #16 pc=0x2d7c56640 fault=0x60 instr=f9403248 x8=0x0 x16=0x2d7c852b4 x17=0x10120fad0 x18=0x0 teb=0x2d7ff8000
[JuiceX18] broad #17 pc=0x2d7c56640 fault=0x60 instr=f9403248 x8=0x0 x16=0x2d7c56640 x17=0x10120fc70 x18=0x0 teb=0x2d7ff8000
[JuiceX18] broad #18 pc=0x2d7c64124 fault=0x0 instr=f9400249 x8=0x2d7c9f1ec x16=0x2d7c84ad4 x17=0x10120fad0 x18=0x0 teb=0x2d7ff8000
[JuiceX18] broad #19 pc=0x2d7c58de8 fault=0x0 instr=f940024a x8=0x48 x16=0x2d7c64124 x17=0x10120fc70 x18=0x0 teb=0x2d7ff8000
[JuiceX18] broad #20 pc=0x2d7c58de8 fault=0x0 instr=f940024a x8=0xfffffffffffffffe x16=0x2d7cbc634 x17=0x10120f8ff x18=0x0 teb=0x2d7ff8000
[JuiceX18] broad #21 pc=0x2d7c58de8 fault=0x0 instr=f940024a x8=0x18 x16=0x2d7c84c14 x17=0x10120fa70 x18=0x0 teb=0x2d7ff8000
[JuiceX18] broad #22 pc=0x2d7c48070 fault=0x2c8 instr=f9416648 x8=0x2d7cba860 x16=0x2d7cbc634 x17=0x10120f6a2 x18=0x0 teb=0x2d7ff8000
[JuiceX18] broad #23 pc=0x2d7c5632c fault=0x60 instr=f9403248 x8=0x100403af0 x16=0x2d7c48070 x17=0x10120fc70 x18=0x0 teb=0x2d7ff8000
[JuiceX18] broad #24 pc=0x2d7c71c14 fault=0x18 instr=f9400e48 x8=0x24 x16=0x2d7c5632c x17=0x10120fc70 x18=0x0 teb=0x2d7ff8000
[JuiceWine] anonymous PE executable section .text at 0x2d7a50000 size=196608
[JuiceX18] broad #25 pc=0x100475464 fault=0x378 instr=f941be4a x8=0x50 x16=0x100475460 x17=0x10120f8b0 x18=0x0 teb=0x2d7ff8000
[JuiceX18] broad #26 pc=0x2d7c79318 fault=0x0 instr=f9400249 x8=0x2d7c9f1ec x16=0x2d7c851b4 x17=0x10120f8b0 x18=0x0 teb=0x2d7ff8000
[JuiceX18] broad #27 pc=0x2d7c793cc fault=0x0 instr=f9000249 x8=0x0 x16=0x2d7c79318 x17=0x10120fc70 x18=0x0 teb=0x2d7ff8000
[JuiceX18] broad #28 pc=0x2d7c66c3c fault=0x60 instr=f9403248 x8=0x2d7a8f3e8 x16=0x2d7c793cc x17=0x10120fc70 x18=0x0 teb=0x2d7ff8000
[JuiceWine] anonymous PE executable section .text at 0x2d7660000 size=524288
[JuiceX18] broad #29 pc=0x100475464 fault=0x378 instr=f941be4a x8=0x50 x16=0x100475460 x17=0x10120f360 x18=0x0 teb=0x2d7ff8000
[JuiceX18] broad #30 pc=0x2d7c79318 fault=0x0 instr=f9400249 x8=0x2d7c9f1ec x16=0x2d7c851b4 x17=0x10120f360 x18=0x0 teb=0x2d7ff8000
[JuiceX18] broad #31 pc=0x2d7c793cc fault=0x0 instr=f9000249 x8=0x0 x16=0x2d7c79318 x17=0x10120fc70 x18=0x0 teb=0x2d7ff8000
[JuiceX18] broad #32 pc=0x2d7c66c3c fault=0x60 instr=f9403248 x8=0x2d7707dd0 x16=0x2d7c793cc x17=0x10120fc70 x18=0x0 teb=0x2d7ff8000
[JuiceWine] anonymous PE executable section .text at 0x2d74e0000 size=196608
[JuiceWine] anonymous PE executable section .text at 0x2d7400000 size=65536
[JuiceWine] anonymous PE executable section .text at 0x2d70b0000 size=589824
[JuiceWine] anonymous PE executable section .text at 0x2d6dc0000 size=458752
[JuiceWine] anonymous PE executable section .text at 0x2d6b40000 size=327680
[JuiceWine] anonymous PE executable section .text at 0x2d6650000 size=589824
[JuiceWine] anonymous PE executable section .text at 0x2d6560000 size=196608
[JuiceWine] anonymous PE executable section .text at 0x2d5940000 size=524288
[JuiceWine] anonymous PE executable section .text at 0x2d5800000 size=131072
[JuiceWine] anonymous PE executable section .text at 0x2d5740000 size=65536
[JuiceWine] anonymous PE executable section .text at 0x2d5650000 size=65536
[JuiceWine parent] launching /private/var/containers/Bundle/Application/CC5BA8E5-587D-4BCE-957C-34B8AD5CD6CA/Juice.app/Grape/build/wine-ios/loader/wine
[JuiceWine parent] child PID=90992
[JuiceWine] PT_TRACE_ME succeeded; csflags=0x3280780d CS_DEBUGGED=YES
[JuiceWine] requesting controlled tracer detach
[JuiceWine parent] child stopped pid=90992 signal=17 (Suspended (signal): 17)
[JuiceWine parent] PT_DETACH pid=90992 result=0
[JuiceWine parent] child now running untraced
[JuiceWine] resumed after tracer detach; csflags=0x3280780d CS_DEBUGGED=YES
[JuiceWine] anonymous PE executable section .text at 0x140010000 size=65536
[JuiceStage] loading Windows ntdll; transfer=0x14001d140 teb=0x2d7ff8000 peb=0x2d7ffc000
[JuiceWine] anonymous PE executable section .text at 0x2d7c30000 size=524288
[JuiceStage] load_ntdll returned; transfer=0x14001d140
[JuiceStage] load_wow64_ntdll returned
[JuiceStage] calling load_apiset_dll
[JuiceStage] load_apiset_dll returned; stack_base=0x104100000 stack_limit=0x104008000
[JuiceStage] calling server_init_process_done
[JuiceStage] server_init_process_done entered
[JuiceStage] calling signal_init_process; teb=0x2d7ff8000
[JuiceStage] signal_init_process returned
[JuiceStage] init_teb_data returned; syscall_frame=0x10270fcd0 stack_base=0x104100000 stack_limit=0x104008000
[JuiceStage] init_process_done server call returned; status=00000000 suspend=1 transfer=0x14001d140 teb=0x2d7ff8000 peb=0x2d7ffc000
[JuiceStage] calling signal_start_thread
[JuiceStage] init_syscall_frame entered; entry=0x14001d140 arg=0x2d7ffc000 teb=0x2d7ff8000 data=0x102600000 frame=0x10270fcd0 stack_base=0x104100000 stack_limit=0x104008000
[JuiceStage] calling signal_set_full_context; ctx=0x1040ffc70 target_pc=0x2d7c86bb0 target_sp=0x104100000 target_x18=0x2d7ff8000 LdrInitializeThunk=0x2d7c86bd0 RtlUserThreadStart=0x2d7c86bb0
[JuiceStage] signal_set_full_context returned; status=00000000 frame_pc=0x2d7c86bb0 frame_sp=0x104100000 frame_x18=0x2d7ff8000 restore=00400007
[JuiceStage] init_syscall_frame complete; dispatcher_pc=0x2d7c86bd0 user_sp=0x1040ffc70 x16=0x2d7c86bd0 x17=0x1040ffc70 x18=0x2d7ff8000 restore=00400007
[JuiceX18] broad #1 pc=0x2d7c641c8 fault=0x17ee instr=796fde48 x8=0x0 x16=0x2d7c86bd0 x17=0x1040ffc70 x18=0x0 teb=0x2d7ff8000
[JuiceX18] broad #2 pc=0x2d7c8d6b8 fault=0x60 instr=f940324b x8=0x1040ffa40 x16=0x2d7c641c8 x17=0x1040ffc70 x18=0x0 teb=0x2d7ff8000
[JuiceX18] broad #3 pc=0x10023d464 fault=0x378 instr=f941be4a x8=0x18 x16=0x10023d460 x17=0x1040ffc70 x18=0x0 teb=0x2d7ff8000
[JuiceX18] broad #4 pc=0x2d7c8e148 fault=0x60 instr=f9403248 x8=0x1001f0090 x16=0xffff x17=0x1040ffa30 x18=0x0 teb=0x2d7ff8000
[JuiceX18] broad #5 pc=0x2d7c642e0 fault=0x180c instr=b9580e48 x8=0x0 x16=0x2d7c84ab4 x17=0x1040ffa60 x18=0x0 teb=0x2d7ff8000
[JuiceX18] broad #6 pc=0x2d7c57574 fault=0x60 instr=f9403248 x8=0x200 x16=0x2d7c642e0 x17=0x1040ffc70 x18=0x0 teb=0x2d7ff8000
[JuiceX18] broad #7 pc=0x2d7c58de8 fault=0x0 instr=f940024a x8=0xfffffffffffffffe x16=0x2d7c84b74 x17=0x1040ff830 x18=0x0 teb=0x2d7ff8000
[JuiceX18] broad #8 pc=0x2d7c5632c fault=0x60 instr=f9403248 x8=0x1001f3360 x16=0x2d7cbc6c8 x17=0x2d7cbc89f x18=0x0 teb=0x2d7ff8000
[JuiceX18] broad #9 pc=0x2d7c58de8 fault=0x0 instr=f940024a x8=0xa x16=0x2d7c850d4 x17=0x1040ff7a0 x18=0x0 teb=0x2d7ff8000
[JuiceX18] broad #10 pc=0x2d7c56a50 fault=0x60 instr=f9403248 x8=0xffffffe3 x16=0x2d7cbc634 x17=0x1040ff69c x18=0x0 teb=0x2d7ff8000
[JuiceX18] broad #11 pc=0x2d7c56a50 fault=0x60 instr=f9403248 x8=0xffffffe2 x16=0x2d7c56a50 x17=0x1040ffc70 x18=0x0 teb=0x2d7ff8000
[JuiceX18] broad #12 pc=0x2d7c9701c fault=0x60 instr=f9403248 x8=0x100288330 x16=0x2d7c84994 x17=0x1040ffad0 x18=0x0 teb=0x2d7ff8000
[JuiceX18] broad #13 pc=0x10023d464 fault=0x378 instr=f941be4a x8=0x21 x16=0x10023d460 x17=0x1040ff740 x18=0x0 teb=0x2d7ff8000
[JuiceX18] broad #14 pc=0x2d7c56640 fault=0x60 instr=f9403248 x8=0x0 x16=0x2d7c852b4 x17=0x1040ffad0 x18=0x0 teb=0x2d7ff8000
[JuiceX18] broad #15 pc=0x2d7c56640 fault=0x60 instr=f9403248 x8=0x0 x16=0x2d7c56640 x17=0x1040ffc70 x18=0x0 teb=0x2d7ff8000
[JuiceX18] broad #16 pc=0x2d7c64124 fault=0x0 instr=f9400249 x8=0x2d7c9f1ec x16=0x2d7c84ad4 x17=0x1040ffad0 x18=0x0 teb=0x2d7ff8000
[JuiceX18] broad #17 pc=0x2d7c58de8 fault=0x0 instr=f940024a x8=0x48 x16=0x2d7c64124 x17=0x1040ffc70 x18=0x0 teb=0x2d7ff8000
[JuiceX18] broad #18 pc=0x2d7c58de8 fault=0x0 instr=f940024a x8=0xfffffffffffffffe x16=0x2d7cbc634 x17=0x1040ff8ff x18=0x0 teb=0x2d7ff8000
[JuiceX18] broad #19 pc=0x2d7c58de8 fault=0x0 instr=f940024a x8=0x18 x16=0x2d7c84c14 x17=0x1040ffa70 x18=0x0 teb=0x2d7ff8000
[JuiceX18] broad #20 pc=0x2d7c48070 fault=0x2c8 instr=f9416648 x8=0x2d7cba860 x16=0x2d7cbc634 x17=0x1040ff6a2 x18=0x0 teb=0x2d7ff8000
[JuiceWine] anonymous PE executable section .text at 0x2d7a50000 size=196608
[JuiceX18] broad #21 pc=0x10023d464 fault=0x378 instr=f941be4a x8=0x50 x16=0x10023d460 x17=0x1040ff8b0 x18=0x0 teb=0x2d7ff8000
[JuiceX18] broad #22 pc=0x2d7c79318 fault=0x0 instr=f9400249 x8=0x2d7c9f1ec x16=0x2d7c851b4 x17=0x1040ff8b0 x18=0x0 teb=0x2d7ff8000
[JuiceX18] broad #23 pc=0x2d7c793cc fault=0x0 instr=f9000249 x8=0x0 x16=0x2d7c79318 x17=0x1040ffc70 x18=0x0 teb=0x2d7ff8000
[JuiceX18] broad #24 pc=0x2d7c66c3c fault=0x60 instr=f9403248 x8=0x2d7a8f3e8 x16=0x2d7c793cc x17=0x1040ffc70 x18=0x0 teb=0x2d7ff8000
[JuiceX18] broad #25 pc=0x2d7c67500 fault=0x60 instr=f9403248 x8=0x0 x16=0x2d7c66c3c x17=0x1040ffc70 x18=0x0 teb=0x2d7ff8000
[JuiceWine] anonymous PE executable section .text at 0x2d7660000 size=524288
[JuiceX18] broad #26 pc=0x2d7c64124 fault=0x0 instr=f9400249 x8=0x2d7c9f1ec x16=0x2d7c84cb4 x17=0x1040ff410 x18=0x0 teb=0x2d7ff8000
[JuiceX18] broad #27 pc=0x10023d464 fault=0x378 instr=f941be4a x8=0x50 x16=0x10023d460 x17=0x1040ff360 x18=0x0 teb=0x2d7ff8000
[JuiceX18] broad #28 pc=0x2d7c79318 fault=0x0 instr=f9400249 x8=0x2d7c9f1ec x16=0x2d7c851b4 x17=0x1040ff360 x18=0x0 teb=0x2d7ff8000
[JuiceX18] broad #29 pc=0x2d7c793cc fault=0x0 instr=f9000249 x8=0x0 x16=0x2d7c79318 x17=0x1040ffc70 x18=0x0 teb=0x2d7ff8000
[JuiceX18] broad #30 pc=0x2d7c66c3c fault=0x60 instr=f9403248 x8=0x2d7707dd0 x16=0x2d7c793cc x17=0x1040ffc70 x18=0x0 teb=0x2d7ff8000
[JuiceX18] broad #31 pc=0x10023d464 fault=0x378 instr=f941be4a x8=0x50 x16=0x10023d460 x17=0x1040ff030 x18=0x0 teb=0x2d7ff8000
[JuiceX18] broad #32 pc=0x10023d464 fault=0x378 instr=f941be4a x8=0x50 x16=0x10023d460 x17=0x1040ff410 x18=0x0 teb=0x2d7ff8000
[JuiceWine] anonymous PE executable section .text at 0x2d73f0000 size=327680
[JuiceWine] anonymous PE executable section .text at 0x2d7270000 size=196608
[JuiceWine] anonymous PE executable section .text at 0x2d7190000 size=65536
[JuiceWine] anonymous PE executable section .text at 0x2d6e40000 size=589824
[JuiceWine] anonymous PE executable section .text at 0x2d6b50000 size=458752
[JuiceWine] anonymous PE executable section .text at 0x2d6a90000 size=65536
[JuiceWine] anonymous PE executable section .text at 0x2d65a0000 size=589824
[JuiceWine] anonymous PE executable section .text at 0x2d6320000 size=327680
[JuiceWine] anonymous PE executable section .text at 0x2d6230000 size=196608
[JuiceWine] anonymous PE executable section .text at 0x2d6140000 size=65536
[JuiceWine] anonymous PE executable section .text at 0x2d6070000 size=65536
[JuiceInput] queue fd registered fd=8 tid=0x2c
[JuiceDriver] ios init set driver create=0x1037a246c size=1216
[JuiceDriver] install prev=0x1051b9308 lazy=0x1051b9308 null=0x1051e1d30 new=0x10280ca00 create=0x1037a246c
JUICE_TEXT_HOST_HELLO pid=90992 desktop=1024x768 dpi=96
[JuiceCreate] ex=00000000 class=0x1040feef0 version=0x0 name=0x1040feed0 style=86000000 x=0 y=0 cx=0 cy=0 parent=0x0 menu=0x0 classinst=0x0 params=0x1040ff230 flags=00000000 inst=0x0 classptr=0x8001 ansi=0
[JuiceWine] anonymous PE executable section .text at 0x2d5f40000 size=131072
[JuiceRect] input hwnd=0x10020 dpi=96/1 raw=96/1 win=0,0,0,0 client=0,0,0,0 visible=0,0,0,0
[JuiceRect] mapped hwnd=0x10020 win=0,0,0,0 client=0,0,0,0 visible=0,0,0,0
[JuiceGeom] changed hwnd=0x10020 flags=3c ptr=0x10270f620 window=0,0,0,0 client=0,0,0,0 visible=0,0,0,0 surface=0x1051c44f0
[JuiceRect] input hwnd=0x10020 dpi=96/1 raw=96/1 win=0,0,0,0 client=0,0,0,0 visible=0,0,0,0
[JuiceRect] mapped hwnd=0x10020 win=0,0,0,0 client=0,0,0,0 visible=0,0,0,0
[JuiceGeom] changed hwnd=0x10020 flags=18 ptr=0x10270f620 window=0,0,0,0 client=0,0,0,0 visible=0,0,0,0 surface=0x1051c44f0
[JuiceCreate] ex=00000000 class=0x1040feef0 version=0x0 name=0x1040feed0 style=86000000 x=0 y=0 cx=100 cy=100 parent=0x0 menu=0x0 classinst=0x0 params=0x0 flags=00000000 inst=0x0 classptr=0x140020ca0 ansi=0
[JuiceRect] input hwnd=0x10028 dpi=96/1 raw=96/1 win=0,0,100,100 client=0,0,100,100 visible=0,0,100,100
[JuiceRect] mapped hwnd=0x10028 win=0,0,100,100 client=0,0,100,100 visible=0,0,100,100
[JuiceGeom] changed hwnd=0x10028 flags=3c ptr=0x10270f620 window=0,0,100,100 client=0,0,100,100 visible=0,0,100,100 surface=0x1051c44f0
[JuiceRect] input hwnd=0x10028 dpi=96/1 raw=96/1 win=0,0,100,100 client=0,0,100,100 visible=0,0,100,100
[JuiceRect] mapped hwnd=0x10028 win=0,0,100,100 client=0,0,100,100 visible=0,0,100,100
[JuiceGeom] changed hwnd=0x10028 flags=18 ptr=0x10270f620 window=0,0,100,100 client=0,0,100,100 visible=0,0,100,100 surface=0x1051c44f0
[JuiceGeom] surface hwnd=0x10020 rect=0,0,1024,768 size=1024x768 previous=0x1051c44f0
[JuiceRect] input hwnd=0x10020 dpi=96/1 raw=96/1 win=0,0,1024,768 client=0,0,1024,768 visible=0,0,1024,768
[JuiceRect] mapped hwnd=0x10020 win=0,0,1024,768 client=0,0,1024,768 visible=0,0,1024,768
[JuiceGeom] changed hwnd=0x10020 flags=8000116a ptr=0x10270f820 window=0,0,1024,768 client=0,0,1024,768 visible=0,0,1024,768 surface=0x100448220
JUICE_TEXT_HOST_WINDOW pid=90992 hwnd=0x10020 rect=0,0 1024x768 visible=1
[JuiceStage] init_syscall_frame entered; entry=0x14001263c arg=0x0 teb=0x2d7ff4000 data=0x107810000 frame=0x10791fb00 stack_base=0x107a20000 stack_limit=0x107928000
[JuiceStage] calling signal_set_full_context; ctx=0x107a1fc70 target_pc=0x2d7c86bb0 target_sp=0x107a20000 target_x18=0x2d7ff4000 LdrInitializeThunk=0x2d7c86bd0 RtlUserThreadStart=0x2d7c86bb0
[JuiceStage] signal_set_full_context returned; status=00000000 frame_pc=0x2d7c86bb0 frame_sp=0x107a20000 frame_x18=0x2d7ff4000 restore=00400007
[JuiceStage] init_syscall_frame complete; dispatcher_pc=0x2d7c86bd0 user_sp=0x107a1fc70 x16=0x2d7c86bd0 x17=0x107a1fc70 x18=0x2d7ff4000 restore=00400007
[JuiceCreate] ex=00000000 class=0x107a1fa70 version=0x0 name=0x107a1fa50 style=00000000 x=0 y=0 cx=0 cy=0 parent=0xfffffffffffffffd menu=0x0 classinst=0x0 params=0x0 flags=00000000 inst=0x0 classptr=0x140020500 ansi=0
[JuiceStage] init_syscall_frame entered; entry=0x140012bd8 arg=0x0 teb=0x2d7ff0000 data=0x107ae0000 frame=0x107befb00 stack_base=0x107cf0000 stack_limit=0x107bf8000
[JuiceStage] calling signal_set_full_context; ctx=0x107cefc70 target_pc=0x2d7c86bb0 target_sp=0x107cf0000 target_x18=0x2d7ff0000 LdrInitializeThunk=0x2d7c86bd0 RtlUserThreadStart=0x2d7c86bb0
[JuiceStage] signal_set_full_context returned; status=00000000 frame_pc=0x2d7c86bb0 frame_sp=0x107cf0000 frame_x18=0x2d7ff0000 restore=00400007
[JuiceStage] init_syscall_frame complete; dispatcher_pc=0x2d7c86bd0 user_sp=0x107cefc70 x16=0x2d7c86bd0 x17=0x107cefc70 x18=0x2d7ff0000 restore=00400007
[JuiceCreate] ex=00000000 class=0x1040fee70 version=0x0 name=0x1040fee50 style=00000000 x=0 y=0 cx=0 cy=0 parent=0xfffffffffffffffd menu=0x0 classinst=0x0 params=0x0 flags=00000000 inst=0x0 classptr=0x140020140 ansi=0
[JuiceCreate] ex=00000000 class=0x107cefc10 version=0x0 name=0x107cefbf0 style=00000000 x=0 y=0 cx=0 cy=0 parent=0xfffffffffffffffd menu=0x0 classinst=0x0 params=0x0 flags=00000000 inst=0x0 classptr=0x140021320 ansi=0
[JuiceMonitor] callee hwnd=0x1002e hmon=0x1 info=0x10791f550 monitor=0,0,1024,768 work=0,0,1024,768 flags=00000001
[JuiceMinMax] hwnd=0x1002e min=112,27 maxtrack=1036,780 max=106,106 pos=-3,-3
[JuiceRect] input hwnd=0x1002e dpi=96/1 raw=96/1 win=0,0,112,27 client=0,0,112,27 visible=0,0,112,27
[JuiceRect] mapped hwnd=0x1002e win=0,0,112,27 client=0,0,112,27 visible=0,0,112,27
[JuiceMonitor] callee hwnd=0x10034 hmon=0x1 info=0x107bef550 monitor=0,0,1024,768 work=0,0,1024,768 flags=00000001
[JuiceMinMax] hwnd=0x10034 min=112,27 maxtrack=1036,780 max=106,106 pos=-3,-3
[JuiceGeom] changed hwnd=0x1002e flags=14 ptr=0x10791f450 window=0,0,112,27 client=0,0,112,27 visible=0,0,112,27 surface=0x0
[JuiceRect] input hwnd=0x10034 dpi=96/1 raw=96/1 win=0,0,112,27 client=0,0,112,27 visible=0,0,112,27
[JuiceMonitor] callee hwnd=0x10032 hmon=0x1 info=0x10270f720 monitor=0,0,1024,768 work=0,0,1024,768 flags=00000001
[JuiceRect] mapped hwnd=0x10034 win=0,0,112,27 client=0,0,112,27 visible=0,0,112,27
[JuiceMinMax] hwnd=0x10032 min=112,27 maxtrack=1036,780 max=106,106 pos=-3,-3
[JuiceGeom] changed hwnd=0x10034 flags=14 ptr=0x107bef450 window=0,0,112,27 client=0,0,112,27 visible=0,0,112,27 surface=0x0
[JuiceRect] input hwnd=0x10032 dpi=96/1 raw=96/1 win=0,0,112,27 client=0,0,112,27 visible=0,0,112,27
[JuiceRect] mapped hwnd=0x10032 win=0,0,112,27 client=0,0,112,27 visible=0,0,112,27
[JuiceRect] input hwnd=0x10034 dpi=96/1 raw=96/1 win=0,0,112,27 client=3,22,109,24 visible=0,0,112,27
[JuiceGeom] changed hwnd=0x10032 flags=14 ptr=0x10270f620 window=0,0,112,27 client=0,0,112,27 visible=0,0,112,27 surface=0x0
[JuiceRect] mapped hwnd=0x10034 win=0,0,112,27 client=3,22,109,24 visible=0,0,112,27
[JuiceGeom] changed hwnd=0x10034 flags=10 ptr=0x107bef450 window=0,0,112,27 client=3,22,109,24 visible=0,0,112,27 surface=0x0
[JuiceRect] input hwnd=0x10032 dpi=96/1 raw=96/1 win=0,0,112,27 client=3,22,109,24 visible=0,0,112,27
[JuiceInput] queue fd registered fd=8 tid=0x34
[JuiceRect] mapped hwnd=0x10032 win=0,0,112,27 client=3,22,109,24 visible=0,0,112,27
[JuiceGeom] changed hwnd=0x10032 flags=10 ptr=0x10270f620 window=0,0,112,27 client=3,22,109,24 visible=0,0,112,27 surface=0x0
[JuiceCreate] ex=00000000 class=0x1040fee60 version=0x0 name=0x1040fee40 style=00c80000 x=-2147483648 y=-2147483648 cx=166 cy=45 parent=0x0 menu=0x0 classinst=0x0 params=0x0 flags=00000000 inst=0x0 classptr=0x140026408 ansi=0
[JuiceMonitor] callee hwnd=0x0 hmon=0x1 info=0x10270fa00 monitor=0,0,1024,768 work=0,0,1024,768 flags=00000001
[JuiceMonitor] caller hwnd=0x0 monitor=0,0,1024,768 work=0,0,1024,768 flags=00000001
[JuiceMonitor] callee hwnd=0x10038 hmon=0x1 info=0x10270f720 monitor=0,0,1024,768 work=0,0,1024,768 flags=00000001
[JuiceMinMax] hwnd=0x10038 min=112,27 maxtrack=1036,780 max=1030,774 pos=-3,-3
[JuiceRect] input hwnd=0x10038 dpi=96/1 raw=96/1 win=0,0,166,45 client=0,0,166,45 visible=0,0,166,45
[JuiceRect] mapped hwnd=0x10038 win=0,0,166,45 client=0,0,166,45 visible=0,0,166,45
[JuiceGeom] changed hwnd=0x10038 flags=3c ptr=0x10270f620 window=0,0,166,45 client=0,0,166,45 visible=0,0,166,45 surface=0x1051c44f0
[JuiceCreate] ex=00000000 class=0x10270f590 version=0x0 name=0x10270f580 style=8c000000 x=0 y=0 cx=1 cy=1 parent=0x0 menu=0x0 classinst=0x0 params=0x0 flags=00000000 inst=0x0 classptr=0x0 ansi=0
[JuiceRect] input hwnd=0x1003e dpi=96/1 raw=96/1 win=0,0,1,1 client=0,0,1,1 visible=0,0,1,1
[JuiceRect] mapped hwnd=0x1003e win=0,0,1,1 client=0,0,1,1 visible=0,0,1,1
[JuiceGeom] changed hwnd=0x1003e flags=3c ptr=0x10270eed0 window=0,0,1,1 client=0,0,1,1 visible=0,0,1,1 surface=0x1051c44f0
[JuiceRect] input hwnd=0x1003e dpi=96/1 raw=96/1 win=0,0,1,1 client=0,0,1,1 visible=0,0,1,1
[JuiceRect] mapped hwnd=0x1003e win=0,0,1,1 client=0,0,1,1 visible=0,0,1,1
[JuiceGeom] changed hwnd=0x1003e flags=18 ptr=0x10270eed0 window=0,0,1,1 client=0,0,1,1 visible=0,0,1,1 surface=0x1051c44f0
[JuiceRect] input hwnd=0x10038 dpi=96/1 raw=96/1 win=0,0,166,45 client=3,22,163,42 visible=0,0,166,45
[JuiceRect] mapped hwnd=0x10038 win=0,0,166,45 client=3,22,163,42 visible=0,0,166,45
[JuiceGeom] changed hwnd=0x10038 flags=18 ptr=0x10270f620 window=0,0,166,45 client=3,22,163,42 visible=0,0,166,45 surface=0x1051c44f0
[JuiceWine] anonymous PE executable section .text at 0x2d5330000 size=524288
[JuiceWine] anonymous PE executable section .text at 0x2d51f0000 size=131072
[JuiceWine] anonymous PE executable section .text at 0x2d5fb0000 size=65536
[JuiceCreate] ex=00000000 class=0x1040fee10 version=0x0 name=0x1040fedf0 style=80000000 x=0 y=0 cx=0 cy=0 parent=0x0 menu=0x0 classinst=0x0 params=0x0 flags=00000000 inst=0x0 classptr=0x2d6635528 ansi=0
[JuiceRect] input hwnd=0x10040 dpi=96/1 raw=96/1 win=0,0,0,0 client=0,0,0,0 visible=0,0,0,0
[JuiceRect] mapped hwnd=0x10040 win=0,0,0,0 client=0,0,0,0 visible=0,0,0,0
[JuiceGeom] changed hwnd=0x10040 flags=3c ptr=0x10270f620 window=0,0,0,0 client=0,0,0,0 visible=0,0,0,0 surface=0x1051c44f0
[JuiceRect] input hwnd=0x10040 dpi=96/1 raw=96/1 win=0,0,0,0 client=0,0,0,0 visible=0,0,0,0
[JuiceRect] mapped hwnd=0x10040 win=0,0,0,0 client=0,0,0,0 visible=0,0,0,0
[JuiceGeom] changed hwnd=0x10040 flags=18 ptr=0x10270f620 window=0,0,0,0 client=0,0,0,0 visible=0,0,0,0 surface=0x1051c44f0
[JuiceCreate] ex=00000000 class=0x1040fee10 version=0x0 name=0x1040fedf0 style=80000000 x=0 y=0 cx=0 cy=0 parent=0x0 menu=0x0 classinst=0x0 params=0x0 flags=00000000 inst=0x0 classptr=0x2d66362a0 ansi=0
[JuiceRect] input hwnd=0x10042 dpi=96/1 raw=96/1 win=0,0,0,0 client=0,0,0,0 visible=0,0,0,0
[JuiceRect] mapped hwnd=0x10042 win=0,0,0,0 client=0,0,0,0 visible=0,0,0,0
[JuiceGeom] changed hwnd=0x10042 flags=3c ptr=0x10270f620 window=0,0,0,0 client=0,0,0,0 visible=0,0,0,0 surface=0x1051c44f0
[JuiceRect] input hwnd=0x10042 dpi=96/1 raw=96/1 win=0,0,0,0 client=0,0,0,0 visible=0,0,0,0
[JuiceRect] mapped hwnd=0x10042 win=0,0,0,0 client=0,0,0,0 visible=0,0,0,0
[JuiceGeom] changed hwnd=0x10042 flags=18 ptr=0x10270f620 window=0,0,0,0 client=0,0,0,0 visible=0,0,0,0 surface=0x1051c44f0
[JuiceCreate] ex=00000000 class=0x1040fee10 version=0x0 name=0x1040fedf0 style=80000000 x=0 y=0 cx=0 cy=0 parent=0x0 menu=0x0 classinst=0x0 params=0x0 flags=00000000 inst=0x0 classptr=0x2d66362a0 ansi=0
[JuiceRect] input hwnd=0x10044 dpi=96/1 raw=96/1 win=0,0,0,0 client=0,0,0,0 visible=0,0,0,0
[JuiceRect] mapped hwnd=0x10044 win=0,0,0,0 client=0,0,0,0 visible=0,0,0,0
[JuiceGeom] changed hwnd=0x10044 flags=3c ptr=0x10270f620 window=0,0,0,0 client=0,0,0,0 visible=0,0,0,0 surface=0x1051c44f0
[JuiceRect] input hwnd=0x10044 dpi=96/1 raw=96/1 win=0,0,0,0 client=0,0,0,0 visible=0,0,0,0
[JuiceRect] mapped hwnd=0x10044 win=0,0,0,0 client=0,0,0,0 visible=0,0,0,0
[JuiceGeom] changed hwnd=0x10044 flags=18 ptr=0x10270f620 window=0,0,0,0 client=0,0,0,0 visible=0,0,0,0 surface=0x1051c44f0
[JuiceCreate] ex=00000000 class=0x1040fee40 version=0x0 name=0x1040fee20 style=80000000 x=0 y=0 cx=0 cy=0 parent=0x0 menu=0x0 classinst=0x0 params=0x0 flags=00000000 inst=0x0 classptr=0x2d66362a0 ansi=0
[JuiceRect] input hwnd=0x10046 dpi=96/1 raw=96/1 win=0,0,0,0 client=0,0,0,0 visible=0,0,0,0
[JuiceRect] mapped hwnd=0x10046 win=0,0,0,0 client=0,0,0,0 visible=0,0,0,0
[JuiceGeom] changed hwnd=0x10046 flags=3c ptr=0x10270f620 window=0,0,0,0 client=0,0,0,0 visible=0,0,0,0 surface=0x1051c44f0
[JuiceRect] input hwnd=0x10046 dpi=96/1 raw=96/1 win=0,0,0,0 client=0,0,0,0 visible=0,0,0,0
[JuiceRect] mapped hwnd=0x10046 win=0,0,0,0 client=0,0,0,0 visible=0,0,0,0
[JuiceGeom] changed hwnd=0x10046 flags=18 ptr=0x10270f620 window=0,0,0,0 client=0,0,0,0 visible=0,0,0,0 surface=0x1051c44f0
[JuiceWine] anonymous PE executable section .text at 0x2d4eb0000 size=327680
[JuiceWine] anonymous PE executable section .text at 0x2d4d00000 size=196608
[JuiceWine] anonymous PE executable section .text at 0x2d4c20000 size=65536
[JuiceCreate] ex=00000000 class=0x1040fee60 version=0x0 name=0x1040fee40 style=00000000 x=0 y=0 cx=0 cy=0 parent=0xfffffffffffffffd menu=0x0 classinst=0x2d4cf0000 params=0x0 flags=00000000 inst=0x2d4cf0000 classptr=0x2d4d31718 ansi=0
[JuiceMonitor] callee hwnd=0x10048 hmon=0x1 info=0x10270f720 monitor=0,0,1024,768 work=0,0,1024,768 flags=00000001
[JuiceMinMax] hwnd=0x10048 min=112,27 maxtrack=1036,780 max=106,106 pos=-3,-3
[JuiceRect] input hwnd=0x10048 dpi=96/1 raw=96/1 win=0,0,112,27 client=0,0,112,27 visible=0,0,112,27
[JuiceRect] mapped hwnd=0x10048 win=0,0,112,27 client=0,0,112,27 visible=0,0,112,27
[JuiceGeom] changed hwnd=0x10048 flags=14 ptr=0x10270f620 window=0,0,112,27 client=0,0,112,27 visible=0,0,112,27 surface=0x0
[JuiceRect] input hwnd=0x10048 dpi=96/1 raw=96/1 win=0,0,112,27 client=3,22,109,24 visible=0,0,112,27
[JuiceRect] mapped hwnd=0x10048 win=0,0,112,27 client=3,22,109,24 visible=0,0,112,27
[JuiceGeom] changed hwnd=0x10048 flags=10 ptr=0x10270f620 window=0,0,112,27 client=3,22,109,24 visible=0,0,112,27 surface=0x0
[JuiceGeom] surface hwnd=0x10020 rect=0,0,1024,768 size=1024x768 previous=0x100448220
[JuiceRect] input hwnd=0x10020 dpi=96/1 raw=96/1 win=0,0,1024,768 client=0,0,1024,768 visible=0,0,1024,768
[JuiceRect] mapped hwnd=0x10020 win=0,0,1024,768 client=0,0,1024,768 visible=0,0,1024,768
[JuiceGeom] changed hwnd=0x10020 flags=8000181b ptr=0x10270f750 window=0,0,1024,768 client=0,0,1024,768 visible=0,0,1024,768 surface=0x100448220
JUICE_TEXT_HOST_WINDOW pid=90992 hwnd=0x10020 rect=0,0 1024x768 visible=1
[JuiceWine] anonymous PE executable section .text at 0x2d5580000 size=65536
[JuiceInput] queue fd registered fd=12 tid=0x24
[JuiceDriver] ios init set driver create=0x103bb646c size=1216
[JuiceDriver] install prev=0x101a65308 lazy=0x101a65308 null=0x101a8dd30 new=0x14a810200 create=0x103bb646c
JUICE_TEXT_HOST_HELLO pid=90989 desktop=1024x768 dpi=96
[JuiceWine] anonymous PE executable section .text at 0x2d5450000 size=131072
[JuiceCreate] ex=00000000 class=0x10120fb80 version=0x0 name=0x10120fb60 style=82000000 x=0 y=0 cx=1024 cy=768 parent=0x0 menu=0x0 classinst=0x140000000 params=0x0 flags=00000000 inst=0x140000000 classptr=0x140020570 ansi=0
[JuiceRect] input hwnd=0x10052 dpi=96/1 raw=96/1 win=0,0,1024,768 client=0,0,1024,768 visible=0,0,1024,768
[JuiceRect] mapped hwnd=0x10052 win=0,0,1024,768 client=0,0,1024,768 visible=0,0,1024,768
[JuiceGeom] changed hwnd=0x10052 flags=8000003c ptr=0x10110f620 window=0,0,1024,768 client=0,0,1024,768 visible=0,0,1024,768 surface=0x101a704f0
JUICE_TEXT_HOST_WINDOW pid=90989 hwnd=0x10052 rect=0,0 1024x768 visible=1
[JuiceCreate] ex=00000000 class=0x10110f590 version=0x0 name=0x10110f580 style=8c000000 x=0 y=0 cx=1 cy=1 parent=0x0 menu=0x0 classinst=0x0 params=0x0 flags=00000000 inst=0x0 classptr=0x0 ansi=0
[JuiceRect] input hwnd=0x10056 dpi=96/1 raw=96/1 win=0,0,1,1 client=0,0,1,1 visible=0,0,1,1
[JuiceRect] mapped hwnd=0x10056 win=0,0,1,1 client=0,0,1,1 visible=0,0,1,1
[JuiceGeom] changed hwnd=0x10056 flags=3c ptr=0x10110eed0 window=0,0,1,1 client=0,0,1,1 visible=0,0,1,1 surface=0x101a704f0
[JuiceRect] input hwnd=0x10056 dpi=96/1 raw=96/1 win=0,0,1,1 client=0,0,1,1 visible=0,0,1,1
[JuiceRect] mapped hwnd=0x10056 win=0,0,1,1 client=0,0,1,1 visible=0,0,1,1
[JuiceGeom] changed hwnd=0x10056 flags=18 ptr=0x10110eed0 window=0,0,1,1 client=0,0,1,1 visible=0,0,1,1 surface=0x101a704f0
[JuiceRect] input hwnd=0x10052 dpi=96/1 raw=96/1 win=0,0,1024,768 client=0,0,1024,768 visible=0,0,1024,768
[JuiceRect] mapped hwnd=0x10052 win=0,0,1024,768 client=0,0,1024,768 visible=0,0,1024,768
[JuiceGeom] changed hwnd=0x10052 flags=80000018 ptr=0x10110f620 window=0,0,1024,768 client=0,0,1024,768 visible=0,0,1024,768 surface=0x101a704f0
JUICE_TEXT_HOST_WINDOW pid=90989 hwnd=0x10052 rect=0,0 1024x768 visible=1
[JuiceCreate] ex=00000000 class=0x10120dfa0 version=0x0 name=0x10120df80 style=50000000 x=0 y=0 cx=0 cy=0 parent=0x10052 menu=0x3ea classinst=0x0 params=0x0 flags=00000000 inst=0x0 classptr=0x140020f40 ansi=0
[JuiceRect] input hwnd=0x10058 dpi=96/1 raw=96/1 win=0,0,0,0 client=0,0,0,0 visible=0,0,0,0
[JuiceRect] mapped hwnd=0x10058 win=0,0,0,0 client=0,0,0,0 visible=0,0,0,0
[JuiceGeom] changed hwnd=0x10058 flags=14 ptr=0x10110e630 window=0,0,0,0 client=0,0,0,0 visible=0,0,0,0 surface=0x0
[JuiceRect] input hwnd=0x10058 dpi=96/1 raw=96/1 win=0,0,0,0 client=0,0,0,0 visible=0,0,0,0
[JuiceRect] mapped hwnd=0x10058 win=0,0,0,0 client=0,0,0,0 visible=0,0,0,0
[JuiceGeom] changed hwnd=0x10058 flags=10 ptr=0x10110e630 window=0,0,0,0 client=0,0,0,0 visible=0,0,0,0 surface=0x0
[JuiceRect] input hwnd=0x10058 dpi=96/1 raw=96/1 win=0,0,0,0 client=0,0,0,0 visible=0,0,0,0
[JuiceRect] mapped hwnd=0x10058 win=0,0,0,0 client=0,0,0,0 visible=0,0,0,0
[JuiceGeom] changed hwnd=0x10058 flags=181f ptr=0x10110e3f0 window=0,0,0,0 client=0,0,0,0 visible=0,0,0,0 surface=0x0
[JuiceRect] input hwnd=0x10052 dpi=96/1 raw=96/1 win=0,0,1024,768 client=0,0,1024,768 visible=0,0,1024,768
[JuiceRect] mapped hwnd=0x10052 win=0,0,1024,768 client=0,0,1024,768 visible=0,0,1024,768
[JuiceGeom] changed hwnd=0x10052 flags=8000181f ptr=0x10110e5a0 window=0,0,1024,768 client=0,0,1024,768 visible=0,0,1024,768 surface=0x101a704f0
[JuiceCreate] ex=00000000 class=0x10120dfa0 version=0x0 name=0x10120df80 style=50000000 x=0 y=0 cx=0 cy=0 parent=0x10052 menu=0x3f0 classinst=0x0 params=0x0 flags=00000000 inst=0x0 classptr=0x140020f40 ansi=0
JUICE_TEXT_HOST_WINDOW pid=90989 hwnd=0x10052 rect=0,0 1024x768 visible=1
[JuiceRect] input hwnd=0x1005a dpi=96/1 raw=96/1 win=0,0,0,0 client=0,0,0,0 visible=0,0,0,0
[JuiceRect] mapped hwnd=0x1005a win=0,0,0,0 client=0,0,0,0 visible=0,0,0,0
[JuiceGeom] changed hwnd=0x1005a flags=14 ptr=0x10110e630 window=0,0,0,0 client=0,0,0,0 visible=0,0,0,0 surface=0x0
[JuiceRect] input hwnd=0x1005a dpi=96/1 raw=96/1 win=0,0,0,0 client=0,0,0,0 visible=0,0,0,0
[JuiceRect] mapped hwnd=0x1005a win=0,0,0,0 client=0,0,0,0 visible=0,0,0,0
[JuiceGeom] changed hwnd=0x1005a flags=10 ptr=0x10110e630 window=0,0,0,0 client=0,0,0,0 visible=0,0,0,0 surface=0x0
[JuiceRect] input hwnd=0x1005a dpi=96/1 raw=96/1 win=0,0,0,0 client=0,0,0,0 visible=0,0,0,0
[JuiceRect] mapped hwnd=0x1005a win=0,0,0,0 client=0,0,0,0 visible=0,0,0,0
[JuiceGeom] changed hwnd=0x1005a flags=181f ptr=0x10110e3f0 window=0,0,0,0 client=0,0,0,0 visible=0,0,0,0 surface=0x0
[JuiceRect] input hwnd=0x10052 dpi=96/1 raw=96/1 win=0,0,1024,768 client=0,0,1024,768 visible=0,0,1024,768
[JuiceRect] mapped hwnd=0x10052 win=0,0,1024,768 client=0,0,1024,768 visible=0,0,1024,768
[JuiceGeom] changed hwnd=0x10052 flags=8000181f ptr=0x10110e5a0 window=0,0,1024,768 client=0,0,1024,768 visible=0,0,1024,768 surface=0x101a704f0
[JuiceCreate] ex=00000000 class=0x10120dfa0 version=0x0 name=0x10120df80 style=50200151 x=0 y=0 cx=0 cy=0 parent=0x10052 menu=0x3e9 classinst=0x0 params=0x0 flags=00000000 inst=0x0 classptr=0x140020f58 ansi=0
JUICE_TEXT_HOST_WINDOW pid=90989 hwnd=0x10052 rect=0,0 1024x768 visible=1
[JuiceRect] input hwnd=0x1005c dpi=96/1 raw=96/1 win=0,0,0,0 client=0,0,0,0 visible=0,0,0,0
[JuiceRect] mapped hwnd=0x1005c win=0,0,0,0 client=0,0,0,0 visible=0,0,0,0
[JuiceGeom] changed hwnd=0x1005c flags=14 ptr=0x10110e630 window=0,0,0,0 client=0,0,0,0 visible=0,0,0,0 surface=0x0
[JuiceRect] input hwnd=0x1005c dpi=96/1 raw=96/1 win=0,0,0,0 client=0,0,0,0 visible=0,0,0,0
[JuiceRect] mapped hwnd=0x1005c win=0,0,0,0 client=0,0,0,0 visible=0,0,0,0
[JuiceGeom] changed hwnd=0x1005c flags=10 ptr=0x10110e630 window=0,0,0,0 client=0,0,0,0 visible=0,0,0,0 surface=0x0
[JuiceRect] input hwnd=0x1005c dpi=96/1 raw=96/1 win=0,0,0,0 client=0,0,0,0 visible=0,0,0,0
[JuiceRect] mapped hwnd=0x1005c win=0,0,0,0 client=0,0,0,0 visible=0,0,0,0
[JuiceGeom] changed hwnd=0x1005c flags=183f ptr=0x10110d750 window=0,0,0,0 client=0,0,0,0 visible=0,0,0,0 surface=0x0
[JuiceRect] input hwnd=0x1005c dpi=96/1 raw=96/1 win=0,0,0,0 client=0,0,0,0 visible=0,0,0,0
[JuiceRect] mapped hwnd=0x1005c win=0,0,0,0 client=0,0,0,0 visible=0,0,0,0
[JuiceGeom] changed hwnd=0x1005c flags=181f ptr=0x10110e3f0 window=0,0,0,0 client=0,0,0,0 visible=0,0,0,0 surface=0x0
[JuiceRect] input hwnd=0x10052 dpi=96/1 raw=96/1 win=0,0,1024,768 client=0,0,1024,768 visible=0,0,1024,768
[JuiceRect] mapped hwnd=0x10052 win=0,0,1024,768 client=0,0,1024,768 visible=0,0,1024,768
[JuiceGeom] changed hwnd=0x10052 flags=8000181f ptr=0x10110e5a0 window=0,0,1024,768 client=0,0,1024,768 visible=0,0,1024,768 surface=0x101a704f0
[JuiceCreate] ex=00000000 class=0x10120dfa0 version=0x0 name=0x10120df80 style=50000000 x=0 y=0 cx=0 cy=0 parent=0x10052 menu=0x3eb classinst=0x0 params=0x0 flags=00000000 inst=0x0 classptr=0x140020f40 ansi=0
JUICE_TEXT_HOST_WINDOW pid=90989 hwnd=0x10052 rect=0,0 1024x768 visible=1
[JuiceRect] input hwnd=0x1005e dpi=96/1 raw=96/1 win=0,0,0,0 client=0,0,0,0 visible=0,0,0,0
[JuiceRect] mapped hwnd=0x1005e win=0,0,0,0 client=0,0,0,0 visible=0,0,0,0
[JuiceGeom] changed hwnd=0x1005e flags=14 ptr=0x10110e630 window=0,0,0,0 client=0,0,0,0 visible=0,0,0,0 surface=0x0
[JuiceRect] input hwnd=0x1005e dpi=96/1 raw=96/1 win=0,0,0,0 client=0,0,0,0 visible=0,0,0,0
[JuiceRect] mapped hwnd=0x1005e win=0,0,0,0 client=0,0,0,0 visible=0,0,0,0
[JuiceGeom] changed hwnd=0x1005e flags=10 ptr=0x10110e630 window=0,0,0,0 client=0,0,0,0 visible=0,0,0,0 surface=0x0
[JuiceRect] input hwnd=0x1005e dpi=96/1 raw=96/1 win=0,0,0,0 client=0,0,0,0 visible=0,0,0,0
[JuiceRect] mapped hwnd=0x1005e win=0,0,0,0 client=0,0,0,0 visible=0,0,0,0
[JuiceGeom] changed hwnd=0x1005e flags=181f ptr=0x10110e3f0 window=0,0,0,0 client=0,0,0,0 visible=0,0,0,0 surface=0x0
[JuiceRect] input hwnd=0x10052 dpi=96/1 raw=96/1 win=0,0,1024,768 client=0,0,1024,768 visible=0,0,1024,768
[JuiceRect] mapped hwnd=0x10052 win=0,0,1024,768 client=0,0,1024,768 visible=0,0,1024,768
[JuiceGeom] changed hwnd=0x10052 flags=8000181f ptr=0x10110e5a0 window=0,0,1024,768 client=0,0,1024,768 visible=0,0,1024,768 surface=0x101a704f0
[JuiceCreate] ex=00000000 class=0x10120dfa0 version=0x0 name=0x10120df80 style=50000000 x=0 y=0 cx=0 cy=0 parent=0x10052 menu=0x3ec classinst=0x0 params=0x0 flags=00000000 inst=0x0 classptr=0x140020f40 ansi=0
JUICE_TEXT_HOST_WINDOW pid=90989 hwnd=0x10052 rect=0,0 1024x768 visible=1
[JuiceRect] input hwnd=0x10060 dpi=96/1 raw=96/1 win=0,0,0,0 client=0,0,0,0 visible=0,0,0,0
[JuiceRect] mapped hwnd=0x10060 win=0,0,0,0 client=0,0,0,0 visible=0,0,0,0
[JuiceGeom] changed hwnd=0x10060 flags=14 ptr=0x10110e630 window=0,0,0,0 client=0,0,0,0 visible=0,0,0,0 surface=0x0
[JuiceRect] input hwnd=0x10060 dpi=96/1 raw=96/1 win=0,0,0,0 client=0,0,0,0 visible=0,0,0,0
[JuiceRect] mapped hwnd=0x10060 win=0,0,0,0 client=0,0,0,0 visible=0,0,0,0
[JuiceGeom] changed hwnd=0x10060 flags=10 ptr=0x10110e630 window=0,0,0,0 client=0,0,0,0 visible=0,0,0,0 surface=0x0
[JuiceRect] input hwnd=0x10060 dpi=96/1 raw=96/1 win=0,0,0,0 client=0,0,0,0 visible=0,0,0,0
[JuiceRect] mapped hwnd=0x10060 win=0,0,0,0 client=0,0,0,0 visible=0,0,0,0
[JuiceGeom] changed hwnd=0x10060 flags=181f ptr=0x10110e3f0 window=0,0,0,0 client=0,0,0,0 visible=0,0,0,0 surface=0x0
[JuiceRect] input hwnd=0x10052 dpi=96/1 raw=96/1 win=0,0,1024,768 client=0,0,1024,768 visible=0,0,1024,768
[JuiceRect] mapped hwnd=0x10052 win=0,0,1024,768 client=0,0,1024,768 visible=0,0,1024,768
[JuiceGeom] changed hwnd=0x10052 flags=8000181f ptr=0x10110e5a0 window=0,0,1024,768 client=0,0,1024,768 visible=0,0,1024,768 surface=0x101a704f0
[JuiceCreate] ex=00000000 class=0x10120dfa0 version=0x0 name=0x10120df80 style=50000000 x=0 y=0 cx=0 cy=0 parent=0x10052 menu=0x3ed classinst=0x0 params=0x0 flags=00000000 inst=0x0 classptr=0x140020f40 ansi=0
JUICE_TEXT_HOST_WINDOW pid=90989 hwnd=0x10052 rect=0,0 1024x768 visible=1
[JuiceRect] input hwnd=0x10062 dpi=96/1 raw=96/1 win=0,0,0,0 client=0,0,0,0 visible=0,0,0,0
[JuiceRect] mapped hwnd=0x10062 win=0,0,0,0 client=0,0,0,0 visible=0,0,0,0
[JuiceGeom] changed hwnd=0x10062 flags=14 ptr=0x10110e630 window=0,0,0,0 client=0,0,0,0 visible=0,0,0,0 surface=0x0
[JuiceRect] input hwnd=0x10062 dpi=96/1 raw=96/1 win=0,0,0,0 client=0,0,0,0 visible=0,0,0,0
[JuiceRect] mapped hwnd=0x10062 win=0,0,0,0 client=0,0,0,0 visible=0,0,0,0
[JuiceGeom] changed hwnd=0x10062 flags=10 ptr=0x10110e630 window=0,0,0,0 client=0,0,0,0 visible=0,0,0,0 surface=0x0
[JuiceRect] input hwnd=0x10062 dpi=96/1 raw=96/1 win=0,0,0,0 client=0,0,0,0 visible=0,0,0,0
[JuiceRect] mapped hwnd=0x10062 win=0,0,0,0 client=0,0,0,0 visible=0,0,0,0
[JuiceGeom] changed hwnd=0x10062 flags=181f ptr=0x10110e3f0 window=0,0,0,0 client=0,0,0,0 visible=0,0,0,0 surface=0x0
[JuiceRect] input hwnd=0x10052 dpi=96/1 raw=96/1 win=0,0,1024,768 client=0,0,1024,768 visible=0,0,1024,768
[JuiceRect] mapped hwnd=0x10052 win=0,0,1024,768 client=0,0,1024,768 visible=0,0,1024,768
[JuiceGeom] changed hwnd=0x10052 flags=8000181f ptr=0x10110e5a0 window=0,0,1024,768 client=0,0,1024,768 visible=0,0,1024,768 surface=0x101a704f0
[JuiceCreate] ex=00000000 class=0x10120dfa0 version=0x0 name=0x10120df80 style=50000000 x=0 y=0 cx=0 cy=0 parent=0x10052 menu=0x3ee classinst=0x0 params=0x0 flags=00000000 inst=0x0 classptr=0x140020f40 ansi=0
JUICE_TEXT_HOST_WINDOW pid=90989 hwnd=0x10052 rect=0,0 1024x768 visible=1
[JuiceRect] input hwnd=0x10064 dpi=96/1 raw=96/1 win=0,0,0,0 client=0,0,0,0 visible=0,0,0,0
[JuiceRect] mapped hwnd=0x10064 win=0,0,0,0 client=0,0,0,0 visible=0,0,0,0
[JuiceGeom] changed hwnd=0x10064 flags=14 ptr=0x10110e630 window=0,0,0,0 client=0,0,0,0 visible=0,0,0,0 surface=0x0
[JuiceRect] input hwnd=0x10064 dpi=96/1 raw=96/1 win=0,0,0,0 client=0,0,0,0 visible=0,0,0,0
[JuiceRect] mapped hwnd=0x10064 win=0,0,0,0 client=0,0,0,0 visible=0,0,0,0
[JuiceGeom] changed hwnd=0x10064 flags=10 ptr=0x10110e630 window=0,0,0,0 client=0,0,0,0 visible=0,0,0,0 surface=0x0
[JuiceRect] input hwnd=0x10064 dpi=96/1 raw=96/1 win=0,0,0,0 client=0,0,0,0 visible=0,0,0,0
[JuiceRect] mapped hwnd=0x10064 win=0,0,0,0 client=0,0,0,0 visible=0,0,0,0
[JuiceGeom] changed hwnd=0x10064 flags=181f ptr=0x10110e3f0 window=0,0,0,0 client=0,0,0,0 visible=0,0,0,0 surface=0x0
[JuiceRect] input hwnd=0x10052 dpi=96/1 raw=96/1 win=0,0,1024,768 client=0,0,1024,768 visible=0,0,1024,768
[JuiceRect] mapped hwnd=0x10052 win=0,0,1024,768 client=0,0,1024,768 visible=0,0,1024,768
[JuiceGeom] changed hwnd=0x10052 flags=8000181f ptr=0x10110e5a0 window=0,0,1024,768 client=0,0,1024,768 visible=0,0,1024,768 surface=0x101a704f0
JUICE_TEXT_HOST_WINDOW pid=90989 hwnd=0x10052 rect=0,0 1024x768 visible=1
[JuiceCreate] ex=00000000 class=0x10120dfa0 version=0x0 name=0x10120df80 style=50000000 x=0 y=0 cx=0 cy=0 parent=0x10052 menu=0x3ef classinst=0x0 params=0x0 flags=00000000 inst=0x0 classptr=0x140020f40 ansi=0
[JuiceRect] input hwnd=0x10066 dpi=96/1 raw=96/1 win=0,0,0,0 client=0,0,0,0 visible=0,0,0,0
[JuiceRect] mapped hwnd=0x10066 win=0,0,0,0 client=0,0,0,0 visible=0,0,0,0
[JuiceGeom] changed hwnd=0x10066 flags=14 ptr=0x10110e630 window=0,0,0,0 client=0,0,0,0 visible=0,0,0,0 surface=0x0
[JuiceRect] input hwnd=0x10066 dpi=96/1 raw=96/1 win=0,0,0,0 client=0,0,0,0 visible=0,0,0,0
[JuiceRect] mapped hwnd=0x10066 win=0,0,0,0 client=0,0,0,0 visible=0,0,0,0
[JuiceGeom] changed hwnd=0x10066 flags=10 ptr=0x10110e630 window=0,0,0,0 client=0,0,0,0 visible=0,0,0,0 surface=0x0
[JuiceRect] input hwnd=0x10066 dpi=96/1 raw=96/1 win=0,0,0,0 client=0,0,0,0 visible=0,0,0,0
[JuiceRect] mapped hwnd=0x10066 win=0,0,0,0 client=0,0,0,0 visible=0,0,0,0
[JuiceGeom] changed hwnd=0x10066 flags=181f ptr=0x10110e3f0 window=0,0,0,0 client=0,0,0,0 visible=0,0,0,0 surface=0x0
[JuiceRect] input hwnd=0x10052 dpi=96/1 raw=96/1 win=0,0,1024,768 client=0,0,1024,768 visible=0,0,1024,768
[JuiceRect] mapped hwnd=0x10052 win=0,0,1024,768 client=0,0,1024,768 visible=0,0,1024,768
[JuiceGeom] changed hwnd=0x10052 flags=8000181f ptr=0x10110e5a0 window=0,0,1024,768 client=0,0,1024,768 visible=0,0,1024,768 surface=0x101a704f0
JUICE_TEXT_HOST_WINDOW pid=90989 hwnd=0x10052 rect=0,0 1024x768 visible=1
[JuiceRect] input hwnd=0x1005c dpi=96/1 raw=96/1 win=0,0,0,0 client=0,0,0,0 visible=0,0,0,0
[JuiceRect] mapped hwnd=0x1005c win=0,0,0,0 client=0,0,0,0 visible=0,0,0,0
[JuiceGeom] changed hwnd=0x1005c flags=183f ptr=0x10110e740 window=0,0,0,0 client=0,0,0,0 visible=0,0,0,0 surface=0x0
[JuiceRect] input hwnd=0x1005a dpi=96/1 raw=96/1 win=970,12,1008,44 client=970,12,1008,44 visible=970,12,1008,44
[JuiceRect] mapped hwnd=0x1005a win=970,12,1008,44 client=970,12,1008,44 visible=970,12,1008,44
[JuiceGeom] changed hwnd=0x1005a flags=1c ptr=0x10110e830 window=970,12,1008,44 client=970,12,1008,44 visible=970,12,1008,44 surface=0x0
[JuiceRect] input hwnd=0x1005c dpi=96/1 raw=96/1 win=20,92,350,690 client=20,92,334,690 visible=20,92,350,690
[JuiceRect] mapped hwnd=0x1005c win=20,92,350,690 client=20,92,334,690 visible=20,92,350,690
[JuiceGeom] changed hwnd=0x1005c flags=1c ptr=0x10110e830 window=20,92,350,690 client=20,92,334,690 visible=20,92,350,690 surface=0x0
[JuiceRect] input hwnd=0x1005c dpi=96/1 raw=96/1 win=20,92,350,690 client=20,92,350,690 visible=20,92,350,690
[JuiceRect] mapped hwnd=0x1005c win=20,92,350,690 client=20,92,350,690 visible=20,92,350,690
[JuiceGeom] changed hwnd=0x1005c flags=103f ptr=0x10110cca0 window=20,92,350,690 client=20,92,350,690 visible=20,92,350,690 surface=0x0
[JuiceRect] input hwnd=0x10058 dpi=96/1 raw=96/1 win=6,718,169,758 client=6,718,169,758 visible=6,718,169,758
[JuiceRect] mapped hwnd=0x10058 win=6,718,169,758 client=6,718,169,758 visible=6,718,169,758
[JuiceGeom] changed hwnd=0x10058 flags=1c ptr=0x10110e830 window=6,718,169,758 client=6,718,169,758 visible=6,718,169,758 surface=0x0
[JuiceRect] input hwnd=0x1005e dpi=96/1 raw=96/1 win=175,718,338,758 client=175,718,338,758 visible=175,718,338,758
[JuiceRect] mapped hwnd=0x1005e win=175,718,338,758 client=175,718,338,758 visible=175,718,338,758
[JuiceGeom] changed hwnd=0x1005e flags=1c ptr=0x10110e830 window=175,718,338,758 client=175,718,338,758 visible=175,718,338,758 surface=0x0
[JuiceRect] input hwnd=0x10060 dpi=96/1 raw=96/1 win=344,718,507,758 client=344,718,507,758 visible=344,718,507,758
[JuiceRect] mapped hwnd=0x10060 win=344,718,507,758 client=344,718,507,758 visible=344,718,507,758
[JuiceGeom] changed hwnd=0x10060 flags=1c ptr=0x10110e830 window=344,718,507,758 client=344,718,507,758 visible=344,718,507,758 surface=0x0
[JuiceRect] input hwnd=0x10062 dpi=96/1 raw=96/1 win=513,718,676,758 client=513,718,676,758 visible=513,718,676,758
[JuiceRect] mapped hwnd=0x10062 win=513,718,676,758 client=513,718,676,758 visible=513,718,676,758
[JuiceGeom] changed hwnd=0x10062 flags=1c ptr=0x10110e830 window=513,718,676,758 client=513,718,676,758 visible=513,718,676,758 surface=0x0
[JuiceRect] input hwnd=0x10064 dpi=96/1 raw=96/1 win=682,718,845,758 client=682,718,845,758 visible=682,718,845,758
[JuiceRect] mapped hwnd=0x10064 win=682,718,845,758 client=682,718,845,758 visible=682,718,845,758
[JuiceGeom] changed hwnd=0x10064 flags=1c ptr=0x10110e830 window=682,718,845,758 client=682,718,845,758 visible=682,718,845,758 surface=0x0
[JuiceRect] input hwnd=0x10066 dpi=96/1 raw=96/1 win=851,718,1014,758 client=851,718,1014,758 visible=851,718,1014,758
[JuiceRect] mapped hwnd=0x10066 win=851,718,1014,758 client=851,718,1014,758 visible=851,718,1014,758
[JuiceGeom] changed hwnd=0x10066 flags=1c ptr=0x10110e830 window=851,718,1014,758 client=851,718,1014,758 visible=851,718,1014,758 surface=0x0
[JuiceMonitor] callee hwnd=0x10052 hmon=0x1 info=0x10110fac0 monitor=0,0,1024,768 work=0,0,1024,768 flags=00000001
[JuiceMinMax] hwnd=0x10052 min=0,0 maxtrack=1036,780 max=1024,768 pos=0,0
[JuiceGeom] show hwnd=0x10052 cmd=3 rect=0x10110fc28 0,0,1024,768 swp=8060
JUICE_TEXT_HOST_WINDOW pid=90989 hwnd=0x10052 rect=0,0 1024x768 visible=1
[JuiceGeom] surface hwnd=0x10052 rect=0,0,1024,768 size=1024x768 previous=0x101a704f0
[JuiceRect] input hwnd=0x10052 dpi=96/1 raw=96/1 win=0,0,1024,768 client=0,0,1024,768 visible=0,0,1024,768
[JuiceRect] mapped hwnd=0x10052 win=0,0,1024,768 client=0,0,1024,768 visible=0,0,1024,768
[JuiceGeom] changed hwnd=0x10052 flags=80009967 ptr=0x10110f760 window=0,0,1024,768 client=0,0,1024,768 visible=0,0,1024,768 surface=0x147d2b320
JUICE_TEXT_HOST_WINDOW pid=90989 hwnd=0x10052 rect=0,0 1024x768 visible=1
[JuiceWine] anonymous PE executable section .text at 0x2d5120000 size=327680
[JuiceX18] derived #1 pc=0x2d7c7e0f0 fault=0x1258 instr=79000268 base=x19 value=0x1258 fixed=0x2d7ff9258 teb=0x2d7ff8000
[JuiceWine parent] child exited with 0
JUICE_TEXT_HOST_CLIENT_CLOSED pid=90992
[JuiceWine] anonymous PE executable section .text at 0x2d4f70000 size=196608
[JuiceWine] anonymous PE executable section .text at 0x2d4d00000 size=327680
[JuiceWine] anonymous PE executable section .text at 0x2d54c0000 size=65536
[JuiceWine] anonymous PE executable section .text at 0x2d4c20000 size=65536
[JuiceCreate] ex=00000000 class=0x10120f7d0 version=0x0 name=0x10120f7b0 style=00000000 x=0 y=0 cx=0 cy=0 parent=0xfffffffffffffffd menu=0x0 classinst=0x2d4f60000 params=0x0 flags=00000000 inst=0x2d4f60000 classptr=0x2d4fa1718 ansi=0
[JuiceMonitor] callee hwnd=0x2003c hmon=0x1 info=0x10110d810 monitor=0,0,1024,768 work=0,0,1024,768 flags=00000001
[JuiceMinMax] hwnd=0x2003c min=112,27 maxtrack=1036,780 max=106,106 pos=-3,-3
[JuiceRect] input hwnd=0x2003c dpi=96/1 raw=96/1 win=0,0,112,27 client=0,0,112,27 visible=0,0,112,27
[JuiceRect] mapped hwnd=0x2003c win=0,0,112,27 client=0,0,112,27 visible=0,0,112,27
[JuiceGeom] changed hwnd=0x2003c flags=14 ptr=0x10110d710 window=0,0,112,27 client=0,0,112,27 visible=0,0,112,27 surface=0x0
[JuiceRect] input hwnd=0x2003c dpi=96/1 raw=96/1 win=0,0,112,27 client=3,22,109,24 visible=0,0,112,27
[JuiceRect] mapped hwnd=0x2003c win=0,0,112,27 client=3,22,109,24 visible=0,0,112,27
[JuiceGeom] changed hwnd=0x2003c flags=10 ptr=0x10110d710 window=0,0,112,27 client=3,22,109,24 visible=0,0,112,27 surface=0x0
[JuiceCreate] ex=00000080 class=0x10120f560 version=0x0 name=0x10120f540 style=80000000 x=0 y=0 cx=1 cy=1 parent=0x10056 menu=0x0 classinst=0x2d5640000 params=0x0 flags=00000000 inst=0x2d5640000 classptr=0x10040f3d4 ansi=0
[JuiceRect] input hwnd=0x20036 dpi=96/1 raw=96/1 win=0,0,1,1 client=0,0,1,1 visible=0,0,1,1
[JuiceRect] mapped hwnd=0x20036 win=0,0,1,1 client=0,0,1,1 visible=0,0,1,1
[JuiceGeom] changed hwnd=0x20036 flags=3c ptr=0x10110c9d0 window=0,0,1,1 client=0,0,1,1 visible=0,0,1,1 surface=0x101a704f0
[JuiceRect] input hwnd=0x20036 dpi=96/1 raw=96/1 win=0,0,1,1 client=0,0,1,1 visible=0,0,1,1
[JuiceRect] mapped hwnd=0x20036 win=0,0,1,1 client=0,0,1,1 visible=0,0,1,1
[JuiceGeom] changed hwnd=0x20036 flags=18 ptr=0x10110c9d0 window=0,0,1,1 client=0,0,1,1 visible=0,0,1,1 surface=0x101a704f0
[JuiceRect] input hwnd=0x20036 dpi=96/1 raw=96/1 win=0,0,1,1 client=0,0,1,1 visible=0,0,1,1
[JuiceRect] mapped hwnd=0x20036 win=0,0,1,1 client=0,0,1,1 visible=0,0,1,1
[JuiceGeom] changed hwnd=0x20036 flags=181b ptr=0x10110cbd0 window=0,0,1,1 client=0,0,1,1 visible=0,0,1,1 surface=0x101a704f0
[JuiceMonitor] callee hwnd=0x10052 hmon=0x1 info=0x10110f570 monitor=0,0,1024,768 work=0,0,1024,768 flags=00000001
[JuiceRect] input hwnd=0x1005a dpi=96/1 raw=96/1 win=970,12,1008,44 client=970,12,1008,44 visible=970,12,1008,44
[JuiceRect] mapped hwnd=0x1005a win=970,12,1008,44 client=970,12,1008,44 visible=970,12,1008,44
[JuiceGeom] changed hwnd=0x1005a flags=1817 ptr=0x10110dcc0 window=970,12,1008,44 client=970,12,1008,44 visible=970,12,1008,44 surface=0x0
[JuiceRect] input hwnd=0x1005c dpi=96/1 raw=96/1 win=20,92,350,690 client=20,92,350,690 visible=20,92,350,690
[JuiceRect] mapped hwnd=0x1005c win=20,92,350,690 client=20,92,350,690 visible=20,92,350,690
[JuiceGeom] changed hwnd=0x1005c flags=1817 ptr=0x10110dcc0 window=20,92,350,690 client=20,92,350,690 visible=20,92,350,690 surface=0x0
[JuiceRect] input hwnd=0x10058 dpi=96/1 raw=96/1 win=6,718,169,758 client=6,718,169,758 visible=6,718,169,758
[JuiceRect] mapped hwnd=0x10058 win=6,718,169,758 client=6,718,169,758 visible=6,718,169,758
[JuiceGeom] changed hwnd=0x10058 flags=1817 ptr=0x10110dcc0 window=6,718,169,758 client=6,718,169,758 visible=6,718,169,758 surface=0x0
[JuiceRect] input hwnd=0x1005e dpi=96/1 raw=96/1 win=175,718,338,758 client=175,718,338,758 visible=175,718,338,758
[JuiceRect] mapped hwnd=0x1005e win=175,718,338,758 client=175,718,338,758 visible=175,718,338,758
[JuiceGeom] changed hwnd=0x1005e flags=1817 ptr=0x10110dcc0 window=175,718,338,758 client=175,718,338,758 visible=175,718,338,758 surface=0x0
[JuiceRect] input hwnd=0x10060 dpi=96/1 raw=96/1 win=344,718,507,758 client=344,718,507,758 visible=344,718,507,758
[JuiceRect] mapped hwnd=0x10060 win=344,718,507,758 client=344,718,507,758 visible=344,718,507,758
[JuiceGeom] changed hwnd=0x10060 flags=1817 ptr=0x10110dcc0 window=344,718,507,758 client=344,718,507,758 visible=344,718,507,758 surface=0x0
[JuiceRect] input hwnd=0x10062 dpi=96/1 raw=96/1 win=513,718,676,758 client=513,718,676,758 visible=513,718,676,758
[JuiceRect] mapped hwnd=0x10062 win=513,718,676,758 client=513,718,676,758 visible=513,718,676,758
[JuiceGeom] changed hwnd=0x10062 flags=1817 ptr=0x10110dcc0 window=513,718,676,758 client=513,718,676,758 visible=513,718,676,758 surface=0x0
[JuiceRect] input hwnd=0x10064 dpi=96/1 raw=96/1 win=682,718,845,758 client=682,718,845,758 visible=682,718,845,758
[JuiceRect] mapped hwnd=0x10064 win=682,718,845,758 client=682,718,845,758 visible=682,718,845,758
[JuiceGeom] changed hwnd=0x10064 flags=1817 ptr=0x10110dcc0 window=682,718,845,758 client=682,718,845,758 visible=682,718,845,758 surface=0x0
[JuiceRect] input hwnd=0x10066 dpi=96/1 raw=96/1 win=851,718,1014,758 client=851,718,1014,758 visible=851,718,1014,758
[JuiceRect] mapped hwnd=0x10066 win=851,718,1014,758 client=851,718,1014,758 visible=851,718,1014,758
[JuiceGeom] changed hwnd=0x10066 flags=1817 ptr=0x10110dcc0 window=851,718,1014,758 client=851,718,1014,758 visible=851,718,1014,758 surface=0x0
JUICE_TEXT_HOST_FRAME hwnd=0x10052 size=1024x768 path=/var/mobile/Documents/JuiceLab-20260811/source/build/tests/final-v20/setup-install/frame-before-input.png
JUICE_TEXT_HOST_CLICK_SENT index=1 hwnd=0x10052 point=425,738
JUICE_TEXT_HOST_INPUT_SENT hwnd=0x10052 clicks=1 utf16_units=0
[JuiceMonitor] callee hwnd=0x10052 hmon=0x1 info=0x10110f690 monitor=0,0,1024,768 work=0,0,1024,768 flags=00000001
[JuiceInput] dispatched surface=0x10052 target=0x10060 local=425,738 desktop=425,738 flags=a003 sent=0
[JuiceInput] dispatched surface=0x10052 target=0x10060 local=425,738 desktop=425,738 flags=a005 sent=0
[JuiceWine parent] launching /private/var/containers/Bundle/Application/CC5BA8E5-587D-4BCE-957C-34B8AD5CD6CA/Juice.app/Grape/build/wine-ios/loader/wine
[JuiceWine parent] child PID=90995
[JuiceWine] PT_TRACE_ME succeeded; csflags=0x3280780d CS_DEBUGGED=YES
[JuiceWine] requesting controlled tracer detach
[JuiceWine parent] child stopped pid=90995 signal=17 (Suspended (signal): 17)
[JuiceWine parent] PT_DETACH pid=90995 result=0
[JuiceWine parent] child now running untraced
[JuiceWine] resumed after tracer detach; csflags=0x3280780d CS_DEBUGGED=YES
[JuiceWine] anonymous PE executable section .text at 0x140010000 size=65536
[JuiceStage] loading Windows ntdll; transfer=0x1400106d4 teb=0x2d7ff8000 peb=0x2d7ffc000
[JuiceWine] anonymous PE executable section .text at 0x2d7c30000 size=524288
[JuiceStage] load_ntdll returned; transfer=0x1400106d4
[JuiceStage] load_wow64_ntdll returned
[JuiceStage] calling load_apiset_dll
[JuiceStage] load_apiset_dll returned; stack_base=0x104b10000 stack_limit=0x104a18000
[JuiceStage] calling server_init_process_done
[JuiceStage] server_init_process_done entered
[JuiceStage] calling signal_init_process; teb=0x2d7ff8000
[JuiceStage] signal_init_process returned
[JuiceStage] init_teb_data returned; syscall_frame=0x104a0fcd0 stack_base=0x104b10000 stack_limit=0x104a18000
[JuiceStage] init_process_done server call returned; status=00000000 suspend=1 transfer=0x1400106d4 teb=0x2d7ff8000 peb=0x2d7ffc000
[JuiceStage] calling signal_start_thread
[JuiceStage] init_syscall_frame entered; entry=0x1400106d4 arg=0x2d7ffc000 teb=0x2d7ff8000 data=0x104900000 frame=0x104a0fcd0 stack_base=0x104b10000 stack_limit=0x104a18000
[JuiceStage] calling signal_set_full_context; ctx=0x104b0fc70 target_pc=0x2d7c86bb0 target_sp=0x104b10000 target_x18=0x2d7ff8000 LdrInitializeThunk=0x2d7c86bd0 RtlUserThreadStart=0x2d7c86bb0
[JuiceStage] signal_set_full_context returned; status=00000000 frame_pc=0x2d7c86bb0 frame_sp=0x104b10000 frame_x18=0x2d7ff8000 restore=00400007
[JuiceStage] init_syscall_frame complete; dispatcher_pc=0x2d7c86bd0 user_sp=0x104b0fc70 x16=0x2d7c86bd0 x17=0x104b0fc70 x18=0x2d7ff8000 restore=00400007
[JuiceX18] broad #1 pc=0x2d7c641c8 fault=0x17ee instr=796fde48 x8=0x0 x16=0x2d7c86bd0 x17=0x104b0fc70 x18=0x0 teb=0x2d7ff8000
[JuiceX18] broad #2 pc=0x2d7c8d6b8 fault=0x60 instr=f940324b x8=0x104b0fa40 x16=0x2d7c641c8 x17=0x104b0fc70 x18=0x0 teb=0x2d7ff8000
[JuiceX18] broad #3 pc=0x101831464 fault=0x378 instr=f941be4a x8=0x18 x16=0x101831460 x17=0x104b0fc70 x18=0x0 teb=0x2d7ff8000
[JuiceX18] broad #4 pc=0x2d7c8e148 fault=0x60 instr=f9403248 x8=0x100570090 x16=0xffff x17=0x104b0fa30 x18=0x0 teb=0x2d7ff8000
[JuiceX18] broad #5 pc=0x2d7c642e0 fault=0x180c instr=b9580e48 x8=0x0 x16=0x2d7c84ab4 x17=0x104b0fa60 x18=0x0 teb=0x2d7ff8000
[JuiceX18] broad #6 pc=0x2d7c57574 fault=0x60 instr=f9403248 x8=0x200 x16=0x2d7c642e0 x17=0x104b0fc70 x18=0x0 teb=0x2d7ff8000
[JuiceX18] broad #7 pc=0x2d7c58de8 fault=0x0 instr=f940024a x8=0xfffffffffffffffe x16=0x2d7c84b74 x17=0x104b0f830 x18=0x0 teb=0x2d7ff8000
[JuiceX18] broad #8 pc=0x2d7c5632c fault=0x60 instr=f9403248 x8=0x100573360 x16=0x2d7cbc6c8 x17=0x2d7cbc89f x18=0x0 teb=0x2d7ff8000
[JuiceX18] broad #9 pc=0x2d7c58de8 fault=0x0 instr=f940024a x8=0xa x16=0x2d7c850d4 x17=0x104b0f7a0 x18=0x0 teb=0x2d7ff8000
[JuiceX18] broad #10 pc=0x2d7c56a50 fault=0x60 instr=f9403248 x8=0xffffffe3 x16=0x2d7cbc634 x17=0x104b0f69c x18=0x0 teb=0x2d7ff8000
[JuiceX18] broad #11 pc=0x2d7c9701c fault=0x60 instr=f9403248 x8=0x10187c330 x16=0x2d7c84994 x17=0x104b0fad0 x18=0x0 teb=0x2d7ff8000
[JuiceX18] broad #12 pc=0x101831464 fault=0x378 instr=f941be4a x8=0x21 x16=0x101831460 x17=0x104b0f740 x18=0x0 teb=0x2d7ff8000
[JuiceX18] broad #13 pc=0x2d7c56640 fault=0x60 instr=f9403248 x8=0x0 x16=0x2d7c852b4 x17=0x104b0fad0 x18=0x0 teb=0x2d7ff8000
[JuiceX18] broad #14 pc=0x2d7c56560 fault=0x60 instr=f9403248 x8=0x0 x16=0x2d7c56640 x17=0x104b0fc70 x18=0x0 teb=0x2d7ff8000
[JuiceX18] broad #15 pc=0x2d7c64124 fault=0x0 instr=f9400249 x8=0x2d7c9f1ec x16=0x2d7c84ad4 x17=0x104b0fad0 x18=0x0 teb=0x2d7ff8000
[JuiceX18] broad #16 pc=0x2d7c58de8 fault=0x0 instr=f940024a x8=0xc6 x16=0x2d7c64124 x17=0x104b0fc70 x18=0x0 teb=0x2d7ff8000
[JuiceX18] broad #17 pc=0x2d7c58de8 fault=0x0 instr=f940024a x8=0xfffffffffffffffe x16=0x2d7cbc634 x17=0x104b0f944 x18=0x0 teb=0x2d7ff8000
[JuiceX18] broad #18 pc=0x2d7c58de8 fault=0x0 instr=f940024a x8=0x18 x16=0x2d7c84c14 x17=0x104b0fa70 x18=0x0 teb=0x2d7ff8000
[JuiceX18] broad #19 pc=0x2d7c48070 fault=0x2c8 instr=f9416648 x8=0x2d7cba860 x16=0x2d7cbc634 x17=0x104b0f6a2 x18=0x0 teb=0x2d7ff8000
[JuiceX18] broad #20 pc=0x2d7c5632c fault=0x60 instr=f9403248 x8=0x100573e20 x16=0x2d7c48070 x17=0x104b0fc70 x18=0x0 teb=0x2d7ff8000
[JuiceWine] anonymous PE executable section .text at 0x2d7a50000 size=196608
[JuiceX18] broad #21 pc=0x101831464 fault=0x378 instr=f941be4a x8=0x50 x16=0x101831460 x17=0x104b0f8b0 x18=0x0 teb=0x2d7ff8000
[JuiceX18] broad #22 pc=0x2d7c64124 fault=0x0 instr=f9400249 x8=0x2d7c9f1ec x16=0x2d7c851b4 x17=0x104b0f8b0 x18=0x0 teb=0x2d7ff8000
[JuiceX18] broad #23 pc=0x2d7c79318 fault=0x0 instr=f9400249 x8=0x2d7c9f1ec x16=0x2d7c64124 x17=0x104b0fc70 x18=0x0 teb=0x2d7ff8000
[JuiceX18] broad #24 pc=0x2d7c8d624 fault=0x3000 instr=b9700248 x8=0x6 x16=0x2d7c79318 x17=0x104b0fc70 x18=0x0 teb=0x2d7ff8000
[JuiceX18] broad #25 pc=0x2d7c793cc fault=0x0 instr=f9000249 x8=0x0 x16=0x2d7c8d624 x17=0x104b0fc70 x18=0x0 teb=0x2d7ff8000
[JuiceX18] broad #26 pc=0x2d7c66c3c fault=0x60 instr=f9403248 x8=0x2d7a8f3e8 x16=0x2d7c793cc x17=0x104b0fc70 x18=0x0 teb=0x2d7ff8000
[JuiceX18] broad #27 pc=0x2d7c5632c fault=0x60 instr=f9403248 x8=0x100574070 x16=0x2d7c66c3c x17=0x104b0fc70 x18=0x0 teb=0x2d7ff8000
[JuiceWine] anonymous PE executable section .text at 0x2d7660000 size=524288
[JuiceX18] broad #28 pc=0x101831464 fault=0x378 instr=f941be4a x8=0x50 x16=0x101831460 x17=0x104b0f360 x18=0x0 teb=0x2d7ff8000
[JuiceX18] broad #29 pc=0x2d7c79318 fault=0x0 instr=f9400249 x8=0x2d7c9f1ec x16=0x2d7c851b4 x17=0x104b0f360 x18=0x0 teb=0x2d7ff8000
[JuiceX18] broad #30 pc=0x2d7c793cc fault=0x0 instr=f9000249 x8=0x0 x16=0x2d7c79318 x17=0x104b0fc70 x18=0x0 teb=0x2d7ff8000
[JuiceX18] broad #31 pc=0x2d7c66c3c fault=0x60 instr=f9403248 x8=0x2d7707dd0 x16=0x2d7c793cc x17=0x104b0fc70 x18=0x0 teb=0x2d7ff8000
[JuiceX18] broad #32 pc=0x101831464 fault=0x378 instr=f941be4a x8=0x50 x16=0x101831460 x17=0x104b0f030 x18=0x0 teb=0x2d7ff8000
[JuiceWine] anonymous PE executable section .text at 0x2d74e0000 size=196608
[JuiceWine] anonymous PE executable section .text at 0x2d7400000 size=65536
[JuiceWine] anonymous PE executable section .text at 0x2d70b0000 size=589824
[JuiceWine] anonymous PE executable section .text at 0x2d6dc0000 size=458752
[JuiceWine] anonymous PE executable section .text at 0x2d68d0000 size=589824
[JuiceWine] anonymous PE executable section .text at 0x2d6650000 size=327680
[JuiceWine] anonymous PE executable section .text at 0x2d6560000 size=196608
[JuiceWine] anonymous PE executable section .text at 0x2d6470000 size=65536
[JuiceWine parent] launching /private/var/containers/Bundle/Application/CC5BA8E5-587D-4BCE-957C-34B8AD5CD6CA/Juice.app/Grape/build/wine-ios/loader/wine
[JuiceWine parent] child PID=90998
[JuiceWine] PT_TRACE_ME succeeded; csflags=0x3280780d CS_DEBUGGED=YES
[JuiceWine] requesting controlled tracer detach
[JuiceWine parent] child stopped pid=90998 signal=17 (Suspended (signal): 17)
[JuiceWine parent] PT_DETACH pid=90998 result=0
[JuiceWine parent] child now running untraced
[JuiceWine] resumed after tracer detach; csflags=0x3280780d CS_DEBUGGED=YES
[JuiceWine] anonymous PE executable section .text at 0x140010000 size=65536
[JuiceStage] loading Windows ntdll; transfer=0x1400106d4 teb=0x2d7ff8000 peb=0x2d7ffc000
[JuiceWine] anonymous PE executable section .text at 0x2d7c30000 size=524288
[JuiceStage] load_ntdll returned; transfer=0x1400106d4
[JuiceStage] load_wow64_ntdll returned
[JuiceStage] calling load_apiset_dll
[JuiceStage] load_apiset_dll returned; stack_base=0x101310000 stack_limit=0x101218000
[JuiceStage] calling server_init_process_done
[JuiceStage] server_init_process_done entered
[JuiceStage] calling signal_init_process; teb=0x2d7ff8000
[JuiceStage] signal_init_process returned
[JuiceStage] init_teb_data returned; syscall_frame=0x10120fcd0 stack_base=0x101310000 stack_limit=0x101218000
[JuiceStage] init_process_done server call returned; status=00000000 suspend=1 transfer=0x1400106d4 teb=0x2d7ff8000 peb=0x2d7ffc000
[JuiceStage] calling signal_start_thread
[JuiceStage] init_syscall_frame entered; entry=0x1400106d4 arg=0x2d7ffc000 teb=0x2d7ff8000 data=0x101100000 frame=0x10120fcd0 stack_base=0x101310000 stack_limit=0x101218000
[JuiceStage] calling signal_set_full_context; ctx=0x10130fc70 target_pc=0x2d7c86bb0 target_sp=0x101310000 target_x18=0x2d7ff8000 LdrInitializeThunk=0x2d7c86bd0 RtlUserThreadStart=0x2d7c86bb0
[JuiceStage] signal_set_full_context returned; status=00000000 frame_pc=0x2d7c86bb0 frame_sp=0x101310000 frame_x18=0x2d7ff8000 restore=00400007
[JuiceStage] init_syscall_frame complete; dispatcher_pc=0x2d7c86bd0 user_sp=0x10130fc70 x16=0x2d7c86bd0 x17=0x10130fc70 x18=0x2d7ff8000 restore=00400007
[JuiceX18] broad #1 pc=0x2d7c641c8 fault=0x17ee instr=796fde48 x8=0x0 x16=0x2d7c86bd0 x17=0x10130fc70 x18=0x0 teb=0x2d7ff8000
[JuiceX18] broad #2 pc=0x2d7c8d6b8 fault=0x60 instr=f940324b x8=0x10130fa40 x16=0x2d7c641c8 x17=0x10130fc70 x18=0x0 teb=0x2d7ff8000
[JuiceX18] broad #3 pc=0x1005b9464 fault=0x378 instr=f941be4a x8=0x18 x16=0x1005b9460 x17=0x10130fc70 x18=0x0 teb=0x2d7ff8000
[JuiceX18] broad #4 pc=0x2d7c8e148 fault=0x60 instr=f9403248 x8=0x100540090 x16=0xffff x17=0x10130fa30 x18=0x0 teb=0x2d7ff8000
[JuiceX18] broad #5 pc=0x2d7c642e0 fault=0x180c instr=b9580e48 x8=0x0 x16=0x2d7c84ab4 x17=0x10130fa60 x18=0x0 teb=0x2d7ff8000
[JuiceX18] broad #6 pc=0x2d7c57574 fault=0x60 instr=f9403248 x8=0x200 x16=0x2d7c642e0 x17=0x10130fc70 x18=0x0 teb=0x2d7ff8000
[JuiceX18] broad #7 pc=0x2d7c58de8 fault=0x0 instr=f940024a x8=0xfffffffffffffffe x16=0x2d7c84b74 x17=0x10130f830 x18=0x0 teb=0x2d7ff8000
[JuiceX18] broad #8 pc=0x2d7c5632c fault=0x60 instr=f9403248 x8=0x100543360 x16=0x2d7cbc6c8 x17=0x2d7cbc89f x18=0x0 teb=0x2d7ff8000
[JuiceX18] broad #9 pc=0x2d7c58de8 fault=0x0 instr=f940024a x8=0xa x16=0x2d7c850d4 x17=0x10130f7a0 x18=0x0 teb=0x2d7ff8000
[JuiceX18] broad #10 pc=0x2d7c56a50 fault=0x60 instr=f9403248 x8=0xffffffe3 x16=0x2d7cbc634 x17=0x10130f69c x18=0x0 teb=0x2d7ff8000
[JuiceX18] broad #11 pc=0x2d7c9701c fault=0x60 instr=f9403248 x8=0x100604330 x16=0x2d7c84994 x17=0x10130fad0 x18=0x0 teb=0x2d7ff8000
[JuiceX18] broad #12 pc=0x1005b9464 fault=0x378 instr=f941be4a x8=0x21 x16=0x1005b9460 x17=0x10130f740 x18=0x0 teb=0x2d7ff8000
[JuiceX18] broad #13 pc=0x1005b94f4 fault=0x370 instr=f941ba50 x8=0x17 x16=0x1005b9460 x17=0x10130f740 x18=0x0 teb=0x2d7ff8000
[JuiceX18] broad #14 pc=0x2d7c56560 fault=0x60 instr=f9403248 x8=0x0 x16=0x2d7c852b4 x17=0x10130fad0 x18=0x0 teb=0x2d7ff8000
[JuiceX18] broad #15 pc=0x2d7c5632c fault=0x60 instr=f9403248 x8=0x100543568 x16=0x2d7c84ad4 x17=0x10130fad0 x18=0x0 teb=0x2d7ff8000
[JuiceX18] broad #16 pc=0x2d7c56338 fault=0x60 instr=f9403248 x8=0x84 x16=0x2d7c5632c x17=0x10130fc70 x18=0x0 teb=0x2d7ff8000
[JuiceX18] broad #17 pc=0x2d7c64124 fault=0x0 instr=f9400249 x8=0x2d7c9f1ec x16=0x2d7c56338 x17=0x10130fc70 x18=0x0 teb=0x2d7ff8000
[JuiceX18] broad #18 pc=0x2d7c58de8 fault=0x0 instr=f940024a x8=0x8c x16=0x2d7c64124 x17=0x10130fc70 x18=0x0 teb=0x2d7ff8000
[JuiceX18] broad #19 pc=0x2d7c58de8 fault=0x0 instr=f940024a x8=0xfffffffffffffffe x16=0x2d7cbc634 x17=0x10130f925 x18=0x0 teb=0x2d7ff8000
[JuiceX18] broad #20 pc=0x1005b9464 fault=0x378 instr=f941be4a x8=0x23 x16=0x1005b9460 x17=0x2d7cbbd6c x18=0x0 teb=0x2d7ff8000
[JuiceX18] broad #21 pc=0x2d7c58de8 fault=0x0 instr=f940024a x8=0x18 x16=0x2d7c84c14 x17=0x10130fa70 x18=0x0 teb=0x2d7ff8000
[JuiceX18] broad #22 pc=0x2d7c48070 fault=0x2c8 instr=f9416648 x8=0x2d7cba860 x16=0x2d7cbc634 x17=0x10130f6a2 x18=0x0 teb=0x2d7ff8000
[JuiceWine parent] child exited with 0
[JuiceX18] broad #23 pc=0x2d7c8bb7c fault=0x48 instr=b9404a48 x8=0x1005400d8 x16=0x2d7c84994 x17=0x10130f520 x18=0x0 teb=0x2d7ff8000
[JuiceWine] anonymous PE executable section .text at 0x2d7a50000 size=196608
[JuiceX18] broad #24 pc=0x1005b9464 fault=0x378 instr=f941be4a x8=0x50 x16=0x1005b9460 x17=0x10130f8b0 x18=0x0 teb=0x2d7ff8000
[JuiceX18] broad #25 pc=0x2d7c79318 fault=0x0 instr=f9400249 x8=0x2d7c9f1ec x16=0x2d7c851b4 x17=0x10130f8b0 x18=0x0 teb=0x2d7ff8000
[JuiceX18] broad #26 pc=0x2d7c793cc fault=0x0 instr=f9000249 x8=0x0 x16=0x2d7c79318 x17=0x10130fc70 x18=0x0 teb=0x2d7ff8000
[JuiceX18] broad #27 pc=0x2d7c66c3c fault=0x60 instr=f9403248 x8=0x2d7a8f3e8 x16=0x2d7c793cc x17=0x10130fc70 x18=0x0 teb=0x2d7ff8000
[JuiceX18] broad #28 pc=0x2d7c5632c fault=0x60 instr=f9403248 x8=0x100543f40 x16=0x2d7c66c3c x17=0x10130fc70 x18=0x0 teb=0x2d7ff8000
[JuiceWine] anonymous PE executable section .text at 0x2d7660000 size=524288
[JuiceX18] broad #29 pc=0x1005b9464 fault=0x378 instr=f941be4a x8=0x50 x16=0x1005b9460 x17=0x10130f360 x18=0x0 teb=0x2d7ff8000
[JuiceX18] broad #30 pc=0x2d7c79318 fault=0x0 instr=f9400249 x8=0x2d7c9f1ec x16=0x2d7c851b4 x17=0x10130f360 x18=0x0 teb=0x2d7ff8000
[JuiceX18] broad #31 pc=0x2d7c793cc fault=0x0 instr=f9000249 x8=0x0 x16=0x2d7c79318 x17=0x10130fc70 x18=0x0 teb=0x2d7ff8000
[JuiceX18] broad #32 pc=0x2d7c66c3c fault=0x60 instr=f9403248 x8=0x2d7707dd0 x16=0x2d7c793cc x17=0x10130fc70 x18=0x0 teb=0x2d7ff8000
[JuiceWine] anonymous PE executable section .text at 0x2d74e0000 size=196608
[JuiceWine] anonymous PE executable section .text at 0x2d7400000 size=65536
[JuiceWine] anonymous PE executable section .text at 0x2d70b0000 size=589824
[JuiceWine] anonymous PE executable section .text at 0x2d6dc0000 size=458752
[JuiceWine] anonymous PE executable section .text at 0x2d68d0000 size=589824
[JuiceWine] anonymous PE executable section .text at 0x2d6650000 size=327680
[JuiceWine] anonymous PE executable section .text at 0x2d6560000 size=196608
[JuiceWine] anonymous PE executable section .text at 0x2d6470000 size=65536
[JuiceWine] anonymous PE executable section .text at 0x2d63a0000 size=65536
[JuiceInput] queue fd registered fd=9 tid=0x44
[JuiceDriver] ios init set driver create=0x10198646c size=1216
[JuiceDriver] install prev=0x101be9308 lazy=0x101be9308 null=0x101c11d30 new=0x137808200 create=0x10198646c
JUICE_TEXT_HOST_HELLO pid=90998 desktop=1024x768 dpi=96
[JuiceWine] anonymous PE executable section .text at 0x2d6270000 size=131072
[JuiceCreate] ex=00010001 class=0x10130e660 version=0x0 name=0x10130e640 style=80c801c4 x=147 y=118 cx=330 cy=319 parent=0x0 menu=0x0 classinst=0x0 params=0x0 flags=00000000 inst=0x0 classptr=0x8002 ansi=0
[JuiceRect] input hwnd=0x2002c dpi=96/1 raw=96/1 win=147,118,477,437 client=147,118,477,437 visible=147,118,477,437
[JuiceRect] mapped hwnd=0x2002c win=147,118,477,437 client=147,118,477,437 visible=147,118,477,437
[JuiceGeom] changed hwnd=0x2002c flags=3c ptr=0x10120f620 window=147,118,477,437 client=147,118,477,437 visible=147,118,477,437 surface=0x101bf44f0
[JuiceCreate] ex=00000000 class=0x10120f590 version=0x0 name=0x10120f580 style=8c000000 x=0 y=0 cx=1 cy=1 parent=0x0 menu=0x0 classinst=0x0 params=0x0 flags=00000000 inst=0x0 classptr=0x0 ansi=0
[JuiceRect] input hwnd=0x20022 dpi=96/1 raw=96/1 win=0,0,1,1 client=0,0,1,1 visible=0,0,1,1
[JuiceRect] mapped hwnd=0x20022 win=0,0,1,1 client=0,0,1,1 visible=0,0,1,1
[JuiceGeom] changed hwnd=0x20022 flags=3c ptr=0x10120eed0 window=0,0,1,1 client=0,0,1,1 visible=0,0,1,1 surface=0x101bf44f0
[JuiceRect] input hwnd=0x20022 dpi=96/1 raw=96/1 win=0,0,1,1 client=0,0,1,1 visible=0,0,1,1
[JuiceRect] mapped hwnd=0x20022 win=0,0,1,1 client=0,0,1,1 visible=0,0,1,1
[JuiceGeom] changed hwnd=0x20022 flags=18 ptr=0x10120eed0 window=0,0,1,1 client=0,0,1,1 visible=0,0,1,1 surface=0x101bf44f0
[JuiceRect] input hwnd=0x2002c dpi=96/1 raw=96/1 win=147,118,477,437 client=150,140,474,434 visible=147,118,477,437
[JuiceRect] mapped hwnd=0x2002c win=147,118,477,437 client=150,140,474,434 visible=147,118,477,437
[JuiceGeom] changed hwnd=0x2002c flags=18 ptr=0x10120f620 window=147,118,477,437 client=150,140,474,434 visible=147,118,477,437 surface=0x101bf44f0
[JuiceCreate] ex=00000004 class=0x10130e660 version=0x0 name=0x10130e640 style=50000003 x=12 y=35 cx=24 cy=28 parent=0x2002c menu=0x440 classinst=0x0 params=0x0 flags=00000000 inst=0x0 classptr=0x2d6966b00 ansi=0
[JuiceRect] input hwnd=0x20048 dpi=96/1 raw=96/1 win=12,35,36,63 client=12,35,36,63 visible=12,35,36,63
[JuiceRect] mapped hwnd=0x20048 win=12,35,36,63 client=12,35,36,63 visible=12,35,36,63
[JuiceGeom] changed hwnd=0x20048 flags=14 ptr=0x10120f620 window=12,35,36,63 client=12,35,36,63 visible=12,35,36,63 surface=0x0
[JuiceRect] input hwnd=0x20048 dpi=96/1 raw=96/1 win=12,35,36,63 client=12,35,36,63 visible=12,35,36,63
[JuiceRect] mapped hwnd=0x20048 win=12,35,36,63 client=12,35,36,63 visible=12,35,36,63
[JuiceGeom] changed hwnd=0x20048 flags=10 ptr=0x10120f620 window=12,35,36,63 client=12,35,36,63 visible=12,35,36,63 surface=0x0
[JuiceRect] input hwnd=0x20048 dpi=96/1 raw=96/1 win=12,35,36,63 client=12,35,36,63 visible=12,35,36,63
[JuiceRect] mapped hwnd=0x20048 win=12,35,36,63 client=12,35,36,63 visible=12,35,36,63
[JuiceGeom] changed hwnd=0x20048 flags=181f ptr=0x10120f3e0 window=12,35,36,63 client=12,35,36,63 visible=12,35,36,63 surface=0x0
[JuiceRect] input hwnd=0x2002c dpi=96/1 raw=96/1 win=147,118,477,437 client=150,140,474,434 visible=147,118,477,437
[JuiceRect] mapped hwnd=0x2002c win=147,118,477,437 client=150,140,474,434 visible=147,118,477,437
[JuiceGeom] changed hwnd=0x2002c flags=181f ptr=0x10120f590 window=147,118,477,437 client=150,140,474,434 visible=147,118,477,437 surface=0x101bf44f0
[JuiceCreate] ex=00000004 class=0x10130e660 version=0x0 name=0x10130e640 style=50010000 x=24 y=98 cx=75 cy=25 parent=0x2002c menu=0x6 classinst=0x0 params=0x0 flags=00000000 inst=0x0 classptr=0x2d6966af0 ansi=0
[JuiceRect] input hwnd=0x2003e dpi=96/1 raw=96/1 win=24,98,99,123 client=24,98,99,123 visible=24,98,99,123
[JuiceRect] mapped hwnd=0x2003e win=24,98,99,123 client=24,98,99,123 visible=24,98,99,123
[JuiceGeom] changed hwnd=0x2003e flags=14 ptr=0x10120f620 window=24,98,99,123 client=24,98,99,123 visible=24,98,99,123 surface=0x0
[JuiceRect] input hwnd=0x2003e dpi=96/1 raw=96/1 win=24,98,99,123 client=24,98,99,123 visible=24,98,99,123
[JuiceRect] mapped hwnd=0x2003e win=24,98,99,123 client=24,98,99,123 visible=24,98,99,123
[JuiceGeom] changed hwnd=0x2003e flags=10 ptr=0x10120f620 window=24,98,99,123 client=24,98,99,123 visible=24,98,99,123 surface=0x0
[JuiceRect] input hwnd=0x2003e dpi=96/1 raw=96/1 win=24,98,99,123 client=24,98,99,123 visible=24,98,99,123
[JuiceRect] mapped hwnd=0x2003e win=24,98,99,123 client=24,98,99,123 visible=24,98,99,123
[JuiceGeom] changed hwnd=0x2003e flags=181f ptr=0x10120f3e0 window=24,98,99,123 client=24,98,99,123 visible=24,98,99,123 surface=0x0
[JuiceRect] input hwnd=0x2002c dpi=96/1 raw=96/1 win=147,118,477,437 client=150,140,474,434 visible=147,118,477,437
[JuiceRect] mapped hwnd=0x2002c win=147,118,477,437 client=150,140,474,434 visible=147,118,477,437
[JuiceGeom] changed hwnd=0x2002c flags=181f ptr=0x10120f590 window=147,118,477,437 client=150,140,474,434 visible=147,118,477,437 surface=0x101bf44f0
[JuiceCreate] ex=00000004 class=0x10130e660 version=0x0 name=0x10130e640 style=50010000 x=111 y=98 cx=75 cy=25 parent=0x2002c menu=0x7 classinst=0x0 params=0x0 flags=00000000 inst=0x0 classptr=0x2d6966af0 ansi=0
[JuiceRect] input hwnd=0x20038 dpi=96/1 raw=96/1 win=111,98,186,123 client=111,98,186,123 visible=111,98,186,123
[JuiceRect] mapped hwnd=0x20038 win=111,98,186,123 client=111,98,186,123 visible=111,98,186,123
[JuiceGeom] changed hwnd=0x20038 flags=14 ptr=0x10120f620 window=111,98,186,123 client=111,98,186,123 visible=111,98,186,123 surface=0x0
[JuiceRect] input hwnd=0x20038 dpi=96/1 raw=96/1 win=111,98,186,123 client=111,98,186,123 visible=111,98,186,123
[JuiceRect] mapped hwnd=0x20038 win=111,98,186,123 client=111,98,186,123 visible=111,98,186,123
[JuiceGeom] changed hwnd=0x20038 flags=10 ptr=0x10120f620 window=111,98,186,123 client=111,98,186,123 visible=111,98,186,123 surface=0x0
[JuiceRect] input hwnd=0x20038 dpi=96/1 raw=96/1 win=111,98,186,123 client=111,98,186,123 visible=111,98,186,123
[JuiceRect] mapped hwnd=0x20038 win=111,98,186,123 client=111,98,186,123 visible=111,98,186,123
[JuiceGeom] changed hwnd=0x20038 flags=181f ptr=0x10120f3e0 window=111,98,186,123 client=111,98,186,123 visible=111,98,186,123 surface=0x0
[JuiceRect] input hwnd=0x2002c dpi=96/1 raw=96/1 win=147,118,477,437 client=150,140,474,434 visible=147,118,477,437
[JuiceRect] mapped hwnd=0x2002c win=147,118,477,437 client=150,140,474,434 visible=147,118,477,437
[JuiceGeom] changed hwnd=0x2002c flags=181f ptr=0x10120f590 window=147,118,477,437 client=150,140,474,434 visible=147,118,477,437 surface=0x101bf44f0
[JuiceCreate] ex=00000004 class=0x10130e660 version=0x0 name=0x10130e640 style=50010000 x=198 y=98 cx=75 cy=25 parent=0x2002c menu=0x3 classinst=0x0 params=0x0 flags=00000000 inst=0x0 classptr=0x2d6966af0 ansi=0
[JuiceRect] input hwnd=0x20032 dpi=96/1 raw=96/1 win=198,98,273,123 client=198,98,273,123 visible=198,98,273,123
[JuiceRect] mapped hwnd=0x20032 win=198,98,273,123 client=198,98,273,123 visible=198,98,273,123
[JuiceGeom] changed hwnd=0x20032 flags=14 ptr=0x10120f620 window=198,98,273,123 client=198,98,273,123 visible=198,98,273,123 surface=0x0
[JuiceRect] input hwnd=0x20032 dpi=96/1 raw=96/1 win=198,98,273,123 client=198,98,273,123 visible=198,98,273,123
[JuiceRect] mapped hwnd=0x20032 win=198,98,273,123 client=198,98,273,123 visible=198,98,273,123
[JuiceGeom] changed hwnd=0x20032 flags=10 ptr=0x10120f620 window=198,98,273,123 client=198,98,273,123 visible=198,98,273,123 surface=0x0
[JuiceRect] input hwnd=0x20032 dpi=96/1 raw=96/1 win=198,98,273,123 client=198,98,273,123 visible=198,98,273,123
[JuiceRect] mapped hwnd=0x20032 win=198,98,273,123 client=198,98,273,123 visible=198,98,273,123
[JuiceGeom] changed hwnd=0x20032 flags=181f ptr=0x10120f3e0 window=198,98,273,123 client=198,98,273,123 visible=198,98,273,123 surface=0x0
[JuiceRect] input hwnd=0x2002c dpi=96/1 raw=96/1 win=147,118,477,437 client=150,140,474,434 visible=147,118,477,437
[JuiceRect] mapped hwnd=0x2002c win=147,118,477,437 client=150,140,474,434 visible=147,118,477,437
[JuiceGeom] changed hwnd=0x2002c flags=181f ptr=0x10120f590 window=147,118,477,437 client=150,140,474,434 visible=147,118,477,437 surface=0x101bf44f0
[JuiceCreate] ex=00000004 class=0x10130e660 version=0x0 name=0x10130e640 style=50010000 x=285 y=98 cx=75 cy=25 parent=0x2002c menu=0x4 classinst=0x0 params=0x0 flags=00000000 inst=0x0 classptr=0x2d6966af0 ansi=0
[JuiceRect] input hwnd=0x20034 dpi=96/1 raw=96/1 win=285,98,360,123 client=285,98,360,123 visible=285,98,360,123
[JuiceRect] mapped hwnd=0x20034 win=285,98,360,123 client=285,98,360,123 visible=285,98,360,123
[JuiceGeom] changed hwnd=0x20034 flags=14 ptr=0x10120f620 window=285,98,360,123 client=285,98,360,123 visible=285,98,360,123 surface=0x0
[JuiceRect] input hwnd=0x20034 dpi=96/1 raw=96/1 win=285,98,360,123 client=285,98,360,123 visible=285,98,360,123
[JuiceRect] mapped hwnd=0x20034 win=285,98,360,123 client=285,98,360,123 visible=285,98,360,123
[JuiceGeom] changed hwnd=0x20034 flags=10 ptr=0x10120f620 window=285,98,360,123 client=285,98,360,123 visible=285,98,360,123 surface=0x0
[JuiceRect] input hwnd=0x20034 dpi=96/1 raw=96/1 win=285,98,360,123 client=285,98,360,123 visible=285,98,360,123
[JuiceRect] mapped hwnd=0x20034 win=285,98,360,123 client=285,98,360,123 visible=285,98,360,123
[JuiceGeom] changed hwnd=0x20034 flags=181f ptr=0x10120f3e0 window=285,98,360,123 client=285,98,360,123 visible=285,98,360,123 surface=0x0
[JuiceRect] input hwnd=0x2002c dpi=96/1 raw=96/1 win=147,118,477,437 client=150,140,474,434 visible=147,118,477,437
[JuiceRect] mapped hwnd=0x2002c win=147,118,477,437 client=150,140,474,434 visible=147,118,477,437
[JuiceGeom] changed hwnd=0x2002c flags=181f ptr=0x10120f590 window=147,118,477,437 client=150,140,474,434 visible=147,118,477,437 surface=0x101bf44f0
[JuiceCreate] ex=00000004 class=0x10130e660 version=0x0 name=0x10130e640 style=50010000 x=372 y=98 cx=75 cy=25 parent=0x2002c menu=0x1 classinst=0x0 params=0x0 flags=00000000 inst=0x0 classptr=0x2d6966af0 ansi=0
[JuiceRect] input hwnd=0x20040 dpi=96/1 raw=96/1 win=372,98,447,123 client=372,98,447,123 visible=372,98,447,123
[JuiceRect] mapped hwnd=0x20040 win=372,98,447,123 client=372,98,447,123 visible=372,98,447,123
[JuiceGeom] changed hwnd=0x20040 flags=14 ptr=0x10120f620 window=372,98,447,123 client=372,98,447,123 visible=372,98,447,123 surface=0x0
[JuiceRect] input hwnd=0x20040 dpi=96/1 raw=96/1 win=372,98,447,123 client=372,98,447,123 visible=372,98,447,123
[JuiceRect] mapped hwnd=0x20040 win=372,98,447,123 client=372,98,447,123 visible=372,98,447,123
[JuiceGeom] changed hwnd=0x20040 flags=10 ptr=0x10120f620 window=372,98,447,123 client=372,98,447,123 visible=372,98,447,123 surface=0x0
[JuiceRect] input hwnd=0x20040 dpi=96/1 raw=96/1 win=372,98,447,123 client=372,98,447,123 visible=372,98,447,123
[JuiceRect] mapped hwnd=0x20040 win=372,98,447,123 client=372,98,447,123 visible=372,98,447,123
[JuiceGeom] changed hwnd=0x20040 flags=181f ptr=0x10120f3e0 window=372,98,447,123 client=372,98,447,123 visible=372,98,447,123 surface=0x0
[JuiceRect] input hwnd=0x2002c dpi=96/1 raw=96/1 win=147,118,477,437 client=150,140,474,434 visible=147,118,477,437
[JuiceRect] mapped hwnd=0x2002c win=147,118,477,437 client=150,140,474,434 visible=147,118,477,437
[JuiceGeom] changed hwnd=0x2002c flags=181f ptr=0x10120f590 window=147,118,477,437 client=150,140,474,434 visible=147,118,477,437 surface=0x101bf44f0
[JuiceCreate] ex=00000004 class=0x10130e660 version=0x0 name=0x10130e640 style=50010000 x=459 y=98 cx=75 cy=25 parent=0x2002c menu=0x2 classinst=0x0 params=0x0 flags=00000000 inst=0x0 classptr=0x2d6966af0 ansi=0
[JuiceRect] input hwnd=0x20042 dpi=96/1 raw=96/1 win=459,98,534,123 client=459,98,534,123 visible=459,98,534,123
[JuiceRect] mapped hwnd=0x20042 win=459,98,534,123 client=459,98,534,123 visible=459,98,534,123
[JuiceGeom] changed hwnd=0x20042 flags=14 ptr=0x10120f620 window=459,98,534,123 client=459,98,534,123 visible=459,98,534,123 surface=0x0
[JuiceRect] input hwnd=0x20042 dpi=96/1 raw=96/1 win=459,98,534,123 client=459,98,534,123 visible=459,98,534,123
[JuiceRect] mapped hwnd=0x20042 win=459,98,534,123 client=459,98,534,123 visible=459,98,534,123
[JuiceGeom] changed hwnd=0x20042 flags=10 ptr=0x10120f620 window=459,98,534,123 client=459,98,534,123 visible=459,98,534,123 surface=0x0
[JuiceRect] input hwnd=0x20042 dpi=96/1 raw=96/1 win=459,98,534,123 client=459,98,534,123 visible=459,98,534,123
[JuiceRect] mapped hwnd=0x20042 win=459,98,534,123 client=459,98,534,123 visible=459,98,534,123
[JuiceGeom] changed hwnd=0x20042 flags=181f ptr=0x10120f3e0 window=459,98,534,123 client=459,98,534,123 visible=459,98,534,123 surface=0x0
[JuiceRect] input hwnd=0x2002c dpi=96/1 raw=96/1 win=147,118,477,437 client=150,140,474,434 visible=147,118,477,437
[JuiceRect] mapped hwnd=0x2002c win=147,118,477,437 client=150,140,474,434 visible=147,118,477,437
[JuiceGeom] changed hwnd=0x2002c flags=181f ptr=0x10120f590 window=147,118,477,437 client=150,140,474,434 visible=147,118,477,437 surface=0x101bf44f0
[JuiceCreate] ex=00000004 class=0x10130e660 version=0x0 name=0x10130e640 style=50010000 x=546 y=98 cx=75 cy=25 parent=0x2002c menu=0x5 classinst=0x0 params=0x0 flags=00000000 inst=0x0 classptr=0x2d6966af0 ansi=0
[JuiceRect] input hwnd=0x20044 dpi=96/1 raw=96/1 win=546,98,621,123 client=546,98,621,123 visible=546,98,621,123
[JuiceRect] mapped hwnd=0x20044 win=546,98,621,123 client=546,98,621,123 visible=546,98,621,123
[JuiceGeom] changed hwnd=0x20044 flags=14 ptr=0x10120f620 window=546,98,621,123 client=546,98,621,123 visible=546,98,621,123 surface=0x0
[JuiceRect] input hwnd=0x20044 dpi=96/1 raw=96/1 win=546,98,621,123 client=546,98,621,123 visible=546,98,621,123
[JuiceRect] mapped hwnd=0x20044 win=546,98,621,123 client=546,98,621,123 visible=546,98,621,123
[JuiceGeom] changed hwnd=0x20044 flags=10 ptr=0x10120f620 window=546,98,621,123 client=546,98,621,123 visible=546,98,621,123 surface=0x0
[JuiceRect] input hwnd=0x20044 dpi=96/1 raw=96/1 win=546,98,621,123 client=546,98,621,123 visible=546,98,621,123
[JuiceRect] mapped hwnd=0x20044 win=546,98,621,123 client=546,98,621,123 visible=546,98,621,123
[JuiceGeom] changed hwnd=0x20044 flags=181f ptr=0x10120f3e0 window=546,98,621,123 client=546,98,621,123 visible=546,98,621,123 surface=0x0
[JuiceRect] input hwnd=0x2002c dpi=96/1 raw=96/1 win=147,118,477,437 client=150,140,474,434 visible=147,118,477,437
[JuiceRect] mapped hwnd=0x2002c win=147,118,477,437 client=150,140,474,434 visible=147,118,477,437
[JuiceGeom] changed hwnd=0x2002c flags=181f ptr=0x10120f590 window=147,118,477,437 client=150,140,474,434 visible=147,118,477,437 surface=0x101bf44f0
[JuiceCreate] ex=00000004 class=0x10130e660 version=0x0 name=0x10130e640 style=50010000 x=633 y=98 cx=75 cy=25 parent=0x2002c menu=0xa classinst=0x0 params=0x0 flags=00000000 inst=0x0 classptr=0x2d6966af0 ansi=0
[JuiceRect] input hwnd=0x20046 dpi=96/1 raw=96/1 win=633,98,708,123 client=633,98,708,123 visible=633,98,708,123
[JuiceRect] mapped hwnd=0x20046 win=633,98,708,123 client=633,98,708,123 visible=633,98,708,123
[JuiceGeom] changed hwnd=0x20046 flags=14 ptr=0x10120f620 window=633,98,708,123 client=633,98,708,123 visible=633,98,708,123 surface=0x0
[JuiceRect] input hwnd=0x20046 dpi=96/1 raw=96/1 win=633,98,708,123 client=633,98,708,123 visible=633,98,708,123
[JuiceRect] mapped hwnd=0x20046 win=633,98,708,123 client=633,98,708,123 visible=633,98,708,123
[JuiceGeom] changed hwnd=0x20046 flags=10 ptr=0x10120f620 window=633,98,708,123 client=633,98,708,123 visible=633,98,708,123 surface=0x0
[JuiceRect] input hwnd=0x20046 dpi=96/1 raw=96/1 win=633,98,708,123 client=633,98,708,123 visible=633,98,708,123
[JuiceRect] mapped hwnd=0x20046 win=633,98,708,123 client=633,98,708,123 visible=633,98,708,123
[JuiceGeom] changed hwnd=0x20046 flags=181f ptr=0x10120f3e0 window=633,98,708,123 client=633,98,708,123 visible=633,98,708,123 surface=0x0
[JuiceRect] input hwnd=0x2002c dpi=96/1 raw=96/1 win=147,118,477,437 client=150,140,474,434 visible=147,118,477,437
[JuiceRect] mapped hwnd=0x2002c win=147,118,477,437 client=150,140,474,434 visible=147,118,477,437
[JuiceGeom] changed hwnd=0x2002c flags=181f ptr=0x10120f590 window=147,118,477,437 client=150,140,474,434 visible=147,118,477,437 surface=0x101bf44f0
[JuiceCreate] ex=00000004 class=0x10130e660 version=0x0 name=0x10130e640 style=50010000 x=720 y=98 cx=75 cy=25 parent=0x2002c menu=0xb classinst=0x0 params=0x0 flags=00000000 inst=0x0 classptr=0x2d6966af0 ansi=0
[JuiceRect] input hwnd=0x10068 dpi=96/1 raw=96/1 win=720,98,795,123 client=720,98,795,123 visible=720,98,795,123
[JuiceRect] mapped hwnd=0x10068 win=720,98,795,123 client=720,98,795,123 visible=720,98,795,123
[JuiceGeom] changed hwnd=0x10068 flags=14 ptr=0x10120f620 window=720,98,795,123 client=720,98,795,123 visible=720,98,795,123 surface=0x0
[JuiceRect] input hwnd=0x10068 dpi=96/1 raw=96/1 win=720,98,795,123 client=720,98,795,123 visible=720,98,795,123
[JuiceRect] mapped hwnd=0x10068 win=720,98,795,123 client=720,98,795,123 visible=720,98,795,123
[JuiceGeom] changed hwnd=0x10068 flags=10 ptr=0x10120f620 window=720,98,795,123 client=720,98,795,123 visible=720,98,795,123 surface=0x0
[JuiceRect] input hwnd=0x10068 dpi=96/1 raw=96/1 win=720,98,795,123 client=720,98,795,123 visible=720,98,795,123
[JuiceRect] mapped hwnd=0x10068 win=720,98,795,123 client=720,98,795,123 visible=720,98,795,123
[JuiceGeom] changed hwnd=0x10068 flags=181f ptr=0x10120f3e0 window=720,98,795,123 client=720,98,795,123 visible=720,98,795,123 surface=0x0
[JuiceRect] input hwnd=0x2002c dpi=96/1 raw=96/1 win=147,118,477,437 client=150,140,474,434 visible=147,118,477,437
[JuiceRect] mapped hwnd=0x2002c win=147,118,477,437 client=150,140,474,434 visible=147,118,477,437
[JuiceGeom] changed hwnd=0x2002c flags=181f ptr=0x10120f590 window=147,118,477,437 client=150,140,474,434 visible=147,118,477,437 surface=0x101bf44f0
[JuiceCreate] ex=00000004 class=0x10130e660 version=0x0 name=0x10130e640 style=50010000 x=807 y=98 cx=75 cy=25 parent=0x2002c menu=0x9 classinst=0x0 params=0x0 flags=00000000 inst=0x0 classptr=0x2d6966af0 ansi=0
[JuiceRect] input hwnd=0x1006a dpi=96/1 raw=96/1 win=807,98,882,123 client=807,98,882,123 visible=807,98,882,123
[JuiceRect] mapped hwnd=0x1006a win=807,98,882,123 client=807,98,882,123 visible=807,98,882,123
[JuiceGeom] changed hwnd=0x1006a flags=14 ptr=0x10120f620 window=807,98,882,123 client=807,98,882,123 visible=807,98,882,123 surface=0x0
[JuiceRect] input hwnd=0x1006a dpi=96/1 raw=96/1 win=807,98,882,123 client=807,98,882,123 visible=807,98,882,123
[JuiceRect] mapped hwnd=0x1006a win=807,98,882,123 client=807,98,882,123 visible=807,98,882,123
[JuiceGeom] changed hwnd=0x1006a flags=10 ptr=0x10120f620 window=807,98,882,123 client=807,98,882,123 visible=807,98,882,123 surface=0x0
[JuiceRect] input hwnd=0x1006a dpi=96/1 raw=96/1 win=807,98,882,123 client=807,98,882,123 visible=807,98,882,123
[JuiceRect] mapped hwnd=0x1006a win=807,98,882,123 client=807,98,882,123 visible=807,98,882,123
[JuiceGeom] changed hwnd=0x1006a flags=181f ptr=0x10120f3e0 window=807,98,882,123 client=807,98,882,123 visible=807,98,882,123 surface=0x0
[JuiceRect] input hwnd=0x2002c dpi=96/1 raw=96/1 win=147,118,477,437 client=150,140,474,434 visible=147,118,477,437
[JuiceRect] mapped hwnd=0x2002c win=147,118,477,437 client=150,140,474,434 visible=147,118,477,437
[JuiceGeom] changed hwnd=0x2002c flags=181f ptr=0x10120f590 window=147,118,477,437 client=150,140,474,434 visible=147,118,477,437 surface=0x101bf44f0
[JuiceCreate] ex=00000004 class=0x10130e660 version=0x0 name=0x10130e640 style=50020080 x=48 y=7 cx=264 cy=84 parent=0x2002c menu=0xffff classinst=0x0 params=0x0 flags=00000000 inst=0x0 classptr=0x2d6966b00 ansi=0
[JuiceRect] input hwnd=0x1006c dpi=96/1 raw=96/1 win=48,7,312,91 client=48,7,312,91 visible=48,7,312,91
[JuiceRect] mapped hwnd=0x1006c win=48,7,312,91 client=48,7,312,91 visible=48,7,312,91
[JuiceGeom] changed hwnd=0x1006c flags=14 ptr=0x10120f620 window=48,7,312,91 client=48,7,312,91 visible=48,7,312,91 surface=0x0
[JuiceRect] input hwnd=0x1006c dpi=96/1 raw=96/1 win=48,7,312,91 client=48,7,312,91 visible=48,7,312,91
[JuiceRect] mapped hwnd=0x1006c win=48,7,312,91 client=48,7,312,91 visible=48,7,312,91
[JuiceGeom] changed hwnd=0x1006c flags=10 ptr=0x10120f620 window=48,7,312,91 client=48,7,312,91 visible=48,7,312,91 surface=0x0
[JuiceRect] input hwnd=0x1006c dpi=96/1 raw=96/1 win=48,7,312,91 client=48,7,312,91 visible=48,7,312,91
[JuiceRect] mapped hwnd=0x1006c win=48,7,312,91 client=48,7,312,91 visible=48,7,312,91
[JuiceGeom] changed hwnd=0x1006c flags=181f ptr=0x10120f3e0 window=48,7,312,91 client=48,7,312,91 visible=48,7,312,91 surface=0x0
[JuiceRect] input hwnd=0x2002c dpi=96/1 raw=96/1 win=147,118,477,437 client=150,140,474,434 visible=147,118,477,437
[JuiceRect] mapped hwnd=0x2002c win=147,118,477,437 client=150,140,474,434 visible=147,118,477,437
[JuiceGeom] changed hwnd=0x2002c flags=181f ptr=0x10120f590 window=147,118,477,437 client=150,140,474,434 visible=147,118,477,437 surface=0x101bf44f0
[JuiceRect] input hwnd=0x2002c dpi=96/1 raw=96/1 win=147,118,477,437 client=150,140,474,434 visible=147,118,477,437
[JuiceRect] mapped hwnd=0x2002c win=147,118,477,437 client=150,140,474,434 visible=147,118,477,437
[JuiceGeom] changed hwnd=0x2002c flags=181f ptr=0x10120f8f0 window=147,118,477,437 client=150,140,474,434 visible=147,118,477,437 surface=0x101bf44f0
[JuiceRect] input hwnd=0x2002c dpi=96/1 raw=96/1 win=147,118,477,437 client=150,140,474,434 visible=147,118,477,437
[JuiceRect] mapped hwnd=0x2002c win=147,118,477,437 client=150,140,474,434 visible=147,118,477,437
[JuiceGeom] changed hwnd=0x2002c flags=181f ptr=0x10120f8f0 window=147,118,477,437 client=150,140,474,434 visible=147,118,477,437 surface=0x101bf44f0
[JuiceRect] input hwnd=0x2002c dpi=96/1 raw=96/1 win=147,118,477,437 client=150,140,474,434 visible=147,118,477,437
[JuiceRect] mapped hwnd=0x2002c win=147,118,477,437 client=150,140,474,434 visible=147,118,477,437
[JuiceGeom] changed hwnd=0x2002c flags=181f ptr=0x10120f8f0 window=147,118,477,437 client=150,140,474,434 visible=147,118,477,437 surface=0x101bf44f0
[JuiceRect] input hwnd=0x2002c dpi=96/1 raw=96/1 win=147,118,477,437 client=150,140,474,434 visible=147,118,477,437
[JuiceRect] mapped hwnd=0x2002c win=147,118,477,437 client=150,140,474,434 visible=147,118,477,437
[JuiceGeom] changed hwnd=0x2002c flags=181f ptr=0x10120f8f0 window=147,118,477,437 client=150,140,474,434 visible=147,118,477,437 surface=0x101bf44f0
[JuiceRect] input hwnd=0x2002c dpi=96/1 raw=96/1 win=147,118,477,437 client=150,140,474,434 visible=147,118,477,437
[JuiceRect] mapped hwnd=0x2002c win=147,118,477,437 client=150,140,474,434 visible=147,118,477,437
[JuiceGeom] changed hwnd=0x2002c flags=181f ptr=0x10120f8f0 window=147,118,477,437 client=150,140,474,434 visible=147,118,477,437 surface=0x101bf44f0
[JuiceRect] input hwnd=0x2002c dpi=96/1 raw=96/1 win=147,118,477,437 client=150,140,474,434 visible=147,118,477,437
[JuiceRect] mapped hwnd=0x2002c win=147,118,477,437 client=150,140,474,434 visible=147,118,477,437
[JuiceGeom] changed hwnd=0x2002c flags=181f ptr=0x10120f8f0 window=147,118,477,437 client=150,140,474,434 visible=147,118,477,437 surface=0x101bf44f0
[JuiceRect] input hwnd=0x2002c dpi=96/1 raw=96/1 win=147,118,477,437 client=150,140,474,434 visible=147,118,477,437
[JuiceRect] mapped hwnd=0x2002c win=147,118,477,437 client=150,140,474,434 visible=147,118,477,437
[JuiceGeom] changed hwnd=0x2002c flags=181f ptr=0x10120f8f0 window=147,118,477,437 client=150,140,474,434 visible=147,118,477,437 surface=0x101bf44f0
[JuiceRect] input hwnd=0x2002c dpi=96/1 raw=96/1 win=147,118,477,437 client=150,140,474,434 visible=147,118,477,437
[JuiceRect] mapped hwnd=0x2002c win=147,118,477,437 client=150,140,474,434 visible=147,118,477,437
[JuiceGeom] changed hwnd=0x2002c flags=181f ptr=0x10120f8f0 window=147,118,477,437 client=150,140,474,434 visible=147,118,477,437 surface=0x101bf44f0
[JuiceRect] input hwnd=0x20048 dpi=96/1 raw=96/1 win=12,35,44,67 client=12,35,44,67 visible=12,35,44,67
[JuiceRect] mapped hwnd=0x20048 win=12,35,44,67 client=12,35,44,67 visible=12,35,44,67
[JuiceGeom] changed hwnd=0x20048 flags=101e ptr=0x10120f820 window=12,35,44,67 client=12,35,44,67 visible=12,35,44,67 surface=0x0
[JuiceRect] input hwnd=0x2002c dpi=96/1 raw=96/1 win=147,118,477,437 client=150,140,474,434 visible=147,118,477,437
[JuiceRect] mapped hwnd=0x2002c win=147,118,477,437 client=150,140,474,434 visible=147,118,477,437
[JuiceGeom] changed hwnd=0x2002c flags=181f ptr=0x10120f8f0 window=147,118,477,437 client=150,140,474,434 visible=147,118,477,437 surface=0x101bf44f0
[JuiceRect] input hwnd=0x2002c dpi=96/1 raw=96/1 win=347,329,677,438 client=350,351,674,435 visible=347,329,677,438
[JuiceRect] mapped hwnd=0x2002c win=347,329,677,438 client=350,351,674,435 visible=347,329,677,438
[JuiceGeom] changed hwnd=0x2002c flags=1c ptr=0x10120f820 window=347,329,677,438 client=350,351,674,435 visible=347,329,677,438 surface=0x101bf44f0
[JuiceRect] input hwnd=0x20048 dpi=96/1 raw=96/1 win=12,8,44,40 client=12,8,44,40 visible=12,8,44,40
[JuiceRect] mapped hwnd=0x20048 win=12,8,44,40 client=12,8,44,40 visible=12,8,44,40
[JuiceGeom] changed hwnd=0x20048 flags=81d ptr=0x10120f820 window=12,8,44,40 client=12,8,44,40 visible=12,8,44,40 surface=0x0
[JuiceRect] input hwnd=0x1006c dpi=96/1 raw=96/1 win=56,17,312,31 client=56,17,312,31 visible=56,17,312,31
[JuiceRect] mapped hwnd=0x1006c win=56,17,312,31 client=56,17,312,31 visible=56,17,312,31
[JuiceGeom] changed hwnd=0x1006c flags=1c ptr=0x10120f820 window=56,17,312,31 client=56,17,312,31 visible=56,17,312,31 surface=0x0
[JuiceWine] anonymous PE executable section .text at 0x2d5f40000 size=327680
[JuiceWine] anonymous PE executable section .text at 0x2d5d90000 size=196608
[JuiceWine] anonymous PE executable section .text at 0x2d5b20000 size=327680
[JuiceWine] anonymous PE executable section .text at 0x2d62e0000 size=65536
[JuiceWine] anonymous PE executable section .text at 0x2d5a40000 size=65536
[JuiceCreate] ex=00000000 class=0x10130d760 version=0x0 name=0x10130d740 style=00000000 x=0 y=0 cx=0 cy=0 parent=0xfffffffffffffffd menu=0x0 classinst=0x2d5d80000 params=0x0 flags=00000000 inst=0x2d5d80000 classptr=0x2d5dc1718 ansi=0
[JuiceMonitor] callee hwnd=0x2006a hmon=0x1 info=0x10120e850 monitor=0,0,1024,768 work=0,0,1024,768 flags=00000001
[JuiceMinMax] hwnd=0x2006a min=112,27 maxtrack=1036,780 max=106,106 pos=-3,-3
[JuiceRect] input hwnd=0x2006a dpi=96/1 raw=96/1 win=0,0,112,27 client=0,0,112,27 visible=0,0,112,27
[JuiceRect] mapped hwnd=0x2006a win=0,0,112,27 client=0,0,112,27 visible=0,0,112,27
[JuiceGeom] changed hwnd=0x2006a flags=14 ptr=0x10120e750 window=0,0,112,27 client=0,0,112,27 visible=0,0,112,27 surface=0x0
[JuiceRect] input hwnd=0x2006a dpi=96/1 raw=96/1 win=0,0,112,27 client=3,22,109,24 visible=0,0,112,27
[JuiceRect] mapped hwnd=0x2006a win=0,0,112,27 client=3,22,109,24 visible=0,0,112,27
[JuiceGeom] changed hwnd=0x2006a flags=10 ptr=0x10120e750 window=0,0,112,27 client=3,22,109,24 visible=0,0,112,27 surface=0x0
[JuiceCreate] ex=00000080 class=0x10130d4f0 version=0x0 name=0x10130d4d0 style=80000000 x=0 y=0 cx=1 cy=1 parent=0x20022 menu=0x0 classinst=0x2d6460000 params=0x0 flags=00000000 inst=0x2d6460000 classptr=0x10054e5f4 ansi=0
[JuiceRect] input hwnd=0x3003e dpi=96/1 raw=96/1 win=0,0,1,1 client=0,0,1,1 visible=0,0,1,1
[JuiceRect] mapped hwnd=0x3003e win=0,0,1,1 client=0,0,1,1 visible=0,0,1,1
[JuiceGeom] changed hwnd=0x3003e flags=3c ptr=0x10120da10 window=0,0,1,1 client=0,0,1,1 visible=0,0,1,1 surface=0x101bf44f0
[JuiceRect] input hwnd=0x3003e dpi=96/1 raw=96/1 win=0,0,1,1 client=0,0,1,1 visible=0,0,1,1
[JuiceRect] mapped hwnd=0x3003e win=0,0,1,1 client=0,0,1,1 visible=0,0,1,1
[JuiceGeom] changed hwnd=0x3003e flags=18 ptr=0x10120da10 window=0,0,1,1 client=0,0,1,1 visible=0,0,1,1 surface=0x101bf44f0
[JuiceRect] input hwnd=0x3003e dpi=96/1 raw=96/1 win=0,0,1,1 client=0,0,1,1 visible=0,0,1,1
[JuiceRect] mapped hwnd=0x3003e win=0,0,1,1 client=0,0,1,1 visible=0,0,1,1
[JuiceGeom] changed hwnd=0x3003e flags=181b ptr=0x10120dc10 window=0,0,1,1 client=0,0,1,1 visible=0,0,1,1 surface=0x101bf44f0
[JuiceRect] input hwnd=0x20040 dpi=96/1 raw=96/1 win=137,48,193,76 client=137,48,193,76 visible=137,48,193,76
[JuiceRect] mapped hwnd=0x20040 win=137,48,193,76 client=137,48,193,76 visible=137,48,193,76
[JuiceGeom] changed hwnd=0x20040 flags=1c ptr=0x10120f820 window=137,48,193,76 client=137,48,193,76 visible=137,48,193,76 surface=0x0
[JuiceGeom] surface hwnd=0x2002c rect=0,0,384,128 size=384x128 previous=0x101bf44f0
[JuiceRect] input hwnd=0x2002c dpi=96/1 raw=96/1 win=347,329,677,438 client=350,351,674,435 visible=347,329,677,438
[JuiceRect] mapped hwnd=0x2002c win=347,329,677,438 client=350,351,674,435 visible=347,329,677,438
[JuiceGeom] changed hwnd=0x2002c flags=1967 ptr=0x10120f760 window=347,329,677,438 client=350,351,674,435 visible=347,329,677,438 surface=0x136b13d10
JUICE_TEXT_HOST_RESULT success=1 marker=/var/mobile/Documents/Juice-Setup-launch.ok frame=/var/mobile/Documents/JuiceLab-20260811/source/build/tests/final-v20/setup-install/frame-after-input.png expected_frame=missing child_rc=None
Terminated: 15
