[JuiceWine parent] bundle libraries path=/var/containers/Bundle/Application/F3BC928B-CF6E-41E9-AA5B-114329A364D0/Juice.app/Libraries:/var/jb/usr/lib
[JuiceWine parent] launching /var/containers/Bundle/Application/F3BC928B-CF6E-41E9-AA5B-114329A364D0/Juice.app/Grape-X64/build/wine-ios/loader/wine
[JuiceWine parent] child PID=7289
[JuiceWine] iOS low-VA release start=0x10000 end=0x100000000 status=0 OK
[JuiceLowVA] MAP_FIXED failed count=1 start=0x10000 size=0x67ff0000 prot=0 errno=12
[JuiceLowVA] MAP_FIXED failed count=2 start=0x10000 size=0x33ff0000 prot=0 errno=12
[JuiceLowVA] MAP_FIXED failed count=3 start=0x10000 size=0x19ff0000 prot=0 errno=12
[JuiceLowVA] MAP_FIXED failed count=4 start=0x10000 size=0xcff0000 prot=0 errno=12
[JuiceLowVA] MAP_FIXED failed count=5 start=0x10000 size=0x67f0000 prot=0 errno=12
[JuiceLowVA] MAP_FIXED failed count=6 start=0x10000 size=0x33f0000 prot=0 errno=12
[JuiceLowVA] MAP_FIXED failed count=7 start=0x10000 size=0x19f0000 prot=0 errno=12
[JuiceLowVA] MAP_FIXED failed count=8 start=0x10000 size=0xcf0000 prot=0 errno=12
[JuiceLowVA] MAP_FIXED failed count=9 start=0x10000 size=0x670000 prot=0 errno=12
[JuiceLowVA] MAP_FIXED failed count=10 start=0x10000 size=0x330000 prot=0 errno=12
[JuiceLowVA] MAP_FIXED failed count=11 start=0x10000 size=0x190000 prot=0 errno=12
[JuiceLowVA] MAP_FIXED failed count=12 start=0x10000 size=0xc0000 prot=0 errno=12
[JuiceLowVA] MAP_FIXED failed count=13 start=0x10000 size=0x60000 prot=0 errno=12
[JuiceLowVA] MAP_FIXED failed count=14 start=0x10000 size=0x30000 prot=0 errno=12
[JuiceLowVA] MAP_FIXED failed count=15 start=0x10000 size=0x10000 prot=0 errno=12
[JuiceLowVA] MAP_FIXED failed count=16 start=0x20000 size=0x20000 prot=0 errno=12
[JuiceLowVA] MAP_FIXED failed count=17 start=0x20000 size=0x10000 prot=0 errno=12
[JuiceLowVA] MAP_FIXED failed count=18 start=0x30000 size=0x10000 prot=0 errno=12
[JuiceLowVA] MAP_FIXED failed count=19 start=0x40000 size=0x30000 prot=0 errno=12
[JuiceLowVA] MAP_FIXED failed count=20 start=0x40000 size=0x10000 prot=0 errno=12
[JuiceLowVA] MAP_FIXED failed count=21 start=0x50000 size=0x20000 prot=0 errno=12
[JuiceLowVA] MAP_FIXED failed count=22 start=0x50000 size=0x10000 prot=0 errno=12
[JuiceLowVA] MAP_FIXED failed count=23 start=0x60000 size=0x10000 prot=0 errno=12
[JuiceLowVA] MAP_FIXED failed count=24 start=0x70000 size=0x60000 prot=0 errno=12
[JuiceLowVA] MAP_FIXED failed count=25 start=0x70000 size=0x30000 prot=0 errno=12
[JuiceLowVA] MAP_FIXED failed count=26 start=0x70000 size=0x10000 prot=0 errno=12
[JuiceLowVA] MAP_FIXED failed count=27 start=0x80000 size=0x20000 prot=0 errno=12
[JuiceLowVA] MAP_FIXED failed count=28 start=0x80000 size=0x10000 prot=0 errno=12
[JuiceLowVA] MAP_FIXED failed count=29 start=0x90000 size=0x10000 prot=0 errno=12
[JuiceLowVA] MAP_FIXED failed count=30 start=0xa0000 size=0x30000 prot=0 errno=12
[JuiceLowVA] MAP_FIXED failed count=31 start=0xa0000 size=0x10000 prot=0 errno=12
[JuiceLowVA] MAP_FIXED failed count=32 start=0xb0000 size=0x20000 prot=0 errno=12
[JuiceLowVA] suppressing repeated MAP_FIXED failures; sampling every 256 probes
[JuiceLowVA] MAP_FIXED failed count=256 start=0x7b0000 size=0x10000 prot=0 errno=12
[JuiceLowVA] MAP_FIXED failed count=512 start=0xfc0000 size=0x10000 prot=0 errno=12
[JuiceLowVA] MAP_FIXED failed count=768 start=0x17c0000 size=0x10000 prot=0 errno=12
[JuiceLowVA] MAP_FIXED failed count=1024 start=0x1fc0000 size=0x20000 prot=0 errno=12
[JuiceLowVA] MAP_FIXED failed count=1280 start=0x27c0000 size=0x10000 prot=0 errno=12
[JuiceLowVA] MAP_FIXED failed count=1536 start=0x2fd0000 size=0x20000 prot=0 errno=12
[JuiceLowVA] MAP_FIXED failed count=1792 start=0x37b0000 size=0x10000 prot=0 errno=12
[JuiceLowVA] MAP_FIXED failed count=2048 start=0x3fc0000 size=0x10000 prot=0 errno=12
[JuiceLowVA] MAP_FIXED failed count=2304 start=0x47c0000 size=0x20000 prot=0 errno=12
[JuiceLowVA] MAP_FIXED failed count=2560 start=0x4fb0000 size=0x10000 prot=0 errno=12
[JuiceLowVA] MAP_FIXED failed count=2816 start=0x57c0000 size=0x30000 prot=0 errno=12
[JuiceLowVA] MAP_FIXED failed count=3072 start=0x5fe0000 size=0x1a0000 prot=0 errno=12
[JuiceLowVA] MAP_FIXED failed count=3328 start=0x67e0000 size=0x10000 prot=0 errno=12
[JuiceLowVA] MAP_FIXED failed count=3584 start=0x6fc0000 size=0x20000 prot=0 errno=12
[JuiceLowVA] MAP_FIXED failed count=3840 start=0x77d0000 size=0x70000 prot=0 errno=12
[JuiceLowVA] MAP_FIXED failed count=4096 start=0x7fd0000 size=0x20000 prot=0 errno=12
[JuiceLowVA] MAP_FIXED failed count=4352 start=0x87c0000 size=0x10000 prot=0 errno=12
[JuiceLowVA] MAP_FIXED failed count=4608 start=0x8fd0000 size=0xd0000 prot=0 errno=12
[JuiceLowVA] MAP_FIXED failed count=4864 start=0x97d0000 size=0x10000 prot=0 errno=12
[JuiceLowVA] MAP_FIXED failed count=5120 start=0x9fc0000 size=0x10000 prot=0 errno=12
[JuiceLowVA] MAP_FIXED failed count=5376 start=0xa7d0000 size=0x20000 prot=0 errno=12
[JuiceLowVA] MAP_FIXED failed count=5632 start=0xafc0000 size=0x10000 prot=0 errno=12
[JuiceLowVA] MAP_FIXED failed count=5888 start=0xb7c0000 size=0x10000 prot=0 errno=12
[JuiceLowVA] MAP_FIXED failed count=6144 start=0xbfc0000 size=0x10000 prot=0 errno=12
[JuiceLowVA] MAP_FIXED failed count=6400 start=0xc7e0000 size=0xd0000 prot=0 errno=12
[JuiceLowVA] MAP_FIXED failed count=6656 start=0xcff0000 size=0x10000 prot=0 errno=12
[JuiceLowVA] MAP_FIXED failed count=6912 start=0xd7c0000 size=0x20000 prot=0 errno=12
[JuiceLowVA] MAP_FIXED failed count=7168 start=0xdfd0000 size=0x70000 prot=0 errno=12
[JuiceLowVA] MAP_FIXED failed count=7424 start=0xe7d0000 size=0x20000 prot=0 errno=12
[JuiceLowVA] MAP_FIXED failed count=7680 start=0xefc0000 size=0x10000 prot=0 errno=12
[JuiceLowVA] MAP_FIXED failed count=7936 start=0xf7d0000 size=0xd0000 prot=0 errno=12
[JuiceLowVA] MAP_FIXED failed count=8192 start=0xffd0000 size=0x10000 prot=0 errno=12
[JuiceLowVA] MAP_FIXED failed count=8448 start=0x107c0000 size=0x10000 prot=0 errno=12
[JuiceLowVA] MAP_FIXED failed count=8704 start=0x10fd0000 size=0x20000 prot=0 errno=12
[JuiceLowVA] MAP_FIXED failed count=8960 start=0x117c0000 size=0x10000 prot=0 errno=12
[JuiceLowVA] MAP_FIXED failed count=9216 start=0x11fc0000 size=0x10000 prot=0 errno=12
[JuiceLowVA] MAP_FIXED failed count=9472 start=0x127c0000 size=0x10000 prot=0 errno=12
[JuiceLowVA] MAP_FIXED failed count=9728 start=0x12fe0000 size=0xd0000 prot=0 errno=12
[JuiceLowVA] MAP_FIXED failed count=9984 start=0x137f0000 size=0x10000 prot=0 errno=12
[JuiceLowVA] MAP_FIXED failed count=10240 start=0x13fc0000 size=0x10000 prot=0 errno=12
[JuiceLowVA] MAP_FIXED failed count=10496 start=0x147d0000 size=0x30000 prot=0 errno=12
[JuiceLowVA] MAP_FIXED failed count=10752 start=0x14fd0000 size=0x10000 prot=0 errno=12
[JuiceLowVA] MAP_FIXED failed count=11008 start=0x157d0000 size=0x10000 prot=0 errno=12
[JuiceLowVA] MAP_FIXED failed count=11264 start=0x15fd0000 size=0x60000 prot=0 errno=12
[JuiceLowVA] MAP_FIXED failed count=11520 start=0x167e0000 size=0x10000 prot=0 errno=12
[JuiceLowVA] MAP_FIXED failed count=11776 start=0x16fd0000 size=0x40000 prot=0 errno=12
[JuiceLowVA] MAP_FIXED failed count=12032 start=0x177d0000 size=0x10000 prot=0 errno=12
[JuiceLowVA] MAP_FIXED failed count=12288 start=0x17fd0000 size=0x10000 prot=0 errno=12
[JuiceLowVA] MAP_FIXED failed count=12544 start=0x187d0000 size=0x30000 prot=0 errno=12
[JuiceLowVA] MAP_FIXED failed count=12800 start=0x18fd0000 size=0x20000 prot=0 errno=12
[JuiceLowVA] MAP_FIXED failed count=13056 start=0x197e0000 size=0x60000 prot=0 errno=12
[JuiceLowVA] MAP_FIXED failed count=13312 start=0x1a000000 size=0x1a000000 prot=0 errno=12
[JuiceLowVA] MAP_FIXED failed count=13568 start=0x1a7c0000 size=0x20000 prot=0 errno=12
[JuiceLowVA] MAP_FIXED failed count=13824 start=0x1afd0000 size=0x70000 prot=0 errno=12
[JuiceLowVA] MAP_FIXED failed count=14080 start=0x1b7d0000 size=0x20000 prot=0 errno=12
[JuiceLowVA] MAP_FIXED failed count=14336 start=0x1bfc0000 size=0x10000 prot=0 errno=12
[JuiceLowVA] MAP_FIXED failed count=14592 start=0x1c7d0000 size=0xd0000 prot=0 errno=12
[JuiceLowVA] MAP_FIXED failed count=14848 start=0x1cfd0000 size=0x10000 prot=0 errno=12
[JuiceLowVA] MAP_FIXED failed count=15104 start=0x1d7c0000 size=0x10000 prot=0 errno=12
[JuiceLowVA] MAP_FIXED failed count=15360 start=0x1dfd0000 size=0x20000 prot=0 errno=12
[JuiceLowVA] MAP_FIXED failed count=15616 start=0x1e7c0000 size=0x10000 prot=0 errno=12
[JuiceLowVA] MAP_FIXED failed count=15872 start=0x1efc0000 size=0x10000 prot=0 errno=12
[JuiceLowVA] MAP_FIXED failed count=16128 start=0x1f7c0000 size=0x10000 prot=0 errno=12
[JuiceLowVA] MAP_FIXED failed count=16384 start=0x1ffe0000 size=0xd0000 prot=0 errno=12
[JuiceLowVA] MAP_FIXED failed count=16640 start=0x207f0000 size=0x10000 prot=0 errno=12
[JuiceLowVA] MAP_FIXED failed count=16896 start=0x20fc0000 size=0x10000 prot=0 errno=12
[JuiceLowVA] MAP_FIXED failed count=17152 start=0x217d0000 size=0x30000 prot=0 errno=12
[JuiceLowVA] MAP_FIXED failed count=17408 start=0x21fd0000 size=0x10000 prot=0 errno=12
[JuiceLowVA] MAP_FIXED failed count=17664 start=0x227d0000 size=0x10000 prot=0 errno=12
[JuiceLowVA] MAP_FIXED failed count=17920 start=0x22fd0000 size=0x60000 prot=0 errno=12
[JuiceLowVA] MAP_FIXED failed count=18176 start=0x237e0000 size=0x10000 prot=0 errno=12
[JuiceLowVA] MAP_FIXED failed count=18432 start=0x23fd0000 size=0x40000 prot=0 errno=12
[JuiceLowVA] MAP_FIXED failed count=18688 start=0x247d0000 size=0x10000 prot=0 errno=12
[JuiceLowVA] MAP_FIXED failed count=18944 start=0x24fd0000 size=0x10000 prot=0 errno=12
[JuiceLowVA] MAP_FIXED failed count=19200 start=0x257d0000 size=0x30000 prot=0 errno=12
[JuiceLowVA] MAP_FIXED failed count=19456 start=0x25fd0000 size=0x20000 prot=0 errno=12
[JuiceLowVA] MAP_FIXED failed count=19712 start=0x267e0000 size=0x60000 prot=0 errno=12
[JuiceLowVA] MAP_FIXED failed count=19968 start=0x27000000 size=0xd000000 prot=0 errno=12
[JuiceLowVA] MAP_FIXED failed count=20224 start=0x277c0000 size=0x10000 prot=0 errno=12
[JuiceLowVA] MAP_FIXED failed count=20480 start=0x27fd0000 size=0x30000 prot=0 errno=12
[JuiceLowVA] MAP_FIXED failed count=20736 start=0x287d0000 size=0x10000 prot=0 errno=12
[JuiceLowVA] MAP_FIXED failed count=20992 start=0x28fd0000 size=0x10000 prot=0 errno=12
[JuiceLowVA] MAP_FIXED failed count=21248 start=0x297d0000 size=0x60000 prot=0 errno=12
[JuiceLowVA] MAP_FIXED failed count=21504 start=0x29fe0000 size=0x10000 prot=0 errno=12
[JuiceLowVA] MAP_FIXED failed count=21760 start=0x2a7d0000 size=0x40000 prot=0 errno=12
[JuiceLowVA] MAP_FIXED failed count=22016 start=0x2afd0000 size=0x10000 prot=0 errno=12
[JuiceLowVA] MAP_FIXED failed count=22272 start=0x2b7d0000 size=0x10000 prot=0 errno=12
[JuiceLowVA] MAP_FIXED failed count=22528 start=0x2bfd0000 size=0x30000 prot=0 errno=12
[JuiceLowVA] MAP_FIXED failed count=22784 start=0x2c7d0000 size=0x20000 prot=0 errno=12
[JuiceLowVA] MAP_FIXED failed count=23040 start=0x2cfe0000 size=0x60000 prot=0 errno=12
[JuiceLowVA] MAP_FIXED failed count=23296 start=0x2d800000 size=0x6800000 prot=0 errno=12
[JuiceLowVA] MAP_FIXED failed count=23552 start=0x2dfd0000 size=0x10000 prot=0 errno=12
[JuiceLowVA] MAP_FIXED failed count=23808 start=0x2e7d0000 size=0x10000 prot=0 errno=12
[JuiceLowVA] MAP_FIXED failed count=24064 start=0x2efe0000 size=0x10000 prot=0 errno=12
[JuiceLowVA] MAP_FIXED failed count=24320 start=0x2f7e0000 size=0x30000 prot=0 errno=12
[JuiceLowVA] MAP_FIXED failed count=24576 start=0x2ffd0000 size=0x30000 prot=0 errno=12
[JuiceLowVA] MAP_FIXED failed count=24832 start=0x307f0000 size=0xd0000 prot=0 errno=12
[JuiceLowVA] MAP_FIXED failed count=25088 start=0x30fd0000 size=0x20000 prot=0 errno=12
[JuiceLowVA] MAP_FIXED failed count=25344 start=0x317e0000 size=0x10000 prot=0 errno=12
[JuiceLowVA] MAP_FIXED failed count=25600 start=0x31fe0000 size=0x70000 prot=0 errno=12
[JuiceLowVA] MAP_FIXED failed count=25856 start=0x327d0000 size=0x10000 prot=0 errno=12
[JuiceLowVA] MAP_FIXED failed count=26112 start=0x32fd0000 size=0x10000 prot=0 errno=12
[JuiceLowVA] MAP_FIXED failed count=26368 start=0x337e0000 size=0x30000 prot=0 errno=12
[JuiceLowVA] MAP_FIXED failed count=26624 start=0x34000000 size=0x1a000000 prot=0 errno=12
[JuiceLowVA] MAP_FIXED failed count=26880 start=0x347c0000 size=0x20000 prot=0 errno=12
[JuiceLowVA] MAP_FIXED failed count=27136 start=0x34fd0000 size=0x70000 prot=0 errno=12
[JuiceLowVA] MAP_FIXED failed count=27392 start=0x357d0000 size=0x20000 prot=0 errno=12
[JuiceLowVA] MAP_FIXED failed count=27648 start=0x35fc0000 size=0x10000 prot=0 errno=12
[JuiceLowVA] MAP_FIXED failed count=27904 start=0x367d0000 size=0xd0000 prot=0 errno=12
[JuiceLowVA] MAP_FIXED failed count=28160 start=0x36fd0000 size=0x10000 prot=0 errno=12
[JuiceLowVA] MAP_FIXED failed count=28416 start=0x377c0000 size=0x10000 prot=0 errno=12
[JuiceLowVA] MAP_FIXED failed count=28672 start=0x37fd0000 size=0x20000 prot=0 errno=12
[JuiceLowVA] MAP_FIXED failed count=28928 start=0x387c0000 size=0x10000 prot=0 errno=12
[JuiceLowVA] MAP_FIXED failed count=29184 start=0x38fc0000 size=0x10000 prot=0 errno=12
[JuiceLowVA] MAP_FIXED failed count=29440 start=0x397c0000 size=0x10000 prot=0 errno=12
[JuiceLowVA] MAP_FIXED failed count=29696 start=0x39fe0000 size=0xd0000 prot=0 errno=12
[JuiceLowVA] MAP_FIXED failed count=29952 start=0x3a7f0000 size=0x10000 prot=0 errno=12
[JuiceLowVA] MAP_FIXED failed count=30208 start=0x3afc0000 size=0x10000 prot=0 errno=12
[JuiceLowVA] MAP_FIXED failed count=30464 start=0x3b7d0000 size=0x30000 prot=0 errno=12
[JuiceLowVA] MAP_FIXED failed count=30720 start=0x3bfd0000 size=0x10000 prot=0 errno=12
[JuiceLowVA] MAP_FIXED failed count=30976 start=0x3c7d0000 size=0x10000 prot=0 errno=12
[JuiceLowVA] MAP_FIXED failed count=31232 start=0x3cfd0000 size=0x60000 prot=0 errno=12
[JuiceLowVA] MAP_FIXED failed count=31488 start=0x3d7e0000 size=0x10000 prot=0 errno=12
[JuiceLowVA] MAP_FIXED failed count=31744 start=0x3dfd0000 size=0x40000 prot=0 errno=12
[JuiceLowVA] MAP_FIXED failed count=32000 start=0x3e7d0000 size=0x10000 prot=0 errno=12
[JuiceLowVA] MAP_FIXED failed count=32256 start=0x3efd0000 size=0x10000 prot=0 errno=12
[JuiceLowVA] MAP_FIXED failed count=32512 start=0x3f7d0000 size=0x30000 prot=0 errno=12
[JuiceLowVA] MAP_FIXED failed count=32768 start=0x3ffd0000 size=0x20000 prot=0 errno=12
[JuiceLowVA] MAP_FIXED failed count=33024 start=0x407e0000 size=0x60000 prot=0 errno=12
[JuiceLowVA] MAP_FIXED failed count=33280 start=0x41000000 size=0xd000000 prot=0 errno=12
[JuiceLowVA] MAP_FIXED failed count=33536 start=0x417c0000 size=0x10000 prot=0 errno=12
[JuiceLowVA] MAP_FIXED failed count=33792 start=0x41fd0000 size=0x30000 prot=0 errno=12
[JuiceLowVA] MAP_FIXED failed count=34048 start=0x427d0000 size=0x10000 prot=0 errno=12
[JuiceLowVA] MAP_FIXED failed count=34304 start=0x42fd0000 size=0x10000 prot=0 errno=12
[JuiceLowVA] MAP_FIXED failed count=34560 start=0x437d0000 size=0x60000 prot=0 errno=12
[JuiceLowVA] MAP_FIXED failed count=34816 start=0x43fe0000 size=0x10000 prot=0 errno=12
[JuiceLowVA] MAP_FIXED failed count=35072 start=0x447d0000 size=0x40000 prot=0 errno=12
[JuiceLowVA] MAP_FIXED failed count=35328 start=0x44fd0000 size=0x10000 prot=0 errno=12
[JuiceLowVA] MAP_FIXED failed count=35584 start=0x457d0000 size=0x10000 prot=0 errno=12
[JuiceLowVA] MAP_FIXED failed count=35840 start=0x45fd0000 size=0x30000 prot=0 errno=12
[JuiceLowVA] MAP_FIXED failed count=36096 start=0x467d0000 size=0x20000 prot=0 errno=12
[JuiceLowVA] MAP_FIXED failed count=36352 start=0x46fe0000 size=0x60000 prot=0 errno=12
[JuiceLowVA] MAP_FIXED failed count=36608 start=0x47800000 size=0x6800000 prot=0 errno=12
[JuiceLowVA] MAP_FIXED failed count=36864 start=0x47fd0000 size=0x10000 prot=0 errno=12
[JuiceLowVA] MAP_FIXED failed count=37120 start=0x487d0000 size=0x10000 prot=0 errno=12
[JuiceLowVA] MAP_FIXED failed count=37376 start=0x48fe0000 size=0x10000 prot=0 errno=12
[JuiceLowVA] MAP_FIXED failed count=37632 start=0x497e0000 size=0x30000 prot=0 errno=12
[JuiceLowVA] MAP_FIXED failed count=37888 start=0x49fd0000 size=0x30000 prot=0 errno=12
[JuiceLowVA] MAP_FIXED failed count=38144 start=0x4a7f0000 size=0xd0000 prot=0 errno=12
[JuiceLowVA] MAP_FIXED failed count=38400 start=0x4afd0000 size=0x20000 prot=0 errno=12
[JuiceLowVA] MAP_FIXED failed count=38656 start=0x4b7e0000 size=0x10000 prot=0 errno=12
[JuiceLowVA] MAP_FIXED failed count=38912 start=0x4bfe0000 size=0x70000 prot=0 errno=12
[JuiceLowVA] MAP_FIXED failed count=39168 start=0x4c7d0000 size=0x10000 prot=0 errno=12
[JuiceLowVA] MAP_FIXED failed count=39424 start=0x4cfd0000 size=0x10000 prot=0 errno=12
[JuiceLowVA] MAP_FIXED failed count=39680 start=0x4d7e0000 size=0x30000 prot=0 errno=12
[JuiceLowVA] MAP_FIXED failed count=39936 start=0x4e000000 size=0xd000000 prot=0 errno=12
[JuiceLowVA] MAP_FIXED failed count=40192 start=0x4e7c0000 size=0x10000 prot=0 errno=12
[JuiceLowVA] MAP_FIXED failed count=40448 start=0x4efd0000 size=0x30000 prot=0 errno=12
[JuiceLowVA] MAP_FIXED failed count=40704 start=0x4f7d0000 size=0x10000 prot=0 errno=12
[JuiceLowVA] MAP_FIXED failed count=40960 start=0x4ffd0000 size=0x10000 prot=0 errno=12
[JuiceLowVA] MAP_FIXED failed count=41216 start=0x507d0000 size=0x60000 prot=0 errno=12
[JuiceLowVA] MAP_FIXED failed count=41472 start=0x50fe0000 size=0x10000 prot=0 errno=12
[JuiceLowVA] MAP_FIXED failed count=41728 start=0x517d0000 size=0x40000 prot=0 errno=12
[JuiceLowVA] MAP_FIXED failed count=41984 start=0x51fd0000 size=0x10000 prot=0 errno=12
[JuiceLowVA] MAP_FIXED failed count=42240 start=0x527d0000 size=0x10000 prot=0 errno=12
[JuiceLowVA] MAP_FIXED failed count=42496 start=0x52fd0000 size=0x30000 prot=0 errno=12
[JuiceLowVA] MAP_FIXED failed count=42752 start=0x537d0000 size=0x20000 prot=0 errno=12
[JuiceLowVA] MAP_FIXED failed count=43008 start=0x53fe0000 size=0x60000 prot=0 errno=12
[JuiceLowVA] MAP_FIXED failed count=43264 start=0x54800000 size=0x6800000 prot=0 errno=12
[JuiceLowVA] MAP_FIXED failed count=43520 start=0x54fd0000 size=0x10000 prot=0 errno=12
[JuiceLowVA] MAP_FIXED failed count=43776 start=0x557d0000 size=0x10000 prot=0 errno=12
[JuiceLowVA] MAP_FIXED failed count=44032 start=0x55fe0000 size=0x10000 prot=0 errno=12
[JuiceLowVA] MAP_FIXED failed count=44288 start=0x567e0000 size=0x30000 prot=0 errno=12
[JuiceLowVA] MAP_FIXED failed count=44544 start=0x56fd0000 size=0x30000 prot=0 errno=12
[JuiceLowVA] MAP_FIXED failed count=44800 start=0x577f0000 size=0xd0000 prot=0 errno=12
[JuiceLowVA] MAP_FIXED failed count=45056 start=0x57fd0000 size=0x20000 prot=0 errno=12
[JuiceLowVA] MAP_FIXED failed count=45312 start=0x587e0000 size=0x10000 prot=0 errno=12
[JuiceLowVA] MAP_FIXED failed count=45568 start=0x58fe0000 size=0x70000 prot=0 errno=12
[JuiceLowVA] MAP_FIXED failed count=45824 start=0x597d0000 size=0x10000 prot=0 errno=12
[JuiceLowVA] MAP_FIXED failed count=46080 start=0x59fd0000 size=0x10000 prot=0 errno=12
[JuiceLowVA] MAP_FIXED failed count=46336 start=0x5a7e0000 size=0x30000 prot=0 errno=12
[JuiceLowVA] MAP_FIXED failed count=46592 start=0x5b000000 size=0x6800000 prot=0 errno=12
[JuiceLowVA] MAP_FIXED failed count=46848 start=0x5b7d0000 size=0x10000 prot=0 errno=12
[JuiceLowVA] MAP_FIXED failed count=47104 start=0x5bfd0000 size=0x10000 prot=0 errno=12
[JuiceLowVA] MAP_FIXED failed count=47360 start=0x5c7e0000 size=0x10000 prot=0 errno=12
[JuiceLowVA] MAP_FIXED failed count=47616 start=0x5cfe0000 size=0x30000 prot=0 errno=12
[JuiceLowVA] MAP_FIXED failed count=47872 start=0x5d7d0000 size=0x30000 prot=0 errno=12
[JuiceLowVA] MAP_FIXED failed count=48128 start=0x5dff0000 size=0xd0000 prot=0 errno=12
[JuiceLowVA] MAP_FIXED failed count=48384 start=0x5e7d0000 size=0x20000 prot=0 errno=12
[JuiceLowVA] MAP_FIXED failed count=48640 start=0x5efe0000 size=0x10000 prot=0 errno=12
[JuiceLowVA] MAP_FIXED failed count=48896 start=0x5f7e0000 size=0x70000 prot=0 errno=12
[JuiceLowVA] MAP_FIXED failed count=49152 start=0x5ffd0000 size=0x10000 prot=0 errno=12
[JuiceLowVA] MAP_FIXED failed count=49408 start=0x607d0000 size=0x10000 prot=0 errno=12
[JuiceLowVA] MAP_FIXED failed count=49664 start=0x60fe0000 size=0x30000 prot=0 errno=12
[JuiceLowVA] MAP_FIXED failed count=49920 start=0x61800000 size=0x3400000 prot=0 errno=12
[JuiceLowVA] MAP_FIXED failed count=50176 start=0x61fe0000 size=0x40000 prot=0 errno=12
[JuiceLowVA] MAP_FIXED failed count=50432 start=0x627e0000 size=0x20000 prot=0 errno=12
[JuiceLowVA] MAP_FIXED failed count=50688 start=0x62ff0000 size=0x70000 prot=0 errno=12
[JuiceLowVA] MAP_FIXED failed count=50944 start=0x637e0000 size=0x10000 prot=0 errno=12
[JuiceLowVA] MAP_FIXED failed count=51200 start=0x63fd0000 size=0x10000 prot=0 errno=12
[JuiceLowVA] MAP_FIXED failed count=51456 start=0x647f0000 size=0x60000 prot=0 errno=12
[JuiceLowVA] MAP_FIXED failed count=51712 start=0x64fd0000 size=0x10000 prot=0 errno=12
[JuiceLowVA] MAP_FIXED failed count=51968 start=0x657f0000 size=0x40000 prot=0 errno=12
[JuiceLowVA] MAP_FIXED failed count=52224 start=0x65fe0000 size=0x30000 prot=0 errno=12
[JuiceLowVA] MAP_FIXED failed count=52480 start=0x667e0000 size=0x20000 prot=0 errno=12
[JuiceLowVA] MAP_FIXED failed count=52736 start=0x66fe0000 size=0x10000 prot=0 errno=12
[JuiceLowVA] MAP_FIXED failed count=52992 start=0x677e0000 size=0x10000 prot=0 errno=12
[JuiceLowVA] MAP_FIXED failed count=53248 start=0x7f000000 size=0x3f0000 prot=0 errno=12
[JuiceLowVA] MAP_FIXED failed count=53504 start=0x7f7f0000 size=0x80000 prot=0 errno=12
[JuiceWine] PT_TRACE_ME succeeded; csflags=0x3280780d CS_DEBUGGED=YES
[JuiceWine] requesting controlled tracer detach
[JuiceWine parent] child stopped pid=7289 signal=17 (Suspended (signal): 17)
[JuiceWine parent] PT_DETACH pid=7289 result=0
[JuiceWine parent] child now running untraced
[JuiceWine] resumed after tracer detach; csflags=0x3280780d CS_DEBUGGED=YES
[JuiceStage] wineboot disabled by JUICE_SKIP_WINEBOOT=1
[JuiceWine] host-page expanding executable section .text: section=0x140001000 mapping=0x140000000 size=16384
[JuiceWine] anonymous PE executable section .text at 0x140000000 size=16384
[JuiceStage] loading Windows ntdll; transfer=0x140001000 teb=0x17ffd8000 peb=0x17ffdc000
[JuiceHybrid] open name=/private/var/containers/Bundle/Application/F3BC928B-CF6E-41E9-AA5B-114329A364D0/Juice.app/Grape-X64/build/wine-ios/dlls/ntdll/aarch64-windows/ntdll.dll machine=8664 status=00000000
[JuiceWine] anonymous PE executable section .text at 0x17f8e0000 size=983040
[JuiceWine] anonymous PE executable section .hexpthk at 0x17f9d0000 size=65536
[JuiceHybrid] map name=/private/var/containers/Bundle/Application/F3BC928B-CF6E-41E9-AA5B-114329A364D0/Juice.app/Grape-X64/build/wine-ios/dlls/ntdll/aarch64-windows/ntdll.dll status=40000003 module=0x17f8d0000 size=690000
[JuiceStage] load_ntdll returned; transfer=0x140001000
[JuiceStage] load_wow64_ntdll returned
[JuiceStage] calling load_apiset_dll
[JuiceStage] load_apiset_dll returned; stack_base=0x103d00000 stack_limit=0x103c08000
[JuiceStage] calling server_init_process_done
[JuiceStage] server_init_process_done entered
[JuiceStage] calling signal_init_process; teb=0x17ffd8000
[JuiceStage] signal_init_process returned
[JuiceStage] init_teb_data returned; syscall_frame=0x28010fcd0 stack_base=0x103d00000 stack_limit=0x103c08000
[JuiceStage] init_process_done server call returned; status=00000000 suspend=0 transfer=0x140001000 teb=0x17ffd8000 peb=0x17ffdc000
[JuiceStage] calling signal_start_thread
[JuiceStage] init_syscall_frame entered; entry=0x140001000 arg=0x17ffdc000 teb=0x17ffd8000 data=0x280000000 frame=0x28010fcd0 stack_base=0x103d00000 stack_limit=0x103c08000
[JuiceStage] calling signal_set_full_context; ctx=0x103cffc70 target_pc=0x17f99bd48 target_sp=0x103d00000 target_x18=0x17ffd8000 LdrInitializeThunk=0x17f99bd7c RtlUserThreadStart=0x17f99bd48
[JuiceStage] signal_set_full_context returned; status=00000000 frame_pc=0x17f99bd48 frame_sp=0x103d00000 frame_x18=0x17ffd8000 restore=00400007
[JuiceStage] init_syscall_frame complete; dispatcher_pc=0x17f99bd7c user_sp=0x103cffc70 x16=0x17f99bd7c x17=0x103cffc70 x18=0x17ffd8000 restore=00400007
[JuiceX18] broad #1 pc=0x17f972f98 fault=0x17ee instr=796fde48 x8=0x0 x16=0x2b002b x17=0x100 x18=0x0 teb=0x17ffd8000
[JuiceX18] broad #2 pc=0x17f9a1a7c fault=0x60 instr=f940324c x8=0x0 x16=0x17f972f98 x17=0x103cffc70 x18=0x0 teb=0x17ffd8000
[JuiceX18] broad #3 pc=0x17f998158 fault=0x1788 instr=f94bc648 x8=0x17f99c024 x16=0x17f9a1a7c x17=0x103cffc70 x18=0x0 teb=0x17ffd8000
[JuiceX18] broad #4 pc=0x17f9a250c fault=0x60 instr=f9403248 x8=0x102440090 x16=0x102440108 x17=0x102440888 x18=0x0 teb=0x17ffd8000
[JuiceX18] broad #5 pc=0x17f9730bc fault=0x180c instr=b9580e48 x8=0x0 x16=0x17f998334 x17=0x103cfefc0 x18=0x0 teb=0x17ffd8000
[JuiceX18] broad #6 pc=0x17f965b54 fault=0x60 instr=f9403248 x8=0x17fa36850 x16=0x0 x17=0x103cffc70 x18=0x0 teb=0x17ffd8000
[JuiceX18] broad #7 pc=0x17f9a19e4 fault=0x3000 instr=b9700248 x8=0x1e x16=0x725c x17=0x225c x18=0x0 teb=0x17ffd8000
[JuiceX18] broad #8 pc=0x1025d5c14 fault=0x378 instr=f941be4a x8=0x33 x16=0x1025d5c10 x17=0x103cffc70 x18=0x0 teb=0x17ffd8000
[JuiceX18] broad #9 pc=0x17f9a19e4 fault=0x3000 instr=b9700248 x8=0x9 x16=0x725c x17=0x225c x18=0x0 teb=0x17ffd8000
[JuiceX18] broad #10 pc=0x17f964fc8 fault=0x60 instr=f9403248 x8=0xffffffe3 x16=0x17ffdb047 x17=0x225c x18=0x0 teb=0x17ffd8000
[JuiceX18] broad #11 pc=0x17f99fd9c fault=0x48 instr=b9404a48 x8=0x1024400d8 x16=0x17f964fc8 x17=0x103cffc70 x18=0x0 teb=0x17ffd8000
[JuiceX18] broad #12 pc=0x17f96503c fault=0x60 instr=f9403248 x8=0x102442cba x16=0x102445478 x17=0x103cffc70 x18=0x0 teb=0x17ffd8000
[JuiceX18] broad #13 pc=0x17f964a44 fault=0x60 instr=f9403248 x8=0x0 x16=0x17f9971ec x17=0x103cff590 x18=0x0 teb=0x17ffd8000
[JuiceX18] broad #14 pc=0x17f9a19e4 fault=0x3000 instr=b9700248 x8=0x87 x16=0x725c x17=0x225c x18=0x0 teb=0x17ffd8000
[JuiceHybrid] open name=/private/var/containers/Bundle/Application/F3BC928B-CF6E-41E9-AA5B-114329A364D0/Juice.app/Grape-X64/build/wine-ios/dlls/libarm64ecfex/aarch64-windows/libarm64ecfex.dll machine=0000 status=c0000135
[JuiceHybrid] open name=/private/var/containers/Bundle/Application/F3BC928B-CF6E-41E9-AA5B-114329A364D0/Juice.app/Grape-X64/build/wine-ios/programs/libarm64ecfex.dll/aarch64-windows/libarm64ecfex.dll machine=0000 status=c0000135
[JuiceHybrid] open name=/var/containers/Bundle/Application/F3BC928B-CF6E-41E9-AA5B-114329A364D0/Juice.app/Grape-X64/runtime/lib/wine/aarch64-windows/libarm64ecfex.dll machine=0000 status=00000000
[JuiceWine] host-page expanding executable section .text: section=0x17f491000 mapping=0x17f490000 size=2080768
[JuiceWine] anonymous PE executable section .text at 0x17f490000 size=2080768
[JuiceWine] host-page expanding executable section .hexpthk: section=0x17f689000 mapping=0x17f688000 size=16384
[JuiceWine] anonymous PE executable section .hexpthk at 0x17f688000 size=16384
[JuiceHybrid] map name=/var/containers/Bundle/Application/F3BC928B-CF6E-41E9-AA5B-114329A364D0/Juice.app/Grape-X64/runtime/lib/wine/aarch64-windows/libarm64ecfex.dll status=40000003 module=0x17f490000 size=3bd000
[JuiceX18] broad #15 pc=0x17f99648c fault=0x1788 instr=f94bc648 x8=0x17f99c024 x16=0xc40 x17=0xffffffffbff00000 x18=0x0 teb=0x17ffd8000
[JuiceX18] broad #16 pc=0x17f99648c fault=0x1788 instr=f94bc648 x8=0x17f99c024 x16=0x17f9994e4 x17=0x103cfecf0 x18=0x0 teb=0x17ffd8000
[JuiceX18] broad #17 pc=0x17f9a19e4 fault=0x3000 instr=b9700248 x8=0xd x16=0x725c x17=0x225c x18=0x0 teb=0x17ffd8000
[JuiceX18] broad #18 pc=0x17f955cac fault=0x2c8 instr=f9416648 x8=0x103cff0d0 x16=0x17ffdb165 x17=0x103cffc70 x18=0x0 teb=0x17ffd8000
[JuiceX18] broad #19 pc=0x17f99648c fault=0x1788 instr=f94bc648 x8=0x17f99c024 x16=0x17f9994e4 x17=0x103cfea90 x18=0x0 teb=0x17ffd8000
[JuiceX18] broad #20 pc=0x17f995a80 fault=0x60 instr=f9403250 x8=0x17f99c030 x16=0x17f995a80 x17=0x103cfbff0 x18=0x0 teb=0x17ffd8000
[JuiceX18] broad #21 pc=0x1025d5c14 fault=0x378 instr=f941be4a x8=0x18 x16=0x1025d5c10 x17=0xccccfff9cf7e0000 x18=0x0 teb=0x17ffd8000
[JuiceX18] broad #22 pc=0x17f995a80 fault=0x60 instr=f9403250 x8=0x17fa525dc x16=0x17f995a80 x17=0x103cfcf80 x18=0x0 teb=0x17ffd8000
[JuiceX18] broad #23 pc=0x1025d5c14 fault=0x378 instr=f941be4a x8=0x50 x16=0x1025d5c10 x17=0x103cfcf80 x18=0x0 teb=0x17ffd8000
[JuiceX18] broad #24 pc=0x1025d5c14 fault=0x378 instr=f941be4a x8=0x36 x16=0x1025d5c10 x17=0x104800000 x18=0x0 teb=0x17ffd8000
[JuiceX18] broad #25 pc=0x17f99fd7c fault=0x48 instr=b9404a49 x8=0x24 x16=0x1004e0 x17=0x104800000 x18=0x0 teb=0x17ffd8000
[JuiceX18] broad #26 pc=0x17f99f344 fault=0x60 instr=f9403248 x8=0x17f61fc7c x16=0x101970 x17=0x104800000 x18=0x0 teb=0x17ffd8000
[JuiceX18] broad #27 pc=0x17f98db60 fault=0x60 instr=f9403248 x8=0x102445034 x16=0x1014a0 x17=0x104800000 x18=0x0 teb=0x17ffd8000
[JuiceX18] broad #28 pc=0x17f98dd9c fault=0x60 instr=f9403248 x8=0x2e x16=0x2f x17=0x104800000 x18=0x0 teb=0x17ffd8000
[JuiceX18] broad #29 pc=0x17f98dd9c fault=0x60 instr=f9403248 x8=0x70 x16=0x6e x17=0x104800000 x18=0x0 teb=0x17ffd8000
[JuiceX18] broad #30 pc=0x17f9a1e94 fault=0x3004 instr=b9700656 x8=0x17f68b0e6 x16=0x103ac0 x17=0x104800000 x18=0x0 teb=0x17ffd8000
starting FEX based libarm64ecfex.dll
[JuiceFEX] profiler ready
[JuiceFEX] handlers ready
[JuiceFEX] allocator hooks ready
[JuiceX18] broad #31 pc=0x17f9a1e94 fault=0x3004 instr=b9700656 x8=0x17f68b179 x16=0x103ac0 x17=0x104800000 x18=0x0 teb=0x17ffd8000
[JuiceFEX] host features ready
[JuiceFEX] context created
[JuiceX18] broad #32 pc=0x17f99843c fault=0x1788 instr=f94bc648 x8=0x17f624670 x16=0xefd60 x17=0x104800000 x18=0x0 teb=0x17ffd8000
[JuiceFEX] core initialized
[JuiceFEX] trackers ready
[JuiceFEX] images and CPU features ready
[JuiceFEX] x64 return thunk ready
[JuiceFEX] process init complete
[JuiceX18] trampoline #1 retry=0x1025d5c14 restored_x17=0x28010fcd0 teb=0x17ffd8000
[JuiceFEX] call-ret live allocation=0x16e010000-0x16e430000 committed=0x16e020000 default=0x16e120000 state=0x16e120000
[JuiceHybrid] open name=/private/var/containers/Bundle/Application/F3BC928B-CF6E-41E9-AA5B-114329A364D0/Juice.app/Grape-X64/build/wine-ios/dlls/kernel32/aarch64-windows/kernel32.dll machine=0000 status=c0000135
[JuiceHybrid] open name=/private/var/containers/Bundle/Application/F3BC928B-CF6E-41E9-AA5B-114329A364D0/Juice.app/Grape-X64/build/wine-ios/programs/kernel32.dll/aarch64-windows/kernel32.dll machine=0000 status=c0000135
[JuiceHybrid] open name=/var/containers/Bundle/Application/F3BC928B-CF6E-41E9-AA5B-114329A364D0/Juice.app/Grape-X64/runtime/lib/wine/aarch64-windows/kernel32.dll machine=0000 status=00000000
[JuiceWine] anonymous PE executable section .text at 0x16d7f0000 size=393216
[JuiceWine] anonymous PE executable section .hexpthk at 0x16d850000 size=65536
[JuiceHybrid] map name=/var/containers/Bundle/Application/F3BC928B-CF6E-41E9-AA5B-114329A364D0/Juice.app/Grape-X64/runtime/lib/wine/aarch64-windows/kernel32.dll status=40000003 module=0x16d7e0000 size=330000
[JuiceHybrid] open name=/private/var/containers/Bundle/Application/F3BC928B-CF6E-41E9-AA5B-114329A364D0/Juice.app/Grape-X64/build/wine-ios/dlls/kernelbase/aarch64-windows/kernelbase.dll machine=0000 status=c0000135
[JuiceHybrid] open name=/private/var/containers/Bundle/Application/F3BC928B-CF6E-41E9-AA5B-114329A364D0/Juice.app/Grape-X64/build/wine-ios/programs/kernelbase.dll/aarch64-windows/kernelbase.dll machine=0000 status=c0000135
[JuiceHybrid] open name=/var/containers/Bundle/Application/F3BC928B-CF6E-41E9-AA5B-114329A364D0/Juice.app/Grape-X64/runtime/lib/wine/aarch64-windows/kernelbase.dll machine=0000 status=00000000
[JuiceWine] anonymous PE executable section .text at 0x16d0f0000 size=983040
[JuiceWine] anonymous PE executable section .hexpthk at 0x16d1e0000 size=65536
[JuiceHybrid] map name=/var/containers/Bundle/Application/F3BC928B-CF6E-41E9-AA5B-114329A364D0/Juice.app/Grape-X64/runtime/lib/wine/aarch64-windows/kernelbase.dll status=40000003 module=0x16d0e0000 size=700000
[JuiceWine parent] child exited with 100
